#! /usr/bin/vvp
:ivl_version "11.0 (stable)";
:ivl_delay_selection "TYPICAL";
:vpi_time_precision - 12;
:vpi_module "/usr/lib/x86_64-linux-gnu/ivl/system.vpi";
:vpi_module "/usr/lib/x86_64-linux-gnu/ivl/vhdl_sys.vpi";
:vpi_module "/usr/lib/x86_64-linux-gnu/ivl/vhdl_textio.vpi";
:vpi_module "/usr/lib/x86_64-linux-gnu/ivl/v2005_math.vpi";
:vpi_module "/usr/lib/x86_64-linux-gnu/ivl/va_math.vpi";
:vpi_module "/usr/lib/x86_64-linux-gnu/ivl/v2009.vpi";
S_0x64a05bf6fc50 .scope package, "$unit" "$unit" 2 1;
 .timescale 0 0;
S_0x64a05bf6fde0 .scope module, "tb_stage_ex" "tb_stage_ex" 3 3;
 .timescale -9 -12;
P_0x64a05bfaae70 .param/l "ADDR_WIDTH" 0 3 6, +C4<00000000000000000000000000000101>;
P_0x64a05bfaaeb0 .param/l "DATA_WIDTH" 0 3 5, +C4<00000000000000000000000000100000>;
v0x64a05bfd5010_0 .net "ex_mem_B_out", 31 0, v0x64a05bfd1dd0_0;  1 drivers
v0x64a05bfd5120_0 .net "ex_mem_alu_op_out", 3 0, v0x64a05bfd1eb0_0;  1 drivers
v0x64a05bfd51f0_0 .var "ex_mem_alu_result", 31 0;
v0x64a05bfd52f0_0 .net "ex_mem_alu_result_out", 31 0, v0x64a05bfd1f90_0;  1 drivers
v0x64a05bfd53c0_0 .net "ex_mem_alu_use_imm_out", 0 0, v0x64a05bfd2070_0;  1 drivers
v0x64a05bfd5460_0 .net "ex_mem_branch_target", 31 0, v0x64a05bfd21c0_0;  1 drivers
v0x64a05bfd5530_0 .net "ex_mem_imm_type_out", 2 0, v0x64a05bfd22a0_0;  1 drivers
v0x64a05bfd5600_0 .net "ex_mem_is_branch_out", 0 0, v0x64a05bfd2380_0;  1 drivers
v0x64a05bfd56d0_0 .net "ex_mem_jump_out", 0 0, v0x64a05bfd2440_0;  1 drivers
v0x64a05bfd57a0_0 .net "ex_mem_mem_access_out", 0 0, v0x64a05bfd2500_0;  1 drivers
v0x64a05bfd5870_0 .net "ex_mem_mem_width_out", 5 0, v0x64a05bfd25c0_0;  1 drivers
v0x64a05bfd5940_0 .net "ex_mem_pc", 31 0, v0x64a05bfd26a0_0;  1 drivers
v0x64a05bfd5a10_0 .var "ex_mem_rd", 4 0;
v0x64a05bfd5ab0_0 .net "ex_mem_rd_data_src_out", 2 0, v0x64a05bfd2860_0;  1 drivers
v0x64a05bfd5b50_0 .net "ex_mem_rd_out", 4 0, v0x64a05bfd2780_0;  1 drivers
v0x64a05bfd5c20_0 .net "ex_mem_take_branch", 0 0, v0x64a05bfd2940_0;  1 drivers
v0x64a05bfd5cf0_0 .var "ex_mem_valid", 0 0;
v0x64a05bfd5de0_0 .net "ex_mem_valid_out", 0 0, v0x64a05bfd2a00_0;  1 drivers
v0x64a05bfd5e80_0 .net "ex_mem_write_mem_out", 0 0, v0x64a05bfd2ac0_0;  1 drivers
v0x64a05bfd5f50_0 .var "ex_mem_write_rd", 0 0;
v0x64a05bfd6040_0 .net "ex_mem_write_rd_out", 0 0, v0x64a05bfd2b80_0;  1 drivers
v0x64a05bfd60e0_0 .var "id_ex_A", 31 0;
v0x64a05bfd61b0_0 .var "id_ex_B", 31 0;
v0x64a05bfd6280_0 .var "id_ex_alu_op", 3 0;
v0x64a05bfd6370_0 .var "id_ex_alu_use_imm", 0 0;
v0x64a05bfd6410_0 .var "id_ex_imm", 31 0;
v0x64a05bfd64e0_0 .var "id_ex_imm_type", 2 0;
v0x64a05bfd65b0_0 .var "id_ex_is_branch", 0 0;
v0x64a05bfd6680_0 .var "id_ex_jump", 0 0;
v0x64a05bfd6750_0 .var "id_ex_mem_access", 0 0;
v0x64a05bfd6820_0 .var "id_ex_mem_width", 5 0;
v0x64a05bfd68f0_0 .var "id_ex_pc", 31 0;
v0x64a05bfd69c0_0 .var "id_ex_rd", 4 0;
v0x64a05bfd6ca0_0 .var "id_ex_rd_data_src", 2 0;
v0x64a05bfd6d70_0 .var "id_ex_rs1", 4 0;
v0x64a05bfd6e60_0 .var "id_ex_rs2", 4 0;
v0x64a05bfd6f50_0 .var "id_ex_valid", 0 0;
v0x64a05bfd6ff0_0 .var "id_ex_write_mem", 0 0;
v0x64a05bfd7090_0 .var "id_ex_write_rd", 0 0;
v0x64a05bfd7160_0 .var "mem_wb_alu_result", 31 0;
v0x64a05bfd7230_0 .var "mem_wb_mem_data", 31 0;
v0x64a05bfd7300_0 .var "mem_wb_rd", 4 0;
v0x64a05bfd73f0_0 .var "mem_wb_rd_data_src", 2 0;
v0x64a05bfd7490_0 .var "mem_wb_valid", 0 0;
v0x64a05bfd7580_0 .var "mem_wb_write_rd", 0 0;
S_0x64a05bf75400 .scope autotask, "check_result" "check_result" 3 182, 3 182 0, S_0x64a05bf6fde0;
 .timescale -9 -12;
v0x64a05bf94d50_0 .var "expected_result", 31 0;
v0x64a05bfcebc0_0 .var/str "test_name";
TD_tb_stage_ex.check_result ;
    %delay 1000, 0;
    %load/vec4 v0x64a05bfd52f0_0;
    %load/vec4 v0x64a05bf94d50_0;
    %cmp/ne;
    %jmp/0xz  T_0.0, 6;
    %vpi_call/w 3 193 "$display", "[FAIL] %s", v0x64a05bfcebc0_0 {0 0 0};
    %vpi_call/w 3 195 "$display", "Expected : %h", v0x64a05bf94d50_0 {0 0 0};
    %vpi_call/w 3 196 "$display", "Actual   : %h", v0x64a05bfd52f0_0 {0 0 0};
    %vpi_call/w 3 198 "$finish" {0 0 0};
    %jmp T_0.1;
T_0.0 ;
    %vpi_call/w 3 202 "$display", "[PASS] %s -> %h", v0x64a05bfcebc0_0, v0x64a05bfd52f0_0 {0 0 0};
T_0.1 ;
    %end;
S_0x64a05bfcec80 .scope module, "dut" "stage_ex" 3 102, 4 1 0, S_0x64a05bf6fde0;
 .timescale 0 0;
    .port_info 0 /INPUT 32 "id_ex_pc";
    .port_info 1 /INPUT 32 "id_ex_A";
    .port_info 2 /INPUT 32 "id_ex_B";
    .port_info 3 /INPUT 32 "id_ex_imm";
    .port_info 4 /INPUT 5 "id_ex_rs1";
    .port_info 5 /INPUT 5 "id_ex_rs2";
    .port_info 6 /INPUT 5 "id_ex_rd";
    .port_info 7 /INPUT 4 "id_ex_alu_op";
    .port_info 8 /INPUT 1 "id_ex_alu_use_imm";
    .port_info 9 /INPUT 1 "id_ex_write_rd";
    .port_info 10 /INPUT 1 "id_ex_write_mem";
    .port_info 11 /INPUT 1 "id_ex_mem_access";
    .port_info 12 /INPUT 6 "id_ex_mem_width";
    .port_info 13 /INPUT 1 "id_ex_jump";
    .port_info 14 /INPUT 1 "id_ex_is_branch";
    .port_info 15 /INPUT 3 "id_ex_rd_data_src";
    .port_info 16 /INPUT 3 "id_ex_imm_type";
    .port_info 17 /INPUT 1 "id_ex_valid";
    .port_info 18 /INPUT 1 "fwd_ex_mem_valid";
    .port_info 19 /INPUT 1 "fwd_ex_mem_write_rd";
    .port_info 20 /INPUT 5 "fwd_ex_mem_rd";
    .port_info 21 /INPUT 32 "fwd_ex_mem_alu_result";
    .port_info 22 /INPUT 1 "mem_wb_valid";
    .port_info 23 /INPUT 1 "mem_wb_write_rd";
    .port_info 24 /INPUT 5 "mem_wb_rd";
    .port_info 25 /INPUT 32 "mem_wb_alu_result";
    .port_info 26 /INPUT 32 "mem_wb_mem_data";
    .port_info 27 /INPUT 3 "mem_wb_rd_data_src";
    .port_info 28 /OUTPUT 32 "ex_mem_pc";
    .port_info 29 /OUTPUT 32 "ex_mem_alu_result";
    .port_info 30 /OUTPUT 32 "ex_mem_B";
    .port_info 31 /OUTPUT 5 "ex_mem_rd";
    .port_info 32 /OUTPUT 4 "ex_mem_alu_op";
    .port_info 33 /OUTPUT 1 "ex_mem_alu_use_imm";
    .port_info 34 /OUTPUT 1 "ex_mem_write_rd";
    .port_info 35 /OUTPUT 1 "ex_mem_write_mem";
    .port_info 36 /OUTPUT 1 "ex_mem_mem_access";
    .port_info 37 /OUTPUT 6 "ex_mem_mem_width";
    .port_info 38 /OUTPUT 1 "ex_mem_jump";
    .port_info 39 /OUTPUT 1 "ex_mem_is_branch";
    .port_info 40 /OUTPUT 3 "ex_mem_rd_data_src";
    .port_info 41 /OUTPUT 3 "ex_mem_imm_type";
    .port_info 42 /OUTPUT 1 "ex_mem_take_branch";
    .port_info 43 /OUTPUT 32 "ex_mem_branch_target";
    .port_info 44 /OUTPUT 1 "ex_mem_valid";
P_0x64a05bf6ffc0 .param/l "ADDR_WIDTH" 0 4 3, +C4<00000000000000000000000000000101>;
P_0x64a05bf70000 .param/l "DATA_WIDTH" 0 4 2, +C4<00000000000000000000000000100000>;
L_0x748992c3f060 .functor BUFT 1, C4<100>, C4<0>, C4<0>, C4<0>;
v0x64a05bfd19b0_0 .net/2u *"_ivl_0", 2 0, L_0x748992c3f060;  1 drivers
v0x64a05bfd1ab0_0 .net *"_ivl_2", 0 0, L_0x64a05bfe7900;  1 drivers
v0x64a05bfd1b70_0 .net "alu_result", 31 0, v0x64a05bfcfe60_0;  1 drivers
v0x64a05bfd1c10_0 .net "alu_zero", 0 0, L_0x64a05bfe7770;  1 drivers
v0x64a05bfd1ce0_0 .net "branch_target", 31 0, L_0x64a05bfe7d10;  1 drivers
v0x64a05bfd1dd0_0 .var "ex_mem_B", 31 0;
v0x64a05bfd1eb0_0 .var "ex_mem_alu_op", 3 0;
v0x64a05bfd1f90_0 .var "ex_mem_alu_result", 31 0;
v0x64a05bfd2070_0 .var "ex_mem_alu_use_imm", 0 0;
v0x64a05bfd21c0_0 .var "ex_mem_branch_target", 31 0;
v0x64a05bfd22a0_0 .var "ex_mem_imm_type", 2 0;
v0x64a05bfd2380_0 .var "ex_mem_is_branch", 0 0;
v0x64a05bfd2440_0 .var "ex_mem_jump", 0 0;
v0x64a05bfd2500_0 .var "ex_mem_mem_access", 0 0;
v0x64a05bfd25c0_0 .var "ex_mem_mem_width", 5 0;
v0x64a05bfd26a0_0 .var "ex_mem_pc", 31 0;
v0x64a05bfd2780_0 .var "ex_mem_rd", 4 0;
v0x64a05bfd2860_0 .var "ex_mem_rd_data_src", 2 0;
v0x64a05bfd2940_0 .var "ex_mem_take_branch", 0 0;
v0x64a05bfd2a00_0 .var "ex_mem_valid", 0 0;
v0x64a05bfd2ac0_0 .var "ex_mem_write_mem", 0 0;
v0x64a05bfd2b80_0 .var "ex_mem_write_rd", 0 0;
v0x64a05bfd2c40_0 .net "forward_a", 1 0, v0x64a05bfd0e20_0;  1 drivers
v0x64a05bfd2d00_0 .net "forward_b", 1 0, v0x64a05bfd0f00_0;  1 drivers
v0x64a05bfd2dd0_0 .net "fwd_ex_mem_alu_result", 31 0, v0x64a05bfd51f0_0;  1 drivers
v0x64a05bfd2e90_0 .net "fwd_ex_mem_rd", 4 0, v0x64a05bfd5a10_0;  1 drivers
v0x64a05bfd2f80_0 .net "fwd_ex_mem_valid", 0 0, v0x64a05bfd5cf0_0;  1 drivers
v0x64a05bfd3050_0 .net "fwd_ex_mem_write_rd", 0 0, v0x64a05bfd5f50_0;  1 drivers
v0x64a05bfd3120_0 .net "id_ex_A", 31 0, v0x64a05bfd60e0_0;  1 drivers
v0x64a05bfd31c0_0 .net "id_ex_B", 31 0, v0x64a05bfd61b0_0;  1 drivers
v0x64a05bfd3280_0 .net "id_ex_alu_op", 3 0, v0x64a05bfd6280_0;  1 drivers
v0x64a05bfd3370_0 .net "id_ex_alu_use_imm", 0 0, v0x64a05bfd6370_0;  1 drivers
v0x64a05bfd3410_0 .net "id_ex_imm", 31 0, v0x64a05bfd6410_0;  1 drivers
v0x64a05bfd3700_0 .net "id_ex_imm_type", 2 0, v0x64a05bfd64e0_0;  1 drivers
v0x64a05bfd37e0_0 .net "id_ex_is_branch", 0 0, v0x64a05bfd65b0_0;  1 drivers
v0x64a05bfd38a0_0 .net "id_ex_jump", 0 0, v0x64a05bfd6680_0;  1 drivers
v0x64a05bfd3960_0 .net "id_ex_mem_access", 0 0, v0x64a05bfd6750_0;  1 drivers
v0x64a05bfd3a20_0 .net "id_ex_mem_width", 5 0, v0x64a05bfd6820_0;  1 drivers
v0x64a05bfd3b00_0 .net "id_ex_pc", 31 0, v0x64a05bfd68f0_0;  1 drivers
v0x64a05bfd3be0_0 .net "id_ex_rd", 4 0, v0x64a05bfd69c0_0;  1 drivers
v0x64a05bfd3cc0_0 .net "id_ex_rd_data_src", 2 0, v0x64a05bfd6ca0_0;  1 drivers
v0x64a05bfd3da0_0 .net "id_ex_rs1", 4 0, v0x64a05bfd6d70_0;  1 drivers
v0x64a05bfd3e90_0 .net "id_ex_rs2", 4 0, v0x64a05bfd6e60_0;  1 drivers
v0x64a05bfd3f60_0 .net "id_ex_valid", 0 0, v0x64a05bfd6f50_0;  1 drivers
v0x64a05bfd4000_0 .net "id_ex_write_mem", 0 0, v0x64a05bfd6ff0_0;  1 drivers
v0x64a05bfd40c0_0 .net "id_ex_write_rd", 0 0, v0x64a05bfd7090_0;  1 drivers
v0x64a05bfd4180_0 .net "mem_wb_alu_result", 31 0, v0x64a05bfd7160_0;  1 drivers
v0x64a05bfd4260_0 .net "mem_wb_mem_data", 31 0, v0x64a05bfd7230_0;  1 drivers
v0x64a05bfd4340_0 .net "mem_wb_rd", 4 0, v0x64a05bfd7300_0;  1 drivers
v0x64a05bfd4430_0 .net "mem_wb_rd_data_src", 2 0, v0x64a05bfd73f0_0;  1 drivers
v0x64a05bfd44f0_0 .net "mem_wb_valid", 0 0, v0x64a05bfd7490_0;  1 drivers
v0x64a05bfd45c0_0 .net "mem_wb_write_rd", 0 0, v0x64a05bfd7580_0;  1 drivers
v0x64a05bfd4690_0 .var "opA", 31 0;
v0x64a05bfd4760_0 .net "opB", 31 0, L_0x64a05bfe7bd0;  1 drivers
v0x64a05bfd4830_0 .var "regB", 31 0;
v0x64a05bfd48d0_0 .var "take_branch", 0 0;
v0x64a05bfd4990_0 .net "wb_value", 31 0, L_0x64a05bfe7a40;  1 drivers
E_0x64a05bf325d0/0 .event edge, v0x64a05bfd3b00_0, v0x64a05bfcfe60_0, v0x64a05bfd4830_0, v0x64a05bfd3be0_0;
E_0x64a05bf325d0/1 .event edge, v0x64a05bfcfbb0_0, v0x64a05bfd3370_0, v0x64a05bfd40c0_0, v0x64a05bfd4000_0;
E_0x64a05bf325d0/2 .event edge, v0x64a05bfd3960_0, v0x64a05bfd3a20_0, v0x64a05bfd38a0_0, v0x64a05bfd37e0_0;
E_0x64a05bf325d0/3 .event edge, v0x64a05bfd3cc0_0, v0x64a05bfd3700_0, v0x64a05bfd48d0_0, v0x64a05bfd1ce0_0;
E_0x64a05bf325d0/4 .event edge, v0x64a05bfd3f60_0;
E_0x64a05bf325d0 .event/or E_0x64a05bf325d0/0, E_0x64a05bf325d0/1, E_0x64a05bf325d0/2, E_0x64a05bf325d0/3, E_0x64a05bf325d0/4;
E_0x64a05bf6b140 .event edge, v0x64a05bfd37e0_0, v0x64a05bfcfbb0_0, v0x64a05bfcfe60_0;
E_0x64a05bf6bae0 .event edge, v0x64a05bfd0f00_0, v0x64a05bfd31c0_0, v0x64a05bfd2dd0_0, v0x64a05bfd4990_0;
E_0x64a05bf6c0f0 .event edge, v0x64a05bfd0e20_0, v0x64a05bfd3120_0, v0x64a05bfd2dd0_0, v0x64a05bfd4990_0;
L_0x64a05bfe7900 .cmp/eq 3, v0x64a05bfd73f0_0, L_0x748992c3f060;
L_0x64a05bfe7a40 .functor MUXZ 32, v0x64a05bfd7160_0, v0x64a05bfd7230_0, L_0x64a05bfe7900, C4<>;
L_0x64a05bfe7bd0 .functor MUXZ 32, v0x64a05bfd4830_0, v0x64a05bfd6410_0, v0x64a05bfd6370_0, C4<>;
L_0x64a05bfe7d10 .arith/sum 32, v0x64a05bfd68f0_0, v0x64a05bfd6410_0;
S_0x64a05bfcf530 .scope module, "alu_01" "alu" 4 128, 5 1 0, S_0x64a05bfcec80;
 .timescale 0 0;
    .port_info 0 /INPUT 32 "op1";
    .port_info 1 /INPUT 32 "op2";
    .port_info 2 /INPUT 4 "alu_op";
    .port_info 3 /OUTPUT 32 "result";
    .port_info 4 /OUTPUT 1 "zero";
P_0x64a05bfcf710 .param/l "DATA_WIDTH" 0 5 2, +C4<00000000000000000000000000100000>;
L_0x748992c3f018 .functor BUFT 1, C4<00000000000000000000000000000000>, C4<0>, C4<0>, C4<0>;
v0x64a05bfcfab0_0 .net/2u *"_ivl_2", 31 0, L_0x748992c3f018;  1 drivers
v0x64a05bfcfbb0_0 .net "alu_op", 3 0, v0x64a05bfd6280_0;  alias, 1 drivers
v0x64a05bfcfc90_0 .net "op1", 31 0, v0x64a05bfd4690_0;  1 drivers
v0x64a05bfcfd80_0 .net "op2", 31 0, L_0x64a05bfe7bd0;  alias, 1 drivers
v0x64a05bfcfe60_0 .var "result", 31 0;
v0x64a05bfcff90_0 .net "shamt", 4 0, L_0x64a05bfd7670;  1 drivers
v0x64a05bfd0070_0 .net "zero", 0 0, L_0x64a05bfe7770;  alias, 1 drivers
E_0x64a05bf6bda0 .event edge, v0x64a05bfcfbb0_0, v0x64a05bfcfc90_0, v0x64a05bfcfd80_0, v0x64a05bfcff90_0;
L_0x64a05bfd7670 .part L_0x64a05bfe7bd0, 0, 5;
L_0x64a05bfe7770 .cmp/eq 32, v0x64a05bfcfe60_0, L_0x748992c3f018;
S_0x64a05bfcf8b0 .scope begin, "alu_comb" "alu_comb" 5 17, 5 17 0, S_0x64a05bfcf530;
 .timescale 0 0;
S_0x64a05bfd01d0 .scope begin, "branch_comb" "branch_comb" 4 169, 4 169 0, S_0x64a05bfcec80;
 .timescale 0 0;
S_0x64a05bfd03d0 .scope begin, "ex_mem_comb" "ex_mem_comb" 4 208, 4 208 0, S_0x64a05bfcec80;
 .timescale 0 0;
S_0x64a05bfd05b0 .scope module, "forwarding_unit_01" "forwarding_unit" 4 109, 6 1 0, S_0x64a05bfcec80;
 .timescale 0 0;
    .port_info 0 /INPUT 5 "id_ex_rs1";
    .port_info 1 /INPUT 5 "id_ex_rs2";
    .port_info 2 /INPUT 1 "ex_mem_valid";
    .port_info 3 /INPUT 1 "ex_mem_write_rd";
    .port_info 4 /INPUT 5 "ex_mem_rd";
    .port_info 5 /INPUT 1 "mem_wb_valid";
    .port_info 6 /INPUT 1 "mem_wb_write_rd";
    .port_info 7 /INPUT 5 "mem_wb_rd";
    .port_info 8 /OUTPUT 2 "forward_a";
    .port_info 9 /OUTPUT 2 "forward_b";
P_0x64a05bfd0790 .param/l "ADDR_WIDTH" 0 6 2, +C4<00000000000000000000000000000101>;
v0x64a05bfd0b90_0 .net "ex_mem_rd", 4 0, v0x64a05bfd5a10_0;  alias, 1 drivers
v0x64a05bfd0c90_0 .net "ex_mem_valid", 0 0, v0x64a05bfd5cf0_0;  alias, 1 drivers
v0x64a05bfd0d50_0 .net "ex_mem_write_rd", 0 0, v0x64a05bfd5f50_0;  alias, 1 drivers
v0x64a05bfd0e20_0 .var "forward_a", 1 0;
v0x64a05bfd0f00_0 .var "forward_b", 1 0;
v0x64a05bfd1030_0 .net "id_ex_rs1", 4 0, v0x64a05bfd6d70_0;  alias, 1 drivers
v0x64a05bfd1110_0 .net "id_ex_rs2", 4 0, v0x64a05bfd6e60_0;  alias, 1 drivers
v0x64a05bfd11f0_0 .net "mem_wb_rd", 4 0, v0x64a05bfd7300_0;  alias, 1 drivers
v0x64a05bfd12d0_0 .net "mem_wb_valid", 0 0, v0x64a05bfd7490_0;  alias, 1 drivers
v0x64a05bfd1390_0 .net "mem_wb_write_rd", 0 0, v0x64a05bfd7580_0;  alias, 1 drivers
E_0x64a05bf55ef0/0 .event edge, v0x64a05bfd0c90_0, v0x64a05bfd0d50_0, v0x64a05bfd0b90_0, v0x64a05bfd1030_0;
E_0x64a05bf55ef0/1 .event edge, v0x64a05bfd1110_0, v0x64a05bfd12d0_0, v0x64a05bfd1390_0, v0x64a05bfd11f0_0;
E_0x64a05bf55ef0 .event/or E_0x64a05bf55ef0/0, E_0x64a05bf55ef0/1;
S_0x64a05bfd09b0 .scope begin, "forwarding_comb" "forwarding_comb" 6 29, 6 29 0, S_0x64a05bfd05b0;
 .timescale 0 0;
S_0x64a05bfd15f0 .scope begin, "operandA_comb" "operandA_comb" 4 142, 4 142 0, S_0x64a05bfcec80;
 .timescale 0 0;
S_0x64a05bfd17d0 .scope begin, "operandB_comb" "operandB_comb" 4 154, 4 154 0, S_0x64a05bfcec80;
 .timescale 0 0;
    .scope S_0x64a05bfd05b0;
T_1 ;
Ewait_0 .event/or E_0x64a05bf55ef0, E_0x0;
    %wait Ewait_0;
    %fork t_1, S_0x64a05bfd09b0;
    %jmp t_0;
    .scope S_0x64a05bfd09b0;
t_1 ;
    %pushi/vec4 0, 0, 2;
    %store/vec4 v0x64a05bfd0e20_0, 0, 2;
    %pushi/vec4 0, 0, 2;
    %store/vec4 v0x64a05bfd0f00_0, 0, 2;
    %load/vec4 v0x64a05bfd0c90_0;
    %load/vec4 v0x64a05bfd0d50_0;
    %and;
    %load/vec4 v0x64a05bfd0b90_0;
    %pad/u 32;
    %pushi/vec4 0, 0, 32;
    %cmp/ne;
    %flag_get/vec4 4;
    %and;
    %flag_set/vec4 8;
    %jmp/0xz  T_1.0, 8;
    %load/vec4 v0x64a05bfd0b90_0;
    %load/vec4 v0x64a05bfd1030_0;
    %cmp/e;
    %jmp/0xz  T_1.2, 4;
    %pushi/vec4 1, 0, 2;
    %store/vec4 v0x64a05bfd0e20_0, 0, 2;
T_1.2 ;
    %load/vec4 v0x64a05bfd0b90_0;
    %load/vec4 v0x64a05bfd1110_0;
    %cmp/e;
    %jmp/0xz  T_1.4, 4;
    %pushi/vec4 1, 0, 2;
    %store/vec4 v0x64a05bfd0f00_0, 0, 2;
T_1.4 ;
T_1.0 ;
    %load/vec4 v0x64a05bfd12d0_0;
    %load/vec4 v0x64a05bfd1390_0;
    %and;
    %load/vec4 v0x64a05bfd11f0_0;
    %pad/u 32;
    %pushi/vec4 0, 0, 32;
    %cmp/ne;
    %flag_get/vec4 4;
    %and;
    %flag_set/vec4 8;
    %jmp/0xz  T_1.6, 8;
    %load/vec4 v0x64a05bfd11f0_0;
    %load/vec4 v0x64a05bfd1030_0;
    %cmp/e;
    %flag_get/vec4 4;
    %load/vec4 v0x64a05bfd0e20_0;
    %pushi/vec4 0, 0, 2;
    %cmp/e;
    %flag_get/vec4 4;
    %and;
    %flag_set/vec4 8;
    %jmp/0xz  T_1.8, 8;
    %pushi/vec4 2, 0, 2;
    %store/vec4 v0x64a05bfd0e20_0, 0, 2;
T_1.8 ;
    %load/vec4 v0x64a05bfd11f0_0;
    %load/vec4 v0x64a05bfd1110_0;
    %cmp/e;
    %flag_get/vec4 4;
    %load/vec4 v0x64a05bfd0f00_0;
    %pushi/vec4 0, 0, 2;
    %cmp/e;
    %flag_get/vec4 4;
    %and;
    %flag_set/vec4 8;
    %jmp/0xz  T_1.10, 8;
    %pushi/vec4 2, 0, 2;
    %store/vec4 v0x64a05bfd0f00_0, 0, 2;
T_1.10 ;
T_1.6 ;
    %end;
    .scope S_0x64a05bfd05b0;
t_0 %join;
    %jmp T_1;
    .thread T_1, $push;
    .scope S_0x64a05bfcf530;
T_2 ;
Ewait_1 .event/or E_0x64a05bf6bda0, E_0x0;
    %wait Ewait_1;
    %fork t_3, S_0x64a05bfcf8b0;
    %jmp t_2;
    .scope S_0x64a05bfcf8b0;
t_3 ;
    %load/vec4 v0x64a05bfcfbb0_0;
    %dup/vec4;
    %pushi/vec4 0, 0, 4;
    %cmp/u;
    %jmp/1 T_2.0, 6;
    %dup/vec4;
    %pushi/vec4 1, 0, 4;
    %cmp/u;
    %jmp/1 T_2.1, 6;
    %dup/vec4;
    %pushi/vec4 2, 0, 4;
    %cmp/u;
    %jmp/1 T_2.2, 6;
    %dup/vec4;
    %pushi/vec4 3, 0, 4;
    %cmp/u;
    %jmp/1 T_2.3, 6;
    %dup/vec4;
    %pushi/vec4 4, 0, 4;
    %cmp/u;
    %jmp/1 T_2.4, 6;
    %dup/vec4;
    %pushi/vec4 5, 0, 4;
    %cmp/u;
    %jmp/1 T_2.5, 6;
    %dup/vec4;
    %pushi/vec4 6, 0, 4;
    %cmp/u;
    %jmp/1 T_2.6, 6;
    %dup/vec4;
    %pushi/vec4 7, 0, 4;
    %cmp/u;
    %jmp/1 T_2.7, 6;
    %dup/vec4;
    %pushi/vec4 8, 0, 4;
    %cmp/u;
    %jmp/1 T_2.8, 6;
    %dup/vec4;
    %pushi/vec4 9, 0, 4;
    %cmp/u;
    %jmp/1 T_2.9, 6;
    %dup/vec4;
    %pushi/vec4 10, 0, 4;
    %cmp/u;
    %jmp/1 T_2.10, 6;
    %pushi/vec4 0, 0, 32;
    %store/vec4 v0x64a05bfcfe60_0, 0, 32;
    %jmp T_2.12;
T_2.0 ;
    %load/vec4 v0x64a05bfcfc90_0;
    %load/vec4 v0x64a05bfcfd80_0;
    %add;
    %store/vec4 v0x64a05bfcfe60_0, 0, 32;
    %jmp T_2.12;
T_2.1 ;
    %load/vec4 v0x64a05bfcfd80_0;
    %store/vec4 v0x64a05bfcfe60_0, 0, 32;
    %jmp T_2.12;
T_2.2 ;
    %load/vec4 v0x64a05bfcfc90_0;
    %load/vec4 v0x64a05bfcfd80_0;
    %sub;
    %store/vec4 v0x64a05bfcfe60_0, 0, 32;
    %jmp T_2.12;
T_2.3 ;
    %load/vec4 v0x64a05bfcfc90_0;
    %load/vec4 v0x64a05bfcfd80_0;
    %and;
    %store/vec4 v0x64a05bfcfe60_0, 0, 32;
    %jmp T_2.12;
T_2.4 ;
    %load/vec4 v0x64a05bfcfc90_0;
    %load/vec4 v0x64a05bfcfd80_0;
    %or;
    %store/vec4 v0x64a05bfcfe60_0, 0, 32;
    %jmp T_2.12;
T_2.5 ;
    %load/vec4 v0x64a05bfcfc90_0;
    %load/vec4 v0x64a05bfcfd80_0;
    %xor;
    %store/vec4 v0x64a05bfcfe60_0, 0, 32;
    %jmp T_2.12;
T_2.6 ;
    %load/vec4 v0x64a05bfcfc90_0;
    %ix/getv 4, v0x64a05bfcff90_0;
    %shiftl 4;
    %store/vec4 v0x64a05bfcfe60_0, 0, 32;
    %jmp T_2.12;
T_2.7 ;
    %load/vec4 v0x64a05bfcfc90_0;
    %ix/getv 4, v0x64a05bfcff90_0;
    %shiftr 4;
    %store/vec4 v0x64a05bfcfe60_0, 0, 32;
    %jmp T_2.12;
T_2.8 ;
    %load/vec4 v0x64a05bfcfc90_0;
    %ix/getv 4, v0x64a05bfcff90_0;
    %shiftr/s 4;
    %store/vec4 v0x64a05bfcfe60_0, 0, 32;
    %jmp T_2.12;
T_2.9 ;
    %load/vec4 v0x64a05bfcfc90_0;
    %load/vec4 v0x64a05bfcfd80_0;
    %cmp/s;
    %flag_mov 8, 5;
    %jmp/0 T_2.13, 8;
    %pushi/vec4 1, 0, 32;
    %jmp/1 T_2.14, 8;
T_2.13 ; End of true expr.
    %pushi/vec4 0, 0, 32;
    %jmp/0 T_2.14, 8;
 ; End of false expr.
    %blend;
T_2.14;
    %store/vec4 v0x64a05bfcfe60_0, 0, 32;
    %jmp T_2.12;
T_2.10 ;
    %load/vec4 v0x64a05bfcfc90_0;
    %load/vec4 v0x64a05bfcfd80_0;
    %cmp/u;
    %flag_mov 8, 5;
    %jmp/0 T_2.15, 8;
    %pushi/vec4 1, 0, 32;
    %jmp/1 T_2.16, 8;
T_2.15 ; End of true expr.
    %pushi/vec4 0, 0, 32;
    %jmp/0 T_2.16, 8;
 ; End of false expr.
    %blend;
T_2.16;
    %store/vec4 v0x64a05bfcfe60_0, 0, 32;
    %jmp T_2.12;
T_2.12 ;
    %pop/vec4 1;
    %end;
    .scope S_0x64a05bfcf530;
t_2 %join;
    %jmp T_2;
    .thread T_2, $push;
    .scope S_0x64a05bfcec80;
T_3 ;
Ewait_2 .event/or E_0x64a05bf6c0f0, E_0x0;
    %wait Ewait_2;
    %fork t_5, S_0x64a05bfd15f0;
    %jmp t_4;
    .scope S_0x64a05bfd15f0;
t_5 ;
    %load/vec4 v0x64a05bfd2c40_0;
    %dup/vec4;
    %pushi/vec4 0, 0, 2;
    %cmp/u;
    %jmp/1 T_3.0, 6;
    %dup/vec4;
    %pushi/vec4 1, 0, 2;
    %cmp/u;
    %jmp/1 T_3.1, 6;
    %dup/vec4;
    %pushi/vec4 2, 0, 2;
    %cmp/u;
    %jmp/1 T_3.2, 6;
    %load/vec4 v0x64a05bfd3120_0;
    %store/vec4 v0x64a05bfd4690_0, 0, 32;
    %jmp T_3.4;
T_3.0 ;
    %load/vec4 v0x64a05bfd3120_0;
    %store/vec4 v0x64a05bfd4690_0, 0, 32;
    %jmp T_3.4;
T_3.1 ;
    %load/vec4 v0x64a05bfd2dd0_0;
    %store/vec4 v0x64a05bfd4690_0, 0, 32;
    %jmp T_3.4;
T_3.2 ;
    %load/vec4 v0x64a05bfd4990_0;
    %store/vec4 v0x64a05bfd4690_0, 0, 32;
    %jmp T_3.4;
T_3.4 ;
    %pop/vec4 1;
    %end;
    .scope S_0x64a05bfcec80;
t_4 %join;
    %jmp T_3;
    .thread T_3, $push;
    .scope S_0x64a05bfcec80;
T_4 ;
Ewait_3 .event/or E_0x64a05bf6bae0, E_0x0;
    %wait Ewait_3;
    %fork t_7, S_0x64a05bfd17d0;
    %jmp t_6;
    .scope S_0x64a05bfd17d0;
t_7 ;
    %load/vec4 v0x64a05bfd2d00_0;
    %dup/vec4;
    %pushi/vec4 0, 0, 2;
    %cmp/u;
    %jmp/1 T_4.0, 6;
    %dup/vec4;
    %pushi/vec4 1, 0, 2;
    %cmp/u;
    %jmp/1 T_4.1, 6;
    %dup/vec4;
    %pushi/vec4 2, 0, 2;
    %cmp/u;
    %jmp/1 T_4.2, 6;
    %load/vec4 v0x64a05bfd31c0_0;
    %store/vec4 v0x64a05bfd4830_0, 0, 32;
    %jmp T_4.4;
T_4.0 ;
    %load/vec4 v0x64a05bfd31c0_0;
    %store/vec4 v0x64a05bfd4830_0, 0, 32;
    %jmp T_4.4;
T_4.1 ;
    %load/vec4 v0x64a05bfd2dd0_0;
    %store/vec4 v0x64a05bfd4830_0, 0, 32;
    %jmp T_4.4;
T_4.2 ;
    %load/vec4 v0x64a05bfd4990_0;
    %store/vec4 v0x64a05bfd4830_0, 0, 32;
    %jmp T_4.4;
T_4.4 ;
    %pop/vec4 1;
    %end;
    .scope S_0x64a05bfcec80;
t_6 %join;
    %jmp T_4;
    .thread T_4, $push;
    .scope S_0x64a05bfcec80;
T_5 ;
Ewait_4 .event/or E_0x64a05bf6b140, E_0x0;
    %wait Ewait_4;
    %fork t_9, S_0x64a05bfd01d0;
    %jmp t_8;
    .scope S_0x64a05bfd01d0;
t_9 ;
    %pushi/vec4 0, 0, 1;
    %store/vec4 v0x64a05bfd48d0_0, 0, 1;
    %load/vec4 v0x64a05bfd37e0_0;
    %flag_set/vec4 8;
    %jmp/0xz  T_5.0, 8;
    %load/vec4 v0x64a05bfd3280_0;
    %dup/vec4;
    %pushi/vec4 2, 0, 4;
    %cmp/u;
    %jmp/1 T_5.2, 6;
    %dup/vec4;
    %pushi/vec4 9, 0, 4;
    %cmp/u;
    %jmp/1 T_5.3, 6;
    %dup/vec4;
    %pushi/vec4 10, 0, 4;
    %cmp/u;
    %jmp/1 T_5.4, 6;
    %pushi/vec4 0, 0, 1;
    %store/vec4 v0x64a05bfd48d0_0, 0, 1;
    %jmp T_5.6;
T_5.2 ;
    %load/vec4 v0x64a05bfd1b70_0;
    %cmpi/e 0, 0, 32;
    %jmp/0xz  T_5.7, 4;
    %pushi/vec4 1, 0, 1;
    %store/vec4 v0x64a05bfd48d0_0, 0, 1;
T_5.7 ;
    %jmp T_5.6;
T_5.3 ;
    %load/vec4 v0x64a05bfd1b70_0;
    %cmpi/e 1, 0, 32;
    %jmp/0xz  T_5.9, 4;
    %pushi/vec4 1, 0, 1;
    %store/vec4 v0x64a05bfd48d0_0, 0, 1;
T_5.9 ;
    %jmp T_5.6;
T_5.4 ;
    %load/vec4 v0x64a05bfd1b70_0;
    %cmpi/e 1, 0, 32;
    %jmp/0xz  T_5.11, 4;
    %pushi/vec4 1, 0, 1;
    %store/vec4 v0x64a05bfd48d0_0, 0, 1;
T_5.11 ;
    %jmp T_5.6;
T_5.6 ;
    %pop/vec4 1;
T_5.0 ;
    %end;
    .scope S_0x64a05bfcec80;
t_8 %join;
    %jmp T_5;
    .thread T_5, $push;
    .scope S_0x64a05bfcec80;
T_6 ;
Ewait_5 .event/or E_0x64a05bf325d0, E_0x0;
    %wait Ewait_5;
    %fork t_11, S_0x64a05bfd03d0;
    %jmp t_10;
    .scope S_0x64a05bfd03d0;
t_11 ;
    %load/vec4 v0x64a05bfd3b00_0;
    %store/vec4 v0x64a05bfd26a0_0, 0, 32;
    %load/vec4 v0x64a05bfd1b70_0;
    %store/vec4 v0x64a05bfd1f90_0, 0, 32;
    %load/vec4 v0x64a05bfd4830_0;
    %store/vec4 v0x64a05bfd1dd0_0, 0, 32;
    %load/vec4 v0x64a05bfd3be0_0;
    %store/vec4 v0x64a05bfd2780_0, 0, 5;
    %load/vec4 v0x64a05bfd3280_0;
    %store/vec4 v0x64a05bfd1eb0_0, 0, 4;
    %load/vec4 v0x64a05bfd3370_0;
    %store/vec4 v0x64a05bfd2070_0, 0, 1;
    %load/vec4 v0x64a05bfd40c0_0;
    %store/vec4 v0x64a05bfd2b80_0, 0, 1;
    %load/vec4 v0x64a05bfd4000_0;
    %store/vec4 v0x64a05bfd2ac0_0, 0, 1;
    %load/vec4 v0x64a05bfd3960_0;
    %store/vec4 v0x64a05bfd2500_0, 0, 1;
    %load/vec4 v0x64a05bfd3a20_0;
    %store/vec4 v0x64a05bfd25c0_0, 0, 6;
    %load/vec4 v0x64a05bfd38a0_0;
    %store/vec4 v0x64a05bfd2440_0, 0, 1;
    %load/vec4 v0x64a05bfd37e0_0;
    %store/vec4 v0x64a05bfd2380_0, 0, 1;
    %load/vec4 v0x64a05bfd3cc0_0;
    %store/vec4 v0x64a05bfd2860_0, 0, 3;
    %load/vec4 v0x64a05bfd3700_0;
    %store/vec4 v0x64a05bfd22a0_0, 0, 3;
    %load/vec4 v0x64a05bfd48d0_0;
    %store/vec4 v0x64a05bfd2940_0, 0, 1;
    %load/vec4 v0x64a05bfd1ce0_0;
    %store/vec4 v0x64a05bfd21c0_0, 0, 32;
    %load/vec4 v0x64a05bfd3f60_0;
    %store/vec4 v0x64a05bfd2a00_0, 0, 1;
    %end;
    .scope S_0x64a05bfcec80;
t_10 %join;
    %jmp T_6;
    .thread T_6, $push;
    .scope S_0x64a05bf6fde0;
T_7 ;
    %pushi/vec4 4096, 0, 32;
    %store/vec4 v0x64a05bfd68f0_0, 0, 32;
    %pushi/vec4 0, 0, 32;
    %store/vec4 v0x64a05bfd60e0_0, 0, 32;
    %pushi/vec4 0, 0, 32;
    %store/vec4 v0x64a05bfd61b0_0, 0, 32;
    %pushi/vec4 0, 0, 32;
    %store/vec4 v0x64a05bfd6410_0, 0, 32;
    %pushi/vec4 0, 0, 5;
    %store/vec4 v0x64a05bfd6d70_0, 0, 5;
    %pushi/vec4 0, 0, 5;
    %store/vec4 v0x64a05bfd6e60_0, 0, 5;
    %pushi/vec4 0, 0, 5;
    %store/vec4 v0x64a05bfd69c0_0, 0, 5;
    %pushi/vec4 0, 0, 4;
    %store/vec4 v0x64a05bfd6280_0, 0, 4;
    %pushi/vec4 0, 0, 1;
    %store/vec4 v0x64a05bfd6370_0, 0, 1;
    %pushi/vec4 0, 0, 1;
    %store/vec4 v0x64a05bfd7090_0, 0, 1;
    %pushi/vec4 0, 0, 1;
    %store/vec4 v0x64a05bfd6ff0_0, 0, 1;
    %pushi/vec4 0, 0, 1;
    %store/vec4 v0x64a05bfd6750_0, 0, 1;
    %pushi/vec4 32, 0, 6;
    %store/vec4 v0x64a05bfd6820_0, 0, 6;
    %pushi/vec4 0, 0, 1;
    %store/vec4 v0x64a05bfd6680_0, 0, 1;
    %pushi/vec4 0, 0, 1;
    %store/vec4 v0x64a05bfd65b0_0, 0, 1;
    %pushi/vec4 0, 0, 3;
    %store/vec4 v0x64a05bfd6ca0_0, 0, 3;
    %pushi/vec4 0, 0, 3;
    %store/vec4 v0x64a05bfd64e0_0, 0, 3;
    %pushi/vec4 1, 0, 1;
    %store/vec4 v0x64a05bfd6f50_0, 0, 1;
    %pushi/vec4 0, 0, 1;
    %store/vec4 v0x64a05bfd5cf0_0, 0, 1;
    %pushi/vec4 0, 0, 1;
    %store/vec4 v0x64a05bfd5f50_0, 0, 1;
    %pushi/vec4 0, 0, 5;
    %store/vec4 v0x64a05bfd5a10_0, 0, 5;
    %pushi/vec4 0, 0, 32;
    %store/vec4 v0x64a05bfd51f0_0, 0, 32;
    %pushi/vec4 0, 0, 1;
    %store/vec4 v0x64a05bfd7490_0, 0, 1;
    %pushi/vec4 0, 0, 1;
    %store/vec4 v0x64a05bfd7580_0, 0, 1;
    %pushi/vec4 0, 0, 5;
    %store/vec4 v0x64a05bfd7300_0, 0, 5;
    %pushi/vec4 0, 0, 32;
    %store/vec4 v0x64a05bfd7160_0, 0, 32;
    %pushi/vec4 0, 0, 32;
    %store/vec4 v0x64a05bfd7230_0, 0, 32;
    %pushi/vec4 0, 0, 3;
    %store/vec4 v0x64a05bfd73f0_0, 0, 3;
    %pushi/vec4 10, 0, 32;
    %store/vec4 v0x64a05bfd60e0_0, 0, 32;
    %pushi/vec4 20, 0, 32;
    %store/vec4 v0x64a05bfd61b0_0, 0, 32;
    %pushi/vec4 0, 0, 4;
    %store/vec4 v0x64a05bfd6280_0, 0, 4;
    %delay 1000, 0;
    %alloc S_0x64a05bf75400;
    %pushi/vec4 30, 0, 32;
    %store/vec4 v0x64a05bf94d50_0, 0, 32;
    %pushi/str "ADD";
    %store/str v0x64a05bfcebc0_0;
    %fork TD_tb_stage_ex.check_result, S_0x64a05bf75400;
    %join;
    %free S_0x64a05bf75400;
    %pushi/vec4 50, 0, 32;
    %store/vec4 v0x64a05bfd60e0_0, 0, 32;
    %pushi/vec4 15, 0, 32;
    %store/vec4 v0x64a05bfd61b0_0, 0, 32;
    %pushi/vec4 2, 0, 4;
    %store/vec4 v0x64a05bfd6280_0, 0, 4;
    %delay 1000, 0;
    %alloc S_0x64a05bf75400;
    %pushi/vec4 35, 0, 32;
    %store/vec4 v0x64a05bf94d50_0, 0, 32;
    %pushi/str "SUB";
    %store/str v0x64a05bfcebc0_0;
    %fork TD_tb_stage_ex.check_result, S_0x64a05bf75400;
    %join;
    %free S_0x64a05bf75400;
    %pushi/vec4 10, 0, 32;
    %store/vec4 v0x64a05bfd60e0_0, 0, 32;
    %pushi/vec4 5, 0, 32;
    %store/vec4 v0x64a05bfd6410_0, 0, 32;
    %pushi/vec4 1, 0, 1;
    %store/vec4 v0x64a05bfd6370_0, 0, 1;
    %pushi/vec4 0, 0, 4;
    %store/vec4 v0x64a05bfd6280_0, 0, 4;
    %delay 1000, 0;
    %alloc S_0x64a05bf75400;
    %pushi/vec4 15, 0, 32;
    %store/vec4 v0x64a05bf94d50_0, 0, 32;
    %pushi/str "ALU IMM";
    %store/str v0x64a05bfcebc0_0;
    %fork TD_tb_stage_ex.check_result, S_0x64a05bf75400;
    %join;
    %free S_0x64a05bf75400;
    %pushi/vec4 0, 0, 1;
    %store/vec4 v0x64a05bfd6370_0, 0, 1;
    %pushi/vec4 1, 0, 1;
    %store/vec4 v0x64a05bfd5cf0_0, 0, 1;
    %pushi/vec4 1, 0, 1;
    %store/vec4 v0x64a05bfd5f50_0, 0, 1;
    %pushi/vec4 1, 0, 5;
    %store/vec4 v0x64a05bfd5a10_0, 0, 5;
    %pushi/vec4 100, 0, 32;
    %store/vec4 v0x64a05bfd51f0_0, 0, 32;
    %pushi/vec4 1, 0, 5;
    %store/vec4 v0x64a05bfd6d70_0, 0, 5;
    %pushi/vec4 5, 0, 32;
    %store/vec4 v0x64a05bfd60e0_0, 0, 32;
    %pushi/vec4 10, 0, 32;
    %store/vec4 v0x64a05bfd61b0_0, 0, 32;
    %pushi/vec4 0, 0, 4;
    %store/vec4 v0x64a05bfd6280_0, 0, 4;
    %delay 1000, 0;
    %alloc S_0x64a05bf75400;
    %pushi/vec4 110, 0, 32;
    %store/vec4 v0x64a05bf94d50_0, 0, 32;
    %pushi/str "EX FORWARD";
    %store/str v0x64a05bfcebc0_0;
    %fork TD_tb_stage_ex.check_result, S_0x64a05bf75400;
    %join;
    %free S_0x64a05bf75400;
    %pushi/vec4 0, 0, 1;
    %store/vec4 v0x64a05bfd5cf0_0, 0, 1;
    %pushi/vec4 1, 0, 1;
    %store/vec4 v0x64a05bfd7490_0, 0, 1;
    %pushi/vec4 1, 0, 1;
    %store/vec4 v0x64a05bfd7580_0, 0, 1;
    %pushi/vec4 2, 0, 5;
    %store/vec4 v0x64a05bfd7300_0, 0, 5;
    %pushi/vec4 200, 0, 32;
    %store/vec4 v0x64a05bfd7160_0, 0, 32;
    %pushi/vec4 2, 0, 5;
    %store/vec4 v0x64a05bfd6e60_0, 0, 5;
    %pushi/vec4 1, 0, 32;
    %store/vec4 v0x64a05bfd60e0_0, 0, 32;
    %pushi/vec4 2, 0, 32;
    %store/vec4 v0x64a05bfd61b0_0, 0, 32;
    %delay 1000, 0;
    %alloc S_0x64a05bf75400;
    %pushi/vec4 201, 0, 32;
    %store/vec4 v0x64a05bf94d50_0, 0, 32;
    %pushi/str "MEM FORWARD";
    %store/str v0x64a05bfcebc0_0;
    %fork TD_tb_stage_ex.check_result, S_0x64a05bf75400;
    %join;
    %free S_0x64a05bf75400;
    %pushi/vec4 4096, 0, 32;
    %store/vec4 v0x64a05bfd68f0_0, 0, 32;
    %pushi/vec4 32, 0, 32;
    %store/vec4 v0x64a05bfd6410_0, 0, 32;
    %delay 1000, 0;
    %load/vec4 v0x64a05bfd5460_0;
    %cmpi/e 4128, 0, 32;
    %jmp/0xz  T_7.0, 4;
    %vpi_call/w 3 357 "$display", "[PASS] BRANCH TARGET" {0 0 0};
    %jmp T_7.1;
T_7.0 ;
    %vpi_call/w 3 359 "$display", "[FAIL] BRANCH TARGET" {0 0 0};
    %vpi_call/w 3 360 "$finish" {0 0 0};
T_7.1 ;
    %vpi_call/w 3 367 "$display", "\000" {0 0 0};
    %vpi_call/w 3 368 "$display", "ALL STAGE_EX TESTS PASSED" {0 0 0};
    %vpi_call/w 3 369 "$display", "\000" {0 0 0};
    %vpi_call/w 3 371 "$finish" {0 0 0};
    %end;
    .thread T_7;
# The file index is used to find the file name in the following table.
:file_names 7;
    "N/A";
    "<interactive>";
    "-";
    "tb_stage_ex.sv";
    "../../sources/stage_ex.sv";
    "../../sources/alu.sv";
    "../../sources/forwarding_unit.sv";
