#! /usr/bin/vvp
:ivl_version "11.0 (stable)";
:ivl_delay_selection "TYPICAL";
:vpi_time_precision - 12;
:vpi_module "/usr/lib/x86_64-linux-gnu/ivl/system.vpi";
:vpi_module "/usr/lib/x86_64-linux-gnu/ivl/vhdl_sys.vpi";
:vpi_module "/usr/lib/x86_64-linux-gnu/ivl/vhdl_textio.vpi";
:vpi_module "/usr/lib/x86_64-linux-gnu/ivl/v2005_math.vpi";
:vpi_module "/usr/lib/x86_64-linux-gnu/ivl/va_math.vpi";
:vpi_module "/usr/lib/x86_64-linux-gnu/ivl/v2009.vpi";
S_0x5b8ae8656990 .scope package, "$unit" "$unit" 2 1;
 .timescale 0 0;
S_0x5b8ae8669870 .scope module, "tb_decoder" "tb_decoder" 3 3;
 .timescale -9 -12;
v0x5b8ae868c550_0 .net "funct3", 2 0, L_0x5b8ae868ccd0;  1 drivers
v0x5b8ae868c630_0 .net "funct7", 6 0, L_0x5b8ae868cf80;  1 drivers
v0x5b8ae868c6d0_0 .var "instr", 31 0;
v0x5b8ae868c770_0 .net "opcode", 6 0, L_0x5b8ae868caa0;  1 drivers
v0x5b8ae868c810_0 .net "rd", 4 0, L_0x5b8ae868cbe0;  1 drivers
v0x5b8ae868c900_0 .net "rs1", 4 0, L_0x5b8ae868cdc0;  1 drivers
v0x5b8ae868c9d0_0 .net "rs2", 4 0, L_0x5b8ae868ce90;  1 drivers
S_0x5b8ae8669a00 .scope autotask, "check_decode" "check_decode" 3 31, 3 31 0, S_0x5b8ae8669870;
 .timescale -9 -12;
v0x5b8ae8669be0_0 .var "expected_funct3", 2 0;
v0x5b8ae868b6d0_0 .var "expected_funct7", 6 0;
v0x5b8ae868b7b0_0 .var "expected_opcode", 6 0;
v0x5b8ae868b870_0 .var "expected_rd", 4 0;
v0x5b8ae868b950_0 .var "expected_rs1", 4 0;
v0x5b8ae868ba80_0 .var "expected_rs2", 4 0;
v0x5b8ae868bb60_0 .var/str "test_name";
TD_tb_decoder.check_decode ;
    %delay 1000, 0;
    %load/vec4 v0x5b8ae868c770_0;
    %load/vec4 v0x5b8ae868b7b0_0;
    %cmp/ne;
    %flag_mov 8, 6;
    %load/vec4 v0x5b8ae868c810_0;
    %load/vec4 v0x5b8ae868b870_0;
    %cmp/ne;
    %flag_or 6, 8;
    %flag_mov 8, 6;
    %load/vec4 v0x5b8ae868c550_0;
    %load/vec4 v0x5b8ae8669be0_0;
    %cmp/ne;
    %flag_or 6, 8;
    %flag_mov 8, 6;
    %load/vec4 v0x5b8ae868c900_0;
    %load/vec4 v0x5b8ae868b950_0;
    %cmp/ne;
    %flag_or 6, 8;
    %flag_mov 8, 6;
    %load/vec4 v0x5b8ae868c9d0_0;
    %load/vec4 v0x5b8ae868ba80_0;
    %cmp/ne;
    %flag_or 6, 8;
    %flag_mov 8, 6;
    %load/vec4 v0x5b8ae868c630_0;
    %load/vec4 v0x5b8ae868b6d0_0;
    %cmp/ne;
    %flag_or 6, 8;
    %jmp/0xz  T_0.0, 6;
    %vpi_call/w 3 48 "$display", "[FAIL] %s", v0x5b8ae868bb60_0 {0 0 0};
    %vpi_call/w 3 50 "$display", "Expected:" {0 0 0};
    %vpi_call/w 3 51 "$display", "opcode = %h", v0x5b8ae868b7b0_0 {0 0 0};
    %vpi_call/w 3 52 "$display", "rd     = %0d", v0x5b8ae868b870_0 {0 0 0};
    %vpi_call/w 3 53 "$display", "funct3 = %h", v0x5b8ae8669be0_0 {0 0 0};
    %vpi_call/w 3 54 "$display", "rs1    = %0d", v0x5b8ae868b950_0 {0 0 0};
    %vpi_call/w 3 55 "$display", "rs2    = %0d", v0x5b8ae868ba80_0 {0 0 0};
    %vpi_call/w 3 56 "$display", "funct7 = %h", v0x5b8ae868b6d0_0 {0 0 0};
    %vpi_call/w 3 58 "$display", "\000" {0 0 0};
    %vpi_call/w 3 60 "$display", "Actual:" {0 0 0};
    %vpi_call/w 3 61 "$display", "opcode = %h", v0x5b8ae868c770_0 {0 0 0};
    %vpi_call/w 3 62 "$display", "rd     = %0d", v0x5b8ae868c810_0 {0 0 0};
    %vpi_call/w 3 63 "$display", "funct3 = %h", v0x5b8ae868c550_0 {0 0 0};
    %vpi_call/w 3 64 "$display", "rs1    = %0d", v0x5b8ae868c900_0 {0 0 0};
    %vpi_call/w 3 65 "$display", "rs2    = %0d", v0x5b8ae868c9d0_0 {0 0 0};
    %vpi_call/w 3 66 "$display", "funct7 = %h", v0x5b8ae868c630_0 {0 0 0};
    %vpi_call/w 3 68 "$finish" {0 0 0};
    %jmp T_0.1;
T_0.0 ;
    %vpi_call/w 3 71 "$display", "[PASS] %s", v0x5b8ae868bb60_0 {0 0 0};
T_0.1 ;
    %end;
S_0x5b8ae868bc20 .scope module, "dut_decoder" "decoder" 3 17, 4 1 0, S_0x5b8ae8669870;
 .timescale 0 0;
    .port_info 0 /INPUT 32 "instr";
    .port_info 1 /OUTPUT 7 "opcode";
    .port_info 2 /OUTPUT 5 "rd";
    .port_info 3 /OUTPUT 3 "funct3";
    .port_info 4 /OUTPUT 5 "rs1";
    .port_info 5 /OUTPUT 5 "rs2";
    .port_info 6 /OUTPUT 7 "funct7";
v0x5b8ae868be20_0 .net "funct3", 2 0, L_0x5b8ae868ccd0;  alias, 1 drivers
v0x5b8ae868bf00_0 .net "funct7", 6 0, L_0x5b8ae868cf80;  alias, 1 drivers
v0x5b8ae868bfe0_0 .net "instr", 31 0, v0x5b8ae868c6d0_0;  1 drivers
v0x5b8ae868c0a0_0 .net "opcode", 6 0, L_0x5b8ae868caa0;  alias, 1 drivers
v0x5b8ae868c180_0 .net "rd", 4 0, L_0x5b8ae868cbe0;  alias, 1 drivers
v0x5b8ae868c2b0_0 .net "rs1", 4 0, L_0x5b8ae868cdc0;  alias, 1 drivers
v0x5b8ae868c390_0 .net "rs2", 4 0, L_0x5b8ae868ce90;  alias, 1 drivers
L_0x5b8ae868caa0 .part v0x5b8ae868c6d0_0, 0, 7;
L_0x5b8ae868cbe0 .part v0x5b8ae868c6d0_0, 7, 5;
L_0x5b8ae868ccd0 .part v0x5b8ae868c6d0_0, 12, 3;
L_0x5b8ae868cdc0 .part v0x5b8ae868c6d0_0, 15, 5;
L_0x5b8ae868ce90 .part v0x5b8ae868c6d0_0, 20, 5;
L_0x5b8ae868cf80 .part v0x5b8ae868c6d0_0, 25, 7;
    .scope S_0x5b8ae8669870;
T_1 ;
    %pushi/vec4 7537331, 0, 32;
    %store/vec4 v0x5b8ae868c6d0_0, 0, 32;
    %alloc S_0x5b8ae8669a00;
    %pushi/vec4 51, 0, 7;
    %store/vec4 v0x5b8ae868b7b0_0, 0, 7;
    %pushi/vec4 5, 0, 5;
    %store/vec4 v0x5b8ae868b870_0, 0, 5;
    %pushi/vec4 0, 0, 3;
    %store/vec4 v0x5b8ae8669be0_0, 0, 3;
    %pushi/vec4 6, 0, 5;
    %store/vec4 v0x5b8ae868b950_0, 0, 5;
    %pushi/vec4 7, 0, 5;
    %store/vec4 v0x5b8ae868ba80_0, 0, 5;
    %pushi/vec4 0, 0, 7;
    %store/vec4 v0x5b8ae868b6d0_0, 0, 7;
    %pushi/str "ADD";
    %store/str v0x5b8ae868bb60_0;
    %fork TD_tb_decoder.check_decode, S_0x5b8ae8669a00;
    %join;
    %free S_0x5b8ae8669a00;
    %pushi/vec4 1086686515, 0, 32;
    %store/vec4 v0x5b8ae868c6d0_0, 0, 32;
    %alloc S_0x5b8ae8669a00;
    %pushi/vec4 51, 0, 7;
    %store/vec4 v0x5b8ae868b7b0_0, 0, 7;
    %pushi/vec4 10, 0, 5;
    %store/vec4 v0x5b8ae868b870_0, 0, 5;
    %pushi/vec4 0, 0, 3;
    %store/vec4 v0x5b8ae8669be0_0, 0, 3;
    %pushi/vec4 11, 0, 5;
    %store/vec4 v0x5b8ae868b950_0, 0, 5;
    %pushi/vec4 12, 0, 5;
    %store/vec4 v0x5b8ae868ba80_0, 0, 5;
    %pushi/vec4 32, 0, 7;
    %store/vec4 v0x5b8ae868b6d0_0, 0, 7;
    %pushi/str "SUB";
    %store/str v0x5b8ae868bb60_0;
    %fork TD_tb_decoder.check_decode, S_0x5b8ae8669a00;
    %join;
    %free S_0x5b8ae8669a00;
    %pushi/vec4 8528259, 0, 32;
    %store/vec4 v0x5b8ae868c6d0_0, 0, 32;
    %alloc S_0x5b8ae8669a00;
    %pushi/vec4 3, 0, 7;
    %store/vec4 v0x5b8ae868b7b0_0, 0, 7;
    %pushi/vec4 3, 0, 5;
    %store/vec4 v0x5b8ae868b870_0, 0, 5;
    %pushi/vec4 2, 0, 3;
    %store/vec4 v0x5b8ae8669be0_0, 0, 3;
    %pushi/vec4 4, 0, 5;
    %store/vec4 v0x5b8ae868b950_0, 0, 5;
    %pushi/vec4 8, 0, 5;
    %store/vec4 v0x5b8ae868ba80_0, 0, 5;
    %pushi/vec4 0, 0, 7;
    %store/vec4 v0x5b8ae868b6d0_0, 0, 7;
    %pushi/str "LW";
    %store/str v0x5b8ae868bb60_0;
    %fork TD_tb_decoder.check_decode, S_0x5b8ae8669a00;
    %join;
    %free S_0x5b8ae8669a00;
    %pushi/vec4 9512995, 0, 32;
    %store/vec4 v0x5b8ae868c6d0_0, 0, 32;
    %alloc S_0x5b8ae8669a00;
    %pushi/vec4 35, 0, 7;
    %store/vec4 v0x5b8ae868b7b0_0, 0, 7;
    %pushi/vec4 16, 0, 5;
    %store/vec4 v0x5b8ae868b870_0, 0, 5;
    %pushi/vec4 2, 0, 3;
    %store/vec4 v0x5b8ae8669be0_0, 0, 3;
    %pushi/vec4 2, 0, 5;
    %store/vec4 v0x5b8ae868b950_0, 0, 5;
    %pushi/vec4 9, 0, 5;
    %store/vec4 v0x5b8ae868ba80_0, 0, 5;
    %pushi/vec4 0, 0, 7;
    %store/vec4 v0x5b8ae868b6d0_0, 0, 7;
    %pushi/str "SW";
    %store/str v0x5b8ae868bb60_0;
    %fork TD_tb_decoder.check_decode, S_0x5b8ae8669a00;
    %join;
    %free S_0x5b8ae8669a00;
    %pushi/vec4 5374051, 0, 32;
    %store/vec4 v0x5b8ae868c6d0_0, 0, 32;
    %alloc S_0x5b8ae8669a00;
    %pushi/vec4 99, 0, 7;
    %store/vec4 v0x5b8ae868b7b0_0, 0, 7;
    %pushi/vec4 0, 0, 5;
    %store/vec4 v0x5b8ae868b870_0, 0, 5;
    %pushi/vec4 0, 0, 3;
    %store/vec4 v0x5b8ae8669be0_0, 0, 3;
    %pushi/vec4 4, 0, 5;
    %store/vec4 v0x5b8ae868b950_0, 0, 5;
    %pushi/vec4 5, 0, 5;
    %store/vec4 v0x5b8ae868ba80_0, 0, 5;
    %pushi/vec4 0, 0, 7;
    %store/vec4 v0x5b8ae868b6d0_0, 0, 7;
    %pushi/str "BEQ";
    %store/str v0x5b8ae868bb60_0;
    %fork TD_tb_decoder.check_decode, S_0x5b8ae8669a00;
    %join;
    %free S_0x5b8ae8669a00;
    %vpi_call/w 3 112 "$display", "\000" {0 0 0};
    %vpi_call/w 3 113 "$display", "ALL DECODER TESTS PASSED" {0 0 0};
    %vpi_call/w 3 114 "$display", "\000" {0 0 0};
    %vpi_call/w 3 116 "$finish" {0 0 0};
    %end;
    .thread T_1;
# The file index is used to find the file name in the following table.
:file_names 5;
    "N/A";
    "<interactive>";
    "-";
    "tb_decoder.sv";
    "../../sources/decoder.sv";
