#! /usr/bin/vvp
:ivl_version "11.0 (stable)";
:ivl_delay_selection "TYPICAL";
:vpi_time_precision - 12;
:vpi_module "/usr/lib/x86_64-linux-gnu/ivl/system.vpi";
:vpi_module "/usr/lib/x86_64-linux-gnu/ivl/vhdl_sys.vpi";
:vpi_module "/usr/lib/x86_64-linux-gnu/ivl/vhdl_textio.vpi";
:vpi_module "/usr/lib/x86_64-linux-gnu/ivl/v2005_math.vpi";
:vpi_module "/usr/lib/x86_64-linux-gnu/ivl/va_math.vpi";
:vpi_module "/usr/lib/x86_64-linux-gnu/ivl/v2009.vpi";
S_0x5c7c118d2af0 .scope package, "$unit" "$unit" 2 1;
 .timescale 0 0;
S_0x5c7c118d54c0 .scope module, "tb_stage_if" "tb_stage_if" 3 3;
 .timescale -9 -12;
P_0x5c7c118c74a0 .param/l "DATA_WIDTH" 0 3 4, +C4<00000000000000000000000000100000>;
v0x5c7c1190fb00_0 .var "clk", 0 0;
v0x5c7c1190fc10_0 .net "if_id_instr", 31 0, v0x5c7c1190ef60_0;  1 drivers
v0x5c7c1190fcd0_0 .net "if_id_pc", 31 0, v0x5c7c1190f020_0;  1 drivers
v0x5c7c1190fdd0_0 .net "if_id_valid", 0 0, v0x5c7c1190f150_0;  1 drivers
v0x5c7c1190fea0_0 .net "imem_addr", 31 0, L_0x5c7c118ee8a0;  1 drivers
v0x5c7c1190ff90_0 .net "instr_addr_valid", 0 0, L_0x5c7c11910830;  1 drivers
v0x5c7c11910060_0 .var "instr_in", 31 0;
v0x5c7c11910130 .array "instr_mem", 31 0, 31 0;
v0x5c7c119101d0_0 .var "instr_valid", 0 0;
v0x5c7c11910330_0 .var "redirect", 0 0;
v0x5c7c119103d0_0 .var "redirect_pc", 31 0;
v0x5c7c119104c0_0 .var "rst", 0 0;
v0x5c7c119105b0_0 .var "stall", 0 0;
S_0x5c7c118d56a0 .scope begin, "$unm_blk_14" "$unm_blk_14" 3 60, 3 60 0, S_0x5c7c118d54c0;
 .timescale -9 -12;
v0x5c7c118cf820_0 .var/i "i", 31 0;
S_0x5c7c1190d650 .scope autotask, "check_if" "check_if" 3 93, 3 93 0, S_0x5c7c118d54c0;
 .timescale -9 -12;
v0x5c7c118edd80_0 .var "expected_instr", 31 0;
v0x5c7c118ee080_0 .var "expected_pc", 31 0;
v0x5c7c118ee260_0 .var "expected_valid", 0 0;
v0x5c7c118eea80_0 .var/str "test_name";
TD_tb_stage_if.check_if ;
    %delay 1000, 0;
    %load/vec4 v0x5c7c1190fcd0_0;
    %load/vec4 v0x5c7c118ee080_0;
    %cmp/ne;
    %flag_mov 8, 6;
    %load/vec4 v0x5c7c1190fc10_0;
    %load/vec4 v0x5c7c118edd80_0;
    %cmp/ne;
    %flag_or 6, 8;
    %flag_mov 8, 6;
    %load/vec4 v0x5c7c1190fdd0_0;
    %load/vec4 v0x5c7c118ee260_0;
    %cmp/ne;
    %flag_or 6, 8;
    %jmp/0xz  T_0.0, 6;
    %vpi_call/w 3 104 "$display", "[FAIL] %s", v0x5c7c118eea80_0 {0 0 0};
    %vpi_call/w 3 105 "$display", "Expected PC    = %h", v0x5c7c118ee080_0 {0 0 0};
    %vpi_call/w 3 106 "$display", "Actual   PC    = %h", v0x5c7c1190fcd0_0 {0 0 0};
    %vpi_call/w 3 107 "$display", "Expected INSTR = %h", v0x5c7c118edd80_0 {0 0 0};
    %vpi_call/w 3 108 "$display", "Actual   INSTR = %h", v0x5c7c1190fc10_0 {0 0 0};
    %vpi_call/w 3 109 "$display", "Expected VALID = %b", v0x5c7c118ee260_0 {0 0 0};
    %vpi_call/w 3 110 "$display", "Actual   VALID = %b", v0x5c7c1190fdd0_0 {0 0 0};
    %vpi_call/w 3 111 "$finish" {0 0 0};
    %jmp T_0.1;
T_0.0 ;
    %vpi_call/w 3 113 "$display", "[PASS] %s", v0x5c7c118eea80_0 {0 0 0};
T_0.1 ;
    %end;
S_0x5c7c1190d8f0 .scope module, "dut_stage_if" "stage_if" 3 30, 4 1 0, S_0x5c7c118d54c0;
 .timescale 0 0;
    .port_info 0 /INPUT 1 "clk";
    .port_info 1 /INPUT 1 "rst";
    .port_info 2 /INPUT 1 "stall";
    .port_info 3 /INPUT 1 "redirect";
    .port_info 4 /INPUT 32 "redirect_pc";
    .port_info 5 /INPUT 32 "instr_in";
    .port_info 6 /INPUT 1 "instr_valid";
    .port_info 7 /OUTPUT 32 "imem_addr";
    .port_info 8 /OUTPUT 1 "instr_addr_valid";
    .port_info 9 /OUTPUT 32 "if_id_pc";
    .port_info 10 /OUTPUT 32 "if_id_instr";
    .port_info 11 /OUTPUT 1 "if_id_valid";
P_0x5c7c1190dad0 .param/l "DATA_WIDTH" 0 4 2, +C4<00000000000000000000000000100000>;
L_0x5c7c118edc20 .functor OR 1, v0x5c7c119105b0_0, L_0x5c7c11910650, C4<0>, C4<0>;
L_0x5c7c118ee8a0 .functor BUFZ 32, v0x5c7c1190e9c0_0, C4<00000000000000000000000000000000>, C4<00000000000000000000000000000000>, C4<00000000000000000000000000000000>;
v0x5c7c1190ecf0_0 .net *"_ivl_1", 0 0, L_0x5c7c11910650;  1 drivers
v0x5c7c1190edd0_0 .net "clk", 0 0, v0x5c7c1190fb00_0;  1 drivers
v0x5c7c1190ee90_0 .var "fetch_pc", 31 0;
v0x5c7c1190ef60_0 .var "if_id_instr", 31 0;
v0x5c7c1190f020_0 .var "if_id_pc", 31 0;
v0x5c7c1190f150_0 .var "if_id_valid", 0 0;
v0x5c7c1190f210_0 .net "imem_addr", 31 0, L_0x5c7c118ee8a0;  alias, 1 drivers
v0x5c7c1190f2f0_0 .net "instr_addr_valid", 0 0, L_0x5c7c11910830;  alias, 1 drivers
v0x5c7c1190f3b0_0 .net "instr_in", 31 0, v0x5c7c11910060_0;  1 drivers
v0x5c7c1190f490_0 .net "instr_valid", 0 0, v0x5c7c119101d0_0;  1 drivers
v0x5c7c1190f550_0 .net "next_pc", 31 0, v0x5c7c118c7c00_0;  1 drivers
v0x5c7c1190f610_0 .net "pc", 31 0, v0x5c7c1190e9c0_0;  1 drivers
v0x5c7c1190f720_0 .net "redirect", 0 0, v0x5c7c11910330_0;  1 drivers
v0x5c7c1190f7c0_0 .net "redirect_pc", 31 0, v0x5c7c119103d0_0;  1 drivers
v0x5c7c1190f860_0 .net "rst", 0 0, v0x5c7c119104c0_0;  1 drivers
v0x5c7c1190f900_0 .net "stall", 0 0, v0x5c7c119105b0_0;  1 drivers
L_0x5c7c11910650 .reduce/nor v0x5c7c119101d0_0;
L_0x5c7c11910830 .reduce/nor v0x5c7c119105b0_0;
S_0x5c7c1190dca0 .scope begin, "if_id_ff" "if_id_ff" 4 70, 4 70 0, S_0x5c7c1190d8f0;
 .timescale 0 0;
S_0x5c7c1190de80 .scope module, "pc_mux_01" "pc_mux" 4 35, 5 1 0, S_0x5c7c1190d8f0;
 .timescale 0 0;
    .port_info 0 /INPUT 32 "pc";
    .port_info 1 /INPUT 1 "redirect";
    .port_info 2 /INPUT 32 "redirect_pc";
    .port_info 3 /OUTPUT 32 "next_pc";
P_0x5c7c1190e080 .param/l "DATA_WIDTH" 0 5 2, +C4<00000000000000000000000000100000>;
v0x5c7c118c7c00_0 .var "next_pc", 31 0;
v0x5c7c118c89c0_0 .net "pc", 31 0, v0x5c7c1190e9c0_0;  alias, 1 drivers
v0x5c7c1190e210_0 .net "redirect", 0 0, v0x5c7c11910330_0;  alias, 1 drivers
v0x5c7c1190e2e0_0 .net "redirect_pc", 31 0, v0x5c7c119103d0_0;  alias, 1 drivers
E_0x5c7c118abd90 .event edge, v0x5c7c1190e210_0, v0x5c7c1190e2e0_0, v0x5c7c118c89c0_0;
S_0x5c7c1190e470 .scope module, "pc_reg_01" "pc_reg" 4 45, 6 1 0, S_0x5c7c1190d8f0;
 .timescale 0 0;
    .port_info 0 /INPUT 1 "clk";
    .port_info 1 /INPUT 1 "rst";
    .port_info 2 /INPUT 1 "stall";
    .port_info 3 /INPUT 32 "next_pc";
    .port_info 4 /OUTPUT 32 "pc";
P_0x5c7c1190e650 .param/l "DATA_WIDTH" 0 6 2, +C4<00000000000000000000000000100000>;
v0x5c7c1190e7f0_0 .net "clk", 0 0, v0x5c7c1190fb00_0;  alias, 1 drivers
v0x5c7c1190e8d0_0 .net "next_pc", 31 0, v0x5c7c118c7c00_0;  alias, 1 drivers
v0x5c7c1190e9c0_0 .var "pc", 31 0;
v0x5c7c1190eac0_0 .net "rst", 0 0, v0x5c7c119104c0_0;  alias, 1 drivers
v0x5c7c1190eb60_0 .net "stall", 0 0, L_0x5c7c118edc20;  1 drivers
E_0x5c7c118d1960 .event posedge, v0x5c7c1190e7f0_0;
    .scope S_0x5c7c1190de80;
T_1 ;
Ewait_0 .event/or E_0x5c7c118abd90, E_0x0;
    %wait Ewait_0;
    %load/vec4 v0x5c7c1190e210_0;
    %flag_set/vec4 8;
    %jmp/0xz  T_1.0, 8;
    %load/vec4 v0x5c7c1190e2e0_0;
    %store/vec4 v0x5c7c118c7c00_0, 0, 32;
    %jmp T_1.1;
T_1.0 ;
    %load/vec4 v0x5c7c118c89c0_0;
    %addi 4, 0, 32;
    %store/vec4 v0x5c7c118c7c00_0, 0, 32;
T_1.1 ;
    %jmp T_1;
    .thread T_1, $push;
    .scope S_0x5c7c1190e470;
T_2 ;
    %wait E_0x5c7c118d1960;
    %load/vec4 v0x5c7c1190eac0_0;
    %flag_set/vec4 8;
    %jmp/0xz  T_2.0, 8;
    %pushi/vec4 0, 0, 32;
    %assign/vec4 v0x5c7c1190e9c0_0, 0;
    %jmp T_2.1;
T_2.0 ;
    %load/vec4 v0x5c7c1190eb60_0;
    %nor/r;
    %flag_set/vec4 8;
    %jmp/0xz  T_2.2, 8;
    %load/vec4 v0x5c7c1190e8d0_0;
    %assign/vec4 v0x5c7c1190e9c0_0, 0;
T_2.2 ;
T_2.1 ;
    %jmp T_2;
    .thread T_2;
    .scope S_0x5c7c1190d8f0;
T_3 ;
    %wait E_0x5c7c118d1960;
    %load/vec4 v0x5c7c1190f860_0;
    %flag_set/vec4 8;
    %jmp/0xz  T_3.0, 8;
    %pushi/vec4 0, 0, 32;
    %assign/vec4 v0x5c7c1190ee90_0, 0;
    %jmp T_3.1;
T_3.0 ;
    %load/vec4 v0x5c7c1190f900_0;
    %nor/r;
    %load/vec4 v0x5c7c1190f2f0_0;
    %and;
    %flag_set/vec4 8;
    %jmp/0xz  T_3.2, 8;
    %load/vec4 v0x5c7c1190f610_0;
    %assign/vec4 v0x5c7c1190ee90_0, 0;
T_3.2 ;
T_3.1 ;
    %jmp T_3;
    .thread T_3;
    .scope S_0x5c7c1190d8f0;
T_4 ;
    %wait E_0x5c7c118d1960;
    %fork t_1, S_0x5c7c1190dca0;
    %jmp t_0;
    .scope S_0x5c7c1190dca0;
t_1 ;
    %load/vec4 v0x5c7c1190f860_0;
    %flag_set/vec4 8;
    %jmp/0xz  T_4.0, 8;
    %pushi/vec4 0, 0, 32;
    %assign/vec4 v0x5c7c1190f020_0, 0;
    %pushi/vec4 0, 0, 32;
    %assign/vec4 v0x5c7c1190ef60_0, 0;
    %pushi/vec4 0, 0, 1;
    %assign/vec4 v0x5c7c1190f150_0, 0;
    %jmp T_4.1;
T_4.0 ;
    %load/vec4 v0x5c7c1190f900_0;
    %nor/r;
    %load/vec4 v0x5c7c1190f490_0;
    %and;
    %flag_set/vec4 8;
    %jmp/0xz  T_4.2, 8;
    %load/vec4 v0x5c7c1190ee90_0;
    %assign/vec4 v0x5c7c1190f020_0, 0;
    %load/vec4 v0x5c7c1190f3b0_0;
    %assign/vec4 v0x5c7c1190ef60_0, 0;
    %pushi/vec4 1, 0, 1;
    %assign/vec4 v0x5c7c1190f150_0, 0;
    %jmp T_4.3;
T_4.2 ;
    %pushi/vec4 0, 0, 1;
    %assign/vec4 v0x5c7c1190f150_0, 0;
T_4.3 ;
T_4.1 ;
    %end;
    .scope S_0x5c7c1190d8f0;
t_0 %join;
    %jmp T_4;
    .thread T_4;
    .scope S_0x5c7c118d54c0;
T_5 ;
    %pushi/vec4 0, 0, 1;
    %store/vec4 v0x5c7c1190fb00_0, 0, 1;
T_5.0 ;
    %delay 5000, 0;
    %load/vec4 v0x5c7c1190fb00_0;
    %inv;
    %store/vec4 v0x5c7c1190fb00_0, 0, 1;
    %jmp T_5.0;
    %end;
    .thread T_5;
    .scope S_0x5c7c118d54c0;
T_6 ;
    %fork t_3, S_0x5c7c118d56a0;
    %jmp t_2;
    .scope S_0x5c7c118d56a0;
t_3 ;
    %pushi/vec4 0, 0, 1;
    %store/vec4 v0x5c7c119101d0_0, 0, 1;
    %pushi/vec4 0, 0, 32;
    %store/vec4 v0x5c7c118cf820_0, 0, 32;
T_6.0 ;
    %load/vec4 v0x5c7c118cf820_0;
    %cmpi/s 32, 0, 32;
    %jmp/0xz T_6.1, 5;
    %pushi/vec4 3735928559, 0, 32;
    %ix/getv/s 4, v0x5c7c118cf820_0;
    %store/vec4a v0x5c7c11910130, 4, 0;
    %load/vec4 v0x5c7c118cf820_0;
    %addi 1, 0, 32;
    %store/vec4 v0x5c7c118cf820_0, 0, 32;
    %jmp T_6.0;
T_6.1 ;
    %pushi/vec4 286331153, 0, 32;
    %ix/load 4, 0, 0;
    %flag_set/imm 4, 0;
    %store/vec4a v0x5c7c11910130, 4, 0;
    %pushi/vec4 572662306, 0, 32;
    %ix/load 4, 1, 0;
    %flag_set/imm 4, 0;
    %store/vec4a v0x5c7c11910130, 4, 0;
    %pushi/vec4 858993459, 0, 32;
    %ix/load 4, 2, 0;
    %flag_set/imm 4, 0;
    %store/vec4a v0x5c7c11910130, 4, 0;
    %pushi/vec4 1145324612, 0, 32;
    %ix/load 4, 3, 0;
    %flag_set/imm 4, 0;
    %store/vec4a v0x5c7c11910130, 4, 0;
    %pushi/vec4 2863311530, 0, 32;
    %ix/load 4, 16, 0;
    %flag_set/imm 4, 0;
    %store/vec4a v0x5c7c11910130, 4, 0;
    %end;
    .scope S_0x5c7c118d54c0;
t_2 %join;
    %end;
    .thread T_6;
    .scope S_0x5c7c118d54c0;
T_7 ;
    %wait E_0x5c7c118d1960;
    %load/vec4 v0x5c7c119104c0_0;
    %flag_set/vec4 8;
    %jmp/0xz  T_7.0, 8;
    %pushi/vec4 0, 0, 32;
    %assign/vec4 v0x5c7c11910060_0, 0;
    %pushi/vec4 0, 0, 1;
    %assign/vec4 v0x5c7c119101d0_0, 0;
    %jmp T_7.1;
T_7.0 ;
    %load/vec4 v0x5c7c1190ff90_0;
    %assign/vec4 v0x5c7c119101d0_0, 0;
    %load/vec4 v0x5c7c1190ff90_0;
    %flag_set/vec4 8;
    %jmp/0xz  T_7.2, 8;
    %load/vec4 v0x5c7c1190fea0_0;
    %parti/s 30, 2, 3;
    %ix/vec4 4;
    %load/vec4a v0x5c7c11910130, 4;
    %assign/vec4 v0x5c7c11910060_0, 0;
T_7.2 ;
T_7.1 ;
    %jmp T_7;
    .thread T_7;
    .scope S_0x5c7c118d54c0;
T_8 ;
    %pushi/vec4 1, 0, 1;
    %store/vec4 v0x5c7c119104c0_0, 0, 1;
    %pushi/vec4 0, 0, 1;
    %store/vec4 v0x5c7c119105b0_0, 0, 1;
    %pushi/vec4 0, 0, 1;
    %store/vec4 v0x5c7c11910330_0, 0, 1;
    %pushi/vec4 0, 0, 32;
    %store/vec4 v0x5c7c119103d0_0, 0, 32;
    %pushi/vec4 2, 0, 32;
T_8.0 %dup/vec4;
    %pushi/vec4 0, 0, 32;
    %cmp/s;
    %jmp/1xz T_8.1, 5;
    %jmp/1 T_8.1, 4;
    %pushi/vec4 1, 0, 32;
    %sub;
    %wait E_0x5c7c118d1960;
    %jmp T_8.0;
T_8.1 ;
    %pop/vec4 1;
    %pushi/vec4 0, 0, 1;
    %store/vec4 v0x5c7c119104c0_0, 0, 1;
    %wait E_0x5c7c118d1960;
    %wait E_0x5c7c118d1960;
    %wait E_0x5c7c118d1960;
    %alloc S_0x5c7c1190d650;
    %pushi/vec4 0, 0, 32;
    %store/vec4 v0x5c7c118ee080_0, 0, 32;
    %pushi/vec4 286331153, 0, 32;
    %store/vec4 v0x5c7c118edd80_0, 0, 32;
    %pushi/vec4 1, 0, 1;
    %store/vec4 v0x5c7c118ee260_0, 0, 1;
    %pushi/str "FETCH PC=0";
    %store/str v0x5c7c118eea80_0;
    %fork TD_tb_stage_if.check_if, S_0x5c7c1190d650;
    %join;
    %free S_0x5c7c1190d650;
    %wait E_0x5c7c118d1960;
    %alloc S_0x5c7c1190d650;
    %pushi/vec4 4, 0, 32;
    %store/vec4 v0x5c7c118ee080_0, 0, 32;
    %pushi/vec4 572662306, 0, 32;
    %store/vec4 v0x5c7c118edd80_0, 0, 32;
    %pushi/vec4 1, 0, 1;
    %store/vec4 v0x5c7c118ee260_0, 0, 1;
    %pushi/str "FETCH PC=4";
    %store/str v0x5c7c118eea80_0;
    %fork TD_tb_stage_if.check_if, S_0x5c7c1190d650;
    %join;
    %free S_0x5c7c1190d650;
    %wait E_0x5c7c118d1960;
    %alloc S_0x5c7c1190d650;
    %pushi/vec4 8, 0, 32;
    %store/vec4 v0x5c7c118ee080_0, 0, 32;
    %pushi/vec4 858993459, 0, 32;
    %store/vec4 v0x5c7c118edd80_0, 0, 32;
    %pushi/vec4 1, 0, 1;
    %store/vec4 v0x5c7c118ee260_0, 0, 1;
    %pushi/str "FETCH PC=8";
    %store/str v0x5c7c118eea80_0;
    %fork TD_tb_stage_if.check_if, S_0x5c7c1190d650;
    %join;
    %free S_0x5c7c1190d650;
    %pushi/vec4 1, 0, 1;
    %store/vec4 v0x5c7c119105b0_0, 0, 1;
    %wait E_0x5c7c118d1960;
    %alloc S_0x5c7c1190d650;
    %pushi/vec4 8, 0, 32;
    %store/vec4 v0x5c7c118ee080_0, 0, 32;
    %pushi/vec4 858993459, 0, 32;
    %store/vec4 v0x5c7c118edd80_0, 0, 32;
    %pushi/vec4 0, 0, 1;
    %store/vec4 v0x5c7c118ee260_0, 0, 1;
    %pushi/str "STALL HOLD";
    %store/str v0x5c7c118eea80_0;
    %fork TD_tb_stage_if.check_if, S_0x5c7c1190d650;
    %join;
    %free S_0x5c7c1190d650;
    %pushi/vec4 0, 0, 1;
    %store/vec4 v0x5c7c119105b0_0, 0, 1;
    %wait E_0x5c7c118d1960;
    %alloc S_0x5c7c1190d650;
    %pushi/vec4 8, 0, 32;
    %store/vec4 v0x5c7c118ee080_0, 0, 32;
    %pushi/vec4 858993459, 0, 32;
    %store/vec4 v0x5c7c118edd80_0, 0, 32;
    %pushi/vec4 0, 0, 1;
    %store/vec4 v0x5c7c118ee260_0, 0, 1;
    %pushi/str "BUBBLE AFTER STALL";
    %store/str v0x5c7c118eea80_0;
    %fork TD_tb_stage_if.check_if, S_0x5c7c1190d650;
    %join;
    %free S_0x5c7c1190d650;
    %wait E_0x5c7c118d1960;
    %alloc S_0x5c7c1190d650;
    %pushi/vec4 12, 0, 32;
    %store/vec4 v0x5c7c118ee080_0, 0, 32;
    %pushi/vec4 1145324612, 0, 32;
    %store/vec4 v0x5c7c118edd80_0, 0, 32;
    %pushi/vec4 1, 0, 1;
    %store/vec4 v0x5c7c118ee260_0, 0, 1;
    %pushi/str "FETCH AFTER STALL";
    %store/str v0x5c7c118eea80_0;
    %fork TD_tb_stage_if.check_if, S_0x5c7c1190d650;
    %join;
    %free S_0x5c7c1190d650;
    %pushi/vec4 1, 0, 1;
    %store/vec4 v0x5c7c11910330_0, 0, 1;
    %pushi/vec4 64, 0, 32;
    %store/vec4 v0x5c7c119103d0_0, 0, 32;
    %wait E_0x5c7c118d1960;
    %pushi/vec4 0, 0, 1;
    %store/vec4 v0x5c7c11910330_0, 0, 1;
    %wait E_0x5c7c118d1960;
    %wait E_0x5c7c118d1960;
    %alloc S_0x5c7c1190d650;
    %pushi/vec4 64, 0, 32;
    %store/vec4 v0x5c7c118ee080_0, 0, 32;
    %pushi/vec4 2863311530, 0, 32;
    %store/vec4 v0x5c7c118edd80_0, 0, 32;
    %pushi/vec4 1, 0, 1;
    %store/vec4 v0x5c7c118ee260_0, 0, 1;
    %pushi/str "REDIRECT FETCH";
    %store/str v0x5c7c118eea80_0;
    %fork TD_tb_stage_if.check_if, S_0x5c7c1190d650;
    %join;
    %free S_0x5c7c1190d650;
    %wait E_0x5c7c118d1960;
    %alloc S_0x5c7c1190d650;
    %pushi/vec4 68, 0, 32;
    %store/vec4 v0x5c7c118ee080_0, 0, 32;
    %pushi/vec4 3735928559, 0, 32;
    %store/vec4 v0x5c7c118edd80_0, 0, 32;
    %pushi/vec4 1, 0, 1;
    %store/vec4 v0x5c7c118ee260_0, 0, 1;
    %pushi/str "POST REDIRECT";
    %store/str v0x5c7c118eea80_0;
    %fork TD_tb_stage_if.check_if, S_0x5c7c1190d650;
    %join;
    %free S_0x5c7c1190d650;
    %vpi_call/w 3 172 "$display", "\000" {0 0 0};
    %vpi_call/w 3 173 "$display", "ALL STAGE_IF TESTS PASSED" {0 0 0};
    %vpi_call/w 3 174 "$display", "\000" {0 0 0};
    %vpi_call/w 3 176 "$finish" {0 0 0};
    %end;
    .thread T_8;
# The file index is used to find the file name in the following table.
:file_names 7;
    "N/A";
    "<interactive>";
    "-";
    "tb_stage_if.sv";
    "../../sources/stage_if.sv";
    "../../sources/pc_mux.sv";
    "../../sources/pc_reg.sv";
