#! /usr/bin/vvp
:ivl_version "11.0 (stable)";
:ivl_delay_selection "TYPICAL";
:vpi_time_precision - 12;
:vpi_module "/usr/lib/x86_64-linux-gnu/ivl/system.vpi";
:vpi_module "/usr/lib/x86_64-linux-gnu/ivl/vhdl_sys.vpi";
:vpi_module "/usr/lib/x86_64-linux-gnu/ivl/vhdl_textio.vpi";
:vpi_module "/usr/lib/x86_64-linux-gnu/ivl/v2005_math.vpi";
:vpi_module "/usr/lib/x86_64-linux-gnu/ivl/va_math.vpi";
:vpi_module "/usr/lib/x86_64-linux-gnu/ivl/v2009.vpi";
S_0x61f7fce57370 .scope package, "$unit" "$unit" 2 1;
 .timescale 0 0;
S_0x61f7fce59ad0 .scope module, "tb_imem_stage_if" "tb_imem_stage_if" 3 4;
 .timescale -9 -12;
P_0x61f7fce39cf0 .param/l "DATA_WIDTH" 0 3 6, +C4<00000000000000000000000000100000>;
P_0x61f7fce39d30 .param/l "MEM_DEPTH" 0 3 7, +C4<00000000000000000000010000000000>;
v0x61f7fce8d330_0 .var "clk", 0 0;
v0x61f7fce8d3f0_0 .net "if_id_instr", 31 0, v0x61f7fce8c510_0;  1 drivers
v0x61f7fce8d4b0_0 .net "if_id_pc", 31 0, v0x61f7fce8c620_0;  1 drivers
v0x61f7fce8d5b0_0 .net "if_id_valid", 0 0, v0x61f7fce8c700_0;  1 drivers
v0x61f7fce8d680_0 .net "imem_addr", 31 0, L_0x61f7fce6bdf0;  1 drivers
v0x61f7fce8d7c0_0 .net "instr_addr_valid", 0 0, L_0x61f7fce8df30;  1 drivers
v0x61f7fce8d8b0_0 .net "instr_in", 31 0, v0x61f7fce8a990_0;  1 drivers
v0x61f7fce8d9a0_0 .net "instr_valid", 0 0, v0x61f7fce8ab30_0;  1 drivers
v0x61f7fce8da90_0 .var "redirect", 0 0;
v0x61f7fce8db30_0 .var "redirect_pc", 31 0;
v0x61f7fce8dc20_0 .var "rst", 0 0;
v0x61f7fce8dcc0_0 .var "stall", 0 0;
S_0x61f7fce59cb0 .scope autotask, "check_if" "check_if" 3 94, 3 94 0, S_0x61f7fce59ad0;
 .timescale -9 -12;
v0x61f7fce6bc50_0 .var "exp_instr", 31 0;
v0x61f7fce6bf50_0 .var "exp_pc", 31 0;
v0x61f7fce6c130_0 .var "exp_valid", 0 0;
v0x61f7fce6cd00_0 .var/str "test_name";
TD_tb_imem_stage_if.check_if ;
    %delay 1000, 0;
    %load/vec4 v0x61f7fce8d4b0_0;
    %load/vec4 v0x61f7fce6bf50_0;
    %cmp/ne;
    %flag_mov 8, 6;
    %load/vec4 v0x61f7fce8d3f0_0;
    %load/vec4 v0x61f7fce6bc50_0;
    %cmp/ne;
    %flag_or 6, 8;
    %flag_mov 8, 6;
    %load/vec4 v0x61f7fce8d5b0_0;
    %load/vec4 v0x61f7fce6c130_0;
    %cmp/ne;
    %flag_or 6, 8;
    %jmp/0xz  T_0.0, 6;
    %vpi_call/w 3 103 "$display", "[FAIL] %s", v0x61f7fce6cd00_0 {0 0 0};
    %vpi_call/w 3 104 "$display", "Expected PC    = %h", v0x61f7fce6bf50_0 {0 0 0};
    %vpi_call/w 3 105 "$display", "Actual   PC    = %h", v0x61f7fce8d4b0_0 {0 0 0};
    %vpi_call/w 3 106 "$display", "Expected INSTR = %h", v0x61f7fce6bc50_0 {0 0 0};
    %vpi_call/w 3 107 "$display", "Actual   INSTR = %h", v0x61f7fce8d3f0_0 {0 0 0};
    %vpi_call/w 3 108 "$display", "Expected VALID = %b", v0x61f7fce6c130_0 {0 0 0};
    %vpi_call/w 3 109 "$display", "Actual   VALID = %b", v0x61f7fce8d5b0_0 {0 0 0};
    %vpi_call/w 3 110 "$finish" {0 0 0};
    %jmp T_0.1;
T_0.0 ;
    %vpi_call/w 3 112 "$display", "[PASS] %s", v0x61f7fce6cd00_0 {0 0 0};
T_0.1 ;
    %end;
S_0x61f7fce8a1e0 .scope module, "dut_imem" "imem" 3 55, 4 1 0, S_0x61f7fce59ad0;
 .timescale -9 -12;
    .port_info 0 /INPUT 1 "clk";
    .port_info 1 /INPUT 1 "rst";
    .port_info 2 /INPUT 32 "addr";
    .port_info 3 /INPUT 1 "instr_addr_valid";
    .port_info 4 /OUTPUT 32 "instr";
    .port_info 5 /OUTPUT 1 "instr_valid";
P_0x61f7fce8a3e0 .param/l "DATA_WIDTH" 0 4 2, +C4<00000000000000000000000000100000>;
P_0x61f7fce8a420 .param/l "MEM_DEPTH" 0 4 3, +C4<00000000000000000000010000000000>;
P_0x61f7fce8a460 .param/str "MEM_FILE" 0 4 4, "../top_cpu/program.hex";
v0x61f7fce39650_0 .net *"_ivl_1", 29 0, L_0x61f7fce8dfd0;  1 drivers
L_0x7dc56046f018 .functor BUFT 1, C4<00>, C4<0>, C4<0>, C4<0>;
v0x61f7fce36600_0 .net *"_ivl_5", 1 0, L_0x7dc56046f018;  1 drivers
v0x61f7fce8a6e0_0 .net "addr", 31 0, L_0x61f7fce6bdf0;  alias, 1 drivers
v0x61f7fce8a7a0_0 .net "clk", 0 0, v0x61f7fce8d330_0;  1 drivers
v0x61f7fce8a860_0 .var/i "i", 31 0;
v0x61f7fce8a990_0 .var "instr", 31 0;
v0x61f7fce8aa70_0 .net "instr_addr_valid", 0 0, L_0x61f7fce8df30;  alias, 1 drivers
v0x61f7fce8ab30_0 .var "instr_valid", 0 0;
v0x61f7fce8abf0 .array "mem", 1023 0, 31 0;
v0x61f7fce8acb0_0 .net "rst", 0 0, v0x61f7fce8dc20_0;  1 drivers
v0x61f7fce8ad70_0 .net "word_addr", 31 0, L_0x61f7fce8e100;  1 drivers
E_0x61f7fce5e530 .event posedge, v0x61f7fce8a7a0_0;
L_0x61f7fce8dfd0 .part L_0x61f7fce6bdf0, 2, 30;
L_0x61f7fce8e100 .concat [ 30 2 0 0], L_0x61f7fce8dfd0, L_0x7dc56046f018;
S_0x61f7fce8af10 .scope module, "dut_stage_if" "stage_if" 3 30, 5 1 0, S_0x61f7fce59ad0;
 .timescale -9 -12;
    .port_info 0 /INPUT 1 "clk";
    .port_info 1 /INPUT 1 "rst";
    .port_info 2 /INPUT 1 "stall";
    .port_info 3 /INPUT 1 "redirect";
    .port_info 4 /INPUT 32 "redirect_pc";
    .port_info 5 /INPUT 32 "instr_in";
    .port_info 6 /INPUT 1 "instr_valid";
    .port_info 7 /OUTPUT 32 "imem_addr";
    .port_info 8 /OUTPUT 1 "instr_addr_valid";
    .port_info 9 /OUTPUT 32 "if_id_pc";
    .port_info 10 /OUTPUT 32 "if_id_instr";
    .port_info 11 /OUTPUT 1 "if_id_valid";
P_0x61f7fce8b0a0 .param/l "DATA_WIDTH" 0 5 2, +C4<00000000000000000000000000100000>;
L_0x61f7fce6bdf0 .functor BUFZ 32, v0x61f7fce8bec0_0, C4<00000000000000000000000000000000>, C4<00000000000000000000000000000000>, C4<00000000000000000000000000000000>;
L_0x61f7fce37ab0 .functor OR 1, v0x61f7fce8dcc0_0, L_0x61f7fce8dd80, C4<0>, C4<0>;
v0x61f7fce8c1e0_0 .net *"_ivl_3", 0 0, L_0x61f7fce8dd80;  1 drivers
v0x61f7fce8c2c0_0 .net "clk", 0 0, v0x61f7fce8d330_0;  alias, 1 drivers
v0x61f7fce8c3d0_0 .var "fetch_pc", 31 0;
v0x61f7fce8c470_0 .net "fetch_stall", 0 0, L_0x61f7fce37ab0;  1 drivers
v0x61f7fce8c510_0 .var "if_id_instr", 31 0;
v0x61f7fce8c620_0 .var "if_id_pc", 31 0;
v0x61f7fce8c700_0 .var "if_id_valid", 0 0;
v0x61f7fce8c7c0_0 .net "imem_addr", 31 0, L_0x61f7fce6bdf0;  alias, 1 drivers
v0x61f7fce8c880_0 .net "instr_addr_valid", 0 0, L_0x61f7fce8df30;  alias, 1 drivers
v0x61f7fce8c950_0 .net "instr_in", 31 0, v0x61f7fce8a990_0;  alias, 1 drivers
v0x61f7fce8ca20_0 .net "instr_valid", 0 0, v0x61f7fce8ab30_0;  alias, 1 drivers
v0x61f7fce8caf0_0 .net "next_pc", 31 0, v0x61f7fce8b590_0;  1 drivers
v0x61f7fce8cb90_0 .net "pc", 31 0, v0x61f7fce8bec0_0;  1 drivers
v0x61f7fce8cc80_0 .var "pending_instr", 31 0;
v0x61f7fce8cd40_0 .var "pending_pc", 31 0;
v0x61f7fce8ce20_0 .var "pending_valid", 0 0;
v0x61f7fce8cee0_0 .net "redirect", 0 0, v0x61f7fce8da90_0;  1 drivers
v0x61f7fce8cf80_0 .net "redirect_pc", 31 0, v0x61f7fce8db30_0;  1 drivers
v0x61f7fce8d020_0 .net "rst", 0 0, v0x61f7fce8dc20_0;  alias, 1 drivers
v0x61f7fce8d110_0 .net "stall", 0 0, v0x61f7fce8dcc0_0;  1 drivers
L_0x61f7fce8dd80 .reduce/nor v0x61f7fce8ab30_0;
L_0x61f7fce8df30 .reduce/nor v0x61f7fce8dcc0_0;
S_0x61f7fce8b270 .scope module, "pc_mux_01" "pc_mux" 5 40, 6 1 0, S_0x61f7fce8af10;
 .timescale -9 -12;
    .port_info 0 /INPUT 32 "pc";
    .port_info 1 /INPUT 1 "redirect";
    .port_info 2 /INPUT 32 "redirect_pc";
    .port_info 3 /OUTPUT 32 "next_pc";
P_0x61f7fce8b450 .param/l "DATA_WIDTH" 0 6 2, +C4<00000000000000000000000000100000>;
v0x61f7fce8b590_0 .var "next_pc", 31 0;
v0x61f7fce8b690_0 .net "pc", 31 0, v0x61f7fce8bec0_0;  alias, 1 drivers
v0x61f7fce8b770_0 .net "redirect", 0 0, v0x61f7fce8da90_0;  alias, 1 drivers
v0x61f7fce8b840_0 .net "redirect_pc", 31 0, v0x61f7fce8db30_0;  alias, 1 drivers
E_0x61f7fce5efb0 .event edge, v0x61f7fce8b770_0, v0x61f7fce8b840_0, v0x61f7fce8b690_0;
S_0x61f7fce8b9d0 .scope module, "pc_reg_01" "pc_reg" 5 50, 7 1 0, S_0x61f7fce8af10;
 .timescale -9 -12;
    .port_info 0 /INPUT 1 "clk";
    .port_info 1 /INPUT 1 "rst";
    .port_info 2 /INPUT 1 "stall";
    .port_info 3 /INPUT 32 "next_pc";
    .port_info 4 /OUTPUT 32 "pc";
P_0x61f7fce8bbd0 .param/l "DATA_WIDTH" 0 7 2, +C4<00000000000000000000000000100000>;
v0x61f7fce8bd20_0 .net "clk", 0 0, v0x61f7fce8d330_0;  alias, 1 drivers
v0x61f7fce8bdf0_0 .net "next_pc", 31 0, v0x61f7fce8b590_0;  alias, 1 drivers
v0x61f7fce8bec0_0 .var "pc", 31 0;
v0x61f7fce8bfc0_0 .net "rst", 0 0, v0x61f7fce8dc20_0;  alias, 1 drivers
v0x61f7fce8c090_0 .net "stall", 0 0, L_0x61f7fce37ab0;  alias, 1 drivers
    .scope S_0x61f7fce8b270;
T_1 ;
Ewait_0 .event/or E_0x61f7fce5efb0, E_0x0;
    %wait Ewait_0;
    %load/vec4 v0x61f7fce8b770_0;
    %flag_set/vec4 8;
    %jmp/0xz  T_1.0, 8;
    %load/vec4 v0x61f7fce8b840_0;
    %store/vec4 v0x61f7fce8b590_0, 0, 32;
    %jmp T_1.1;
T_1.0 ;
    %load/vec4 v0x61f7fce8b690_0;
    %addi 4, 0, 32;
    %store/vec4 v0x61f7fce8b590_0, 0, 32;
T_1.1 ;
    %jmp T_1;
    .thread T_1, $push;
    .scope S_0x61f7fce8b9d0;
T_2 ;
    %wait E_0x61f7fce5e530;
    %load/vec4 v0x61f7fce8bfc0_0;
    %flag_set/vec4 8;
    %jmp/0xz  T_2.0, 8;
    %pushi/vec4 0, 0, 32;
    %assign/vec4 v0x61f7fce8bec0_0, 0;
    %jmp T_2.1;
T_2.0 ;
    %load/vec4 v0x61f7fce8c090_0;
    %nor/r;
    %flag_set/vec4 8;
    %jmp/0xz  T_2.2, 8;
    %load/vec4 v0x61f7fce8bdf0_0;
    %assign/vec4 v0x61f7fce8bec0_0, 0;
T_2.2 ;
T_2.1 ;
    %jmp T_2;
    .thread T_2;
    .scope S_0x61f7fce8af10;
T_3 ;
    %wait E_0x61f7fce5e530;
    %load/vec4 v0x61f7fce8d020_0;
    %flag_set/vec4 8;
    %jmp/0xz  T_3.0, 8;
    %pushi/vec4 0, 0, 32;
    %assign/vec4 v0x61f7fce8c3d0_0, 0;
    %jmp T_3.1;
T_3.0 ;
    %load/vec4 v0x61f7fce8d110_0;
    %nor/r;
    %load/vec4 v0x61f7fce8c880_0;
    %and;
    %flag_set/vec4 8;
    %jmp/0xz  T_3.2, 8;
    %load/vec4 v0x61f7fce8cb90_0;
    %assign/vec4 v0x61f7fce8c3d0_0, 0;
T_3.2 ;
T_3.1 ;
    %jmp T_3;
    .thread T_3;
    .scope S_0x61f7fce8af10;
T_4 ;
    %wait E_0x61f7fce5e530;
    %load/vec4 v0x61f7fce8d020_0;
    %flag_set/vec4 8;
    %jmp/0xz  T_4.0, 8;
    %pushi/vec4 0, 0, 1;
    %assign/vec4 v0x61f7fce8ce20_0, 0;
    %pushi/vec4 0, 0, 32;
    %assign/vec4 v0x61f7fce8c620_0, 0;
    %pushi/vec4 0, 0, 32;
    %assign/vec4 v0x61f7fce8c510_0, 0;
    %pushi/vec4 0, 0, 1;
    %assign/vec4 v0x61f7fce8c700_0, 0;
    %jmp T_4.1;
T_4.0 ;
    %load/vec4 v0x61f7fce8ca20_0;
    %load/vec4 v0x61f7fce8d110_0;
    %and;
    %flag_set/vec4 8;
    %jmp/0xz  T_4.2, 8;
    %pushi/vec4 1, 0, 1;
    %assign/vec4 v0x61f7fce8ce20_0, 0;
    %load/vec4 v0x61f7fce8c950_0;
    %assign/vec4 v0x61f7fce8cc80_0, 0;
    %load/vec4 v0x61f7fce8c3d0_0;
    %assign/vec4 v0x61f7fce8cd40_0, 0;
T_4.2 ;
    %load/vec4 v0x61f7fce8d110_0;
    %nor/r;
    %flag_set/vec4 8;
    %jmp/0xz  T_4.4, 8;
    %load/vec4 v0x61f7fce8ce20_0;
    %flag_set/vec4 8;
    %jmp/0xz  T_4.6, 8;
    %load/vec4 v0x61f7fce8cd40_0;
    %assign/vec4 v0x61f7fce8c620_0, 0;
    %load/vec4 v0x61f7fce8cc80_0;
    %assign/vec4 v0x61f7fce8c510_0, 0;
    %pushi/vec4 1, 0, 1;
    %assign/vec4 v0x61f7fce8c700_0, 0;
    %pushi/vec4 0, 0, 1;
    %assign/vec4 v0x61f7fce8ce20_0, 0;
    %jmp T_4.7;
T_4.6 ;
    %load/vec4 v0x61f7fce8ca20_0;
    %flag_set/vec4 8;
    %jmp/0xz  T_4.8, 8;
    %load/vec4 v0x61f7fce8c3d0_0;
    %assign/vec4 v0x61f7fce8c620_0, 0;
    %load/vec4 v0x61f7fce8c950_0;
    %assign/vec4 v0x61f7fce8c510_0, 0;
    %pushi/vec4 1, 0, 1;
    %assign/vec4 v0x61f7fce8c700_0, 0;
    %jmp T_4.9;
T_4.8 ;
    %pushi/vec4 0, 0, 1;
    %assign/vec4 v0x61f7fce8c700_0, 0;
T_4.9 ;
T_4.7 ;
    %jmp T_4.5;
T_4.4 ;
    %pushi/vec4 0, 0, 1;
    %assign/vec4 v0x61f7fce8c700_0, 0;
T_4.5 ;
T_4.1 ;
    %jmp T_4;
    .thread T_4;
    .scope S_0x61f7fce8a1e0;
T_5 ;
    %pushi/vec4 0, 0, 32;
    %store/vec4 v0x61f7fce8a860_0, 0, 32;
T_5.0 ;
    %load/vec4 v0x61f7fce8a860_0;
    %cmpi/s 1024, 0, 32;
    %jmp/0xz T_5.1, 5;
    %pushi/vec4 19, 0, 32;
    %ix/getv/s 4, v0x61f7fce8a860_0;
    %store/vec4a v0x61f7fce8abf0, 4, 0;
    %load/vec4 v0x61f7fce8a860_0;
    %addi 1, 0, 32;
    %store/vec4 v0x61f7fce8a860_0, 0, 32;
    %jmp T_5.0;
T_5.1 ;
    %vpi_call/w 4 28 "$readmemh", P_0x61f7fce8a460, v0x61f7fce8abf0 {0 0 0};
    %end;
    .thread T_5;
    .scope S_0x61f7fce8a1e0;
T_6 ;
    %wait E_0x61f7fce5e530;
    %load/vec4 v0x61f7fce8acb0_0;
    %flag_set/vec4 8;
    %jmp/0xz  T_6.0, 8;
    %pushi/vec4 0, 0, 32;
    %assign/vec4 v0x61f7fce8a990_0, 0;
    %pushi/vec4 0, 0, 1;
    %assign/vec4 v0x61f7fce8ab30_0, 0;
    %jmp T_6.1;
T_6.0 ;
    %load/vec4 v0x61f7fce8aa70_0;
    %flag_set/vec4 8;
    %jmp/0xz  T_6.2, 8;
    %load/vec4 v0x61f7fce8ad70_0;
    %cmpi/u 1024, 0, 32;
    %jmp/0xz  T_6.4, 5;
    %ix/getv 4, v0x61f7fce8ad70_0;
    %load/vec4a v0x61f7fce8abf0, 4;
    %assign/vec4 v0x61f7fce8a990_0, 0;
    %pushi/vec4 1, 0, 1;
    %assign/vec4 v0x61f7fce8ab30_0, 0;
    %jmp T_6.5;
T_6.4 ;
    %pushi/vec4 19, 0, 32;
    %assign/vec4 v0x61f7fce8a990_0, 0;
    %pushi/vec4 0, 0, 1;
    %assign/vec4 v0x61f7fce8ab30_0, 0;
T_6.5 ;
    %jmp T_6.3;
T_6.2 ;
    %pushi/vec4 19, 0, 32;
    %assign/vec4 v0x61f7fce8a990_0, 0;
    %pushi/vec4 0, 0, 1;
    %assign/vec4 v0x61f7fce8ab30_0, 0;
T_6.3 ;
T_6.1 ;
    %jmp T_6;
    .thread T_6;
    .scope S_0x61f7fce59ad0;
T_7 ;
    %pushi/vec4 0, 0, 1;
    %store/vec4 v0x61f7fce8d330_0, 0, 1;
T_7.0 ;
    %delay 5000, 0;
    %load/vec4 v0x61f7fce8d330_0;
    %inv;
    %store/vec4 v0x61f7fce8d330_0, 0, 1;
    %jmp T_7.0;
    %end;
    .thread T_7;
    .scope S_0x61f7fce59ad0;
T_8 ;
    %vpi_call/w 3 74 "$dumpfile", "tb_imem_stage_if.vcd" {0 0 0};
    %vpi_call/w 3 75 "$dumpvars", 32'sb00000000000000000000000000000000, S_0x61f7fce59ad0 {0 0 0};
    %end;
    .thread T_8;
    .scope S_0x61f7fce59ad0;
T_9 ;
    %wait E_0x61f7fce5e530;
    %delay 1000, 0;
    %vpi_call/w 3 81 "$display", "--------------------------------" {0 0 0};
    %vpi_call/w 3 82 "$display", "TIME              = %0t", $time {0 0 0};
    %vpi_call/w 3 83 "$display", "STALL             = %b", v0x61f7fce8dcc0_0 {0 0 0};
    %vpi_call/w 3 84 "$display", "PC REQUEST        = %h", v0x61f7fce8d680_0 {0 0 0};
    %vpi_call/w 3 85 "$display", "ADDR VALID        = %b", v0x61f7fce8d7c0_0 {0 0 0};
    %vpi_call/w 3 86 "$display", "IMEM INSTR        = %h", v0x61f7fce8d8b0_0 {0 0 0};
    %vpi_call/w 3 87 "$display", "IMEM VALID        = %b", v0x61f7fce8d9a0_0 {0 0 0};
    %vpi_call/w 3 88 "$display", "IF_ID_PC          = %h", v0x61f7fce8d4b0_0 {0 0 0};
    %vpi_call/w 3 89 "$display", "IF_ID_INSTR       = %h", v0x61f7fce8d3f0_0 {0 0 0};
    %vpi_call/w 3 90 "$display", "IF_ID_VALID       = %b", v0x61f7fce8d5b0_0 {0 0 0};
    %jmp T_9;
    .thread T_9;
    .scope S_0x61f7fce59ad0;
T_10 ;
    %pushi/vec4 1, 0, 1;
    %store/vec4 v0x61f7fce8dc20_0, 0, 1;
    %pushi/vec4 0, 0, 1;
    %store/vec4 v0x61f7fce8dcc0_0, 0, 1;
    %pushi/vec4 0, 0, 1;
    %store/vec4 v0x61f7fce8da90_0, 0, 1;
    %pushi/vec4 0, 0, 32;
    %store/vec4 v0x61f7fce8db30_0, 0, 32;
    %pushi/vec4 2, 0, 32;
T_10.0 %dup/vec4;
    %pushi/vec4 0, 0, 32;
    %cmp/s;
    %jmp/1xz T_10.1, 5;
    %jmp/1 T_10.1, 4;
    %pushi/vec4 1, 0, 32;
    %sub;
    %wait E_0x61f7fce5e530;
    %jmp T_10.0;
T_10.1 ;
    %pop/vec4 1;
    %pushi/vec4 0, 0, 1;
    %store/vec4 v0x61f7fce8dc20_0, 0, 1;
    %wait E_0x61f7fce5e530;
    %wait E_0x61f7fce5e530;
    %wait E_0x61f7fce5e530;
    %alloc S_0x61f7fce59cb0;
    %pushi/vec4 0, 0, 32;
    %store/vec4 v0x61f7fce6bf50_0, 0, 32;
    %pushi/vec4 286331153, 0, 32;
    %store/vec4 v0x61f7fce6bc50_0, 0, 32;
    %pushi/vec4 1, 0, 1;
    %store/vec4 v0x61f7fce6c130_0, 0, 1;
    %pushi/str "FETCH PC=0";
    %store/str v0x61f7fce6cd00_0;
    %fork TD_tb_imem_stage_if.check_if, S_0x61f7fce59cb0;
    %join;
    %free S_0x61f7fce59cb0;
    %wait E_0x61f7fce5e530;
    %alloc S_0x61f7fce59cb0;
    %pushi/vec4 4, 0, 32;
    %store/vec4 v0x61f7fce6bf50_0, 0, 32;
    %pushi/vec4 572662306, 0, 32;
    %store/vec4 v0x61f7fce6bc50_0, 0, 32;
    %pushi/vec4 1, 0, 1;
    %store/vec4 v0x61f7fce6c130_0, 0, 1;
    %pushi/str "FETCH PC=4";
    %store/str v0x61f7fce6cd00_0;
    %fork TD_tb_imem_stage_if.check_if, S_0x61f7fce59cb0;
    %join;
    %free S_0x61f7fce59cb0;
    %wait E_0x61f7fce5e530;
    %alloc S_0x61f7fce59cb0;
    %pushi/vec4 8, 0, 32;
    %store/vec4 v0x61f7fce6bf50_0, 0, 32;
    %pushi/vec4 858993459, 0, 32;
    %store/vec4 v0x61f7fce6bc50_0, 0, 32;
    %pushi/vec4 1, 0, 1;
    %store/vec4 v0x61f7fce6c130_0, 0, 1;
    %pushi/str "FETCH PC=8";
    %store/str v0x61f7fce6cd00_0;
    %fork TD_tb_imem_stage_if.check_if, S_0x61f7fce59cb0;
    %join;
    %free S_0x61f7fce59cb0;
    %pushi/vec4 1, 0, 1;
    %store/vec4 v0x61f7fce8dcc0_0, 0, 1;
    %wait E_0x61f7fce5e530;
    %alloc S_0x61f7fce59cb0;
    %pushi/vec4 8, 0, 32;
    %store/vec4 v0x61f7fce6bf50_0, 0, 32;
    %pushi/vec4 858993459, 0, 32;
    %store/vec4 v0x61f7fce6bc50_0, 0, 32;
    %pushi/vec4 0, 0, 1;
    %store/vec4 v0x61f7fce6c130_0, 0, 1;
    %pushi/str "STALL HOLD";
    %store/str v0x61f7fce6cd00_0;
    %fork TD_tb_imem_stage_if.check_if, S_0x61f7fce59cb0;
    %join;
    %free S_0x61f7fce59cb0;
    %pushi/vec4 0, 0, 1;
    %store/vec4 v0x61f7fce8dcc0_0, 0, 1;
    %wait E_0x61f7fce5e530;
    %alloc S_0x61f7fce59cb0;
    %pushi/vec4 12, 0, 32;
    %store/vec4 v0x61f7fce6bf50_0, 0, 32;
    %pushi/vec4 1145324612, 0, 32;
    %store/vec4 v0x61f7fce6bc50_0, 0, 32;
    %pushi/vec4 1, 0, 1;
    %store/vec4 v0x61f7fce6c130_0, 0, 1;
    %pushi/str "REFETCH AFTER STALL (0x0C)";
    %store/str v0x61f7fce6cd00_0;
    %fork TD_tb_imem_stage_if.check_if, S_0x61f7fce59cb0;
    %join;
    %free S_0x61f7fce59cb0;
    %wait E_0x61f7fce5e530;
    %alloc S_0x61f7fce59cb0;
    %pushi/vec4 16, 0, 32;
    %store/vec4 v0x61f7fce6bf50_0, 0, 32;
    %pushi/vec4 3735928559, 0, 32;
    %store/vec4 v0x61f7fce6bc50_0, 0, 32;
    %pushi/vec4 1, 0, 1;
    %store/vec4 v0x61f7fce6c130_0, 0, 1;
    %pushi/str "FETCH AFTER STALL (0x10)";
    %store/str v0x61f7fce6cd00_0;
    %fork TD_tb_imem_stage_if.check_if, S_0x61f7fce59cb0;
    %join;
    %free S_0x61f7fce59cb0;
    %pushi/vec4 1, 0, 1;
    %store/vec4 v0x61f7fce8da90_0, 0, 1;
    %pushi/vec4 64, 0, 32;
    %store/vec4 v0x61f7fce8db30_0, 0, 32;
    %wait E_0x61f7fce5e530;
    %pushi/vec4 0, 0, 1;
    %store/vec4 v0x61f7fce8da90_0, 0, 1;
    %wait E_0x61f7fce5e530;
    %wait E_0x61f7fce5e530;
    %alloc S_0x61f7fce59cb0;
    %pushi/vec4 64, 0, 32;
    %store/vec4 v0x61f7fce6bf50_0, 0, 32;
    %pushi/vec4 2863311530, 0, 32;
    %store/vec4 v0x61f7fce6bc50_0, 0, 32;
    %pushi/vec4 1, 0, 1;
    %store/vec4 v0x61f7fce6c130_0, 0, 1;
    %pushi/str "REDIRECT TARGET";
    %store/str v0x61f7fce6cd00_0;
    %fork TD_tb_imem_stage_if.check_if, S_0x61f7fce59cb0;
    %join;
    %free S_0x61f7fce59cb0;
    %wait E_0x61f7fce5e530;
    %alloc S_0x61f7fce59cb0;
    %pushi/vec4 68, 0, 32;
    %store/vec4 v0x61f7fce6bf50_0, 0, 32;
    %pushi/vec4 10485907, 0, 32;
    %store/vec4 v0x61f7fce6bc50_0, 0, 32;
    %pushi/vec4 1, 0, 1;
    %store/vec4 v0x61f7fce6c130_0, 0, 1;
    %pushi/str "POST REDIRECT";
    %store/str v0x61f7fce6cd00_0;
    %fork TD_tb_imem_stage_if.check_if, S_0x61f7fce59cb0;
    %join;
    %free S_0x61f7fce59cb0;
    %vpi_call/w 3 162 "$display", "\012TESTS PASSED\012" {0 0 0};
    %vpi_call/w 3 163 "$finish" {0 0 0};
    %end;
    .thread T_10;
# The file index is used to find the file name in the following table.
:file_names 8;
    "N/A";
    "<interactive>";
    "-";
    "tb_imem_stage_if.sv";
    "../../sources/imem.sv";
    "../../sources/stage_if.sv";
    "../../sources/pc_mux.sv";
    "../../sources/pc_reg.sv";
