#! /usr/bin/vvp
:ivl_version "11.0 (stable)";
:ivl_delay_selection "TYPICAL";
:vpi_time_precision - 12;
:vpi_module "/usr/lib/x86_64-linux-gnu/ivl/system.vpi";
:vpi_module "/usr/lib/x86_64-linux-gnu/ivl/vhdl_sys.vpi";
:vpi_module "/usr/lib/x86_64-linux-gnu/ivl/vhdl_textio.vpi";
:vpi_module "/usr/lib/x86_64-linux-gnu/ivl/v2005_math.vpi";
:vpi_module "/usr/lib/x86_64-linux-gnu/ivl/va_math.vpi";
:vpi_module "/usr/lib/x86_64-linux-gnu/ivl/v2009.vpi";
S_0x5c035d02c890 .scope package, "$unit" "$unit" 2 1;
 .timescale 0 0;
S_0x5c035d06aa30 .scope module, "tb_top_cpu" "tb_top_cpu" 3 3;
 .timescale -9 -12;
P_0x5c035d070a80 .param/l "ADDR_WIDTH" 0 3 6, +C4<00000000000000000000000000100000>;
P_0x5c035d070ac0 .param/l "DATA_WIDTH" 0 3 5, +C4<00000000000000000000000000100000>;
P_0x5c035d070b00 .param/l "MEM_DEPTH" 0 3 7, +C4<00000000000000000000000100000000>;
P_0x5c035d070b40 .param/str "MEM_FILE" 0 3 8, "program.hex";
v0x5c035d09cd20_0 .var "clk", 0 0;
v0x5c035d09cdc0_0 .var "rst", 0 0;
S_0x5c035d04bfb0 .scope autotask, "check_register" "check_register" 3 52, 3 52 0, S_0x5c035d06aa30;
 .timescale -9 -12;
v0x5c035d038ba0_0 .var "actual", 31 0;
v0x5c035d03a620_0 .var "expected", 31 0;
v0x5c035d037390_0 .var/2s "reg_num", 31 0;
TD_tb_top_cpu.check_register ;
    %ix/getv/s 4, v0x5c035d037390_0;
    %load/vec4a v0x5c035d090390, 4;
    %store/vec4 v0x5c035d038ba0_0, 0, 32;
    %load/vec4 v0x5c035d038ba0_0;
    %load/vec4 v0x5c035d03a620_0;
    %cmp/ne;
    %jmp/0xz  T_0.0, 6;
    %vpi_call/w 3 61 "$display", "[FAIL] x%d: Expected = %0d, Actual = %0d", v0x5c035d037390_0, v0x5c035d03a620_0, v0x5c035d038ba0_0 {0 0 0};
    %vpi_call/w 3 62 "$finish" {0 0 0};
    %jmp T_0.1;
T_0.0 ;
    %vpi_call/w 3 64 "$display", "[PASS] x%d = %0d", v0x5c035d037390_0, v0x5c035d038ba0_0 {0 0 0};
T_0.1 ;
    %end;
S_0x5c035d07f620 .scope module, "dut" "top_cpu" 3 19, 4 1 0, S_0x5c035d06aa30;
 .timescale -9 -12;
    .port_info 0 /INPUT 1 "clk";
    .port_info 1 /INPUT 1 "rst";
P_0x5c035d07f7d0 .param/l "ADDR_WIDTH" 0 4 3, +C4<00000000000000000000000000100000>;
P_0x5c035d07f810 .param/l "DATA_WIDTH" 0 4 2, +C4<00000000000000000000000000100000>;
P_0x5c035d07f850 .param/l "DMEM_DEPTH" 0 4 6, +C4<00000000000000000000000100000000>;
P_0x5c035d07f890 .param/l "IMEM_DEPTH" 0 4 5, +C4<00000000000000000000000100000000>;
P_0x5c035d07f8d0 .param/str "MEM_FILE" 0 4 8, "program.hex";
L_0x5c035d037270 .functor OR 1, v0x5c035d089340_0, v0x5c035d088ea0_0, C4<0>, C4<0>;
L_0x5c035d02ef10 .functor AND 1, v0x5c035d089400_0, L_0x5c035d037270, C4<1>, C4<1>;
L_0x5c035cfddd40 .functor BUFZ 1, v0x5c035d097740_0, C4<0>, C4<0>, C4<0>;
v0x5c035d098c50_0 .net *"_ivl_1", 0 0, L_0x5c035d037270;  1 drivers
v0x5c035d098d30_0 .net "clk", 0 0, v0x5c035d09cd20_0;  1 drivers
v0x5c035d098f00_0 .net "dmem_addr", 31 0, L_0x5c035d0b1d90;  1 drivers
v0x5c035d098fa0_0 .net "dmem_mem_ready", 0 0, L_0x5c035d09d220;  1 drivers
v0x5c035d099090_0 .net "dmem_mem_valid", 0 0, L_0x5c035d0b1ff0;  1 drivers
v0x5c035d0991d0_0 .net "dmem_mem_width", 5 0, L_0x5c035d0b1d20;  1 drivers
v0x5c035d0992c0_0 .net "dmem_read_data", 31 0, v0x5c035d080ca0_0;  1 drivers
v0x5c035d0993d0_0 .net "dmem_read_valid", 0 0, v0x5c035d080d80_0;  1 drivers
v0x5c035d0994c0_0 .net "dmem_write_data", 31 0, L_0x5c035d0b1e00;  1 drivers
v0x5c035d099580_0 .net "dmem_write_enable", 0 0, L_0x5c035d0b1cb0;  1 drivers
v0x5c035d099670_0 .net "ex_mem_B", 31 0, v0x5c035d088840_0;  1 drivers
v0x5c035d099780_0 .net "ex_mem_alu_op", 3 0, v0x5c035d088900_0;  1 drivers
v0x5c035d099840_0 .net "ex_mem_alu_result", 31 0, v0x5c035d0889e0_0;  1 drivers
v0x5c035d0998e0_0 .net "ex_mem_alu_use_imm", 0 0, v0x5c035d088ac0_0;  1 drivers
v0x5c035d099980_0 .net "ex_mem_branch_target", 31 0, v0x5c035d088b80_0;  1 drivers
v0x5c035d099a20_0 .net "ex_mem_imm_type", 2 0, v0x5c035d088c60_0;  1 drivers
v0x5c035d099ae0_0 .net "ex_mem_is_branch", 0 0, v0x5c035d088d40_0;  1 drivers
v0x5c035d099c90_0 .net "ex_mem_jump", 0 0, v0x5c035d088ea0_0;  1 drivers
v0x5c035d099d30_0 .net "ex_mem_mem_access", 0 0, v0x5c035d088f40_0;  1 drivers
v0x5c035d099e20_0 .net "ex_mem_mem_width", 5 0, v0x5c035d089000_0;  1 drivers
v0x5c035d099f10_0 .net "ex_mem_pc", 31 0, v0x5c035d0890e0_0;  1 drivers
v0x5c035d099fb0_0 .net "ex_mem_rd", 4 0, v0x5c035d0891c0_0;  1 drivers
v0x5c035d09a050_0 .net "ex_mem_rd_data_src", 2 0, v0x5c035d089280_0;  1 drivers
v0x5c035d09a0f0_0 .net "ex_mem_take_branch", 0 0, v0x5c035d089340_0;  1 drivers
v0x5c035d09a190_0 .net "ex_mem_valid", 0 0, v0x5c035d089400_0;  1 drivers
v0x5c035d09a2c0_0 .net "ex_mem_write_mem", 0 0, v0x5c035d0894d0_0;  1 drivers
v0x5c035d09a360_0 .net "ex_mem_write_rd", 0 0, v0x5c035d089570_0;  1 drivers
v0x5c035d09a490_0 .net "flush", 0 0, L_0x5c035d02ef10;  1 drivers
v0x5c035d09a530_0 .net "id_ex_A", 31 0, v0x5c035d090ee0_0;  1 drivers
v0x5c035d09a5d0_0 .net "id_ex_B", 31 0, v0x5c035d090fa0_0;  1 drivers
v0x5c035d09a6e0_0 .net "id_ex_alu_op", 3 0, v0x5c035d091040_0;  1 drivers
v0x5c035d09a7a0_0 .net "id_ex_alu_use_imm", 0 0, v0x5c035d091170_0;  1 drivers
v0x5c035d09a890_0 .net "id_ex_imm", 31 0, v0x5c035d091210_0;  1 drivers
v0x5c035d09abb0_0 .net "id_ex_imm_type", 2 0, v0x5c035d0912b0_0;  1 drivers
v0x5c035d09acc0_0 .net "id_ex_is_branch", 0 0, v0x5c035d091380_0;  1 drivers
v0x5c035d09adb0_0 .net "id_ex_jump", 0 0, v0x5c035d091450_0;  1 drivers
v0x5c035d09aea0_0 .net "id_ex_mem_access", 0 0, v0x5c035d091520_0;  1 drivers
v0x5c035d09af90_0 .net "id_ex_mem_width", 5 0, v0x5c035d0915f0_0;  1 drivers
v0x5c035d09b0a0_0 .net "id_ex_pc", 31 0, v0x5c035d0916c0_0;  1 drivers
v0x5c035d09b1b0_0 .net "id_ex_rd", 4 0, v0x5c035d0918a0_0;  1 drivers
v0x5c035d09b2c0_0 .net "id_ex_rd_data_src", 2 0, v0x5c035d091970_0;  1 drivers
v0x5c035d09b3d0_0 .net "id_ex_rs1", 4 0, v0x5c035d091a40_0;  1 drivers
v0x5c035d09b490_0 .net "id_ex_rs2", 4 0, v0x5c035d091b30_0;  1 drivers
v0x5c035d09b550_0 .net "id_ex_valid", 0 0, v0x5c035d091c20_0;  1 drivers
v0x5c035d09b640_0 .net "id_ex_write_mem", 0 0, v0x5c035d091cc0_0;  1 drivers
v0x5c035d09b730_0 .net "id_ex_write_rd", 0 0, v0x5c035d091d60_0;  1 drivers
v0x5c035d09b820_0 .net "if_id_instr", 31 0, v0x5c035d094c00_0;  1 drivers
v0x5c035d09b970_0 .net "if_id_pc", 31 0, v0x5c035d094cf0_0;  1 drivers
v0x5c035d09ba30_0 .net "if_id_valid", 0 0, v0x5c035d094db0_0;  1 drivers
v0x5c035d09bb20_0 .net "imem_addr", 31 0, L_0x5c035d09d2e0;  1 drivers
v0x5c035d09bc30_0 .net "imem_instr", 31 0, v0x5c035d081ad0_0;  1 drivers
v0x5c035d09bd40_0 .net "imem_instr_addr_valid", 0 0, L_0x5c035d09d580;  1 drivers
v0x5c035d09be30_0 .net "imem_instr_valid", 0 0, v0x5c035d081c70_0;  1 drivers
v0x5c035d09bf20_0 .net "mem_wb_alu_result", 31 0, v0x5c035d097190_0;  1 drivers
v0x5c035d09bfe0_0 .net "mem_wb_mem_data", 31 0, v0x5c035d097260_0;  1 drivers
v0x5c035d09c0a0_0 .net "mem_wb_rd", 4 0, v0x5c035d097330_0;  1 drivers
v0x5c035d09c1f0_0 .net "mem_wb_rd_data_src", 2 0, v0x5c035d097420_0;  1 drivers
v0x5c035d09c2b0_0 .net "mem_wb_valid", 0 0, v0x5c035d0974c0_0;  1 drivers
v0x5c035d09c3e0_0 .net "mem_wb_write_rd", 0 0, v0x5c035d0975b0_0;  1 drivers
v0x5c035d09c510_0 .net "regfile_rd_addr", 4 0, L_0x5c035d0b2110;  1 drivers
v0x5c035d09c5d0_0 .net "regfile_rd_data", 31 0, L_0x5c035d0b2210;  1 drivers
v0x5c035d09c690_0 .net "regfile_write_enable", 0 0, L_0x5c035d0b20a0;  1 drivers
v0x5c035d09c730_0 .net "rst", 0 0, v0x5c035d09cdc0_0;  1 drivers
v0x5c035d09c7d0_0 .net "stall", 0 0, L_0x5c035cfddd40;  1 drivers
v0x5c035d09c870_0 .net "stall_mem", 0 0, v0x5c035d097740_0;  1 drivers
S_0x5c035d07fb60 .scope module, "dmem_01" "dmem" 4 153, 5 1 0, S_0x5c035d07f620;
 .timescale -9 -12;
    .port_info 0 /INPUT 1 "clk";
    .port_info 1 /INPUT 1 "rst";
    .port_info 2 /INPUT 1 "mem_valid";
    .port_info 3 /OUTPUT 1 "mem_ready";
    .port_info 4 /INPUT 1 "write_enable";
    .port_info 5 /INPUT 6 "mem_width";
    .port_info 6 /INPUT 32 "addr";
    .port_info 7 /INPUT 32 "write_data";
    .port_info 8 /OUTPUT 32 "read_data";
    .port_info 9 /OUTPUT 1 "read_valid";
P_0x5c035d07fd60 .param/l "ADDR_WIDTH" 0 5 3, +C4<00000000000000000000000000100000>;
P_0x5c035d07fda0 .param/l "DATA_WIDTH" 0 5 2, +C4<00000000000000000000000000100000>;
P_0x5c035d07fde0 .param/l "MEM_BYTE" 1 5 24, C4<001000>;
P_0x5c035d07fe20 .param/l "MEM_DEPTH" 0 5 4, +C4<00000000000000000000000100000000>;
P_0x5c035d07fe60 .param/l "MEM_HALF" 1 5 25, C4<010000>;
P_0x5c035d07fea0 .param/l "MEM_WORD" 1 5 26, C4<100000>;
L_0x5c035cf6e740 .functor AND 1, L_0x5c035d09d130, v0x5c035d02f070_0, C4<1>, C4<1>;
L_0x5c035d09d220 .functor AND 1, L_0x5c035cf6e740, v0x5c035d0805f0_0, C4<1>, C4<1>;
v0x5c035d0502b0_0 .net *"_ivl_3", 0 0, L_0x5c035d09d130;  1 drivers
v0x5c035d04d500_0 .net *"_ivl_5", 0 0, L_0x5c035cf6e740;  1 drivers
v0x5c035d069a90_0 .net "addr", 31 0, L_0x5c035d0b1d90;  alias, 1 drivers
v0x5c035d02f070_0 .var "addr_aligned", 0 0;
v0x5c035d0805f0_0 .var "addr_valid", 0 0;
v0x5c035d080700_0 .net "byte_addr", 7 0, L_0x5c035d09d090;  1 drivers
v0x5c035d0807e0_0 .net "clk", 0 0, v0x5c035d09cd20_0;  alias, 1 drivers
v0x5c035d0808a0_0 .var/i "i", 31 0;
v0x5c035d080980 .array "mem", 255 0, 7 0;
v0x5c035d080a40_0 .net "mem_ready", 0 0, L_0x5c035d09d220;  alias, 1 drivers
v0x5c035d080b00_0 .net "mem_valid", 0 0, L_0x5c035d0b1ff0;  alias, 1 drivers
v0x5c035d080bc0_0 .net "mem_width", 5 0, L_0x5c035d0b1d20;  alias, 1 drivers
v0x5c035d080ca0_0 .var "read_data", 31 0;
v0x5c035d080d80_0 .var "read_valid", 0 0;
v0x5c035d080e40_0 .net "rst", 0 0, v0x5c035d09cdc0_0;  alias, 1 drivers
v0x5c035d080f00_0 .net "write_data", 31 0, L_0x5c035d0b1e00;  alias, 1 drivers
v0x5c035d080fe0_0 .net "write_enable", 0 0, L_0x5c035d0b1cb0;  alias, 1 drivers
E_0x5c035cf67640 .event posedge, v0x5c035d0807e0_0;
E_0x5c035cf672f0 .event edge, v0x5c035d080bc0_0, v0x5c035d080700_0;
L_0x5c035d09d090 .part L_0x5c035d0b1d90, 0, 8;
L_0x5c035d09d130 .reduce/nor v0x5c035d09cdc0_0;
S_0x5c035d080320 .scope begin, "mem_ff" "mem_ff" 5 74, 5 74 0, S_0x5c035d07fb60;
 .timescale -9 -12;
S_0x5c035d0811e0 .scope module, "imem_01" "imem" 4 137, 6 1 0, S_0x5c035d07f620;
 .timescale -9 -12;
    .port_info 0 /INPUT 1 "clk";
    .port_info 1 /INPUT 1 "rst";
    .port_info 2 /INPUT 32 "addr";
    .port_info 3 /INPUT 1 "instr_addr_valid";
    .port_info 4 /OUTPUT 32 "instr";
    .port_info 5 /OUTPUT 1 "instr_valid";
P_0x5c035d081390 .param/l "DATA_WIDTH" 0 6 2, +C4<00000000000000000000000000100000>;
P_0x5c035d0813d0 .param/l "MEM_DEPTH" 0 6 3, +C4<00000000000000000000000100000000>;
P_0x5c035d081410 .param/str "MEM_FILE" 0 6 4, "program.hex";
v0x5c035d081620_0 .net *"_ivl_1", 29 0, L_0x5c035d09ceb0;  1 drivers
L_0x713733a6f018 .functor BUFT 1, C4<00>, C4<0>, C4<0>, C4<0>;
v0x5c035d081720_0 .net *"_ivl_5", 1 0, L_0x713733a6f018;  1 drivers
v0x5c035d081800_0 .net "addr", 31 0, L_0x5c035d09d2e0;  alias, 1 drivers
v0x5c035d0818f0_0 .net "clk", 0 0, v0x5c035d09cd20_0;  alias, 1 drivers
v0x5c035d0819c0_0 .var/i "i", 31 0;
v0x5c035d081ad0_0 .var "instr", 31 0;
v0x5c035d081bb0_0 .net "instr_addr_valid", 0 0, L_0x5c035d09d580;  alias, 1 drivers
v0x5c035d081c70_0 .var "instr_valid", 0 0;
v0x5c035d081d30 .array "mem", 255 0, 31 0;
v0x5c035d081df0_0 .net "rst", 0 0, v0x5c035d09cdc0_0;  alias, 1 drivers
v0x5c035d081e90_0 .net "word_addr", 31 0, L_0x5c035d09cf50;  1 drivers
L_0x5c035d09ceb0 .part L_0x5c035d09d2e0, 2, 30;
L_0x5c035d09cf50 .concat [ 30 2 0 0], L_0x5c035d09ceb0, L_0x713733a6f018;
S_0x5c035d082010 .scope module, "stage_ex_01" "stage_ex" 4 243, 7 1 0, S_0x5c035d07f620;
 .timescale -9 -12;
    .port_info 0 /INPUT 1 "clk";
    .port_info 1 /INPUT 1 "rst";
    .port_info 2 /INPUT 32 "id_ex_pc";
    .port_info 3 /INPUT 32 "id_ex_A";
    .port_info 4 /INPUT 32 "id_ex_B";
    .port_info 5 /INPUT 32 "id_ex_imm";
    .port_info 6 /INPUT 5 "id_ex_rs1";
    .port_info 7 /INPUT 5 "id_ex_rs2";
    .port_info 8 /INPUT 5 "id_ex_rd";
    .port_info 9 /INPUT 4 "id_ex_alu_op";
    .port_info 10 /INPUT 1 "id_ex_alu_use_imm";
    .port_info 11 /INPUT 1 "id_ex_write_rd";
    .port_info 12 /INPUT 1 "id_ex_write_mem";
    .port_info 13 /INPUT 1 "id_ex_mem_access";
    .port_info 14 /INPUT 6 "id_ex_mem_width";
    .port_info 15 /INPUT 1 "id_ex_jump";
    .port_info 16 /INPUT 1 "id_ex_is_branch";
    .port_info 17 /INPUT 3 "id_ex_rd_data_src";
    .port_info 18 /INPUT 3 "id_ex_imm_type";
    .port_info 19 /INPUT 1 "id_ex_valid";
    .port_info 20 /INPUT 1 "fwd_ex_mem_valid";
    .port_info 21 /INPUT 1 "fwd_ex_mem_write_rd";
    .port_info 22 /INPUT 5 "fwd_ex_mem_rd";
    .port_info 23 /INPUT 32 "fwd_ex_mem_alu_result";
    .port_info 24 /INPUT 1 "mem_wb_valid";
    .port_info 25 /INPUT 1 "mem_wb_write_rd";
    .port_info 26 /INPUT 5 "mem_wb_rd";
    .port_info 27 /INPUT 32 "mem_wb_alu_result";
    .port_info 28 /INPUT 32 "mem_wb_mem_data";
    .port_info 29 /INPUT 3 "mem_wb_rd_data_src";
    .port_info 30 /OUTPUT 32 "ex_mem_pc";
    .port_info 31 /OUTPUT 32 "ex_mem_alu_result";
    .port_info 32 /OUTPUT 32 "ex_mem_B";
    .port_info 33 /OUTPUT 5 "ex_mem_rd";
    .port_info 34 /OUTPUT 4 "ex_mem_alu_op";
    .port_info 35 /OUTPUT 1 "ex_mem_alu_use_imm";
    .port_info 36 /OUTPUT 1 "ex_mem_write_rd";
    .port_info 37 /OUTPUT 1 "ex_mem_write_mem";
    .port_info 38 /OUTPUT 1 "ex_mem_mem_access";
    .port_info 39 /OUTPUT 6 "ex_mem_mem_width";
    .port_info 40 /OUTPUT 1 "ex_mem_jump";
    .port_info 41 /OUTPUT 1 "ex_mem_is_branch";
    .port_info 42 /OUTPUT 3 "ex_mem_rd_data_src";
    .port_info 43 /OUTPUT 3 "ex_mem_imm_type";
    .port_info 44 /OUTPUT 1 "ex_mem_take_branch";
    .port_info 45 /OUTPUT 32 "ex_mem_branch_target";
    .port_info 46 /OUTPUT 1 "ex_mem_valid";
P_0x5c035d0821d0 .param/l "ADDR_WIDTH" 0 7 3, +C4<00000000000000000000000000000101>;
P_0x5c035d082210 .param/l "DATA_WIDTH" 0 7 2, +C4<00000000000000000000000000100000>;
L_0x5c035d0b1b00 .functor AND 1, v0x5c035d091520_0, L_0x5c035d0b1a60, C4<1>, C4<1>;
v0x5c035d0883f0_0 .net *"_ivl_1", 0 0, L_0x5c035d0b1a60;  1 drivers
v0x5c035d0884d0_0 .net "alu_result", 31 0, v0x5c035d083350_0;  1 drivers
v0x5c035d088590_0 .net "alu_zero", 0 0, L_0x5c035d0b18d0;  1 drivers
v0x5c035d088660_0 .net "branch_target", 31 0, L_0x5c035d0b1c10;  1 drivers
v0x5c035d088700_0 .net "clk", 0 0, v0x5c035d09cd20_0;  alias, 1 drivers
v0x5c035d088840_0 .var "ex_mem_B", 31 0;
v0x5c035d088900_0 .var "ex_mem_alu_op", 3 0;
v0x5c035d0889e0_0 .var "ex_mem_alu_result", 31 0;
v0x5c035d088ac0_0 .var "ex_mem_alu_use_imm", 0 0;
v0x5c035d088b80_0 .var "ex_mem_branch_target", 31 0;
v0x5c035d088c60_0 .var "ex_mem_imm_type", 2 0;
v0x5c035d088d40_0 .var "ex_mem_is_branch", 0 0;
v0x5c035d088e00_0 .net "ex_mem_is_load", 0 0, L_0x5c035d0b1b00;  1 drivers
v0x5c035d088ea0_0 .var "ex_mem_jump", 0 0;
v0x5c035d088f40_0 .var "ex_mem_mem_access", 0 0;
v0x5c035d089000_0 .var "ex_mem_mem_width", 5 0;
v0x5c035d0890e0_0 .var "ex_mem_pc", 31 0;
v0x5c035d0891c0_0 .var "ex_mem_rd", 4 0;
v0x5c035d089280_0 .var "ex_mem_rd_data_src", 2 0;
v0x5c035d089340_0 .var "ex_mem_take_branch", 0 0;
v0x5c035d089400_0 .var "ex_mem_valid", 0 0;
v0x5c035d0894d0_0 .var "ex_mem_write_mem", 0 0;
v0x5c035d089570_0 .var "ex_mem_write_rd", 0 0;
v0x5c035d089640_0 .net "forward_a", 1 0, v0x5c035d087300_0;  1 drivers
v0x5c035d089710_0 .net "forward_b", 1 0, v0x5c035d0873e0_0;  1 drivers
v0x5c035d0897e0_0 .net "fwd_ex_mem_alu_result", 31 0, v0x5c035d0889e0_0;  alias, 1 drivers
v0x5c035d0898b0_0 .net "fwd_ex_mem_rd", 4 0, v0x5c035d0891c0_0;  alias, 1 drivers
v0x5c035d089950_0 .net "fwd_ex_mem_valid", 0 0, v0x5c035d089400_0;  alias, 1 drivers
v0x5c035d089a40_0 .net "fwd_ex_mem_write_rd", 0 0, v0x5c035d089570_0;  alias, 1 drivers
v0x5c035d089b30_0 .net "id_ex_A", 31 0, v0x5c035d090ee0_0;  alias, 1 drivers
v0x5c035d089c10_0 .net "id_ex_B", 31 0, v0x5c035d090fa0_0;  alias, 1 drivers
v0x5c035d089cf0_0 .net "id_ex_alu_op", 3 0, v0x5c035d091040_0;  alias, 1 drivers
v0x5c035d089db0_0 .net "id_ex_alu_use_imm", 0 0, v0x5c035d091170_0;  alias, 1 drivers
v0x5c035d089e50_0 .net "id_ex_imm", 31 0, v0x5c035d091210_0;  alias, 1 drivers
v0x5c035d089f30_0 .net "id_ex_imm_type", 2 0, v0x5c035d0912b0_0;  alias, 1 drivers
v0x5c035d08a010_0 .net "id_ex_is_branch", 0 0, v0x5c035d091380_0;  alias, 1 drivers
v0x5c035d08a0d0_0 .net "id_ex_jump", 0 0, v0x5c035d091450_0;  alias, 1 drivers
v0x5c035d08a190_0 .net "id_ex_mem_access", 0 0, v0x5c035d091520_0;  alias, 1 drivers
v0x5c035d08a250_0 .net "id_ex_mem_width", 5 0, v0x5c035d0915f0_0;  alias, 1 drivers
v0x5c035d08a330_0 .net "id_ex_pc", 31 0, v0x5c035d0916c0_0;  alias, 1 drivers
v0x5c035d08a410_0 .net "id_ex_rd", 4 0, v0x5c035d0918a0_0;  alias, 1 drivers
v0x5c035d08a4f0_0 .net "id_ex_rd_data_src", 2 0, v0x5c035d091970_0;  alias, 1 drivers
v0x5c035d08a5d0_0 .net "id_ex_rs1", 4 0, v0x5c035d091a40_0;  alias, 1 drivers
v0x5c035d08a690_0 .net "id_ex_rs2", 4 0, v0x5c035d091b30_0;  alias, 1 drivers
v0x5c035d08a730_0 .net "id_ex_valid", 0 0, v0x5c035d091c20_0;  alias, 1 drivers
v0x5c035d08a7d0_0 .net "id_ex_write_mem", 0 0, v0x5c035d091cc0_0;  alias, 1 drivers
v0x5c035d08a890_0 .net "id_ex_write_rd", 0 0, v0x5c035d091d60_0;  alias, 1 drivers
v0x5c035d08a950_0 .net "mem_wb_alu_result", 31 0, v0x5c035d097190_0;  alias, 1 drivers
v0x5c035d08aa30_0 .net "mem_wb_mem_data", 31 0, v0x5c035d097260_0;  alias, 1 drivers
v0x5c035d08ab10_0 .net "mem_wb_rd", 4 0, v0x5c035d097330_0;  alias, 1 drivers
v0x5c035d08ac00_0 .net "mem_wb_rd_data_src", 2 0, v0x5c035d097420_0;  alias, 1 drivers
v0x5c035d08acc0_0 .net "mem_wb_valid", 0 0, v0x5c035d0974c0_0;  alias, 1 drivers
v0x5c035d08ad90_0 .net "mem_wb_write_rd", 0 0, v0x5c035d0975b0_0;  alias, 1 drivers
v0x5c035d08ae60_0 .var "opA", 31 0;
v0x5c035d08af30_0 .net "opB", 31 0, L_0x5c035d0b1b70;  1 drivers
v0x5c035d08b000_0 .var "regB", 31 0;
v0x5c035d08b0a0_0 .net "rst", 0 0, v0x5c035d09cdc0_0;  alias, 1 drivers
v0x5c035d08b190_0 .var "take_branch", 0 0;
v0x5c035d08b250_0 .var "wb_value", 31 0;
E_0x5c035cf4b230 .event edge, v0x5c035d08a010_0, v0x5c035d0830a0_0, v0x5c035d083350_0;
E_0x5c035d073380 .event edge, v0x5c035d0873e0_0, v0x5c035d089c10_0, v0x5c035d0889e0_0, v0x5c035d08b250_0;
E_0x5c035d0828b0 .event edge, v0x5c035d087300_0, v0x5c035d089b30_0, v0x5c035d0889e0_0, v0x5c035d08b250_0;
E_0x5c035d082920 .event edge, v0x5c035d08ac00_0, v0x5c035d08aa30_0, v0x5c035d08a950_0;
L_0x5c035d0b1a60 .reduce/nor v0x5c035d091cc0_0;
L_0x5c035d0b1b70 .functor MUXZ 32, v0x5c035d08b000_0, v0x5c035d091210_0, v0x5c035d091170_0, C4<>;
L_0x5c035d0b1c10 .arith/sum 32, v0x5c035d0916c0_0, v0x5c035d091210_0;
S_0x5c035d0829b0 .scope module, "alu_01" "alu" 7 135, 8 1 0, S_0x5c035d082010;
 .timescale -9 -12;
    .port_info 0 /INPUT 32 "op1";
    .port_info 1 /INPUT 32 "op2";
    .port_info 2 /INPUT 4 "alu_op";
    .port_info 3 /OUTPUT 32 "result";
    .port_info 4 /OUTPUT 1 "zero";
P_0x5c035d082b90 .param/l "DATA_WIDTH" 0 8 2, +C4<00000000000000000000000000100000>;
L_0x713733a6f720 .functor BUFT 1, C4<00000000000000000000000000000000>, C4<0>, C4<0>, C4<0>;
v0x5c035d082fa0_0 .net/2u *"_ivl_2", 31 0, L_0x713733a6f720;  1 drivers
v0x5c035d0830a0_0 .net "alu_op", 3 0, v0x5c035d091040_0;  alias, 1 drivers
v0x5c035d083180_0 .net "op1", 31 0, v0x5c035d08ae60_0;  1 drivers
v0x5c035d083270_0 .net "op2", 31 0, L_0x5c035d0b1b70;  alias, 1 drivers
v0x5c035d083350_0 .var "result", 31 0;
v0x5c035d083480_0 .net "shamt", 4 0, L_0x5c035d0b17e0;  1 drivers
v0x5c035d083560_0 .net "zero", 0 0, L_0x5c035d0b18d0;  alias, 1 drivers
E_0x5c035d082d10 .event edge, v0x5c035d0830a0_0, v0x5c035d083180_0, v0x5c035d083270_0, v0x5c035d083480_0;
L_0x5c035d0b17e0 .part L_0x5c035d0b1b70, 0, 5;
L_0x5c035d0b18d0 .cmp/eq 32, v0x5c035d083350_0, L_0x713733a6f720;
S_0x5c035d082da0 .scope begin, "alu_comb" "alu_comb" 8 17, 8 17 0, S_0x5c035d0829b0;
 .timescale -9 -12;
S_0x5c035d0836c0 .scope begin, "branch_comb" "branch_comb" 7 189, 7 189 0, S_0x5c035d082010;
 .timescale -9 -12;
S_0x5c035d0838c0 .scope begin, "ex_mem_ff" "ex_mem_ff" 7 228, 7 228 0, S_0x5c035d082010;
 .timescale -9 -12;
S_0x5c035d083aa0 .scope module, "forwarding_unit_01" "forwarding_unit" 7 114, 9 1 0, S_0x5c035d082010;
 .timescale -9 -12;
    .port_info 0 /INPUT 5 "id_ex_rs1";
    .port_info 1 /INPUT 5 "id_ex_rs2";
    .port_info 2 /INPUT 1 "ex_mem_valid";
    .port_info 3 /INPUT 1 "ex_mem_write_rd";
    .port_info 4 /INPUT 1 "ex_mem_is_load";
    .port_info 5 /INPUT 5 "ex_mem_rd";
    .port_info 6 /INPUT 1 "mem_wb_valid";
    .port_info 7 /INPUT 1 "mem_wb_write_rd";
    .port_info 8 /INPUT 5 "mem_wb_rd";
    .port_info 9 /OUTPUT 2 "forward_a";
    .port_info 10 /OUTPUT 2 "forward_b";
P_0x5c035d083c80 .param/l "ADDR_WIDTH" 0 9 2, +C4<00000000000000000000000000000101>;
P_0x5c035d083cc0 .param/l "FWD_EX" 1 9 30, C4<01>;
P_0x5c035d083d00 .param/l "FWD_MEM" 1 9 31, C4<10>;
P_0x5c035d083d40 .param/l "FWD_NONE" 1 9 29, C4<00>;
L_0x5c035d0ae890 .functor AND 1, v0x5c035d089400_0, v0x5c035d089570_0, C4<1>, C4<1>;
L_0x5c035d0ae9f0 .functor AND 1, L_0x5c035d0ae890, L_0x5c035d0ae900, C4<1>, C4<1>;
L_0x5c035d0aed30 .functor AND 1, L_0x5c035d0ae9f0, L_0x5c035d0aebf0, C4<1>, C4<1>;
L_0x5c035d0af0b0 .functor AND 1, L_0x5c035d0aed30, L_0x5c035d0aef70, C4<1>, C4<1>;
L_0x5c035d0af2a0 .functor AND 1, L_0x5c035d0af0b0, L_0x5c035d0af1c0, C4<1>, C4<1>;
L_0x5c035d0af3b0 .functor AND 1, v0x5c035d089400_0, v0x5c035d089570_0, C4<1>, C4<1>;
L_0x5c035d0af500 .functor AND 1, L_0x5c035d0af3b0, L_0x5c035d0af460, C4<1>, C4<1>;
L_0x5c035d0af890 .functor AND 1, L_0x5c035d0af500, L_0x5c035d0af750, C4<1>, C4<1>;
L_0x5c035d0afd80 .functor AND 1, L_0x5c035d0af890, L_0x5c035d0afc90, C4<1>, C4<1>;
L_0x5c035d0b00b0 .functor AND 1, L_0x5c035d0afd80, L_0x5c035d0afe90, C4<1>, C4<1>;
L_0x5c035d0b0220 .functor AND 1, v0x5c035d0974c0_0, v0x5c035d0975b0_0, C4<1>, C4<1>;
L_0x5c035d0b0040 .functor AND 1, L_0x5c035d0b0220, L_0x5c035d0b0330, C4<1>, C4<1>;
L_0x5c035d0b08c0 .functor AND 1, L_0x5c035d0b0040, L_0x5c035d0b06f0, C4<1>, C4<1>;
L_0x5c035d0b0a70 .functor AND 1, L_0x5c035d0b08c0, L_0x5c035d0b09d0, C4<1>, C4<1>;
L_0x5c035d0b0590 .functor AND 1, v0x5c035d0974c0_0, v0x5c035d0975b0_0, C4<1>, C4<1>;
L_0x5c035d0b0ed0 .functor AND 1, L_0x5c035d0b0590, L_0x5c035d0b0d90, C4<1>, C4<1>;
L_0x5c035d0b12b0 .functor AND 1, L_0x5c035d0b0ed0, L_0x5c035d0b0ca0, C4<1>, C4<1>;
L_0x5c035d0b1630 .functor AND 1, L_0x5c035d0b12b0, L_0x5c035d0b13c0, C4<1>, C4<1>;
v0x5c035d0840c0_0 .net *"_ivl_1", 0 0, L_0x5c035d0ae890;  1 drivers
L_0x713733a6f2e8 .functor BUFT 1, C4<00000000000000000000000000000000>, C4<0>, C4<0>, C4<0>;
v0x5c035d0841a0_0 .net/2u *"_ivl_10", 31 0, L_0x713733a6f2e8;  1 drivers
L_0x713733a6f690 .functor BUFT 1, C4<000000000000000000000000000>, C4<0>, C4<0>, C4<0>;
v0x5c035d084280_0 .net *"_ivl_101", 26 0, L_0x713733a6f690;  1 drivers
L_0x713733a6f6d8 .functor BUFT 1, C4<00000000000000000000000000000000>, C4<0>, C4<0>, C4<0>;
v0x5c035d084370_0 .net/2u *"_ivl_102", 31 0, L_0x713733a6f6d8;  1 drivers
v0x5c035d084450_0 .net *"_ivl_104", 0 0, L_0x5c035d0b0ca0;  1 drivers
v0x5c035d084560_0 .net *"_ivl_107", 0 0, L_0x5c035d0b12b0;  1 drivers
v0x5c035d084620_0 .net *"_ivl_108", 0 0, L_0x5c035d0b13c0;  1 drivers
v0x5c035d0846e0_0 .net *"_ivl_12", 0 0, L_0x5c035d0aebf0;  1 drivers
v0x5c035d0847a0_0 .net *"_ivl_15", 0 0, L_0x5c035d0aed30;  1 drivers
v0x5c035d084860_0 .net *"_ivl_16", 31 0, L_0x5c035d0aee40;  1 drivers
L_0x713733a6f330 .functor BUFT 1, C4<000000000000000000000000000>, C4<0>, C4<0>, C4<0>;
v0x5c035d084940_0 .net *"_ivl_19", 26 0, L_0x713733a6f330;  1 drivers
L_0x713733a6f378 .functor BUFT 1, C4<00000000000000000000000000000000>, C4<0>, C4<0>, C4<0>;
v0x5c035d084a20_0 .net/2u *"_ivl_20", 31 0, L_0x713733a6f378;  1 drivers
v0x5c035d084b00_0 .net *"_ivl_22", 0 0, L_0x5c035d0aef70;  1 drivers
v0x5c035d084bc0_0 .net *"_ivl_25", 0 0, L_0x5c035d0af0b0;  1 drivers
v0x5c035d084c80_0 .net *"_ivl_26", 0 0, L_0x5c035d0af1c0;  1 drivers
v0x5c035d084d40_0 .net *"_ivl_3", 0 0, L_0x5c035d0ae900;  1 drivers
v0x5c035d084e00_0 .net *"_ivl_31", 0 0, L_0x5c035d0af3b0;  1 drivers
v0x5c035d084fd0_0 .net *"_ivl_33", 0 0, L_0x5c035d0af460;  1 drivers
v0x5c035d085090_0 .net *"_ivl_35", 0 0, L_0x5c035d0af500;  1 drivers
v0x5c035d085150_0 .net *"_ivl_36", 31 0, L_0x5c035d0af610;  1 drivers
L_0x713733a6f3c0 .functor BUFT 1, C4<000000000000000000000000000>, C4<0>, C4<0>, C4<0>;
v0x5c035d085230_0 .net *"_ivl_39", 26 0, L_0x713733a6f3c0;  1 drivers
L_0x713733a6f408 .functor BUFT 1, C4<00000000000000000000000000000000>, C4<0>, C4<0>, C4<0>;
v0x5c035d085310_0 .net/2u *"_ivl_40", 31 0, L_0x713733a6f408;  1 drivers
v0x5c035d0853f0_0 .net *"_ivl_42", 0 0, L_0x5c035d0af750;  1 drivers
v0x5c035d0854b0_0 .net *"_ivl_45", 0 0, L_0x5c035d0af890;  1 drivers
v0x5c035d085570_0 .net *"_ivl_46", 31 0, L_0x5c035d0af9f0;  1 drivers
L_0x713733a6f450 .functor BUFT 1, C4<000000000000000000000000000>, C4<0>, C4<0>, C4<0>;
v0x5c035d085650_0 .net *"_ivl_49", 26 0, L_0x713733a6f450;  1 drivers
v0x5c035d085730_0 .net *"_ivl_5", 0 0, L_0x5c035d0ae9f0;  1 drivers
L_0x713733a6f498 .functor BUFT 1, C4<00000000000000000000000000000000>, C4<0>, C4<0>, C4<0>;
v0x5c035d0857f0_0 .net/2u *"_ivl_50", 31 0, L_0x713733a6f498;  1 drivers
v0x5c035d0858d0_0 .net *"_ivl_52", 0 0, L_0x5c035d0afc90;  1 drivers
v0x5c035d085990_0 .net *"_ivl_55", 0 0, L_0x5c035d0afd80;  1 drivers
v0x5c035d085a50_0 .net *"_ivl_56", 0 0, L_0x5c035d0afe90;  1 drivers
v0x5c035d085b10_0 .net *"_ivl_6", 31 0, L_0x5c035d0aeb00;  1 drivers
v0x5c035d085bf0_0 .net *"_ivl_61", 0 0, L_0x5c035d0b0220;  1 drivers
v0x5c035d085ec0_0 .net *"_ivl_62", 31 0, L_0x5c035d0b0290;  1 drivers
L_0x713733a6f4e0 .functor BUFT 1, C4<000000000000000000000000000>, C4<0>, C4<0>, C4<0>;
v0x5c035d085fa0_0 .net *"_ivl_65", 26 0, L_0x713733a6f4e0;  1 drivers
L_0x713733a6f528 .functor BUFT 1, C4<00000000000000000000000000000000>, C4<0>, C4<0>, C4<0>;
v0x5c035d086080_0 .net/2u *"_ivl_66", 31 0, L_0x713733a6f528;  1 drivers
v0x5c035d086160_0 .net *"_ivl_68", 0 0, L_0x5c035d0b0330;  1 drivers
v0x5c035d086220_0 .net *"_ivl_71", 0 0, L_0x5c035d0b0040;  1 drivers
v0x5c035d0862e0_0 .net *"_ivl_72", 31 0, L_0x5c035d0b0600;  1 drivers
L_0x713733a6f570 .functor BUFT 1, C4<000000000000000000000000000>, C4<0>, C4<0>, C4<0>;
v0x5c035d0863c0_0 .net *"_ivl_75", 26 0, L_0x713733a6f570;  1 drivers
L_0x713733a6f5b8 .functor BUFT 1, C4<00000000000000000000000000000000>, C4<0>, C4<0>, C4<0>;
v0x5c035d0864a0_0 .net/2u *"_ivl_76", 31 0, L_0x713733a6f5b8;  1 drivers
v0x5c035d086580_0 .net *"_ivl_78", 0 0, L_0x5c035d0b06f0;  1 drivers
v0x5c035d086640_0 .net *"_ivl_81", 0 0, L_0x5c035d0b08c0;  1 drivers
v0x5c035d086700_0 .net *"_ivl_82", 0 0, L_0x5c035d0b09d0;  1 drivers
v0x5c035d0867c0_0 .net *"_ivl_87", 0 0, L_0x5c035d0b0590;  1 drivers
v0x5c035d086880_0 .net *"_ivl_88", 31 0, L_0x5c035d0b0c00;  1 drivers
L_0x713733a6f2a0 .functor BUFT 1, C4<000000000000000000000000000>, C4<0>, C4<0>, C4<0>;
v0x5c035d086960_0 .net *"_ivl_9", 26 0, L_0x713733a6f2a0;  1 drivers
L_0x713733a6f600 .functor BUFT 1, C4<000000000000000000000000000>, C4<0>, C4<0>, C4<0>;
v0x5c035d086a40_0 .net *"_ivl_91", 26 0, L_0x713733a6f600;  1 drivers
L_0x713733a6f648 .functor BUFT 1, C4<00000000000000000000000000000000>, C4<0>, C4<0>, C4<0>;
v0x5c035d086b20_0 .net/2u *"_ivl_92", 31 0, L_0x713733a6f648;  1 drivers
v0x5c035d086c00_0 .net *"_ivl_94", 0 0, L_0x5c035d0b0d90;  1 drivers
v0x5c035d086cc0_0 .net *"_ivl_97", 0 0, L_0x5c035d0b0ed0;  1 drivers
v0x5c035d086d80_0 .net *"_ivl_98", 31 0, L_0x5c035d0b1070;  1 drivers
v0x5c035d086e60_0 .net "ex_mem_is_load", 0 0, L_0x5c035d0b1b00;  alias, 1 drivers
v0x5c035d086f20_0 .net "ex_mem_rd", 4 0, v0x5c035d0891c0_0;  alias, 1 drivers
v0x5c035d087000_0 .net "ex_mem_valid", 0 0, v0x5c035d089400_0;  alias, 1 drivers
v0x5c035d0870c0_0 .net "ex_mem_write_rd", 0 0, v0x5c035d089570_0;  alias, 1 drivers
v0x5c035d087180_0 .net "ex_rs1_match", 0 0, L_0x5c035d0af2a0;  1 drivers
v0x5c035d087240_0 .net "ex_rs2_match", 0 0, L_0x5c035d0b00b0;  1 drivers
v0x5c035d087300_0 .var "forward_a", 1 0;
v0x5c035d0873e0_0 .var "forward_b", 1 0;
v0x5c035d0874c0_0 .net "id_ex_rs1", 4 0, v0x5c035d091a40_0;  alias, 1 drivers
v0x5c035d0875a0_0 .net "id_ex_rs2", 4 0, v0x5c035d091b30_0;  alias, 1 drivers
v0x5c035d087680_0 .net "mem_rs1_match", 0 0, L_0x5c035d0b0a70;  1 drivers
v0x5c035d087740_0 .net "mem_rs2_match", 0 0, L_0x5c035d0b1630;  1 drivers
v0x5c035d087800_0 .net "mem_wb_rd", 4 0, v0x5c035d097330_0;  alias, 1 drivers
v0x5c035d087cf0_0 .net "mem_wb_valid", 0 0, v0x5c035d0974c0_0;  alias, 1 drivers
v0x5c035d087db0_0 .net "mem_wb_write_rd", 0 0, v0x5c035d0975b0_0;  alias, 1 drivers
E_0x5c035d084050 .event edge, v0x5c035d087180_0, v0x5c035d087680_0, v0x5c035d087240_0, v0x5c035d087740_0;
L_0x5c035d0ae900 .reduce/nor L_0x5c035d0b1b00;
L_0x5c035d0aeb00 .concat [ 5 27 0 0], v0x5c035d0891c0_0, L_0x713733a6f2a0;
L_0x5c035d0aebf0 .cmp/ne 32, L_0x5c035d0aeb00, L_0x713733a6f2e8;
L_0x5c035d0aee40 .concat [ 5 27 0 0], v0x5c035d091a40_0, L_0x713733a6f330;
L_0x5c035d0aef70 .cmp/ne 32, L_0x5c035d0aee40, L_0x713733a6f378;
L_0x5c035d0af1c0 .cmp/eq 5, v0x5c035d0891c0_0, v0x5c035d091a40_0;
L_0x5c035d0af460 .reduce/nor L_0x5c035d0b1b00;
L_0x5c035d0af610 .concat [ 5 27 0 0], v0x5c035d0891c0_0, L_0x713733a6f3c0;
L_0x5c035d0af750 .cmp/ne 32, L_0x5c035d0af610, L_0x713733a6f408;
L_0x5c035d0af9f0 .concat [ 5 27 0 0], v0x5c035d091b30_0, L_0x713733a6f450;
L_0x5c035d0afc90 .cmp/ne 32, L_0x5c035d0af9f0, L_0x713733a6f498;
L_0x5c035d0afe90 .cmp/eq 5, v0x5c035d0891c0_0, v0x5c035d091b30_0;
L_0x5c035d0b0290 .concat [ 5 27 0 0], v0x5c035d097330_0, L_0x713733a6f4e0;
L_0x5c035d0b0330 .cmp/ne 32, L_0x5c035d0b0290, L_0x713733a6f528;
L_0x5c035d0b0600 .concat [ 5 27 0 0], v0x5c035d091a40_0, L_0x713733a6f570;
L_0x5c035d0b06f0 .cmp/ne 32, L_0x5c035d0b0600, L_0x713733a6f5b8;
L_0x5c035d0b09d0 .cmp/eq 5, v0x5c035d097330_0, v0x5c035d091a40_0;
L_0x5c035d0b0c00 .concat [ 5 27 0 0], v0x5c035d097330_0, L_0x713733a6f600;
L_0x5c035d0b0d90 .cmp/ne 32, L_0x5c035d0b0c00, L_0x713733a6f648;
L_0x5c035d0b1070 .concat [ 5 27 0 0], v0x5c035d091b30_0, L_0x713733a6f690;
L_0x5c035d0b0ca0 .cmp/ne 32, L_0x5c035d0b1070, L_0x713733a6f6d8;
L_0x5c035d0b13c0 .cmp/eq 5, v0x5c035d097330_0, v0x5c035d091b30_0;
S_0x5c035d088030 .scope begin, "operandA_comb" "operandA_comb" 7 162, 7 162 0, S_0x5c035d082010;
 .timescale -9 -12;
S_0x5c035d088210 .scope begin, "operandB_comb" "operandB_comb" 7 174, 7 174 0, S_0x5c035d082010;
 .timescale -9 -12;
S_0x5c035d08b910 .scope module, "stage_id_01" "stage_id" 4 194, 10 1 0, S_0x5c035d07f620;
 .timescale -9 -12;
    .port_info 0 /INPUT 1 "clk";
    .port_info 1 /INPUT 1 "rst";
    .port_info 2 /INPUT 32 "if_id_pc";
    .port_info 3 /INPUT 32 "if_id_instr";
    .port_info 4 /INPUT 1 "if_id_valid";
    .port_info 5 /INPUT 1 "stall";
    .port_info 6 /INPUT 1 "flush";
    .port_info 7 /INPUT 1 "wb_write_enable";
    .port_info 8 /INPUT 5 "wb_rd_addr";
    .port_info 9 /INPUT 32 "wb_rd_data";
    .port_info 10 /OUTPUT 32 "id_ex_pc";
    .port_info 11 /OUTPUT 32 "id_ex_A";
    .port_info 12 /OUTPUT 32 "id_ex_B";
    .port_info 13 /OUTPUT 32 "id_ex_imm";
    .port_info 14 /OUTPUT 5 "id_ex_rs1";
    .port_info 15 /OUTPUT 5 "id_ex_rs2";
    .port_info 16 /OUTPUT 5 "id_ex_rd";
    .port_info 17 /OUTPUT 4 "id_ex_alu_op";
    .port_info 18 /OUTPUT 1 "id_ex_alu_use_imm";
    .port_info 19 /OUTPUT 1 "id_ex_write_rd";
    .port_info 20 /OUTPUT 1 "id_ex_write_mem";
    .port_info 21 /OUTPUT 1 "id_ex_mem_access";
    .port_info 22 /OUTPUT 6 "id_ex_mem_width";
    .port_info 23 /OUTPUT 1 "id_ex_jump";
    .port_info 24 /OUTPUT 1 "id_ex_is_branch";
    .port_info 25 /OUTPUT 3 "id_ex_rd_data_src";
    .port_info 26 /OUTPUT 3 "id_ex_imm_type";
    .port_info 27 /OUTPUT 1 "id_ex_valid";
P_0x5c035d0822b0 .param/l "ADDR_WIDTH" 0 10 3, +C4<00000000000000000000000000000101>;
P_0x5c035d0822f0 .param/l "DATA_WIDTH" 0 10 2, +C4<00000000000000000000000000100000>;
v0x5c035d090a00_0 .net "alu_op_w", 3 0, v0x5c035d08c4c0_0;  1 drivers
v0x5c035d090b10_0 .net "alu_use_imm_w", 0 0, v0x5c035d08c5c0_0;  1 drivers
v0x5c035d090be0_0 .net "clk", 0 0, v0x5c035d09cd20_0;  alias, 1 drivers
v0x5c035d090cb0_0 .net "flush", 0 0, L_0x5c035d02ef10;  alias, 1 drivers
v0x5c035d090d50_0 .net "funct3", 2 0, L_0x5c035d09d7b0;  1 drivers
v0x5c035d090df0_0 .net "funct7", 6 0, L_0x5c035d09daa0;  1 drivers
v0x5c035d090ee0_0 .var "id_ex_A", 31 0;
v0x5c035d090fa0_0 .var "id_ex_B", 31 0;
v0x5c035d091040_0 .var "id_ex_alu_op", 3 0;
v0x5c035d091170_0 .var "id_ex_alu_use_imm", 0 0;
v0x5c035d091210_0 .var "id_ex_imm", 31 0;
v0x5c035d0912b0_0 .var "id_ex_imm_type", 2 0;
v0x5c035d091380_0 .var "id_ex_is_branch", 0 0;
v0x5c035d091450_0 .var "id_ex_jump", 0 0;
v0x5c035d091520_0 .var "id_ex_mem_access", 0 0;
v0x5c035d0915f0_0 .var "id_ex_mem_width", 5 0;
v0x5c035d0916c0_0 .var "id_ex_pc", 31 0;
v0x5c035d0918a0_0 .var "id_ex_rd", 4 0;
v0x5c035d091970_0 .var "id_ex_rd_data_src", 2 0;
v0x5c035d091a40_0 .var "id_ex_rs1", 4 0;
v0x5c035d091b30_0 .var "id_ex_rs2", 4 0;
v0x5c035d091c20_0 .var "id_ex_valid", 0 0;
v0x5c035d091cc0_0 .var "id_ex_write_mem", 0 0;
v0x5c035d091d60_0 .var "id_ex_write_rd", 0 0;
v0x5c035d091e30_0 .net "if_id_instr", 31 0, v0x5c035d094c00_0;  alias, 1 drivers
v0x5c035d091f20_0 .net "if_id_pc", 31 0, v0x5c035d094cf0_0;  alias, 1 drivers
v0x5c035d091fc0_0 .net "if_id_valid", 0 0, v0x5c035d094db0_0;  alias, 1 drivers
v0x5c035d092060_0 .net "imm_out", 31 0, v0x5c035d08e6e0_0;  1 drivers
v0x5c035d092100_0 .net "imm_type_w", 2 0, v0x5c035d08c850_0;  1 drivers
v0x5c035d0921f0_0 .net "is_branch_w", 0 0, v0x5c035d08c980_0;  1 drivers
v0x5c035d092290_0 .net "jump_w", 0 0, v0x5c035d08ca40_0;  1 drivers
v0x5c035d092360_0 .net "mem_access_w", 0 0, v0x5c035d08cb00_0;  1 drivers
v0x5c035d092430_0 .net "mem_width_w", 5 0, v0x5c035d08cbc0_0;  1 drivers
v0x5c035d092710_0 .net "opcode", 6 0, L_0x5c035d09d620;  1 drivers
v0x5c035d092800_0 .net "rd", 4 0, L_0x5c035d09d6c0;  1 drivers
v0x5c035d0928a0_0 .net "rd_data_src_w", 2 0, v0x5c035d08cd80_0;  1 drivers
v0x5c035d092970_0 .net "rs1", 4 0, L_0x5c035d09d850;  1 drivers
v0x5c035d092a60_0 .net "rs1_data", 31 0, L_0x5c035d0adfa0;  1 drivers
v0x5c035d092b00_0 .net "rs2", 4 0, L_0x5c035d09da00;  1 drivers
v0x5c035d092bf0_0 .net "rs2_data", 31 0, L_0x5c035d0ae6f0;  1 drivers
v0x5c035d092cb0_0 .net "rst", 0 0, v0x5c035d09cdc0_0;  alias, 1 drivers
v0x5c035d092d50_0 .net "stall", 0 0, L_0x5c035cfddd40;  alias, 1 drivers
v0x5c035d092df0_0 .net "wb_rd_addr", 4 0, L_0x5c035d0b2110;  alias, 1 drivers
v0x5c035d092ee0_0 .net "wb_rd_data", 31 0, L_0x5c035d0b2210;  alias, 1 drivers
v0x5c035d092fb0_0 .net "wb_write_enable", 0 0, L_0x5c035d0b20a0;  alias, 1 drivers
v0x5c035d093080_0 .net "write_mem_w", 0 0, v0x5c035d08ce60_0;  1 drivers
v0x5c035d093150_0 .net "write_rd_w", 0 0, v0x5c035d08cf20_0;  1 drivers
S_0x5c035d08bf00 .scope module, "control_unit_01" "control_unit" 10 110, 11 1 0, S_0x5c035d08b910;
 .timescale -9 -12;
    .port_info 0 /INPUT 7 "opcode";
    .port_info 1 /INPUT 3 "funct3";
    .port_info 2 /INPUT 7 "funct7";
    .port_info 3 /OUTPUT 4 "alu_op";
    .port_info 4 /OUTPUT 1 "alu_use_imm";
    .port_info 5 /OUTPUT 1 "write_rd";
    .port_info 6 /OUTPUT 1 "write_mem";
    .port_info 7 /OUTPUT 1 "mem_access";
    .port_info 8 /OUTPUT 6 "mem_width";
    .port_info 9 /OUTPUT 1 "jump";
    .port_info 10 /OUTPUT 1 "is_branch";
    .port_info 11 /OUTPUT 3 "rd_data_src";
    .port_info 12 /OUTPUT 3 "imm_type";
v0x5c035d08c4c0_0 .var "alu_op", 3 0;
v0x5c035d08c5c0_0 .var "alu_use_imm", 0 0;
v0x5c035d08c680_0 .net "funct3", 2 0, L_0x5c035d09d7b0;  alias, 1 drivers
v0x5c035d08c770_0 .net "funct7", 6 0, L_0x5c035d09daa0;  alias, 1 drivers
v0x5c035d08c850_0 .var "imm_type", 2 0;
v0x5c035d08c980_0 .var "is_branch", 0 0;
v0x5c035d08ca40_0 .var "jump", 0 0;
v0x5c035d08cb00_0 .var "mem_access", 0 0;
v0x5c035d08cbc0_0 .var "mem_width", 5 0;
v0x5c035d08cca0_0 .net "opcode", 6 0, L_0x5c035d09d620;  alias, 1 drivers
v0x5c035d08cd80_0 .var "rd_data_src", 2 0;
v0x5c035d08ce60_0 .var "write_mem", 0 0;
v0x5c035d08cf20_0 .var "write_rd", 0 0;
E_0x5c035d08c240 .event edge, v0x5c035d08cca0_0, v0x5c035d08c680_0, v0x5c035d08c770_0;
S_0x5c035d08c2c0 .scope begin, "control_comb" "control_comb" 11 29, 11 29 0, S_0x5c035d08bf00;
 .timescale -9 -12;
S_0x5c035d08d180 .scope module, "decoder_01" "decoder" 10 95, 12 1 0, S_0x5c035d08b910;
 .timescale -9 -12;
    .port_info 0 /INPUT 32 "instr";
    .port_info 1 /OUTPUT 7 "opcode";
    .port_info 2 /OUTPUT 5 "rd";
    .port_info 3 /OUTPUT 3 "funct3";
    .port_info 4 /OUTPUT 5 "rs1";
    .port_info 5 /OUTPUT 5 "rs2";
    .port_info 6 /OUTPUT 7 "funct7";
v0x5c035d08d420_0 .net "funct3", 2 0, L_0x5c035d09d7b0;  alias, 1 drivers
v0x5c035d08d4e0_0 .net "funct7", 6 0, L_0x5c035d09daa0;  alias, 1 drivers
v0x5c035d08d5b0_0 .net "instr", 31 0, v0x5c035d094c00_0;  alias, 1 drivers
v0x5c035d08d680_0 .net "opcode", 6 0, L_0x5c035d09d620;  alias, 1 drivers
v0x5c035d08d770_0 .net "rd", 4 0, L_0x5c035d09d6c0;  alias, 1 drivers
v0x5c035d08d880_0 .net "rs1", 4 0, L_0x5c035d09d850;  alias, 1 drivers
v0x5c035d08d960_0 .net "rs2", 4 0, L_0x5c035d09da00;  alias, 1 drivers
L_0x5c035d09d620 .part v0x5c035d094c00_0, 0, 7;
L_0x5c035d09d6c0 .part v0x5c035d094c00_0, 7, 5;
L_0x5c035d09d7b0 .part v0x5c035d094c00_0, 12, 3;
L_0x5c035d09d850 .part v0x5c035d094c00_0, 15, 5;
L_0x5c035d09da00 .part v0x5c035d094c00_0, 20, 5;
L_0x5c035d09daa0 .part v0x5c035d094c00_0, 25, 7;
S_0x5c035d08db60 .scope begin, "id_ex_ff" "id_ex_ff" 10 160, 10 160 0, S_0x5c035d08b910;
 .timescale -9 -12;
S_0x5c035d08dd40 .scope module, "imm_gen_01" "immediate_generator" 10 134, 13 1 0, S_0x5c035d08b910;
 .timescale -9 -12;
    .port_info 0 /INPUT 32 "instr";
    .port_info 1 /INPUT 3 "imm_type";
    .port_info 2 /OUTPUT 32 "imm_out";
v0x5c035d08e430_0 .var "imm_b", 31 0;
v0x5c035d08e510_0 .var "imm_i", 31 0;
v0x5c035d08e5f0_0 .var "imm_j", 31 0;
v0x5c035d08e6e0_0 .var "imm_out", 31 0;
v0x5c035d08e7c0_0 .var "imm_s", 31 0;
v0x5c035d08e8f0_0 .net "imm_type", 2 0, v0x5c035d08c850_0;  alias, 1 drivers
v0x5c035d08e9b0_0 .var "imm_u", 31 0;
v0x5c035d08ea70_0 .net "instr", 31 0, v0x5c035d094c00_0;  alias, 1 drivers
E_0x5c035d08d330/0 .event edge, v0x5c035d08c850_0, v0x5c035d08e510_0, v0x5c035d08e7c0_0, v0x5c035d08e430_0;
E_0x5c035d08d330/1 .event edge, v0x5c035d08e9b0_0, v0x5c035d08e5f0_0;
E_0x5c035d08d330 .event/or E_0x5c035d08d330/0, E_0x5c035d08d330/1;
E_0x5c035d08dfd0 .event edge, v0x5c035d08d5b0_0;
S_0x5c035d08e030 .scope begin, "imm_extract" "imm_extract" 13 15, 13 15 0, S_0x5c035d08dd40;
 .timescale -9 -12;
S_0x5c035d08e230 .scope begin, "imm_select" "imm_select" 13 34, 13 34 0, S_0x5c035d08dd40;
 .timescale -9 -12;
S_0x5c035d08ebc0 .scope module, "regfile_01" "regfile" 10 143, 14 1 0, S_0x5c035d08b910;
 .timescale -9 -12;
    .port_info 0 /INPUT 1 "clk";
    .port_info 1 /INPUT 1 "rst";
    .port_info 2 /INPUT 5 "rs1_addr";
    .port_info 3 /INPUT 5 "rs2_addr";
    .port_info 4 /INPUT 1 "write_enable";
    .port_info 5 /INPUT 5 "rd_addr";
    .port_info 6 /INPUT 32 "rd_data";
    .port_info 7 /OUTPUT 32 "rs1_data";
    .port_info 8 /OUTPUT 32 "rs2_data";
P_0x5c035d08edf0 .param/l "ADDR_WIDTH" 0 14 3, +C4<00000000000000000000000000000101>;
P_0x5c035d08ee30 .param/l "DATA_WIDTH" 0 14 2, +C4<00000000000000000000000000100000>;
v0x5c035d08f210_0 .net *"_ivl_0", 31 0, L_0x5c035d09db80;  1 drivers
v0x5c035d08f310_0 .net *"_ivl_10", 31 0, L_0x5c035d0add70;  1 drivers
v0x5c035d08f3f0_0 .net *"_ivl_12", 6 0, L_0x5c035d0ade10;  1 drivers
L_0x713733a6f138 .functor BUFT 1, C4<00>, C4<0>, C4<0>, C4<0>;
v0x5c035d08f4e0_0 .net *"_ivl_15", 1 0, L_0x713733a6f138;  1 drivers
v0x5c035d08f5c0_0 .net *"_ivl_18", 31 0, L_0x5c035d0ae180;  1 drivers
L_0x713733a6f180 .functor BUFT 1, C4<000000000000000000000000000>, C4<0>, C4<0>, C4<0>;
v0x5c035d08f6f0_0 .net *"_ivl_21", 26 0, L_0x713733a6f180;  1 drivers
L_0x713733a6f1c8 .functor BUFT 1, C4<00000000000000000000000000000000>, C4<0>, C4<0>, C4<0>;
v0x5c035d08f7d0_0 .net/2u *"_ivl_22", 31 0, L_0x713733a6f1c8;  1 drivers
v0x5c035d08f8b0_0 .net *"_ivl_24", 0 0, L_0x5c035d0ae2f0;  1 drivers
L_0x713733a6f210 .functor BUFT 1, C4<00000000000000000000000000000000>, C4<0>, C4<0>, C4<0>;
v0x5c035d08f970_0 .net/2u *"_ivl_26", 31 0, L_0x713733a6f210;  1 drivers
v0x5c035d08fa50_0 .net *"_ivl_28", 31 0, L_0x5c035d0ae430;  1 drivers
L_0x713733a6f060 .functor BUFT 1, C4<000000000000000000000000000>, C4<0>, C4<0>, C4<0>;
v0x5c035d08fb30_0 .net *"_ivl_3", 26 0, L_0x713733a6f060;  1 drivers
v0x5c035d08fc10_0 .net *"_ivl_30", 6 0, L_0x5c035d0ae520;  1 drivers
L_0x713733a6f258 .functor BUFT 1, C4<00>, C4<0>, C4<0>, C4<0>;
v0x5c035d08fcf0_0 .net *"_ivl_33", 1 0, L_0x713733a6f258;  1 drivers
L_0x713733a6f0a8 .functor BUFT 1, C4<00000000000000000000000000000000>, C4<0>, C4<0>, C4<0>;
v0x5c035d08fdd0_0 .net/2u *"_ivl_4", 31 0, L_0x713733a6f0a8;  1 drivers
v0x5c035d08feb0_0 .net *"_ivl_6", 0 0, L_0x5c035d0adc30;  1 drivers
L_0x713733a6f0f0 .functor BUFT 1, C4<00000000000000000000000000000000>, C4<0>, C4<0>, C4<0>;
v0x5c035d08ff70_0 .net/2u *"_ivl_8", 31 0, L_0x713733a6f0f0;  1 drivers
v0x5c035d090050_0 .net "clk", 0 0, v0x5c035d09cd20_0;  alias, 1 drivers
v0x5c035d0900f0_0 .var/i "i", 31 0;
v0x5c035d0901d0_0 .net "rd_addr", 4 0, L_0x5c035d0b2110;  alias, 1 drivers
v0x5c035d0902b0_0 .net "rd_data", 31 0, L_0x5c035d0b2210;  alias, 1 drivers
v0x5c035d090390 .array "regs", 31 0, 31 0;
v0x5c035d090450_0 .net "rs1_addr", 4 0, L_0x5c035d09d850;  alias, 1 drivers
v0x5c035d090510_0 .net "rs1_data", 31 0, L_0x5c035d0adfa0;  alias, 1 drivers
v0x5c035d0905d0_0 .net "rs2_addr", 4 0, L_0x5c035d09da00;  alias, 1 drivers
v0x5c035d0906c0_0 .net "rs2_data", 31 0, L_0x5c035d0ae6f0;  alias, 1 drivers
v0x5c035d090780_0 .net "rst", 0 0, v0x5c035d09cdc0_0;  alias, 1 drivers
v0x5c035d090820_0 .net "write_enable", 0 0, L_0x5c035d0b20a0;  alias, 1 drivers
L_0x5c035d09db80 .concat [ 5 27 0 0], L_0x5c035d09d850, L_0x713733a6f060;
L_0x5c035d0adc30 .cmp/eq 32, L_0x5c035d09db80, L_0x713733a6f0a8;
L_0x5c035d0add70 .array/port v0x5c035d090390, L_0x5c035d0ade10;
L_0x5c035d0ade10 .concat [ 5 2 0 0], L_0x5c035d09d850, L_0x713733a6f138;
L_0x5c035d0adfa0 .functor MUXZ 32, L_0x5c035d0add70, L_0x713733a6f0f0, L_0x5c035d0adc30, C4<>;
L_0x5c035d0ae180 .concat [ 5 27 0 0], L_0x5c035d09da00, L_0x713733a6f180;
L_0x5c035d0ae2f0 .cmp/eq 32, L_0x5c035d0ae180, L_0x713733a6f1c8;
L_0x5c035d0ae430 .array/port v0x5c035d090390, L_0x5c035d0ae520;
L_0x5c035d0ae520 .concat [ 5 2 0 0], L_0x5c035d09da00, L_0x713733a6f258;
L_0x5c035d0ae6f0 .functor MUXZ 32, L_0x5c035d0ae430, L_0x713733a6f210, L_0x5c035d0ae2f0, C4<>;
S_0x5c035d08f030 .scope begin, "write_comb" "write_comb" 14 24, 14 24 0, S_0x5c035d08ebc0;
 .timescale -9 -12;
S_0x5c035d093520 .scope module, "stage_if_01" "stage_if" 4 172, 15 1 0, S_0x5c035d07f620;
 .timescale -9 -12;
    .port_info 0 /INPUT 1 "clk";
    .port_info 1 /INPUT 1 "rst";
    .port_info 2 /INPUT 1 "stall";
    .port_info 3 /INPUT 1 "redirect";
    .port_info 4 /INPUT 32 "redirect_pc";
    .port_info 5 /INPUT 32 "instr_in";
    .port_info 6 /INPUT 1 "instr_valid";
    .port_info 7 /OUTPUT 32 "imem_addr";
    .port_info 8 /OUTPUT 1 "instr_addr_valid";
    .port_info 9 /OUTPUT 32 "if_id_pc";
    .port_info 10 /OUTPUT 32 "if_id_instr";
    .port_info 11 /OUTPUT 1 "if_id_valid";
P_0x5c035d093700 .param/l "DATA_WIDTH" 0 15 2, +C4<00000000000000000000000000100000>;
L_0x5c035d09d2e0 .functor BUFZ 32, v0x5c035d0945e0_0, C4<00000000000000000000000000000000>, C4<00000000000000000000000000000000>, C4<00000000000000000000000000000000>;
L_0x5c035d09d480 .functor OR 1, L_0x5c035cfddd40, L_0x5c035d09d3e0, C4<0>, C4<0>;
v0x5c035d0948f0_0 .net *"_ivl_3", 0 0, L_0x5c035d09d3e0;  1 drivers
v0x5c035d0949d0_0 .net "clk", 0 0, v0x5c035d09cd20_0;  alias, 1 drivers
v0x5c035d094a90_0 .var "fetch_pc", 31 0;
v0x5c035d094b30_0 .net "fetch_stall", 0 0, L_0x5c035d09d480;  1 drivers
v0x5c035d094c00_0 .var "if_id_instr", 31 0;
v0x5c035d094cf0_0 .var "if_id_pc", 31 0;
v0x5c035d094db0_0 .var "if_id_valid", 0 0;
v0x5c035d094e80_0 .net "imem_addr", 31 0, L_0x5c035d09d2e0;  alias, 1 drivers
v0x5c035d094f50_0 .net "instr_addr_valid", 0 0, L_0x5c035d09d580;  alias, 1 drivers
v0x5c035d095020_0 .net "instr_in", 31 0, v0x5c035d081ad0_0;  alias, 1 drivers
v0x5c035d0950f0_0 .net "instr_valid", 0 0, v0x5c035d081c70_0;  alias, 1 drivers
v0x5c035d0951c0_0 .net "next_pc", 31 0, v0x5c035d093ce0_0;  1 drivers
v0x5c035d095260_0 .net "pc", 31 0, v0x5c035d0945e0_0;  1 drivers
v0x5c035d095350_0 .var "pending_instr", 31 0;
v0x5c035d0953f0_0 .var "pending_pc", 31 0;
v0x5c035d0954d0_0 .var "pending_valid", 0 0;
v0x5c035d095590_0 .net "redirect", 0 0, L_0x5c035d02ef10;  alias, 1 drivers
v0x5c035d095680_0 .net "redirect_pc", 31 0, v0x5c035d088b80_0;  alias, 1 drivers
v0x5c035d095790_0 .net "rst", 0 0, v0x5c035d09cdc0_0;  alias, 1 drivers
v0x5c035d095830_0 .net "stall", 0 0, L_0x5c035cfddd40;  alias, 1 drivers
L_0x5c035d09d3e0 .reduce/nor v0x5c035d081c70_0;
L_0x5c035d09d580 .reduce/nor L_0x5c035cfddd40;
S_0x5c035d093960 .scope module, "pc_mux_01" "pc_mux" 15 40, 16 1 0, S_0x5c035d093520;
 .timescale -9 -12;
    .port_info 0 /INPUT 32 "pc";
    .port_info 1 /INPUT 1 "redirect";
    .port_info 2 /INPUT 32 "redirect_pc";
    .port_info 3 /OUTPUT 32 "next_pc";
P_0x5c035d093b60 .param/l "DATA_WIDTH" 0 16 2, +C4<00000000000000000000000000100000>;
v0x5c035d093ce0_0 .var "next_pc", 31 0;
v0x5c035d093de0_0 .net "pc", 31 0, v0x5c035d0945e0_0;  alias, 1 drivers
v0x5c035d093ec0_0 .net "redirect", 0 0, L_0x5c035d02ef10;  alias, 1 drivers
v0x5c035d093fc0_0 .net "redirect_pc", 31 0, v0x5c035d088b80_0;  alias, 1 drivers
E_0x5c035d093c60 .event edge, v0x5c035d090cb0_0, v0x5c035d088b80_0, v0x5c035d093de0_0;
S_0x5c035d094100 .scope module, "pc_reg_01" "pc_reg" 15 50, 17 1 0, S_0x5c035d093520;
 .timescale -9 -12;
    .port_info 0 /INPUT 1 "clk";
    .port_info 1 /INPUT 1 "rst";
    .port_info 2 /INPUT 1 "stall";
    .port_info 3 /INPUT 32 "next_pc";
    .port_info 4 /OUTPUT 32 "pc";
P_0x5c035d094300 .param/l "DATA_WIDTH" 0 17 2, +C4<00000000000000000000000000100000>;
v0x5c035d094450_0 .net "clk", 0 0, v0x5c035d09cd20_0;  alias, 1 drivers
v0x5c035d0944f0_0 .net "next_pc", 31 0, v0x5c035d093ce0_0;  alias, 1 drivers
v0x5c035d0945e0_0 .var "pc", 31 0;
v0x5c035d0946e0_0 .net "rst", 0 0, v0x5c035d09cdc0_0;  alias, 1 drivers
v0x5c035d094780_0 .net "stall", 0 0, L_0x5c035d09d480;  alias, 1 drivers
S_0x5c035d095a30 .scope module, "stage_mem_01" "stage_mem" 4 323, 18 4 0, S_0x5c035d07f620;
 .timescale -9 -12;
    .port_info 0 /INPUT 1 "clk";
    .port_info 1 /INPUT 1 "rst";
    .port_info 2 /INPUT 32 "ex_mem_alu_result";
    .port_info 3 /INPUT 32 "ex_mem_B";
    .port_info 4 /INPUT 5 "ex_mem_rd";
    .port_info 5 /INPUT 1 "ex_mem_write_rd";
    .port_info 6 /INPUT 1 "ex_mem_write_mem";
    .port_info 7 /INPUT 1 "ex_mem_mem_access";
    .port_info 8 /INPUT 6 "ex_mem_mem_width";
    .port_info 9 /INPUT 3 "ex_mem_rd_data_src";
    .port_info 10 /INPUT 1 "ex_mem_valid";
    .port_info 11 /INPUT 1 "dmem_mem_ready";
    .port_info 12 /OUTPUT 1 "dmem_mem_valid";
    .port_info 13 /OUTPUT 1 "dmem_write_enable";
    .port_info 14 /OUTPUT 6 "dmem_mem_width";
    .port_info 15 /OUTPUT 32 "dmem_addr";
    .port_info 16 /OUTPUT 32 "dmem_write_data";
    .port_info 17 /INPUT 32 "dmem_read_data";
    .port_info 18 /INPUT 1 "dmem_read_valid";
    .port_info 19 /OUTPUT 1 "stall_mem";
    .port_info 20 /OUTPUT 32 "mem_wb_alu_result";
    .port_info 21 /OUTPUT 32 "mem_wb_mem_data";
    .port_info 22 /OUTPUT 5 "mem_wb_rd";
    .port_info 23 /OUTPUT 1 "mem_wb_write_rd";
    .port_info 24 /OUTPUT 3 "mem_wb_rd_data_src";
    .port_info 25 /OUTPUT 1 "mem_wb_valid";
P_0x5c035d0937a0 .param/l "ADDR_WIDTH" 0 18 6, +C4<00000000000000000000000000000101>;
P_0x5c035d0937e0 .param/l "DATA_WIDTH" 0 18 5, +C4<00000000000000000000000000100000>;
L_0x5c035d0b1cb0 .functor BUFZ 1, v0x5c035d0894d0_0, C4<0>, C4<0>, C4<0>;
L_0x5c035d0b1d20 .functor BUFZ 6, v0x5c035d089000_0, C4<000000>, C4<000000>, C4<000000>;
L_0x5c035d0b1d90 .functor BUFZ 32, v0x5c035d0889e0_0, C4<00000000000000000000000000000000>, C4<00000000000000000000000000000000>, C4<00000000000000000000000000000000>;
L_0x5c035d0b1e00 .functor BUFZ 32, v0x5c035d088840_0, C4<00000000000000000000000000000000>, C4<00000000000000000000000000000000>, C4<00000000000000000000000000000000>;
L_0x5c035d0b1e70 .functor AND 1, v0x5c035d089400_0, v0x5c035d088f40_0, C4<1>, C4<1>;
L_0x5c035d0b1ff0 .functor AND 1, L_0x5c035d0b1e70, L_0x5c035d09d220, C4<1>, C4<1>;
v0x5c035d0960a0_0 .net *"_ivl_9", 0 0, L_0x5c035d0b1e70;  1 drivers
v0x5c035d096180_0 .net "clk", 0 0, v0x5c035d09cd20_0;  alias, 1 drivers
v0x5c035d096240_0 .net "dmem_addr", 31 0, L_0x5c035d0b1d90;  alias, 1 drivers
v0x5c035d096310_0 .net "dmem_mem_ready", 0 0, L_0x5c035d09d220;  alias, 1 drivers
v0x5c035d0963e0_0 .net "dmem_mem_valid", 0 0, L_0x5c035d0b1ff0;  alias, 1 drivers
v0x5c035d0964d0_0 .net "dmem_mem_width", 5 0, L_0x5c035d0b1d20;  alias, 1 drivers
v0x5c035d0965a0_0 .net "dmem_read_data", 31 0, v0x5c035d080ca0_0;  alias, 1 drivers
v0x5c035d096670_0 .net "dmem_read_valid", 0 0, v0x5c035d080d80_0;  alias, 1 drivers
v0x5c035d096740_0 .net "dmem_write_data", 31 0, L_0x5c035d0b1e00;  alias, 1 drivers
v0x5c035d096810_0 .net "dmem_write_enable", 0 0, L_0x5c035d0b1cb0;  alias, 1 drivers
v0x5c035d0968e0_0 .net "ex_mem_B", 31 0, v0x5c035d088840_0;  alias, 1 drivers
v0x5c035d0969b0_0 .net "ex_mem_alu_result", 31 0, v0x5c035d0889e0_0;  alias, 1 drivers
v0x5c035d096a50_0 .net "ex_mem_mem_access", 0 0, v0x5c035d088f40_0;  alias, 1 drivers
v0x5c035d096af0_0 .net "ex_mem_mem_width", 5 0, v0x5c035d089000_0;  alias, 1 drivers
v0x5c035d096bc0_0 .net "ex_mem_rd", 4 0, v0x5c035d0891c0_0;  alias, 1 drivers
v0x5c035d096c60_0 .net "ex_mem_rd_data_src", 2 0, v0x5c035d089280_0;  alias, 1 drivers
v0x5c035d096d30_0 .net "ex_mem_valid", 0 0, v0x5c035d089400_0;  alias, 1 drivers
v0x5c035d096ee0_0 .net "ex_mem_write_mem", 0 0, v0x5c035d0894d0_0;  alias, 1 drivers
v0x5c035d096fb0_0 .net "ex_mem_write_rd", 0 0, v0x5c035d089570_0;  alias, 1 drivers
v0x5c035d097050_0 .var "load_data_reg", 31 0;
v0x5c035d0970f0_0 .var "load_valid_reg", 0 0;
v0x5c035d097190_0 .var "mem_wb_alu_result", 31 0;
v0x5c035d097260_0 .var "mem_wb_mem_data", 31 0;
v0x5c035d097330_0 .var "mem_wb_rd", 4 0;
v0x5c035d097420_0 .var "mem_wb_rd_data_src", 2 0;
v0x5c035d0974c0_0 .var "mem_wb_valid", 0 0;
v0x5c035d0975b0_0 .var "mem_wb_write_rd", 0 0;
v0x5c035d0976a0_0 .net "rst", 0 0, v0x5c035d09cdc0_0;  alias, 1 drivers
v0x5c035d097740_0 .var "stall_mem", 0 0;
S_0x5c035d097be0 .scope module, "stage_wb_01" "stage_wb" 4 370, 19 1 0, S_0x5c035d07f620;
 .timescale -9 -12;
    .port_info 0 /INPUT 32 "mem_wb_alu_result";
    .port_info 1 /INPUT 32 "mem_wb_mem_data";
    .port_info 2 /INPUT 5 "mem_wb_rd";
    .port_info 3 /INPUT 1 "mem_wb_write_rd";
    .port_info 4 /INPUT 3 "mem_wb_rd_data_src";
    .port_info 5 /INPUT 1 "mem_wb_valid";
    .port_info 6 /OUTPUT 1 "regfile_write_enable";
    .port_info 7 /OUTPUT 5 "regfile_rd_addr";
    .port_info 8 /OUTPUT 32 "regfile_rd_data";
P_0x5c035d095c60 .param/l "ADDR_WIDTH" 0 19 3, +C4<00000000000000000000000000000101>;
P_0x5c035d095ca0 .param/l "DATA_WIDTH" 0 19 2, +C4<00000000000000000000000000100000>;
L_0x5c035d0b20a0 .functor AND 1, v0x5c035d0974c0_0, v0x5c035d0975b0_0, C4<1>, C4<1>;
L_0x5c035d0b2110 .functor BUFZ 5, v0x5c035d097330_0, C4<00000>, C4<00000>, C4<00000>;
L_0x5c035d0b2210 .functor BUFZ 32, v0x5c035d098a00_0, C4<00000000000000000000000000000000>, C4<00000000000000000000000000000000>, C4<00000000000000000000000000000000>;
v0x5c035d0981c0_0 .net "mem_wb_alu_result", 31 0, v0x5c035d097190_0;  alias, 1 drivers
v0x5c035d0982f0_0 .net "mem_wb_mem_data", 31 0, v0x5c035d097260_0;  alias, 1 drivers
v0x5c035d098400_0 .net "mem_wb_rd", 4 0, v0x5c035d097330_0;  alias, 1 drivers
v0x5c035d0984a0_0 .net "mem_wb_rd_data_src", 2 0, v0x5c035d097420_0;  alias, 1 drivers
v0x5c035d0985b0_0 .net "mem_wb_valid", 0 0, v0x5c035d0974c0_0;  alias, 1 drivers
v0x5c035d0986a0_0 .net "mem_wb_write_rd", 0 0, v0x5c035d0975b0_0;  alias, 1 drivers
v0x5c035d098740_0 .net "regfile_rd_addr", 4 0, L_0x5c035d0b2110;  alias, 1 drivers
v0x5c035d098850_0 .net "regfile_rd_data", 31 0, L_0x5c035d0b2210;  alias, 1 drivers
v0x5c035d098960_0 .net "regfile_write_enable", 0 0, L_0x5c035d0b20a0;  alias, 1 drivers
v0x5c035d098a00_0 .var "wb_data", 31 0;
E_0x5c035d097f40 .event edge, v0x5c035d08ac00_0, v0x5c035d08a950_0, v0x5c035d08aa30_0;
S_0x5c035d097fc0 .scope begin, "wb_select_comb" "wb_select_comb" 19 27, 19 27 0, S_0x5c035d097be0;
 .timescale -9 -12;
    .scope S_0x5c035d0811e0;
T_1 ;
    %pushi/vec4 0, 0, 32;
    %store/vec4 v0x5c035d0819c0_0, 0, 32;
T_1.0 ;
    %load/vec4 v0x5c035d0819c0_0;
    %cmpi/s 256, 0, 32;
    %jmp/0xz T_1.1, 5;
    %pushi/vec4 19, 0, 32;
    %ix/getv/s 4, v0x5c035d0819c0_0;
    %store/vec4a v0x5c035d081d30, 4, 0;
    %load/vec4 v0x5c035d0819c0_0;
    %addi 1, 0, 32;
    %store/vec4 v0x5c035d0819c0_0, 0, 32;
    %jmp T_1.0;
T_1.1 ;
    %vpi_call/w 6 28 "$readmemh", P_0x5c035d081410, v0x5c035d081d30 {0 0 0};
    %end;
    .thread T_1;
    .scope S_0x5c035d0811e0;
T_2 ;
    %wait E_0x5c035cf67640;
    %load/vec4 v0x5c035d081df0_0;
    %flag_set/vec4 8;
    %jmp/0xz  T_2.0, 8;
    %pushi/vec4 0, 0, 32;
    %assign/vec4 v0x5c035d081ad0_0, 0;
    %pushi/vec4 0, 0, 1;
    %assign/vec4 v0x5c035d081c70_0, 0;
    %jmp T_2.1;
T_2.0 ;
    %load/vec4 v0x5c035d081bb0_0;
    %flag_set/vec4 8;
    %jmp/0xz  T_2.2, 8;
    %load/vec4 v0x5c035d081e90_0;
    %cmpi/u 256, 0, 32;
    %jmp/0xz  T_2.4, 5;
    %ix/getv 4, v0x5c035d081e90_0;
    %load/vec4a v0x5c035d081d30, 4;
    %assign/vec4 v0x5c035d081ad0_0, 0;
    %pushi/vec4 1, 0, 1;
    %assign/vec4 v0x5c035d081c70_0, 0;
    %jmp T_2.5;
T_2.4 ;
    %pushi/vec4 19, 0, 32;
    %assign/vec4 v0x5c035d081ad0_0, 0;
    %pushi/vec4 0, 0, 1;
    %assign/vec4 v0x5c035d081c70_0, 0;
T_2.5 ;
    %jmp T_2.3;
T_2.2 ;
    %pushi/vec4 19, 0, 32;
    %assign/vec4 v0x5c035d081ad0_0, 0;
    %pushi/vec4 0, 0, 1;
    %assign/vec4 v0x5c035d081c70_0, 0;
T_2.3 ;
T_2.1 ;
    %jmp T_2;
    .thread T_2;
    .scope S_0x5c035d07fb60;
T_3 ;
    %wait E_0x5c035cf672f0;
    %load/vec4 v0x5c035d080bc0_0;
    %dup/vec4;
    %pushi/vec4 8, 0, 6;
    %cmp/u;
    %jmp/1 T_3.0, 6;
    %dup/vec4;
    %pushi/vec4 16, 0, 6;
    %cmp/u;
    %jmp/1 T_3.1, 6;
    %dup/vec4;
    %pushi/vec4 32, 0, 6;
    %cmp/u;
    %jmp/1 T_3.2, 6;
    %pushi/vec4 0, 0, 1;
    %store/vec4 v0x5c035d02f070_0, 0, 1;
    %jmp T_3.4;
T_3.0 ;
    %pushi/vec4 1, 0, 1;
    %store/vec4 v0x5c035d02f070_0, 0, 1;
    %jmp T_3.4;
T_3.1 ;
    %load/vec4 v0x5c035d080700_0;
    %parti/s 1, 0, 2;
    %pushi/vec4 0, 0, 1;
    %cmp/e;
    %flag_get/vec4 4;
    %store/vec4 v0x5c035d02f070_0, 0, 1;
    %jmp T_3.4;
T_3.2 ;
    %load/vec4 v0x5c035d080700_0;
    %parti/s 2, 0, 2;
    %pushi/vec4 0, 0, 2;
    %cmp/e;
    %flag_get/vec4 4;
    %store/vec4 v0x5c035d02f070_0, 0, 1;
    %jmp T_3.4;
T_3.4 ;
    %pop/vec4 1;
    %load/vec4 v0x5c035d080bc0_0;
    %dup/vec4;
    %pushi/vec4 8, 0, 6;
    %cmp/u;
    %jmp/1 T_3.5, 6;
    %dup/vec4;
    %pushi/vec4 16, 0, 6;
    %cmp/u;
    %jmp/1 T_3.6, 6;
    %dup/vec4;
    %pushi/vec4 32, 0, 6;
    %cmp/u;
    %jmp/1 T_3.7, 6;
    %pushi/vec4 0, 0, 1;
    %store/vec4 v0x5c035d0805f0_0, 0, 1;
    %jmp T_3.9;
T_3.5 ;
    %load/vec4 v0x5c035d080700_0;
    %pad/u 32;
    %cmpi/u 256, 0, 32;
    %flag_get/vec4 5;
    %store/vec4 v0x5c035d0805f0_0, 0, 1;
    %jmp T_3.9;
T_3.6 ;
    %load/vec4 v0x5c035d080700_0;
    %pad/u 32;
    %addi 1, 0, 32;
    %cmpi/u 256, 0, 32;
    %flag_get/vec4 5;
    %store/vec4 v0x5c035d0805f0_0, 0, 1;
    %jmp T_3.9;
T_3.7 ;
    %load/vec4 v0x5c035d080700_0;
    %pad/u 32;
    %addi 3, 0, 32;
    %cmpi/u 256, 0, 32;
    %flag_get/vec4 5;
    %store/vec4 v0x5c035d0805f0_0, 0, 1;
    %jmp T_3.9;
T_3.9 ;
    %pop/vec4 1;
    %jmp T_3;
    .thread T_3, $push;
    .scope S_0x5c035d07fb60;
T_4 ;
    %wait E_0x5c035cf67640;
    %fork t_1, S_0x5c035d080320;
    %jmp t_0;
    .scope S_0x5c035d080320;
t_1 ;
    %load/vec4 v0x5c035d080e40_0;
    %flag_set/vec4 8;
    %jmp/0xz  T_4.0, 8;
    %pushi/vec4 0, 0, 32;
    %store/vec4 v0x5c035d0808a0_0, 0, 32;
T_4.2 ;
    %load/vec4 v0x5c035d0808a0_0;
    %cmpi/s 256, 0, 32;
    %jmp/0xz T_4.3, 5;
    %pushi/vec4 0, 0, 8;
    %ix/getv/s 3, v0x5c035d0808a0_0;
    %ix/load 4, 0, 0; Constant delay
    %assign/vec4/a/d v0x5c035d080980, 0, 4;
    %load/vec4 v0x5c035d0808a0_0;
    %addi 1, 0, 32;
    %store/vec4 v0x5c035d0808a0_0, 0, 32;
    %jmp T_4.2;
T_4.3 ;
    %pushi/vec4 0, 0, 1;
    %assign/vec4 v0x5c035d080d80_0, 0;
    %pushi/vec4 0, 0, 32;
    %assign/vec4 v0x5c035d080ca0_0, 0;
    %jmp T_4.1;
T_4.0 ;
    %load/vec4 v0x5c035d080b00_0;
    %load/vec4 v0x5c035d080a40_0;
    %and;
    %flag_set/vec4 8;
    %jmp/0xz  T_4.4, 8;
    %load/vec4 v0x5c035d080fe0_0;
    %flag_set/vec4 8;
    %jmp/0xz  T_4.6, 8;
    %load/vec4 v0x5c035d080bc0_0;
    %dup/vec4;
    %pushi/vec4 8, 0, 6;
    %cmp/u;
    %jmp/1 T_4.8, 6;
    %dup/vec4;
    %pushi/vec4 16, 0, 6;
    %cmp/u;
    %jmp/1 T_4.9, 6;
    %dup/vec4;
    %pushi/vec4 32, 0, 6;
    %cmp/u;
    %jmp/1 T_4.10, 6;
    %jmp T_4.11;
T_4.8 ;
    %load/vec4 v0x5c035d080f00_0;
    %parti/s 8, 0, 2;
    %load/vec4 v0x5c035d080700_0;
    %pad/u 10;
    %ix/vec4 3;
    %ix/load 4, 0, 0; Constant delay
    %assign/vec4/a/d v0x5c035d080980, 0, 4;
    %jmp T_4.11;
T_4.9 ;
    %load/vec4 v0x5c035d080f00_0;
    %parti/s 8, 0, 2;
    %load/vec4 v0x5c035d080700_0;
    %pad/u 10;
    %ix/vec4 3;
    %ix/load 4, 0, 0; Constant delay
    %assign/vec4/a/d v0x5c035d080980, 0, 4;
    %load/vec4 v0x5c035d080f00_0;
    %parti/s 8, 8, 5;
    %load/vec4 v0x5c035d080700_0;
    %pad/u 33;
    %addi 1, 0, 33;
    %ix/vec4 3;
    %ix/load 4, 0, 0; Constant delay
    %assign/vec4/a/d v0x5c035d080980, 0, 4;
    %jmp T_4.11;
T_4.10 ;
    %load/vec4 v0x5c035d080f00_0;
    %parti/s 8, 0, 2;
    %load/vec4 v0x5c035d080700_0;
    %pad/u 10;
    %ix/vec4 3;
    %ix/load 4, 0, 0; Constant delay
    %assign/vec4/a/d v0x5c035d080980, 0, 4;
    %load/vec4 v0x5c035d080f00_0;
    %parti/s 8, 8, 5;
    %load/vec4 v0x5c035d080700_0;
    %pad/u 33;
    %addi 1, 0, 33;
    %ix/vec4 3;
    %ix/load 4, 0, 0; Constant delay
    %assign/vec4/a/d v0x5c035d080980, 0, 4;
    %load/vec4 v0x5c035d080f00_0;
    %parti/s 8, 16, 6;
    %load/vec4 v0x5c035d080700_0;
    %pad/u 33;
    %addi 2, 0, 33;
    %ix/vec4 3;
    %ix/load 4, 0, 0; Constant delay
    %assign/vec4/a/d v0x5c035d080980, 0, 4;
    %load/vec4 v0x5c035d080f00_0;
    %parti/s 8, 24, 6;
    %load/vec4 v0x5c035d080700_0;
    %pad/u 33;
    %addi 3, 0, 33;
    %ix/vec4 3;
    %ix/load 4, 0, 0; Constant delay
    %assign/vec4/a/d v0x5c035d080980, 0, 4;
    %jmp T_4.11;
T_4.11 ;
    %pop/vec4 1;
    %pushi/vec4 0, 0, 1;
    %assign/vec4 v0x5c035d080d80_0, 0;
    %jmp T_4.7;
T_4.6 ;
    %load/vec4 v0x5c035d080bc0_0;
    %dup/vec4;
    %pushi/vec4 8, 0, 6;
    %cmp/u;
    %jmp/1 T_4.12, 6;
    %dup/vec4;
    %pushi/vec4 16, 0, 6;
    %cmp/u;
    %jmp/1 T_4.13, 6;
    %dup/vec4;
    %pushi/vec4 32, 0, 6;
    %cmp/u;
    %jmp/1 T_4.14, 6;
    %pushi/vec4 0, 0, 32;
    %assign/vec4 v0x5c035d080ca0_0, 0;
    %jmp T_4.16;
T_4.12 ;
    %pushi/vec4 0, 0, 24;
    %load/vec4 v0x5c035d080700_0;
    %pad/u 10;
    %ix/vec4 4;
    %load/vec4a v0x5c035d080980, 4;
    %concat/vec4; draw_concat_vec4
    %assign/vec4 v0x5c035d080ca0_0, 0;
    %jmp T_4.16;
T_4.13 ;
    %pushi/vec4 0, 0, 16;
    %load/vec4 v0x5c035d080700_0;
    %pad/u 33;
    %addi 1, 0, 33;
    %ix/vec4 4;
    %load/vec4a v0x5c035d080980, 4;
    %concat/vec4; draw_concat_vec4
    %load/vec4 v0x5c035d080700_0;
    %pad/u 10;
    %ix/vec4 4;
    %load/vec4a v0x5c035d080980, 4;
    %concat/vec4; draw_concat_vec4
    %assign/vec4 v0x5c035d080ca0_0, 0;
    %jmp T_4.16;
T_4.14 ;
    %load/vec4 v0x5c035d080700_0;
    %pad/u 33;
    %addi 3, 0, 33;
    %ix/vec4 4;
    %load/vec4a v0x5c035d080980, 4;
    %load/vec4 v0x5c035d080700_0;
    %pad/u 33;
    %addi 2, 0, 33;
    %ix/vec4 4;
    %load/vec4a v0x5c035d080980, 4;
    %concat/vec4; draw_concat_vec4
    %load/vec4 v0x5c035d080700_0;
    %pad/u 33;
    %addi 1, 0, 33;
    %ix/vec4 4;
    %load/vec4a v0x5c035d080980, 4;
    %concat/vec4; draw_concat_vec4
    %load/vec4 v0x5c035d080700_0;
    %pad/u 10;
    %ix/vec4 4;
    %load/vec4a v0x5c035d080980, 4;
    %concat/vec4; draw_concat_vec4
    %assign/vec4 v0x5c035d080ca0_0, 0;
    %jmp T_4.16;
T_4.16 ;
    %pop/vec4 1;
    %pushi/vec4 1, 0, 1;
    %assign/vec4 v0x5c035d080d80_0, 0;
T_4.7 ;
    %jmp T_4.5;
T_4.4 ;
    %pushi/vec4 0, 0, 1;
    %assign/vec4 v0x5c035d080d80_0, 0;
T_4.5 ;
T_4.1 ;
    %end;
    .scope S_0x5c035d07fb60;
t_0 %join;
    %jmp T_4;
    .thread T_4;
    .scope S_0x5c035d093960;
T_5 ;
Ewait_0 .event/or E_0x5c035d093c60, E_0x0;
    %wait Ewait_0;
    %load/vec4 v0x5c035d093ec0_0;
    %flag_set/vec4 8;
    %jmp/0xz  T_5.0, 8;
    %load/vec4 v0x5c035d093fc0_0;
    %store/vec4 v0x5c035d093ce0_0, 0, 32;
    %jmp T_5.1;
T_5.0 ;
    %load/vec4 v0x5c035d093de0_0;
    %addi 4, 0, 32;
    %store/vec4 v0x5c035d093ce0_0, 0, 32;
T_5.1 ;
    %jmp T_5;
    .thread T_5, $push;
    .scope S_0x5c035d094100;
T_6 ;
    %wait E_0x5c035cf67640;
    %load/vec4 v0x5c035d0946e0_0;
    %flag_set/vec4 8;
    %jmp/0xz  T_6.0, 8;
    %pushi/vec4 0, 0, 32;
    %assign/vec4 v0x5c035d0945e0_0, 0;
    %jmp T_6.1;
T_6.0 ;
    %load/vec4 v0x5c035d094780_0;
    %nor/r;
    %flag_set/vec4 8;
    %jmp/0xz  T_6.2, 8;
    %load/vec4 v0x5c035d0944f0_0;
    %assign/vec4 v0x5c035d0945e0_0, 0;
T_6.2 ;
T_6.1 ;
    %jmp T_6;
    .thread T_6;
    .scope S_0x5c035d093520;
T_7 ;
    %wait E_0x5c035cf67640;
    %load/vec4 v0x5c035d095790_0;
    %flag_set/vec4 8;
    %jmp/0xz  T_7.0, 8;
    %pushi/vec4 0, 0, 32;
    %assign/vec4 v0x5c035d094a90_0, 0;
    %jmp T_7.1;
T_7.0 ;
    %load/vec4 v0x5c035d095830_0;
    %nor/r;
    %load/vec4 v0x5c035d094f50_0;
    %and;
    %flag_set/vec4 8;
    %jmp/0xz  T_7.2, 8;
    %load/vec4 v0x5c035d095260_0;
    %assign/vec4 v0x5c035d094a90_0, 0;
T_7.2 ;
T_7.1 ;
    %jmp T_7;
    .thread T_7;
    .scope S_0x5c035d093520;
T_8 ;
    %wait E_0x5c035cf67640;
    %load/vec4 v0x5c035d095790_0;
    %flag_set/vec4 8;
    %jmp/0xz  T_8.0, 8;
    %pushi/vec4 0, 0, 1;
    %assign/vec4 v0x5c035d0954d0_0, 0;
    %pushi/vec4 0, 0, 32;
    %assign/vec4 v0x5c035d094cf0_0, 0;
    %pushi/vec4 0, 0, 32;
    %assign/vec4 v0x5c035d094c00_0, 0;
    %pushi/vec4 0, 0, 1;
    %assign/vec4 v0x5c035d094db0_0, 0;
    %jmp T_8.1;
T_8.0 ;
    %load/vec4 v0x5c035d0950f0_0;
    %load/vec4 v0x5c035d095830_0;
    %and;
    %flag_set/vec4 8;
    %jmp/0xz  T_8.2, 8;
    %pushi/vec4 1, 0, 1;
    %assign/vec4 v0x5c035d0954d0_0, 0;
    %load/vec4 v0x5c035d095020_0;
    %assign/vec4 v0x5c035d095350_0, 0;
    %load/vec4 v0x5c035d094a90_0;
    %assign/vec4 v0x5c035d0953f0_0, 0;
T_8.2 ;
    %load/vec4 v0x5c035d095830_0;
    %nor/r;
    %flag_set/vec4 8;
    %jmp/0xz  T_8.4, 8;
    %load/vec4 v0x5c035d0954d0_0;
    %flag_set/vec4 8;
    %jmp/0xz  T_8.6, 8;
    %load/vec4 v0x5c035d0953f0_0;
    %assign/vec4 v0x5c035d094cf0_0, 0;
    %load/vec4 v0x5c035d095350_0;
    %assign/vec4 v0x5c035d094c00_0, 0;
    %pushi/vec4 1, 0, 1;
    %assign/vec4 v0x5c035d094db0_0, 0;
    %pushi/vec4 0, 0, 1;
    %assign/vec4 v0x5c035d0954d0_0, 0;
    %jmp T_8.7;
T_8.6 ;
    %load/vec4 v0x5c035d0950f0_0;
    %flag_set/vec4 8;
    %jmp/0xz  T_8.8, 8;
    %load/vec4 v0x5c035d094a90_0;
    %assign/vec4 v0x5c035d094cf0_0, 0;
    %load/vec4 v0x5c035d095020_0;
    %assign/vec4 v0x5c035d094c00_0, 0;
    %pushi/vec4 1, 0, 1;
    %assign/vec4 v0x5c035d094db0_0, 0;
    %jmp T_8.9;
T_8.8 ;
    %pushi/vec4 0, 0, 1;
    %assign/vec4 v0x5c035d094db0_0, 0;
T_8.9 ;
T_8.7 ;
    %jmp T_8.5;
T_8.4 ;
    %pushi/vec4 0, 0, 1;
    %assign/vec4 v0x5c035d094db0_0, 0;
T_8.5 ;
T_8.1 ;
    %jmp T_8;
    .thread T_8;
    .scope S_0x5c035d08bf00;
T_9 ;
Ewait_1 .event/or E_0x5c035d08c240, E_0x0;
    %wait Ewait_1;
    %fork t_3, S_0x5c035d08c2c0;
    %jmp t_2;
    .scope S_0x5c035d08c2c0;
t_3 ;
    %pushi/vec4 0, 0, 4;
    %store/vec4 v0x5c035d08c4c0_0, 0, 4;
    %pushi/vec4 0, 0, 1;
    %store/vec4 v0x5c035d08c5c0_0, 0, 1;
    %pushi/vec4 1, 0, 1;
    %store/vec4 v0x5c035d08cf20_0, 0, 1;
    %pushi/vec4 0, 0, 1;
    %store/vec4 v0x5c035d08ce60_0, 0, 1;
    %pushi/vec4 0, 0, 1;
    %store/vec4 v0x5c035d08cb00_0, 0, 1;
    %pushi/vec4 32, 0, 6;
    %store/vec4 v0x5c035d08cbc0_0, 0, 6;
    %pushi/vec4 0, 0, 1;
    %store/vec4 v0x5c035d08ca40_0, 0, 1;
    %pushi/vec4 0, 0, 1;
    %store/vec4 v0x5c035d08c980_0, 0, 1;
    %pushi/vec4 0, 0, 3;
    %store/vec4 v0x5c035d08cd80_0, 0, 3;
    %pushi/vec4 7, 0, 3;
    %store/vec4 v0x5c035d08c850_0, 0, 3;
    %load/vec4 v0x5c035d08cca0_0;
    %cmpi/e 3, 0, 7;
    %flag_mov 8, 4;
    %load/vec4 v0x5c035d08cca0_0;
    %cmpi/e 35, 0, 7;
    %flag_or 4, 8;
    %jmp/0xz  T_9.0, 4;
    %load/vec4 v0x5c035d08c680_0;
    %dup/vec4;
    %pushi/vec4 0, 0, 3;
    %cmp/u;
    %jmp/1 T_9.2, 6;
    %dup/vec4;
    %pushi/vec4 1, 0, 3;
    %cmp/u;
    %jmp/1 T_9.3, 6;
    %dup/vec4;
    %pushi/vec4 2, 0, 3;
    %cmp/u;
    %jmp/1 T_9.4, 6;
    %dup/vec4;
    %pushi/vec4 4, 0, 3;
    %cmp/u;
    %jmp/1 T_9.5, 6;
    %dup/vec4;
    %pushi/vec4 5, 0, 3;
    %cmp/u;
    %jmp/1 T_9.6, 6;
    %pushi/vec4 32, 0, 6;
    %store/vec4 v0x5c035d08cbc0_0, 0, 6;
    %jmp T_9.8;
T_9.2 ;
    %pushi/vec4 8, 0, 6;
    %store/vec4 v0x5c035d08cbc0_0, 0, 6;
    %jmp T_9.8;
T_9.3 ;
    %pushi/vec4 16, 0, 6;
    %store/vec4 v0x5c035d08cbc0_0, 0, 6;
    %jmp T_9.8;
T_9.4 ;
    %pushi/vec4 32, 0, 6;
    %store/vec4 v0x5c035d08cbc0_0, 0, 6;
    %jmp T_9.8;
T_9.5 ;
    %pushi/vec4 8, 0, 6;
    %store/vec4 v0x5c035d08cbc0_0, 0, 6;
    %jmp T_9.8;
T_9.6 ;
    %pushi/vec4 16, 0, 6;
    %store/vec4 v0x5c035d08cbc0_0, 0, 6;
    %jmp T_9.8;
T_9.8 ;
    %pop/vec4 1;
T_9.0 ;
    %load/vec4 v0x5c035d08cca0_0;
    %cmpi/e 111, 0, 7;
    %flag_mov 8, 4;
    %load/vec4 v0x5c035d08cca0_0;
    %cmpi/e 103, 0, 7;
    %flag_or 4, 8;
    %jmp/0xz  T_9.9, 4;
    %pushi/vec4 1, 0, 1;
    %store/vec4 v0x5c035d08ca40_0, 0, 1;
T_9.9 ;
    %load/vec4 v0x5c035d08cca0_0;
    %cmpi/e 99, 0, 7;
    %jmp/0xz  T_9.11, 4;
    %pushi/vec4 1, 0, 1;
    %store/vec4 v0x5c035d08c980_0, 0, 1;
T_9.11 ;
    %load/vec4 v0x5c035d08cca0_0;
    %pushi/vec4 51, 0, 7;
    %cmp/e;
    %flag_get/vec4 4;
    %load/vec4 v0x5c035d08c680_0;
    %pushi/vec4 0, 0, 3;
    %cmp/e;
    %flag_get/vec4 4;
    %and;
    %load/vec4 v0x5c035d08c770_0;
    %pushi/vec4 32, 0, 7;
    %cmp/e;
    %flag_get/vec4 4;
    %and;
    %flag_set/vec4 8;
    %jmp/0xz  T_9.13, 8;
    %pushi/vec4 2, 0, 4;
    %store/vec4 v0x5c035d08c4c0_0, 0, 4;
    %jmp T_9.14;
T_9.13 ;
    %load/vec4 v0x5c035d08cca0_0;
    %pushi/vec4 19, 0, 7;
    %cmp/e;
    %flag_get/vec4 4;
    %load/vec4 v0x5c035d08c680_0;
    %pushi/vec4 2, 0, 3;
    %cmp/e;
    %flag_get/vec4 4;
    %and;
    %flag_set/vec4 8;
    %load/vec4 v0x5c035d08cca0_0;
    %pushi/vec4 51, 0, 7;
    %cmp/e;
    %flag_get/vec4 4;
    %load/vec4 v0x5c035d08c680_0;
    %pushi/vec4 2, 0, 3;
    %cmp/e;
    %flag_get/vec4 4;
    %and;
    %flag_set/vec4 9;
    %flag_or 9, 8;
    %jmp/0xz  T_9.15, 9;
    %pushi/vec4 9, 0, 4;
    %store/vec4 v0x5c035d08c4c0_0, 0, 4;
    %jmp T_9.16;
T_9.15 ;
    %load/vec4 v0x5c035d08cca0_0;
    %pushi/vec4 19, 0, 7;
    %cmp/e;
    %flag_get/vec4 4;
    %load/vec4 v0x5c035d08c680_0;
    %pushi/vec4 3, 0, 3;
    %cmp/e;
    %flag_get/vec4 4;
    %and;
    %flag_set/vec4 8;
    %load/vec4 v0x5c035d08cca0_0;
    %pushi/vec4 51, 0, 7;
    %cmp/e;
    %flag_get/vec4 4;
    %load/vec4 v0x5c035d08c680_0;
    %pushi/vec4 3, 0, 3;
    %cmp/e;
    %flag_get/vec4 4;
    %and;
    %flag_set/vec4 9;
    %flag_or 9, 8;
    %jmp/0xz  T_9.17, 9;
    %pushi/vec4 10, 0, 4;
    %store/vec4 v0x5c035d08c4c0_0, 0, 4;
    %jmp T_9.18;
T_9.17 ;
    %load/vec4 v0x5c035d08cca0_0;
    %pushi/vec4 19, 0, 7;
    %cmp/e;
    %flag_get/vec4 4;
    %load/vec4 v0x5c035d08c680_0;
    %pushi/vec4 7, 0, 3;
    %cmp/e;
    %flag_get/vec4 4;
    %and;
    %flag_set/vec4 8;
    %load/vec4 v0x5c035d08cca0_0;
    %pushi/vec4 51, 0, 7;
    %cmp/e;
    %flag_get/vec4 4;
    %load/vec4 v0x5c035d08c680_0;
    %pushi/vec4 7, 0, 3;
    %cmp/e;
    %flag_get/vec4 4;
    %and;
    %flag_set/vec4 9;
    %flag_or 9, 8;
    %jmp/0xz  T_9.19, 9;
    %pushi/vec4 3, 0, 4;
    %store/vec4 v0x5c035d08c4c0_0, 0, 4;
    %jmp T_9.20;
T_9.19 ;
    %load/vec4 v0x5c035d08cca0_0;
    %pushi/vec4 19, 0, 7;
    %cmp/e;
    %flag_get/vec4 4;
    %load/vec4 v0x5c035d08c680_0;
    %pushi/vec4 6, 0, 3;
    %cmp/e;
    %flag_get/vec4 4;
    %and;
    %flag_set/vec4 8;
    %load/vec4 v0x5c035d08cca0_0;
    %pushi/vec4 51, 0, 7;
    %cmp/e;
    %flag_get/vec4 4;
    %load/vec4 v0x5c035d08c680_0;
    %pushi/vec4 6, 0, 3;
    %cmp/e;
    %flag_get/vec4 4;
    %and;
    %flag_set/vec4 9;
    %flag_or 9, 8;
    %jmp/0xz  T_9.21, 9;
    %pushi/vec4 4, 0, 4;
    %store/vec4 v0x5c035d08c4c0_0, 0, 4;
    %jmp T_9.22;
T_9.21 ;
    %load/vec4 v0x5c035d08cca0_0;
    %pushi/vec4 19, 0, 7;
    %cmp/e;
    %flag_get/vec4 4;
    %load/vec4 v0x5c035d08c680_0;
    %pushi/vec4 4, 0, 3;
    %cmp/e;
    %flag_get/vec4 4;
    %and;
    %flag_set/vec4 8;
    %load/vec4 v0x5c035d08cca0_0;
    %pushi/vec4 51, 0, 7;
    %cmp/e;
    %flag_get/vec4 4;
    %load/vec4 v0x5c035d08c680_0;
    %pushi/vec4 4, 0, 3;
    %cmp/e;
    %flag_get/vec4 4;
    %and;
    %flag_set/vec4 9;
    %flag_or 9, 8;
    %jmp/0xz  T_9.23, 9;
    %pushi/vec4 5, 0, 4;
    %store/vec4 v0x5c035d08c4c0_0, 0, 4;
    %jmp T_9.24;
T_9.23 ;
    %load/vec4 v0x5c035d08cca0_0;
    %pushi/vec4 19, 0, 7;
    %cmp/e;
    %flag_get/vec4 4;
    %load/vec4 v0x5c035d08c680_0;
    %pushi/vec4 1, 0, 3;
    %cmp/e;
    %flag_get/vec4 4;
    %and;
    %flag_set/vec4 8;
    %load/vec4 v0x5c035d08cca0_0;
    %pushi/vec4 51, 0, 7;
    %cmp/e;
    %flag_get/vec4 4;
    %load/vec4 v0x5c035d08c680_0;
    %pushi/vec4 1, 0, 3;
    %cmp/e;
    %flag_get/vec4 4;
    %and;
    %flag_set/vec4 9;
    %flag_or 9, 8;
    %jmp/0xz  T_9.25, 9;
    %pushi/vec4 6, 0, 4;
    %store/vec4 v0x5c035d08c4c0_0, 0, 4;
    %jmp T_9.26;
T_9.25 ;
    %load/vec4 v0x5c035d08cca0_0;
    %pushi/vec4 19, 0, 7;
    %cmp/e;
    %flag_get/vec4 4;
    %load/vec4 v0x5c035d08c680_0;
    %pushi/vec4 5, 0, 3;
    %cmp/e;
    %flag_get/vec4 4;
    %and;
    %flag_set/vec4 8;
    %load/vec4 v0x5c035d08cca0_0;
    %pushi/vec4 51, 0, 7;
    %cmp/e;
    %flag_get/vec4 4;
    %load/vec4 v0x5c035d08c680_0;
    %pushi/vec4 5, 0, 3;
    %cmp/e;
    %flag_get/vec4 4;
    %and;
    %flag_set/vec4 9;
    %flag_or 9, 8;
    %jmp/0xz  T_9.27, 9;
    %load/vec4 v0x5c035d08c770_0;
    %cmpi/e 32, 0, 7;
    %flag_mov 8, 4;
    %jmp/0 T_9.29, 8;
    %pushi/vec4 8, 0, 4;
    %jmp/1 T_9.30, 8;
T_9.29 ; End of true expr.
    %pushi/vec4 7, 0, 4;
    %jmp/0 T_9.30, 8;
 ; End of false expr.
    %blend;
T_9.30;
    %store/vec4 v0x5c035d08c4c0_0, 0, 4;
T_9.27 ;
T_9.26 ;
T_9.24 ;
T_9.22 ;
T_9.20 ;
T_9.18 ;
T_9.16 ;
T_9.14 ;
    %load/vec4 v0x5c035d08cca0_0;
    %pushi/vec4 19, 0, 7;
    %cmp/e;
    %flag_get/vec4 4;
    %load/vec4 v0x5c035d08cca0_0;
    %pushi/vec4 3, 0, 7;
    %cmp/e;
    %flag_get/vec4 4;
    %or;
    %load/vec4 v0x5c035d08cca0_0;
    %pushi/vec4 35, 0, 7;
    %cmp/e;
    %flag_get/vec4 4;
    %or;
    %load/vec4 v0x5c035d08cca0_0;
    %pushi/vec4 103, 0, 7;
    %cmp/e;
    %flag_get/vec4 4;
    %or;
    %store/vec4 v0x5c035d08c5c0_0, 0, 1;
    %load/vec4 v0x5c035d08cca0_0;
    %cmpi/e 99, 0, 7;
    %flag_mov 8, 4;
    %load/vec4 v0x5c035d08cca0_0;
    %cmpi/e 35, 0, 7;
    %flag_or 4, 8;
    %jmp/0xz  T_9.31, 4;
    %pushi/vec4 0, 0, 1;
    %store/vec4 v0x5c035d08cf20_0, 0, 1;
T_9.31 ;
    %load/vec4 v0x5c035d08cca0_0;
    %pushi/vec4 35, 0, 7;
    %cmp/e;
    %flag_get/vec4 4;
    %store/vec4 v0x5c035d08ce60_0, 0, 1;
    %load/vec4 v0x5c035d08cca0_0;
    %pushi/vec4 3, 0, 7;
    %cmp/e;
    %flag_get/vec4 4;
    %load/vec4 v0x5c035d08cca0_0;
    %pushi/vec4 35, 0, 7;
    %cmp/e;
    %flag_get/vec4 4;
    %or;
    %store/vec4 v0x5c035d08cb00_0, 0, 1;
    %load/vec4 v0x5c035d08cca0_0;
    %cmpi/e 23, 0, 7;
    %jmp/0xz  T_9.33, 4;
    %pushi/vec4 1, 0, 3;
    %store/vec4 v0x5c035d08cd80_0, 0, 3;
    %jmp T_9.34;
T_9.33 ;
    %load/vec4 v0x5c035d08cca0_0;
    %cmpi/e 111, 0, 7;
    %flag_mov 8, 4;
    %load/vec4 v0x5c035d08cca0_0;
    %cmpi/e 103, 0, 7;
    %flag_or 4, 8;
    %jmp/0xz  T_9.35, 4;
    %pushi/vec4 2, 0, 3;
    %store/vec4 v0x5c035d08cd80_0, 0, 3;
    %jmp T_9.36;
T_9.35 ;
    %load/vec4 v0x5c035d08cca0_0;
    %cmpi/e 55, 0, 7;
    %jmp/0xz  T_9.37, 4;
    %pushi/vec4 3, 0, 3;
    %store/vec4 v0x5c035d08cd80_0, 0, 3;
    %jmp T_9.38;
T_9.37 ;
    %load/vec4 v0x5c035d08cca0_0;
    %cmpi/e 3, 0, 7;
    %jmp/0xz  T_9.39, 4;
    %pushi/vec4 4, 0, 3;
    %store/vec4 v0x5c035d08cd80_0, 0, 3;
T_9.39 ;
T_9.38 ;
T_9.36 ;
T_9.34 ;
    %load/vec4 v0x5c035d08cca0_0;
    %cmpi/e 55, 0, 7;
    %flag_mov 8, 4;
    %load/vec4 v0x5c035d08cca0_0;
    %cmpi/e 23, 0, 7;
    %flag_or 4, 8;
    %jmp/0xz  T_9.41, 4;
    %pushi/vec4 3, 0, 3;
    %store/vec4 v0x5c035d08c850_0, 0, 3;
    %jmp T_9.42;
T_9.41 ;
    %load/vec4 v0x5c035d08cca0_0;
    %cmpi/e 111, 0, 7;
    %jmp/0xz  T_9.43, 4;
    %pushi/vec4 4, 0, 3;
    %store/vec4 v0x5c035d08c850_0, 0, 3;
    %jmp T_9.44;
T_9.43 ;
    %load/vec4 v0x5c035d08cca0_0;
    %cmpi/e 99, 0, 7;
    %jmp/0xz  T_9.45, 4;
    %pushi/vec4 2, 0, 3;
    %store/vec4 v0x5c035d08c850_0, 0, 3;
    %jmp T_9.46;
T_9.45 ;
    %load/vec4 v0x5c035d08cca0_0;
    %cmpi/e 35, 0, 7;
    %jmp/0xz  T_9.47, 4;
    %pushi/vec4 1, 0, 3;
    %store/vec4 v0x5c035d08c850_0, 0, 3;
    %jmp T_9.48;
T_9.47 ;
    %load/vec4 v0x5c035d08cca0_0;
    %cmpi/e 19, 0, 7;
    %flag_mov 8, 4;
    %load/vec4 v0x5c035d08cca0_0;
    %cmpi/e 3, 0, 7;
    %flag_or 4, 8;
    %flag_mov 8, 4;
    %load/vec4 v0x5c035d08cca0_0;
    %cmpi/e 103, 0, 7;
    %flag_or 4, 8;
    %jmp/0xz  T_9.49, 4;
    %pushi/vec4 0, 0, 3;
    %store/vec4 v0x5c035d08c850_0, 0, 3;
T_9.49 ;
T_9.48 ;
T_9.46 ;
T_9.44 ;
T_9.42 ;
    %end;
    .scope S_0x5c035d08bf00;
t_2 %join;
    %jmp T_9;
    .thread T_9, $push;
    .scope S_0x5c035d08dd40;
T_10 ;
    %wait E_0x5c035d08dfd0;
    %fork t_5, S_0x5c035d08e030;
    %jmp t_4;
    .scope S_0x5c035d08e030;
t_5 ;
    %load/vec4 v0x5c035d08ea70_0;
    %parti/s 1, 31, 6;
    %replicate 20;
    %load/vec4 v0x5c035d08ea70_0;
    %parti/s 12, 20, 6;
    %concat/vec4; draw_concat_vec4
    %store/vec4 v0x5c035d08e510_0, 0, 32;
    %load/vec4 v0x5c035d08ea70_0;
    %parti/s 1, 31, 6;
    %replicate 20;
    %load/vec4 v0x5c035d08ea70_0;
    %parti/s 7, 25, 6;
    %concat/vec4; draw_concat_vec4
    %load/vec4 v0x5c035d08ea70_0;
    %parti/s 5, 7, 4;
    %concat/vec4; draw_concat_vec4
    %store/vec4 v0x5c035d08e7c0_0, 0, 32;
    %load/vec4 v0x5c035d08ea70_0;
    %parti/s 1, 31, 6;
    %replicate 19;
    %load/vec4 v0x5c035d08ea70_0;
    %parti/s 1, 31, 6;
    %concat/vec4; draw_concat_vec4
    %load/vec4 v0x5c035d08ea70_0;
    %parti/s 1, 7, 4;
    %concat/vec4; draw_concat_vec4
    %load/vec4 v0x5c035d08ea70_0;
    %parti/s 6, 25, 6;
    %concat/vec4; draw_concat_vec4
    %load/vec4 v0x5c035d08ea70_0;
    %parti/s 4, 8, 5;
    %concat/vec4; draw_concat_vec4
    %concati/vec4 0, 0, 1;
    %store/vec4 v0x5c035d08e430_0, 0, 32;
    %load/vec4 v0x5c035d08ea70_0;
    %parti/s 20, 12, 5;
    %concati/vec4 0, 0, 12;
    %store/vec4 v0x5c035d08e9b0_0, 0, 32;
    %load/vec4 v0x5c035d08ea70_0;
    %parti/s 1, 31, 6;
    %replicate 11;
    %load/vec4 v0x5c035d08ea70_0;
    %parti/s 1, 31, 6;
    %concat/vec4; draw_concat_vec4
    %load/vec4 v0x5c035d08ea70_0;
    %parti/s 8, 12, 5;
    %concat/vec4; draw_concat_vec4
    %load/vec4 v0x5c035d08ea70_0;
    %parti/s 1, 20, 6;
    %concat/vec4; draw_concat_vec4
    %load/vec4 v0x5c035d08ea70_0;
    %parti/s 10, 21, 6;
    %concat/vec4; draw_concat_vec4
    %concati/vec4 0, 0, 1;
    %store/vec4 v0x5c035d08e5f0_0, 0, 32;
    %end;
    .scope S_0x5c035d08dd40;
t_4 %join;
    %jmp T_10;
    .thread T_10, $push;
    .scope S_0x5c035d08dd40;
T_11 ;
    %wait E_0x5c035d08d330;
    %fork t_7, S_0x5c035d08e230;
    %jmp t_6;
    .scope S_0x5c035d08e230;
t_7 ;
    %load/vec4 v0x5c035d08e8f0_0;
    %dup/vec4;
    %pushi/vec4 0, 0, 3;
    %cmp/u;
    %jmp/1 T_11.0, 6;
    %dup/vec4;
    %pushi/vec4 1, 0, 3;
    %cmp/u;
    %jmp/1 T_11.1, 6;
    %dup/vec4;
    %pushi/vec4 2, 0, 3;
    %cmp/u;
    %jmp/1 T_11.2, 6;
    %dup/vec4;
    %pushi/vec4 3, 0, 3;
    %cmp/u;
    %jmp/1 T_11.3, 6;
    %dup/vec4;
    %pushi/vec4 4, 0, 3;
    %cmp/u;
    %jmp/1 T_11.4, 6;
    %pushi/vec4 0, 0, 32;
    %store/vec4 v0x5c035d08e6e0_0, 0, 32;
    %jmp T_11.6;
T_11.0 ;
    %load/vec4 v0x5c035d08e510_0;
    %store/vec4 v0x5c035d08e6e0_0, 0, 32;
    %jmp T_11.6;
T_11.1 ;
    %load/vec4 v0x5c035d08e7c0_0;
    %store/vec4 v0x5c035d08e6e0_0, 0, 32;
    %jmp T_11.6;
T_11.2 ;
    %load/vec4 v0x5c035d08e430_0;
    %store/vec4 v0x5c035d08e6e0_0, 0, 32;
    %jmp T_11.6;
T_11.3 ;
    %load/vec4 v0x5c035d08e9b0_0;
    %store/vec4 v0x5c035d08e6e0_0, 0, 32;
    %jmp T_11.6;
T_11.4 ;
    %load/vec4 v0x5c035d08e5f0_0;
    %store/vec4 v0x5c035d08e6e0_0, 0, 32;
    %jmp T_11.6;
T_11.6 ;
    %pop/vec4 1;
    %end;
    .scope S_0x5c035d08dd40;
t_6 %join;
    %jmp T_11;
    .thread T_11, $push;
    .scope S_0x5c035d08ebc0;
T_12 ;
    %wait E_0x5c035cf67640;
    %fork t_9, S_0x5c035d08f030;
    %jmp t_8;
    .scope S_0x5c035d08f030;
t_9 ;
    %load/vec4 v0x5c035d090780_0;
    %flag_set/vec4 8;
    %jmp/0xz  T_12.0, 8;
    %pushi/vec4 0, 0, 32;
    %store/vec4 v0x5c035d0900f0_0, 0, 32;
T_12.2 ;
    %load/vec4 v0x5c035d0900f0_0;
    %cmpi/s 32, 0, 32;
    %jmp/0xz T_12.3, 5;
    %pushi/vec4 0, 0, 32;
    %ix/getv/s 3, v0x5c035d0900f0_0;
    %ix/load 4, 0, 0; Constant delay
    %assign/vec4/a/d v0x5c035d090390, 0, 4;
    %load/vec4 v0x5c035d0900f0_0;
    %addi 1, 0, 32;
    %store/vec4 v0x5c035d0900f0_0, 0, 32;
    %jmp T_12.2;
T_12.3 ;
    %jmp T_12.1;
T_12.0 ;
    %load/vec4 v0x5c035d090820_0;
    %load/vec4 v0x5c035d0901d0_0;
    %pad/u 32;
    %pushi/vec4 0, 0, 32;
    %cmp/ne;
    %flag_get/vec4 4;
    %and;
    %flag_set/vec4 8;
    %jmp/0xz  T_12.4, 8;
    %load/vec4 v0x5c035d0902b0_0;
    %load/vec4 v0x5c035d0901d0_0;
    %pad/u 7;
    %ix/vec4 3;
    %ix/load 4, 0, 0; Constant delay
    %assign/vec4/a/d v0x5c035d090390, 0, 4;
T_12.4 ;
T_12.1 ;
    %end;
    .scope S_0x5c035d08ebc0;
t_8 %join;
    %jmp T_12;
    .thread T_12;
    .scope S_0x5c035d08b910;
T_13 ;
    %wait E_0x5c035cf67640;
    %fork t_11, S_0x5c035d08db60;
    %jmp t_10;
    .scope S_0x5c035d08db60;
t_11 ;
    %load/vec4 v0x5c035d092cb0_0;
    %flag_set/vec4 8;
    %load/vec4 v0x5c035d090cb0_0;
    %flag_set/vec4 9;
    %flag_or 9, 8;
    %jmp/0xz  T_13.0, 9;
    %pushi/vec4 0, 0, 32;
    %assign/vec4 v0x5c035d0916c0_0, 0;
    %pushi/vec4 0, 0, 32;
    %assign/vec4 v0x5c035d090ee0_0, 0;
    %pushi/vec4 0, 0, 32;
    %assign/vec4 v0x5c035d090fa0_0, 0;
    %pushi/vec4 0, 0, 32;
    %assign/vec4 v0x5c035d091210_0, 0;
    %pushi/vec4 0, 0, 5;
    %assign/vec4 v0x5c035d091a40_0, 0;
    %pushi/vec4 0, 0, 5;
    %assign/vec4 v0x5c035d091b30_0, 0;
    %pushi/vec4 0, 0, 5;
    %assign/vec4 v0x5c035d0918a0_0, 0;
    %pushi/vec4 0, 0, 4;
    %assign/vec4 v0x5c035d091040_0, 0;
    %pushi/vec4 0, 0, 1;
    %assign/vec4 v0x5c035d091170_0, 0;
    %pushi/vec4 0, 0, 1;
    %assign/vec4 v0x5c035d091d60_0, 0;
    %pushi/vec4 0, 0, 1;
    %assign/vec4 v0x5c035d091cc0_0, 0;
    %pushi/vec4 0, 0, 1;
    %assign/vec4 v0x5c035d091520_0, 0;
    %pushi/vec4 0, 0, 6;
    %assign/vec4 v0x5c035d0915f0_0, 0;
    %pushi/vec4 0, 0, 1;
    %assign/vec4 v0x5c035d091450_0, 0;
    %pushi/vec4 0, 0, 1;
    %assign/vec4 v0x5c035d091380_0, 0;
    %pushi/vec4 0, 0, 3;
    %assign/vec4 v0x5c035d091970_0, 0;
    %pushi/vec4 0, 0, 3;
    %assign/vec4 v0x5c035d0912b0_0, 0;
    %pushi/vec4 0, 0, 1;
    %assign/vec4 v0x5c035d091c20_0, 0;
    %jmp T_13.1;
T_13.0 ;
    %load/vec4 v0x5c035d092d50_0;
    %nor/r;
    %load/vec4 v0x5c035d091fc0_0;
    %and;
    %flag_set/vec4 8;
    %jmp/0xz  T_13.2, 8;
    %load/vec4 v0x5c035d091f20_0;
    %assign/vec4 v0x5c035d0916c0_0, 0;
    %load/vec4 v0x5c035d092a60_0;
    %assign/vec4 v0x5c035d090ee0_0, 0;
    %load/vec4 v0x5c035d092bf0_0;
    %assign/vec4 v0x5c035d090fa0_0, 0;
    %load/vec4 v0x5c035d092060_0;
    %assign/vec4 v0x5c035d091210_0, 0;
    %load/vec4 v0x5c035d092970_0;
    %assign/vec4 v0x5c035d091a40_0, 0;
    %load/vec4 v0x5c035d092b00_0;
    %assign/vec4 v0x5c035d091b30_0, 0;
    %load/vec4 v0x5c035d092800_0;
    %assign/vec4 v0x5c035d0918a0_0, 0;
    %load/vec4 v0x5c035d090a00_0;
    %assign/vec4 v0x5c035d091040_0, 0;
    %load/vec4 v0x5c035d090b10_0;
    %assign/vec4 v0x5c035d091170_0, 0;
    %load/vec4 v0x5c035d093150_0;
    %assign/vec4 v0x5c035d091d60_0, 0;
    %load/vec4 v0x5c035d093080_0;
    %assign/vec4 v0x5c035d091cc0_0, 0;
    %load/vec4 v0x5c035d092360_0;
    %assign/vec4 v0x5c035d091520_0, 0;
    %load/vec4 v0x5c035d092430_0;
    %assign/vec4 v0x5c035d0915f0_0, 0;
    %load/vec4 v0x5c035d092290_0;
    %assign/vec4 v0x5c035d091450_0, 0;
    %load/vec4 v0x5c035d0921f0_0;
    %assign/vec4 v0x5c035d091380_0, 0;
    %load/vec4 v0x5c035d0928a0_0;
    %assign/vec4 v0x5c035d091970_0, 0;
    %load/vec4 v0x5c035d092100_0;
    %assign/vec4 v0x5c035d0912b0_0, 0;
    %pushi/vec4 1, 0, 1;
    %assign/vec4 v0x5c035d091c20_0, 0;
T_13.2 ;
T_13.1 ;
    %end;
    .scope S_0x5c035d08b910;
t_10 %join;
    %jmp T_13;
    .thread T_13;
    .scope S_0x5c035d083aa0;
T_14 ;
Ewait_2 .event/or E_0x5c035d084050, E_0x0;
    %wait Ewait_2;
    %pushi/vec4 0, 0, 2;
    %store/vec4 v0x5c035d087300_0, 0, 2;
    %pushi/vec4 0, 0, 2;
    %store/vec4 v0x5c035d0873e0_0, 0, 2;
    %load/vec4 v0x5c035d087180_0;
    %flag_set/vec4 8;
    %jmp/0xz  T_14.0, 8;
    %pushi/vec4 1, 0, 2;
    %store/vec4 v0x5c035d087300_0, 0, 2;
    %jmp T_14.1;
T_14.0 ;
    %load/vec4 v0x5c035d087680_0;
    %flag_set/vec4 8;
    %jmp/0xz  T_14.2, 8;
    %pushi/vec4 2, 0, 2;
    %store/vec4 v0x5c035d087300_0, 0, 2;
    %jmp T_14.3;
T_14.2 ;
    %pushi/vec4 0, 0, 2;
    %store/vec4 v0x5c035d087300_0, 0, 2;
T_14.3 ;
T_14.1 ;
    %load/vec4 v0x5c035d087240_0;
    %flag_set/vec4 8;
    %jmp/0xz  T_14.4, 8;
    %pushi/vec4 1, 0, 2;
    %store/vec4 v0x5c035d0873e0_0, 0, 2;
    %jmp T_14.5;
T_14.4 ;
    %load/vec4 v0x5c035d087740_0;
    %flag_set/vec4 8;
    %jmp/0xz  T_14.6, 8;
    %pushi/vec4 2, 0, 2;
    %store/vec4 v0x5c035d0873e0_0, 0, 2;
    %jmp T_14.7;
T_14.6 ;
    %pushi/vec4 0, 0, 2;
    %store/vec4 v0x5c035d0873e0_0, 0, 2;
T_14.7 ;
T_14.5 ;
    %jmp T_14;
    .thread T_14, $push;
    .scope S_0x5c035d0829b0;
T_15 ;
Ewait_3 .event/or E_0x5c035d082d10, E_0x0;
    %wait Ewait_3;
    %fork t_13, S_0x5c035d082da0;
    %jmp t_12;
    .scope S_0x5c035d082da0;
t_13 ;
    %load/vec4 v0x5c035d0830a0_0;
    %dup/vec4;
    %pushi/vec4 0, 0, 4;
    %cmp/u;
    %jmp/1 T_15.0, 6;
    %dup/vec4;
    %pushi/vec4 1, 0, 4;
    %cmp/u;
    %jmp/1 T_15.1, 6;
    %dup/vec4;
    %pushi/vec4 2, 0, 4;
    %cmp/u;
    %jmp/1 T_15.2, 6;
    %dup/vec4;
    %pushi/vec4 3, 0, 4;
    %cmp/u;
    %jmp/1 T_15.3, 6;
    %dup/vec4;
    %pushi/vec4 4, 0, 4;
    %cmp/u;
    %jmp/1 T_15.4, 6;
    %dup/vec4;
    %pushi/vec4 5, 0, 4;
    %cmp/u;
    %jmp/1 T_15.5, 6;
    %dup/vec4;
    %pushi/vec4 6, 0, 4;
    %cmp/u;
    %jmp/1 T_15.6, 6;
    %dup/vec4;
    %pushi/vec4 7, 0, 4;
    %cmp/u;
    %jmp/1 T_15.7, 6;
    %dup/vec4;
    %pushi/vec4 8, 0, 4;
    %cmp/u;
    %jmp/1 T_15.8, 6;
    %dup/vec4;
    %pushi/vec4 9, 0, 4;
    %cmp/u;
    %jmp/1 T_15.9, 6;
    %dup/vec4;
    %pushi/vec4 10, 0, 4;
    %cmp/u;
    %jmp/1 T_15.10, 6;
    %pushi/vec4 0, 0, 32;
    %store/vec4 v0x5c035d083350_0, 0, 32;
    %jmp T_15.12;
T_15.0 ;
    %load/vec4 v0x5c035d083180_0;
    %load/vec4 v0x5c035d083270_0;
    %add;
    %store/vec4 v0x5c035d083350_0, 0, 32;
    %jmp T_15.12;
T_15.1 ;
    %load/vec4 v0x5c035d083270_0;
    %store/vec4 v0x5c035d083350_0, 0, 32;
    %jmp T_15.12;
T_15.2 ;
    %load/vec4 v0x5c035d083180_0;
    %load/vec4 v0x5c035d083270_0;
    %sub;
    %store/vec4 v0x5c035d083350_0, 0, 32;
    %jmp T_15.12;
T_15.3 ;
    %load/vec4 v0x5c035d083180_0;
    %load/vec4 v0x5c035d083270_0;
    %and;
    %store/vec4 v0x5c035d083350_0, 0, 32;
    %jmp T_15.12;
T_15.4 ;
    %load/vec4 v0x5c035d083180_0;
    %load/vec4 v0x5c035d083270_0;
    %or;
    %store/vec4 v0x5c035d083350_0, 0, 32;
    %jmp T_15.12;
T_15.5 ;
    %load/vec4 v0x5c035d083180_0;
    %load/vec4 v0x5c035d083270_0;
    %xor;
    %store/vec4 v0x5c035d083350_0, 0, 32;
    %jmp T_15.12;
T_15.6 ;
    %load/vec4 v0x5c035d083180_0;
    %ix/getv 4, v0x5c035d083480_0;
    %shiftl 4;
    %store/vec4 v0x5c035d083350_0, 0, 32;
    %jmp T_15.12;
T_15.7 ;
    %load/vec4 v0x5c035d083180_0;
    %ix/getv 4, v0x5c035d083480_0;
    %shiftr 4;
    %store/vec4 v0x5c035d083350_0, 0, 32;
    %jmp T_15.12;
T_15.8 ;
    %load/vec4 v0x5c035d083180_0;
    %ix/getv 4, v0x5c035d083480_0;
    %shiftr/s 4;
    %store/vec4 v0x5c035d083350_0, 0, 32;
    %jmp T_15.12;
T_15.9 ;
    %load/vec4 v0x5c035d083180_0;
    %load/vec4 v0x5c035d083270_0;
    %cmp/s;
    %flag_mov 8, 5;
    %jmp/0 T_15.13, 8;
    %pushi/vec4 1, 0, 32;
    %jmp/1 T_15.14, 8;
T_15.13 ; End of true expr.
    %pushi/vec4 0, 0, 32;
    %jmp/0 T_15.14, 8;
 ; End of false expr.
    %blend;
T_15.14;
    %store/vec4 v0x5c035d083350_0, 0, 32;
    %jmp T_15.12;
T_15.10 ;
    %load/vec4 v0x5c035d083180_0;
    %load/vec4 v0x5c035d083270_0;
    %cmp/u;
    %flag_mov 8, 5;
    %jmp/0 T_15.15, 8;
    %pushi/vec4 1, 0, 32;
    %jmp/1 T_15.16, 8;
T_15.15 ; End of true expr.
    %pushi/vec4 0, 0, 32;
    %jmp/0 T_15.16, 8;
 ; End of false expr.
    %blend;
T_15.16;
    %store/vec4 v0x5c035d083350_0, 0, 32;
    %jmp T_15.12;
T_15.12 ;
    %pop/vec4 1;
    %end;
    .scope S_0x5c035d0829b0;
t_12 %join;
    %jmp T_15;
    .thread T_15, $push;
    .scope S_0x5c035d082010;
T_16 ;
Ewait_4 .event/or E_0x5c035d082920, E_0x0;
    %wait Ewait_4;
    %load/vec4 v0x5c035d08ac00_0;
    %dup/vec4;
    %pushi/vec4 4, 0, 3;
    %cmp/u;
    %jmp/1 T_16.0, 6;
    %load/vec4 v0x5c035d08a950_0;
    %store/vec4 v0x5c035d08b250_0, 0, 32;
    %jmp T_16.2;
T_16.0 ;
    %load/vec4 v0x5c035d08aa30_0;
    %store/vec4 v0x5c035d08b250_0, 0, 32;
    %jmp T_16.2;
T_16.2 ;
    %pop/vec4 1;
    %jmp T_16;
    .thread T_16, $push;
    .scope S_0x5c035d082010;
T_17 ;
Ewait_5 .event/or E_0x5c035d0828b0, E_0x0;
    %wait Ewait_5;
    %fork t_15, S_0x5c035d088030;
    %jmp t_14;
    .scope S_0x5c035d088030;
t_15 ;
    %load/vec4 v0x5c035d089640_0;
    %dup/vec4;
    %pushi/vec4 0, 0, 2;
    %cmp/u;
    %jmp/1 T_17.0, 6;
    %dup/vec4;
    %pushi/vec4 1, 0, 2;
    %cmp/u;
    %jmp/1 T_17.1, 6;
    %dup/vec4;
    %pushi/vec4 2, 0, 2;
    %cmp/u;
    %jmp/1 T_17.2, 6;
    %load/vec4 v0x5c035d089b30_0;
    %store/vec4 v0x5c035d08ae60_0, 0, 32;
    %jmp T_17.4;
T_17.0 ;
    %load/vec4 v0x5c035d089b30_0;
    %store/vec4 v0x5c035d08ae60_0, 0, 32;
    %jmp T_17.4;
T_17.1 ;
    %load/vec4 v0x5c035d0897e0_0;
    %store/vec4 v0x5c035d08ae60_0, 0, 32;
    %jmp T_17.4;
T_17.2 ;
    %load/vec4 v0x5c035d08b250_0;
    %store/vec4 v0x5c035d08ae60_0, 0, 32;
    %jmp T_17.4;
T_17.4 ;
    %pop/vec4 1;
    %end;
    .scope S_0x5c035d082010;
t_14 %join;
    %jmp T_17;
    .thread T_17, $push;
    .scope S_0x5c035d082010;
T_18 ;
Ewait_6 .event/or E_0x5c035d073380, E_0x0;
    %wait Ewait_6;
    %fork t_17, S_0x5c035d088210;
    %jmp t_16;
    .scope S_0x5c035d088210;
t_17 ;
    %load/vec4 v0x5c035d089710_0;
    %dup/vec4;
    %pushi/vec4 0, 0, 2;
    %cmp/u;
    %jmp/1 T_18.0, 6;
    %dup/vec4;
    %pushi/vec4 1, 0, 2;
    %cmp/u;
    %jmp/1 T_18.1, 6;
    %dup/vec4;
    %pushi/vec4 2, 0, 2;
    %cmp/u;
    %jmp/1 T_18.2, 6;
    %load/vec4 v0x5c035d089c10_0;
    %store/vec4 v0x5c035d08b000_0, 0, 32;
    %jmp T_18.4;
T_18.0 ;
    %load/vec4 v0x5c035d089c10_0;
    %store/vec4 v0x5c035d08b000_0, 0, 32;
    %jmp T_18.4;
T_18.1 ;
    %load/vec4 v0x5c035d0897e0_0;
    %store/vec4 v0x5c035d08b000_0, 0, 32;
    %jmp T_18.4;
T_18.2 ;
    %load/vec4 v0x5c035d08b250_0;
    %store/vec4 v0x5c035d08b000_0, 0, 32;
    %jmp T_18.4;
T_18.4 ;
    %pop/vec4 1;
    %end;
    .scope S_0x5c035d082010;
t_16 %join;
    %jmp T_18;
    .thread T_18, $push;
    .scope S_0x5c035d082010;
T_19 ;
Ewait_7 .event/or E_0x5c035cf4b230, E_0x0;
    %wait Ewait_7;
    %fork t_19, S_0x5c035d0836c0;
    %jmp t_18;
    .scope S_0x5c035d0836c0;
t_19 ;
    %pushi/vec4 0, 0, 1;
    %store/vec4 v0x5c035d08b190_0, 0, 1;
    %load/vec4 v0x5c035d08a010_0;
    %flag_set/vec4 8;
    %jmp/0xz  T_19.0, 8;
    %load/vec4 v0x5c035d089cf0_0;
    %dup/vec4;
    %pushi/vec4 2, 0, 4;
    %cmp/u;
    %jmp/1 T_19.2, 6;
    %dup/vec4;
    %pushi/vec4 9, 0, 4;
    %cmp/u;
    %jmp/1 T_19.3, 6;
    %dup/vec4;
    %pushi/vec4 10, 0, 4;
    %cmp/u;
    %jmp/1 T_19.4, 6;
    %pushi/vec4 0, 0, 1;
    %store/vec4 v0x5c035d08b190_0, 0, 1;
    %jmp T_19.6;
T_19.2 ;
    %load/vec4 v0x5c035d0884d0_0;
    %cmpi/e 0, 0, 32;
    %jmp/0xz  T_19.7, 4;
    %pushi/vec4 1, 0, 1;
    %store/vec4 v0x5c035d08b190_0, 0, 1;
T_19.7 ;
    %jmp T_19.6;
T_19.3 ;
    %load/vec4 v0x5c035d0884d0_0;
    %cmpi/e 1, 0, 32;
    %jmp/0xz  T_19.9, 4;
    %pushi/vec4 1, 0, 1;
    %store/vec4 v0x5c035d08b190_0, 0, 1;
T_19.9 ;
    %jmp T_19.6;
T_19.4 ;
    %load/vec4 v0x5c035d0884d0_0;
    %cmpi/e 1, 0, 32;
    %jmp/0xz  T_19.11, 4;
    %pushi/vec4 1, 0, 1;
    %store/vec4 v0x5c035d08b190_0, 0, 1;
T_19.11 ;
    %jmp T_19.6;
T_19.6 ;
    %pop/vec4 1;
T_19.0 ;
    %end;
    .scope S_0x5c035d082010;
t_18 %join;
    %jmp T_19;
    .thread T_19, $push;
    .scope S_0x5c035d082010;
T_20 ;
    %wait E_0x5c035cf67640;
    %fork t_21, S_0x5c035d0838c0;
    %jmp t_20;
    .scope S_0x5c035d0838c0;
t_21 ;
    %load/vec4 v0x5c035d08b0a0_0;
    %flag_set/vec4 8;
    %jmp/0xz  T_20.0, 8;
    %pushi/vec4 0, 0, 32;
    %assign/vec4 v0x5c035d0890e0_0, 0;
    %pushi/vec4 0, 0, 32;
    %assign/vec4 v0x5c035d0889e0_0, 0;
    %pushi/vec4 0, 0, 32;
    %assign/vec4 v0x5c035d088840_0, 0;
    %pushi/vec4 0, 0, 5;
    %assign/vec4 v0x5c035d0891c0_0, 0;
    %pushi/vec4 0, 0, 4;
    %assign/vec4 v0x5c035d088900_0, 0;
    %pushi/vec4 0, 0, 1;
    %assign/vec4 v0x5c035d088ac0_0, 0;
    %pushi/vec4 0, 0, 1;
    %assign/vec4 v0x5c035d089570_0, 0;
    %pushi/vec4 0, 0, 1;
    %assign/vec4 v0x5c035d0894d0_0, 0;
    %pushi/vec4 0, 0, 1;
    %assign/vec4 v0x5c035d088f40_0, 0;
    %pushi/vec4 0, 0, 6;
    %assign/vec4 v0x5c035d089000_0, 0;
    %pushi/vec4 0, 0, 1;
    %assign/vec4 v0x5c035d088ea0_0, 0;
    %pushi/vec4 0, 0, 1;
    %assign/vec4 v0x5c035d088d40_0, 0;
    %pushi/vec4 0, 0, 3;
    %assign/vec4 v0x5c035d089280_0, 0;
    %pushi/vec4 0, 0, 3;
    %assign/vec4 v0x5c035d088c60_0, 0;
    %pushi/vec4 0, 0, 1;
    %assign/vec4 v0x5c035d089340_0, 0;
    %pushi/vec4 0, 0, 32;
    %assign/vec4 v0x5c035d088b80_0, 0;
    %pushi/vec4 0, 0, 1;
    %assign/vec4 v0x5c035d089400_0, 0;
    %jmp T_20.1;
T_20.0 ;
    %load/vec4 v0x5c035d08a330_0;
    %assign/vec4 v0x5c035d0890e0_0, 0;
    %load/vec4 v0x5c035d0884d0_0;
    %assign/vec4 v0x5c035d0889e0_0, 0;
    %load/vec4 v0x5c035d08b000_0;
    %assign/vec4 v0x5c035d088840_0, 0;
    %load/vec4 v0x5c035d08a410_0;
    %assign/vec4 v0x5c035d0891c0_0, 0;
    %load/vec4 v0x5c035d089cf0_0;
    %assign/vec4 v0x5c035d088900_0, 0;
    %load/vec4 v0x5c035d089db0_0;
    %assign/vec4 v0x5c035d088ac0_0, 0;
    %load/vec4 v0x5c035d08a890_0;
    %assign/vec4 v0x5c035d089570_0, 0;
    %load/vec4 v0x5c035d08a7d0_0;
    %assign/vec4 v0x5c035d0894d0_0, 0;
    %load/vec4 v0x5c035d08a190_0;
    %assign/vec4 v0x5c035d088f40_0, 0;
    %load/vec4 v0x5c035d08a250_0;
    %assign/vec4 v0x5c035d089000_0, 0;
    %load/vec4 v0x5c035d08a0d0_0;
    %assign/vec4 v0x5c035d088ea0_0, 0;
    %load/vec4 v0x5c035d08a010_0;
    %assign/vec4 v0x5c035d088d40_0, 0;
    %load/vec4 v0x5c035d08a4f0_0;
    %assign/vec4 v0x5c035d089280_0, 0;
    %load/vec4 v0x5c035d089f30_0;
    %assign/vec4 v0x5c035d088c60_0, 0;
    %load/vec4 v0x5c035d08b190_0;
    %assign/vec4 v0x5c035d089340_0, 0;
    %load/vec4 v0x5c035d088660_0;
    %assign/vec4 v0x5c035d088b80_0, 0;
    %load/vec4 v0x5c035d08a730_0;
    %assign/vec4 v0x5c035d089400_0, 0;
T_20.1 ;
    %end;
    .scope S_0x5c035d082010;
t_20 %join;
    %jmp T_20;
    .thread T_20;
    .scope S_0x5c035d095a30;
T_21 ;
    %wait E_0x5c035cf67640;
    %load/vec4 v0x5c035d0976a0_0;
    %flag_set/vec4 8;
    %jmp/0xz  T_21.0, 8;
    %pushi/vec4 0, 0, 32;
    %assign/vec4 v0x5c035d097190_0, 0;
    %pushi/vec4 0, 0, 32;
    %assign/vec4 v0x5c035d097260_0, 0;
    %pushi/vec4 0, 0, 5;
    %assign/vec4 v0x5c035d097330_0, 0;
    %pushi/vec4 0, 0, 1;
    %assign/vec4 v0x5c035d0975b0_0, 0;
    %pushi/vec4 0, 0, 3;
    %assign/vec4 v0x5c035d097420_0, 0;
    %pushi/vec4 0, 0, 1;
    %assign/vec4 v0x5c035d0974c0_0, 0;
    %pushi/vec4 0, 0, 32;
    %assign/vec4 v0x5c035d097050_0, 0;
    %pushi/vec4 0, 0, 1;
    %assign/vec4 v0x5c035d0970f0_0, 0;
    %pushi/vec4 0, 0, 1;
    %assign/vec4 v0x5c035d097740_0, 0;
    %jmp T_21.1;
T_21.0 ;
    %pushi/vec4 0, 0, 1;
    %assign/vec4 v0x5c035d0974c0_0, 0;
    %pushi/vec4 0, 0, 1;
    %assign/vec4 v0x5c035d097740_0, 0;
    %load/vec4 v0x5c035d096d30_0;
    %flag_set/vec4 8;
    %jmp/0xz  T_21.2, 8;
    %load/vec4 v0x5c035d0969b0_0;
    %assign/vec4 v0x5c035d097190_0, 0;
    %load/vec4 v0x5c035d096bc0_0;
    %assign/vec4 v0x5c035d097330_0, 0;
    %load/vec4 v0x5c035d096fb0_0;
    %assign/vec4 v0x5c035d0975b0_0, 0;
    %load/vec4 v0x5c035d096c60_0;
    %assign/vec4 v0x5c035d097420_0, 0;
    %load/vec4 v0x5c035d096a50_0;
    %flag_set/vec4 8;
    %jmp/0xz  T_21.4, 8;
    %load/vec4 v0x5c035d096310_0;
    %nor/r;
    %flag_set/vec4 8;
    %jmp/0xz  T_21.6, 8;
    %pushi/vec4 1, 0, 1;
    %assign/vec4 v0x5c035d097740_0, 0;
    %jmp T_21.7;
T_21.6 ;
    %load/vec4 v0x5c035d096ee0_0;
    %flag_set/vec4 8;
    %jmp/0xz  T_21.8, 8;
    %pushi/vec4 1, 0, 1;
    %assign/vec4 v0x5c035d0974c0_0, 0;
    %jmp T_21.9;
T_21.8 ;
    %load/vec4 v0x5c035d096670_0;
    %flag_set/vec4 8;
    %jmp/0xz  T_21.10, 8;
    %load/vec4 v0x5c035d0965a0_0;
    %assign/vec4 v0x5c035d097260_0, 0;
    %pushi/vec4 1, 0, 1;
    %assign/vec4 v0x5c035d0974c0_0, 0;
    %pushi/vec4 0, 0, 1;
    %assign/vec4 v0x5c035d0970f0_0, 0;
    %jmp T_21.11;
T_21.10 ;
    %load/vec4 v0x5c035d0965a0_0;
    %assign/vec4 v0x5c035d097050_0, 0;
    %pushi/vec4 1, 0, 1;
    %assign/vec4 v0x5c035d0970f0_0, 0;
    %pushi/vec4 1, 0, 1;
    %assign/vec4 v0x5c035d097740_0, 0;
T_21.11 ;
T_21.9 ;
T_21.7 ;
    %jmp T_21.5;
T_21.4 ;
    %pushi/vec4 1, 0, 1;
    %assign/vec4 v0x5c035d0974c0_0, 0;
T_21.5 ;
    %jmp T_21.3;
T_21.2 ;
    %load/vec4 v0x5c035d0970f0_0;
    %flag_set/vec4 8;
    %jmp/0xz  T_21.12, 8;
    %load/vec4 v0x5c035d097050_0;
    %assign/vec4 v0x5c035d097260_0, 0;
    %pushi/vec4 1, 0, 1;
    %assign/vec4 v0x5c035d0974c0_0, 0;
    %pushi/vec4 0, 0, 1;
    %assign/vec4 v0x5c035d0970f0_0, 0;
T_21.12 ;
T_21.3 ;
T_21.1 ;
    %jmp T_21;
    .thread T_21;
    .scope S_0x5c035d097be0;
T_22 ;
Ewait_8 .event/or E_0x5c035d097f40, E_0x0;
    %wait Ewait_8;
    %fork t_23, S_0x5c035d097fc0;
    %jmp t_22;
    .scope S_0x5c035d097fc0;
t_23 ;
    %load/vec4 v0x5c035d0984a0_0;
    %dup/vec4;
    %pushi/vec4 0, 0, 3;
    %cmp/u;
    %jmp/1 T_22.0, 6;
    %dup/vec4;
    %pushi/vec4 1, 0, 3;
    %cmp/u;
    %jmp/1 T_22.1, 6;
    %dup/vec4;
    %pushi/vec4 2, 0, 3;
    %cmp/u;
    %jmp/1 T_22.2, 6;
    %dup/vec4;
    %pushi/vec4 3, 0, 3;
    %cmp/u;
    %jmp/1 T_22.3, 6;
    %dup/vec4;
    %pushi/vec4 4, 0, 3;
    %cmp/u;
    %jmp/1 T_22.4, 6;
    %load/vec4 v0x5c035d0981c0_0;
    %store/vec4 v0x5c035d098a00_0, 0, 32;
    %jmp T_22.6;
T_22.0 ;
    %load/vec4 v0x5c035d0981c0_0;
    %store/vec4 v0x5c035d098a00_0, 0, 32;
    %jmp T_22.6;
T_22.1 ;
    %load/vec4 v0x5c035d0981c0_0;
    %store/vec4 v0x5c035d098a00_0, 0, 32;
    %jmp T_22.6;
T_22.2 ;
    %load/vec4 v0x5c035d0981c0_0;
    %store/vec4 v0x5c035d098a00_0, 0, 32;
    %jmp T_22.6;
T_22.3 ;
    %load/vec4 v0x5c035d0981c0_0;
    %store/vec4 v0x5c035d098a00_0, 0, 32;
    %jmp T_22.6;
T_22.4 ;
    %load/vec4 v0x5c035d0982f0_0;
    %store/vec4 v0x5c035d098a00_0, 0, 32;
    %jmp T_22.6;
T_22.6 ;
    %pop/vec4 1;
    %end;
    .scope S_0x5c035d097be0;
t_22 %join;
    %jmp T_22;
    .thread T_22, $push;
    .scope S_0x5c035d06aa30;
T_23 ;
    %pushi/vec4 0, 0, 1;
    %store/vec4 v0x5c035d09cd20_0, 0, 1;
T_23.0 ;
    %delay 10000, 0;
    %load/vec4 v0x5c035d09cd20_0;
    %inv;
    %store/vec4 v0x5c035d09cd20_0, 0, 1;
    %jmp T_23.0;
    %end;
    .thread T_23;
    .scope S_0x5c035d06aa30;
T_24 ;
    %pushi/vec4 1, 0, 1;
    %store/vec4 v0x5c035d09cdc0_0, 0, 1;
    %pushi/vec4 2, 0, 32;
T_24.0 %dup/vec4;
    %pushi/vec4 0, 0, 32;
    %cmp/s;
    %jmp/1xz T_24.1, 5;
    %jmp/1 T_24.1, 4;
    %pushi/vec4 1, 0, 32;
    %sub;
    %wait E_0x5c035cf67640;
    %jmp T_24.0;
T_24.1 ;
    %pop/vec4 1;
    %pushi/vec4 0, 0, 1;
    %store/vec4 v0x5c035d09cdc0_0, 0, 1;
    %end;
    .thread T_24;
    .scope S_0x5c035d06aa30;
T_25 ;
    %pushi/vec4 30, 0, 32;
T_25.0 %dup/vec4;
    %pushi/vec4 0, 0, 32;
    %cmp/s;
    %jmp/1xz T_25.1, 5;
    %jmp/1 T_25.1, 4;
    %pushi/vec4 1, 0, 32;
    %sub;
    %wait E_0x5c035cf67640;
    %jmp T_25.0;
T_25.1 ;
    %pop/vec4 1;
    %delay 1000, 0;
    %vpi_call/w 3 42 "$display", "Checking final registers" {0 0 0};
    %alloc S_0x5c035d04bfb0;
    %pushi/vec4 1, 0, 32;
    %store/vec4 v0x5c035d037390_0, 0, 32;
    %pushi/vec4 10, 0, 32;
    %store/vec4 v0x5c035d03a620_0, 0, 32;
    %fork TD_tb_top_cpu.check_register, S_0x5c035d04bfb0;
    %join;
    %free S_0x5c035d04bfb0;
    %alloc S_0x5c035d04bfb0;
    %pushi/vec4 2, 0, 32;
    %store/vec4 v0x5c035d037390_0, 0, 32;
    %pushi/vec4 20, 0, 32;
    %store/vec4 v0x5c035d03a620_0, 0, 32;
    %fork TD_tb_top_cpu.check_register, S_0x5c035d04bfb0;
    %join;
    %free S_0x5c035d04bfb0;
    %alloc S_0x5c035d04bfb0;
    %pushi/vec4 3, 0, 32;
    %store/vec4 v0x5c035d037390_0, 0, 32;
    %pushi/vec4 30, 0, 32;
    %store/vec4 v0x5c035d03a620_0, 0, 32;
    %fork TD_tb_top_cpu.check_register, S_0x5c035d04bfb0;
    %join;
    %free S_0x5c035d04bfb0;
    %vpi_call/w 3 48 "$display", "TOP CPU TEST PASSED" {0 0 0};
    %vpi_call/w 3 49 "$finish" {0 0 0};
    %end;
    .thread T_25;
    .scope S_0x5c035d06aa30;
T_26 ;
    %vpi_call/w 3 69 "$dumpfile", "tb_top_cpu.vcd" {0 0 0};
    %vpi_call/w 3 70 "$dumpvars", 32'sb00000000000000000000000000000000, S_0x5c035d06aa30 {0 0 0};
    %end;
    .thread T_26;
# The file index is used to find the file name in the following table.
:file_names 20;
    "N/A";
    "<interactive>";
    "-";
    "tb_top_cpu.sv";
    "../../sources/top_cpu.sv";
    "../../sources/dmem.sv";
    "../../sources/imem.sv";
    "../../sources/stage_ex.sv";
    "../../sources/alu.sv";
    "../../sources/forwarding_unit.sv";
    "../../sources/stage_id.sv";
    "../../sources/control_unit.sv";
    "../../sources/decoder.sv";
    "../../sources/immediate_generator.sv";
    "../../sources/regfile.sv";
    "../../sources/stage_if.sv";
    "../../sources/pc_mux.sv";
    "../../sources/pc_reg.sv";
    "../../sources/stage_mem.sv";
    "../../sources/stage_wb.sv";
