#! /usr/bin/vvp
:ivl_version "11.0 (stable)";
:ivl_delay_selection "TYPICAL";
:vpi_time_precision - 12;
:vpi_module "/usr/lib/x86_64-linux-gnu/ivl/system.vpi";
:vpi_module "/usr/lib/x86_64-linux-gnu/ivl/vhdl_sys.vpi";
:vpi_module "/usr/lib/x86_64-linux-gnu/ivl/vhdl_textio.vpi";
:vpi_module "/usr/lib/x86_64-linux-gnu/ivl/v2005_math.vpi";
:vpi_module "/usr/lib/x86_64-linux-gnu/ivl/va_math.vpi";
:vpi_module "/usr/lib/x86_64-linux-gnu/ivl/v2009.vpi";
S_0x61362bfa1b20 .scope package, "$unit" "$unit" 2 1;
 .timescale 0 0;
S_0x61362bfb0ca0 .scope module, "tb_imem" "tb_imem" 3 3;
 .timescale -9 -12;
P_0x61362bf73620 .param/l "DATA_WIDTH" 0 3 5, +C4<00000000000000000000000000100000>;
P_0x61362bf73660 .param/l "MEM_DEPTH" 0 3 6, +C4<00000000000000000000000000010000>;
P_0x61362bf736a0 .param/str "MEM_FILE" 0 3 7, "../top_cpu/program.hex";
v0x61362bfd3960_0 .var "addr", 31 0;
v0x61362bfd3a40_0 .var "clk", 0 0;
v0x61362bfd3ae0_0 .net "instr", 31 0, v0x61362bfd33e0_0;  1 drivers
v0x61362bfd3be0_0 .var "instr_addr_valid", 0 0;
v0x61362bfd3cb0_0 .net "instr_valid", 0 0, v0x61362bfd3580_0;  1 drivers
v0x61362bfd3d50_0 .var "rst", 0 0;
E_0x61362bfac900 .event negedge, v0x61362bfd3700_0;
S_0x61362bfb0fb0 .scope task, "check_instr" "check_instr" 3 55, 3 55 0, S_0x61362bfb0ca0;
 .timescale -9 -12;
v0x61362bfb1520_0 .var "expected_instr", 31 0;
v0x61362bfb13c0_0 .var "expected_valid", 0 0;
v0x61362bf9ea60_0 .var "test_name", 255 0;
E_0x61362bfabfa0 .event posedge, v0x61362bfd31f0_0;
TD_tb_imem.check_instr ;
    %wait E_0x61362bfabfa0;
    %delay 1000, 0;
    %load/vec4 v0x61362bfd3ae0_0;
    %load/vec4 v0x61362bfb1520_0;
    %cmp/ne;
    %flag_mov 8, 6;
    %load/vec4 v0x61362bfd3cb0_0;
    %load/vec4 v0x61362bfb13c0_0;
    %cmp/ne;
    %flag_or 6, 8;
    %jmp/0xz  T_0.0, 6;
    %vpi_call/w 3 66 "$display", "[FAIL] %0s", v0x61362bf9ea60_0 {0 0 0};
    %vpi_call/w 3 68 "$display", "Expected instr       = %h", v0x61362bfb1520_0 {0 0 0};
    %vpi_call/w 3 69 "$display", "Actual   instr       = %h", v0x61362bfd3ae0_0 {0 0 0};
    %vpi_call/w 3 71 "$display", "Expected instr_valid = %b", v0x61362bfb13c0_0 {0 0 0};
    %vpi_call/w 3 72 "$display", "Actual   instr_valid = %b", v0x61362bfd3cb0_0 {0 0 0};
    %vpi_call/w 3 74 "$finish" {0 0 0};
    %jmp T_0.1;
T_0.0 ;
    %vpi_call/w 3 77 "$display", "[PASS] %0s", v0x61362bf9ea60_0 {0 0 0};
T_0.1 ;
    %end;
S_0x61362bfd2ba0 .scope module, "dut" "imem" 3 24, 4 1 0, S_0x61362bfb0ca0;
 .timescale 0 0;
    .port_info 0 /INPUT 1 "clk";
    .port_info 1 /INPUT 1 "rst";
    .port_info 2 /INPUT 32 "addr";
    .port_info 3 /INPUT 1 "instr_addr_valid";
    .port_info 4 /OUTPUT 32 "instr";
    .port_info 5 /OUTPUT 1 "instr_valid";
P_0x61362bfd2da0 .param/l "DATA_WIDTH" 0 4 2, +C4<00000000000000000000000000100000>;
P_0x61362bfd2de0 .param/l "MEM_DEPTH" 0 4 3, +C4<00000000000000000000000000010000>;
P_0x61362bfd2e20 .param/str "MEM_FILE" 0 4 4, "../top_cpu/program.hex";
v0x61362bfa0810_0 .net *"_ivl_1", 29 0, L_0x61362bfd3e20;  1 drivers
L_0x78985804f018 .functor BUFT 1, C4<00>, C4<0>, C4<0>, C4<0>;
v0x61362bfd3050_0 .net *"_ivl_5", 1 0, L_0x78985804f018;  1 drivers
v0x61362bfd3130_0 .net "addr", 31 0, v0x61362bfd3960_0;  1 drivers
v0x61362bfd31f0_0 .net "clk", 0 0, v0x61362bfd3a40_0;  1 drivers
v0x61362bfd32b0_0 .var/i "i", 31 0;
v0x61362bfd33e0_0 .var "instr", 31 0;
v0x61362bfd34c0_0 .net "instr_addr_valid", 0 0, v0x61362bfd3be0_0;  1 drivers
v0x61362bfd3580_0 .var "instr_valid", 0 0;
v0x61362bfd3640 .array "mem", 15 0, 31 0;
v0x61362bfd3700_0 .net "rst", 0 0, v0x61362bfd3d50_0;  1 drivers
v0x61362bfd37c0_0 .net "word_addr", 31 0, L_0x61362bfd3f40;  1 drivers
L_0x61362bfd3e20 .part v0x61362bfd3960_0, 2, 30;
L_0x61362bfd3f40 .concat [ 30 2 0 0], L_0x61362bfd3e20, L_0x78985804f018;
    .scope S_0x61362bfd2ba0;
T_1 ;
    %pushi/vec4 0, 0, 32;
    %store/vec4 v0x61362bfd32b0_0, 0, 32;
T_1.0 ;
    %load/vec4 v0x61362bfd32b0_0;
    %cmpi/s 16, 0, 32;
    %jmp/0xz T_1.1, 5;
    %pushi/vec4 19, 0, 32;
    %ix/getv/s 4, v0x61362bfd32b0_0;
    %store/vec4a v0x61362bfd3640, 4, 0;
    %load/vec4 v0x61362bfd32b0_0;
    %addi 1, 0, 32;
    %store/vec4 v0x61362bfd32b0_0, 0, 32;
    %jmp T_1.0;
T_1.1 ;
    %vpi_call/w 4 28 "$readmemh", P_0x61362bfd2e20, v0x61362bfd3640 {0 0 0};
    %end;
    .thread T_1;
    .scope S_0x61362bfd2ba0;
T_2 ;
    %wait E_0x61362bfabfa0;
    %load/vec4 v0x61362bfd3700_0;
    %flag_set/vec4 8;
    %jmp/0xz  T_2.0, 8;
    %pushi/vec4 0, 0, 32;
    %assign/vec4 v0x61362bfd33e0_0, 0;
    %pushi/vec4 0, 0, 1;
    %assign/vec4 v0x61362bfd3580_0, 0;
    %jmp T_2.1;
T_2.0 ;
    %load/vec4 v0x61362bfd34c0_0;
    %flag_set/vec4 8;
    %jmp/0xz  T_2.2, 8;
    %load/vec4 v0x61362bfd37c0_0;
    %cmpi/u 16, 0, 32;
    %jmp/0xz  T_2.4, 5;
    %ix/getv 4, v0x61362bfd37c0_0;
    %load/vec4a v0x61362bfd3640, 4;
    %assign/vec4 v0x61362bfd33e0_0, 0;
    %pushi/vec4 1, 0, 1;
    %assign/vec4 v0x61362bfd3580_0, 0;
    %jmp T_2.5;
T_2.4 ;
    %pushi/vec4 19, 0, 32;
    %assign/vec4 v0x61362bfd33e0_0, 0;
    %pushi/vec4 0, 0, 1;
    %assign/vec4 v0x61362bfd3580_0, 0;
T_2.5 ;
    %jmp T_2.3;
T_2.2 ;
    %pushi/vec4 19, 0, 32;
    %assign/vec4 v0x61362bfd33e0_0, 0;
    %pushi/vec4 0, 0, 1;
    %assign/vec4 v0x61362bfd3580_0, 0;
T_2.3 ;
T_2.1 ;
    %jmp T_2;
    .thread T_2;
    .scope S_0x61362bfb0ca0;
T_3 ;
    %pushi/vec4 0, 0, 1;
    %store/vec4 v0x61362bfd3a40_0, 0, 1;
T_3.0 ;
    %delay 5000, 0;
    %load/vec4 v0x61362bfd3a40_0;
    %inv;
    %store/vec4 v0x61362bfd3a40_0, 0, 1;
    %jmp T_3.0;
    %end;
    .thread T_3;
    .scope S_0x61362bfb0ca0;
T_4 ;
    %pushi/vec4 1, 0, 1;
    %store/vec4 v0x61362bfd3d50_0, 0, 1;
    %pushi/vec4 0, 0, 32;
    %store/vec4 v0x61362bfd3960_0, 0, 32;
    %pushi/vec4 0, 0, 1;
    %store/vec4 v0x61362bfd3be0_0, 0, 1;
    %delay 20000, 0;
    %pushi/vec4 0, 0, 1;
    %store/vec4 v0x61362bfd3d50_0, 0, 1;
    %end;
    .thread T_4;
    .scope S_0x61362bfb0ca0;
T_5 ;
    %wait E_0x61362bfac900;
    %pushi/vec4 0, 0, 32;
    %store/vec4 v0x61362bfd3960_0, 0, 32;
    %pushi/vec4 1, 0, 1;
    %store/vec4 v0x61362bfd3be0_0, 0, 1;
    %pushi/vec4 10485907, 0, 32;
    %store/vec4 v0x61362bfb1520_0, 0, 32;
    %pushi/vec4 1, 0, 1;
    %store/vec4 v0x61362bfb13c0_0, 0, 1;
    %pushi/vec4 0, 0, 32; draw_string_vec4
    %pushi/vec4 0, 0, 32; draw_string_vec4
    %concat/vec4; draw_string_vec4
    %pushi/vec4 0, 0, 32; draw_string_vec4
    %concat/vec4; draw_string_vec4
    %pushi/vec4 0, 0, 32; draw_string_vec4
    %concat/vec4; draw_string_vec4
    %pushi/vec4 70, 0, 32; draw_string_vec4
    %concat/vec4; draw_string_vec4
    %pushi/vec4 1163150152, 0, 32; draw_string_vec4
    %concat/vec4; draw_string_vec4
    %pushi/vec4 541148228, 0, 32; draw_string_vec4
    %concat/vec4; draw_string_vec4
    %pushi/vec4 1226856497, 0, 32; draw_string_vec4
    %concat/vec4; draw_string_vec4
    %store/vec4 v0x61362bf9ea60_0, 0, 256;
    %fork TD_tb_imem.check_instr, S_0x61362bfb0fb0;
    %join;
    %pushi/vec4 4, 0, 32;
    %store/vec4 v0x61362bfd3960_0, 0, 32;
    %pushi/vec4 20971795, 0, 32;
    %store/vec4 v0x61362bfb1520_0, 0, 32;
    %pushi/vec4 1, 0, 1;
    %store/vec4 v0x61362bfb13c0_0, 0, 1;
    %pushi/vec4 0, 0, 32; draw_string_vec4
    %pushi/vec4 0, 0, 32; draw_string_vec4
    %concat/vec4; draw_string_vec4
    %pushi/vec4 0, 0, 32; draw_string_vec4
    %concat/vec4; draw_string_vec4
    %pushi/vec4 0, 0, 32; draw_string_vec4
    %concat/vec4; draw_string_vec4
    %pushi/vec4 70, 0, 32; draw_string_vec4
    %concat/vec4; draw_string_vec4
    %pushi/vec4 1163150152, 0, 32; draw_string_vec4
    %concat/vec4; draw_string_vec4
    %pushi/vec4 541148228, 0, 32; draw_string_vec4
    %concat/vec4; draw_string_vec4
    %pushi/vec4 1226856498, 0, 32; draw_string_vec4
    %concat/vec4; draw_string_vec4
    %store/vec4 v0x61362bf9ea60_0, 0, 256;
    %fork TD_tb_imem.check_instr, S_0x61362bfb0fb0;
    %join;
    %pushi/vec4 8, 0, 32;
    %store/vec4 v0x61362bfd3960_0, 0, 32;
    %pushi/vec4 2130355, 0, 32;
    %store/vec4 v0x61362bfb1520_0, 0, 32;
    %pushi/vec4 1, 0, 1;
    %store/vec4 v0x61362bfb13c0_0, 0, 1;
    %pushi/vec4 0, 0, 32; draw_string_vec4
    %pushi/vec4 0, 0, 32; draw_string_vec4
    %concat/vec4; draw_string_vec4
    %pushi/vec4 0, 0, 32; draw_string_vec4
    %concat/vec4; draw_string_vec4
    %pushi/vec4 0, 0, 32; draw_string_vec4
    %concat/vec4; draw_string_vec4
    %pushi/vec4 0, 0, 32; draw_string_vec4
    %concat/vec4; draw_string_vec4
    %pushi/vec4 1178948675, 0, 32; draw_string_vec4
    %concat/vec4; draw_string_vec4
    %pushi/vec4 1210073412, 0, 32; draw_string_vec4
    %concat/vec4; draw_string_vec4
    %pushi/vec4 1142970419, 0, 32; draw_string_vec4
    %concat/vec4; draw_string_vec4
    %store/vec4 v0x61362bf9ea60_0, 0, 256;
    %fork TD_tb_imem.check_instr, S_0x61362bfb0fb0;
    %join;
    %pushi/vec4 0, 0, 1;
    %store/vec4 v0x61362bfd3be0_0, 0, 1;
    %pushi/vec4 19, 0, 32;
    %store/vec4 v0x61362bfb1520_0, 0, 32;
    %pushi/vec4 0, 0, 1;
    %store/vec4 v0x61362bfb13c0_0, 0, 1;
    %pushi/vec4 0, 0, 32; draw_string_vec4
    %pushi/vec4 0, 0, 32; draw_string_vec4
    %concat/vec4; draw_string_vec4
    %pushi/vec4 0, 0, 32; draw_string_vec4
    %concat/vec4; draw_string_vec4
    %pushi/vec4 0, 0, 32; draw_string_vec4
    %concat/vec4; draw_string_vec4
    %pushi/vec4 73, 0, 32; draw_string_vec4
    %concat/vec4; draw_string_vec4
    %pushi/vec4 1314275660, 0, 32; draw_string_vec4
    %concat/vec4; draw_string_vec4
    %pushi/vec4 1229201478, 0, 32; draw_string_vec4
    %concat/vec4; draw_string_vec4
    %pushi/vec4 1163150152, 0, 32; draw_string_vec4
    %concat/vec4; draw_string_vec4
    %store/vec4 v0x61362bf9ea60_0, 0, 256;
    %fork TD_tb_imem.check_instr, S_0x61362bfb0fb0;
    %join;
    %pushi/vec4 1, 0, 1;
    %store/vec4 v0x61362bfd3be0_0, 0, 1;
    %pushi/vec4 4096, 0, 32;
    %store/vec4 v0x61362bfd3960_0, 0, 32;
    %pushi/vec4 19, 0, 32;
    %store/vec4 v0x61362bfb1520_0, 0, 32;
    %pushi/vec4 0, 0, 1;
    %store/vec4 v0x61362bfb13c0_0, 0, 1;
    %pushi/vec4 0, 0, 32; draw_string_vec4
    %pushi/vec4 0, 0, 32; draw_string_vec4
    %concat/vec4; draw_string_vec4
    %pushi/vec4 0, 0, 32; draw_string_vec4
    %concat/vec4; draw_string_vec4
    %pushi/vec4 0, 0, 32; draw_string_vec4
    %concat/vec4; draw_string_vec4
    %pushi/vec4 0, 0, 32; draw_string_vec4
    %concat/vec4; draw_string_vec4
    %pushi/vec4 1330992160, 0, 32; draw_string_vec4
    %concat/vec4; draw_string_vec4
    %pushi/vec4 1329995858, 0, 32; draw_string_vec4
    %concat/vec4; draw_string_vec4
    %pushi/vec4 1095649093, 0, 32; draw_string_vec4
    %concat/vec4; draw_string_vec4
    %store/vec4 v0x61362bf9ea60_0, 0, 256;
    %fork TD_tb_imem.check_instr, S_0x61362bfb0fb0;
    %join;
    %vpi_call/w 3 113 "$display", "\000" {0 0 0};
    %vpi_call/w 3 114 "$display", "IMEM TEST PASSED" {0 0 0};
    %vpi_call/w 3 115 "$display", "\000" {0 0 0};
    %vpi_call/w 3 117 "$finish" {0 0 0};
    %end;
    .thread T_5;
# The file index is used to find the file name in the following table.
:file_names 5;
    "N/A";
    "<interactive>";
    "-";
    "tb_imem.sv";
    "../../sources/imem.sv";
