#! /usr/bin/vvp
:ivl_version "11.0 (stable)";
:ivl_delay_selection "TYPICAL";
:vpi_time_precision - 12;
:vpi_module "/usr/lib/x86_64-linux-gnu/ivl/system.vpi";
:vpi_module "/usr/lib/x86_64-linux-gnu/ivl/vhdl_sys.vpi";
:vpi_module "/usr/lib/x86_64-linux-gnu/ivl/vhdl_textio.vpi";
:vpi_module "/usr/lib/x86_64-linux-gnu/ivl/v2005_math.vpi";
:vpi_module "/usr/lib/x86_64-linux-gnu/ivl/va_math.vpi";
:vpi_module "/usr/lib/x86_64-linux-gnu/ivl/v2009.vpi";
S_0x6302a21b9610 .scope package, "$unit" "$unit" 2 1;
 .timescale 0 0;
S_0x6302a21b97a0 .scope module, "tb_immediate_generator" "tb_immediate_generator" 3 3;
 .timescale -9 -12;
v0x6302a21d7f70_0 .net "imm_out", 31 0, v0x6302a21d7a40_0;  1 drivers
v0x6302a21d8030_0 .var "imm_type", 2 0;
v0x6302a21d80d0_0 .var "instr", 31 0;
S_0x6302a21b9930 .scope autotask, "check_imm" "check_imm" 3 19, 3 19 0, S_0x6302a21b97a0;
 .timescale -9 -12;
v0x6302a217cba0_0 .var "expected", 31 0;
v0x6302a21d6ff0_0 .var/str "test_name";
TD_tb_immediate_generator.check_imm ;
    %delay 1000, 0;
    %load/vec4 v0x6302a21d7f70_0;
    %load/vec4 v0x6302a217cba0_0;
    %cmp/ne;
    %jmp/0xz  T_0.0, 6;
    %vpi_call/w 3 26 "$display", "[FAIL] %s", v0x6302a21d6ff0_0 {0 0 0};
    %vpi_call/w 3 27 "$display", "Expected : %h", v0x6302a217cba0_0 {0 0 0};
    %vpi_call/w 3 28 "$display", "Actual   : %h", v0x6302a21d7f70_0 {0 0 0};
    %vpi_call/w 3 30 "$finish" {0 0 0};
    %jmp T_0.1;
T_0.0 ;
    %vpi_call/w 3 32 "$display", "[PASS] %s -> %h", v0x6302a21d6ff0_0, v0x6302a21d7f70_0 {0 0 0};
T_0.1 ;
    %end;
S_0x6302a21d70b0 .scope module, "dut" "immediate_generator" 3 11, 4 1 0, S_0x6302a21b97a0;
 .timescale 0 0;
    .port_info 0 /INPUT 32 "instr";
    .port_info 1 /INPUT 3 "imm_type";
    .port_info 2 /OUTPUT 32 "imm_out";
v0x6302a21d77c0_0 .var "imm_b", 31 0;
v0x6302a21d78a0_0 .var "imm_i", 31 0;
v0x6302a21d7980_0 .var "imm_j", 31 0;
v0x6302a21d7a40_0 .var "imm_out", 31 0;
v0x6302a21d7b20_0 .var "imm_s", 31 0;
v0x6302a21d7c50_0 .net "imm_type", 2 0, v0x6302a21d8030_0;  1 drivers
v0x6302a21d7d30_0 .var "imm_u", 31 0;
v0x6302a21d7e10_0 .net "instr", 31 0, v0x6302a21d80d0_0;  1 drivers
E_0x6302a21b4260/0 .event edge, v0x6302a21d7c50_0, v0x6302a21d78a0_0, v0x6302a21d7b20_0, v0x6302a21d77c0_0;
E_0x6302a21b4260/1 .event edge, v0x6302a21d7d30_0, v0x6302a21d7980_0;
E_0x6302a21b4260 .event/or E_0x6302a21b4260/0, E_0x6302a21b4260/1;
E_0x6302a21b48b0/0 .event edge, v0x6302a21d7e10_0, v0x6302a21d7e10_0, v0x6302a21d7e10_0, v0x6302a21d7e10_0;
E_0x6302a21b48b0/1 .event edge, v0x6302a21d7e10_0, v0x6302a21d7e10_0, v0x6302a21d7e10_0, v0x6302a21d7e10_0;
E_0x6302a21b48b0/2 .event edge, v0x6302a21d7e10_0, v0x6302a21d7e10_0, v0x6302a21d7e10_0;
E_0x6302a21b48b0 .event/or E_0x6302a21b48b0/0, E_0x6302a21b48b0/1, E_0x6302a21b48b0/2;
S_0x6302a21d73c0 .scope begin, "imm_extract" "imm_extract" 4 15, 4 15 0, S_0x6302a21d70b0;
 .timescale 0 0;
S_0x6302a21d75c0 .scope begin, "imm_select" "imm_select" 4 34, 4 34 0, S_0x6302a21d70b0;
 .timescale 0 0;
    .scope S_0x6302a21d70b0;
T_1 ;
Ewait_0 .event/or E_0x6302a21b48b0, E_0x0;
    %wait Ewait_0;
    %fork t_1, S_0x6302a21d73c0;
    %jmp t_0;
    .scope S_0x6302a21d73c0;
t_1 ;
    %load/vec4 v0x6302a21d7e10_0;
    %parti/s 1, 31, 6;
    %replicate 20;
    %load/vec4 v0x6302a21d7e10_0;
    %parti/s 12, 20, 6;
    %concat/vec4; draw_concat_vec4
    %store/vec4 v0x6302a21d78a0_0, 0, 32;
    %load/vec4 v0x6302a21d7e10_0;
    %parti/s 1, 31, 6;
    %replicate 20;
    %load/vec4 v0x6302a21d7e10_0;
    %parti/s 7, 25, 6;
    %concat/vec4; draw_concat_vec4
    %load/vec4 v0x6302a21d7e10_0;
    %parti/s 5, 7, 4;
    %concat/vec4; draw_concat_vec4
    %store/vec4 v0x6302a21d7b20_0, 0, 32;
    %load/vec4 v0x6302a21d7e10_0;
    %parti/s 1, 31, 6;
    %replicate 19;
    %load/vec4 v0x6302a21d7e10_0;
    %parti/s 1, 31, 6;
    %concat/vec4; draw_concat_vec4
    %load/vec4 v0x6302a21d7e10_0;
    %parti/s 1, 7, 4;
    %concat/vec4; draw_concat_vec4
    %load/vec4 v0x6302a21d7e10_0;
    %parti/s 6, 25, 6;
    %concat/vec4; draw_concat_vec4
    %load/vec4 v0x6302a21d7e10_0;
    %parti/s 4, 8, 5;
    %concat/vec4; draw_concat_vec4
    %concati/vec4 0, 0, 1;
    %store/vec4 v0x6302a21d77c0_0, 0, 32;
    %load/vec4 v0x6302a21d7e10_0;
    %parti/s 20, 12, 5;
    %concati/vec4 0, 0, 12;
    %store/vec4 v0x6302a21d7d30_0, 0, 32;
    %load/vec4 v0x6302a21d7e10_0;
    %parti/s 1, 31, 6;
    %replicate 11;
    %load/vec4 v0x6302a21d7e10_0;
    %parti/s 1, 31, 6;
    %concat/vec4; draw_concat_vec4
    %load/vec4 v0x6302a21d7e10_0;
    %parti/s 8, 12, 5;
    %concat/vec4; draw_concat_vec4
    %load/vec4 v0x6302a21d7e10_0;
    %parti/s 1, 20, 6;
    %concat/vec4; draw_concat_vec4
    %load/vec4 v0x6302a21d7e10_0;
    %parti/s 10, 21, 6;
    %concat/vec4; draw_concat_vec4
    %concati/vec4 0, 0, 1;
    %store/vec4 v0x6302a21d7980_0, 0, 32;
    %end;
    .scope S_0x6302a21d70b0;
t_0 %join;
    %jmp T_1;
    .thread T_1, $push;
    .scope S_0x6302a21d70b0;
T_2 ;
Ewait_1 .event/or E_0x6302a21b4260, E_0x0;
    %wait Ewait_1;
    %fork t_3, S_0x6302a21d75c0;
    %jmp t_2;
    .scope S_0x6302a21d75c0;
t_3 ;
    %load/vec4 v0x6302a21d7c50_0;
    %dup/vec4;
    %pushi/vec4 0, 0, 3;
    %cmp/u;
    %jmp/1 T_2.0, 6;
    %dup/vec4;
    %pushi/vec4 1, 0, 3;
    %cmp/u;
    %jmp/1 T_2.1, 6;
    %dup/vec4;
    %pushi/vec4 2, 0, 3;
    %cmp/u;
    %jmp/1 T_2.2, 6;
    %dup/vec4;
    %pushi/vec4 3, 0, 3;
    %cmp/u;
    %jmp/1 T_2.3, 6;
    %dup/vec4;
    %pushi/vec4 4, 0, 3;
    %cmp/u;
    %jmp/1 T_2.4, 6;
    %pushi/vec4 0, 0, 32;
    %store/vec4 v0x6302a21d7a40_0, 0, 32;
    %jmp T_2.6;
T_2.0 ;
    %load/vec4 v0x6302a21d78a0_0;
    %store/vec4 v0x6302a21d7a40_0, 0, 32;
    %jmp T_2.6;
T_2.1 ;
    %load/vec4 v0x6302a21d7b20_0;
    %store/vec4 v0x6302a21d7a40_0, 0, 32;
    %jmp T_2.6;
T_2.2 ;
    %load/vec4 v0x6302a21d77c0_0;
    %store/vec4 v0x6302a21d7a40_0, 0, 32;
    %jmp T_2.6;
T_2.3 ;
    %load/vec4 v0x6302a21d7d30_0;
    %store/vec4 v0x6302a21d7a40_0, 0, 32;
    %jmp T_2.6;
T_2.4 ;
    %load/vec4 v0x6302a21d7980_0;
    %store/vec4 v0x6302a21d7a40_0, 0, 32;
    %jmp T_2.6;
T_2.6 ;
    %pop/vec4 1;
    %end;
    .scope S_0x6302a21d70b0;
t_2 %join;
    %jmp T_2;
    .thread T_2, $push;
    .scope S_0x6302a21b97a0;
T_3 ;
    %pushi/vec4 104923283, 0, 32;
    %store/vec4 v0x6302a21d80d0_0, 0, 32;
    %pushi/vec4 0, 0, 3;
    %store/vec4 v0x6302a21d8030_0, 0, 3;
    %alloc S_0x6302a21b9930;
    %pushi/vec4 100, 0, 32;
    %store/vec4 v0x6302a217cba0_0, 0, 32;
    %pushi/str "I-TYPE POSITIVE";
    %store/str v0x6302a21d6ff0_0;
    %fork TD_tb_immediate_generator.check_imm, S_0x6302a21b9930;
    %join;
    %free S_0x6302a21b9930;
    %pushi/vec4 4293918739, 0, 32;
    %store/vec4 v0x6302a21d80d0_0, 0, 32;
    %pushi/vec4 0, 0, 3;
    %store/vec4 v0x6302a21d8030_0, 0, 3;
    %alloc S_0x6302a21b9930;
    %pushi/vec4 4294967295, 0, 32;
    %store/vec4 v0x6302a217cba0_0, 0, 32;
    %pushi/str "I-TYPE NEGATIVE";
    %store/str v0x6302a21d6ff0_0;
    %fork TD_tb_immediate_generator.check_imm, S_0x6302a21b9930;
    %join;
    %free S_0x6302a21b9930;
    %pushi/vec4 5318691, 0, 32;
    %store/vec4 v0x6302a21d80d0_0, 0, 32;
    %pushi/vec4 1, 0, 3;
    %store/vec4 v0x6302a21d8030_0, 0, 3;
    %alloc S_0x6302a21b9930;
    %pushi/vec4 16, 0, 32;
    %store/vec4 v0x6302a217cba0_0, 0, 32;
    %pushi/str "S-TYPE";
    %store/str v0x6302a21d6ff0_0;
    %fork TD_tb_immediate_generator.check_imm, S_0x6302a21b9930;
    %join;
    %free S_0x6302a21b9930;
    %pushi/vec4 2131043, 0, 32;
    %store/vec4 v0x6302a21d80d0_0, 0, 32;
    %pushi/vec4 2, 0, 3;
    %store/vec4 v0x6302a21d8030_0, 0, 3;
    %alloc S_0x6302a21b9930;
    %pushi/vec4 8, 0, 32;
    %store/vec4 v0x6302a217cba0_0, 0, 32;
    %pushi/str "B-TYPE";
    %store/str v0x6302a21d6ff0_0;
    %fork TD_tb_immediate_generator.check_imm, S_0x6302a21b9930;
    %join;
    %free S_0x6302a21b9930;
    %pushi/vec4 305418423, 0, 32;
    %store/vec4 v0x6302a21d80d0_0, 0, 32;
    %pushi/vec4 3, 0, 3;
    %store/vec4 v0x6302a21d8030_0, 0, 3;
    %alloc S_0x6302a21b9930;
    %pushi/vec4 305418240, 0, 32;
    %store/vec4 v0x6302a217cba0_0, 0, 32;
    %pushi/str "U-TYPE";
    %store/str v0x6302a21d6ff0_0;
    %fork TD_tb_immediate_generator.check_imm, S_0x6302a21b9930;
    %join;
    %free S_0x6302a21b9930;
    %pushi/vec4 1048815, 0, 32;
    %store/vec4 v0x6302a21d80d0_0, 0, 32;
    %pushi/vec4 4, 0, 3;
    %store/vec4 v0x6302a21d8030_0, 0, 3;
    %alloc S_0x6302a21b9930;
    %pushi/vec4 2048, 0, 32;
    %store/vec4 v0x6302a217cba0_0, 0, 32;
    %pushi/str "J-TYPE";
    %store/str v0x6302a21d6ff0_0;
    %fork TD_tb_immediate_generator.check_imm, S_0x6302a21b9930;
    %join;
    %free S_0x6302a21b9930;
    %pushi/vec4 4294967295, 0, 32;
    %store/vec4 v0x6302a21d80d0_0, 0, 32;
    %pushi/vec4 7, 0, 3;
    %store/vec4 v0x6302a21d8030_0, 0, 3;
    %alloc S_0x6302a21b9930;
    %pushi/vec4 0, 0, 32;
    %store/vec4 v0x6302a217cba0_0, 0, 32;
    %pushi/str "DEFAULT";
    %store/str v0x6302a21d6ff0_0;
    %fork TD_tb_immediate_generator.check_imm, S_0x6302a21b9930;
    %join;
    %free S_0x6302a21b9930;
    %vpi_call/w 3 83 "$display", "\000" {0 0 0};
    %vpi_call/w 3 84 "$display", "ALL IMMEDIATE GENERATOR TESTS PASSED" {0 0 0};
    %vpi_call/w 3 85 "$display", "\000" {0 0 0};
    %vpi_call/w 3 87 "$finish" {0 0 0};
    %end;
    .thread T_3;
# The file index is used to find the file name in the following table.
:file_names 5;
    "N/A";
    "<interactive>";
    "-";
    "tb_immediate_generator.sv";
    "../../sources/immediate_generator.sv";
