#! /usr/bin/vvp
:ivl_version "11.0 (stable)";
:ivl_delay_selection "TYPICAL";
:vpi_time_precision - 12;
:vpi_module "/usr/lib/x86_64-linux-gnu/ivl/system.vpi";
:vpi_module "/usr/lib/x86_64-linux-gnu/ivl/vhdl_sys.vpi";
:vpi_module "/usr/lib/x86_64-linux-gnu/ivl/vhdl_textio.vpi";
:vpi_module "/usr/lib/x86_64-linux-gnu/ivl/v2005_math.vpi";
:vpi_module "/usr/lib/x86_64-linux-gnu/ivl/va_math.vpi";
:vpi_module "/usr/lib/x86_64-linux-gnu/ivl/v2009.vpi";
S_0x5c0b55e0edf0 .scope package, "$unit" "$unit" 2 1;
 .timescale 0 0;
S_0x5c0b55e0ef80 .scope module, "tb_stage_wb" "tb_stage_wb" 3 3;
 .timescale -9 -12;
P_0x5c0b55df78d0 .param/l "ADDR_WIDTH" 0 3 6, +C4<00000000000000000000000000000101>;
P_0x5c0b55df7910 .param/l "DATA_WIDTH" 0 3 5, +C4<00000000000000000000000000100000>;
v0x5c0b55e2ff50_0 .var "mem_wb_alu_result", 31 0;
v0x5c0b55e30030_0 .var "mem_wb_mem_data", 31 0;
v0x5c0b55e30100_0 .var "mem_wb_rd", 4 0;
v0x5c0b55e30200_0 .var "mem_wb_rd_data_src", 2 0;
v0x5c0b55e302d0_0 .var "mem_wb_valid", 0 0;
v0x5c0b55e30370_0 .var "mem_wb_write_rd", 0 0;
v0x5c0b55e30440_0 .net "regfile_rd_addr", 4 0, L_0x5c0b55e30850;  1 drivers
v0x5c0b55e30510_0 .net "regfile_rd_data", 31 0, L_0x5c0b55e30960;  1 drivers
v0x5c0b55e305e0_0 .net "regfile_write_enable", 0 0, L_0x5c0b55e30740;  1 drivers
S_0x5c0b55dd1cf0 .scope autotask, "check_result" "check_result" 3 44, 3 44 0, S_0x5c0b55e0ef80;
 .timescale -9 -12;
v0x5c0b55dd1e80_0 .var "expected_data", 31 0;
v0x5c0b55e2ec00_0 .var "expected_rd", 4 0;
v0x5c0b55e2ece0_0 .var "expected_we", 0 0;
v0x5c0b55e2edb0_0 .var/str "test_name";
TD_tb_stage_wb.check_result ;
    %delay 1000, 0;
    %load/vec4 v0x5c0b55e30510_0;
    %load/vec4 v0x5c0b55dd1e80_0;
    %cmp/ne;
    %flag_mov 8, 6;
    %load/vec4 v0x5c0b55e30440_0;
    %load/vec4 v0x5c0b55e2ec00_0;
    %cmp/ne;
    %flag_or 6, 8;
    %flag_mov 8, 6;
    %load/vec4 v0x5c0b55e305e0_0;
    %load/vec4 v0x5c0b55e2ece0_0;
    %cmp/ne;
    %flag_or 6, 8;
    %jmp/0xz  T_0.0, 6;
    %vpi_call/w 3 56 "$display", "[FAIL] %s", v0x5c0b55e2edb0_0 {0 0 0};
    %vpi_call/w 3 58 "$display", "Expected DATA : %h", v0x5c0b55dd1e80_0 {0 0 0};
    %vpi_call/w 3 59 "$display", "Actual   DATA : %h", v0x5c0b55e30510_0 {0 0 0};
    %vpi_call/w 3 61 "$display", "Expected RD   : %0d", v0x5c0b55e2ec00_0 {0 0 0};
    %vpi_call/w 3 62 "$display", "Actual   RD   : %0d", v0x5c0b55e30440_0 {0 0 0};
    %vpi_call/w 3 64 "$display", "Expected WE   : %b", v0x5c0b55e2ece0_0 {0 0 0};
    %vpi_call/w 3 65 "$display", "Actual   WE   : %b", v0x5c0b55e305e0_0 {0 0 0};
    %vpi_call/w 3 67 "$finish" {0 0 0};
    %jmp T_0.1;
T_0.0 ;
    %vpi_call/w 3 70 "$display", "[PASS] %s", v0x5c0b55e2edb0_0 {0 0 0};
T_0.1 ;
    %end;
S_0x5c0b55e2ee70 .scope module, "dut_stage_wb" "stage_wb" 3 26, 4 1 0, S_0x5c0b55e0ef80;
 .timescale 0 0;
    .port_info 0 /INPUT 32 "mem_wb_alu_result";
    .port_info 1 /INPUT 32 "mem_wb_mem_data";
    .port_info 2 /INPUT 5 "mem_wb_rd";
    .port_info 3 /INPUT 1 "mem_wb_write_rd";
    .port_info 4 /INPUT 3 "mem_wb_rd_data_src";
    .port_info 5 /INPUT 1 "mem_wb_valid";
    .port_info 6 /OUTPUT 1 "regfile_write_enable";
    .port_info 7 /OUTPUT 5 "regfile_rd_addr";
    .port_info 8 /OUTPUT 32 "regfile_rd_data";
P_0x5c0b55e0f160 .param/l "ADDR_WIDTH" 0 4 3, +C4<00000000000000000000000000000101>;
P_0x5c0b55e0f1a0 .param/l "DATA_WIDTH" 0 4 2, +C4<00000000000000000000000000100000>;
L_0x5c0b55e30740 .functor AND 1, v0x5c0b55e302d0_0, v0x5c0b55e30370_0, C4<1>, C4<1>;
L_0x5c0b55e30850 .functor BUFZ 5, v0x5c0b55e30100_0, C4<00000>, C4<00000>, C4<00000>;
L_0x5c0b55e30960 .functor BUFZ 32, v0x5c0b55e2fd50_0, C4<00000000000000000000000000000000>, C4<00000000000000000000000000000000>, C4<00000000000000000000000000000000>;
v0x5c0b55e2f550_0 .net "mem_wb_alu_result", 31 0, v0x5c0b55e2ff50_0;  1 drivers
v0x5c0b55e2f650_0 .net "mem_wb_mem_data", 31 0, v0x5c0b55e30030_0;  1 drivers
v0x5c0b55e2f730_0 .net "mem_wb_rd", 4 0, v0x5c0b55e30100_0;  1 drivers
v0x5c0b55e2f820_0 .net "mem_wb_rd_data_src", 2 0, v0x5c0b55e30200_0;  1 drivers
v0x5c0b55e2f900_0 .net "mem_wb_valid", 0 0, v0x5c0b55e302d0_0;  1 drivers
v0x5c0b55e2fa10_0 .net "mem_wb_write_rd", 0 0, v0x5c0b55e30370_0;  1 drivers
v0x5c0b55e2fad0_0 .net "regfile_rd_addr", 4 0, L_0x5c0b55e30850;  alias, 1 drivers
v0x5c0b55e2fbb0_0 .net "regfile_rd_data", 31 0, L_0x5c0b55e30960;  alias, 1 drivers
v0x5c0b55e2fc90_0 .net "regfile_write_enable", 0 0, L_0x5c0b55e30740;  alias, 1 drivers
v0x5c0b55e2fd50_0 .var "wb_data", 31 0;
E_0x5c0b55e0bab0 .event edge, v0x5c0b55e2f820_0, v0x5c0b55e2f550_0, v0x5c0b55e2f650_0;
S_0x5c0b55e2f350 .scope begin, "wb_select_comb" "wb_select_comb" 4 27, 4 27 0, S_0x5c0b55e2ee70;
 .timescale 0 0;
    .scope S_0x5c0b55e2ee70;
T_1 ;
Ewait_0 .event/or E_0x5c0b55e0bab0, E_0x0;
    %wait Ewait_0;
    %fork t_1, S_0x5c0b55e2f350;
    %jmp t_0;
    .scope S_0x5c0b55e2f350;
t_1 ;
    %load/vec4 v0x5c0b55e2f820_0;
    %dup/vec4;
    %pushi/vec4 0, 0, 3;
    %cmp/u;
    %jmp/1 T_1.0, 6;
    %dup/vec4;
    %pushi/vec4 1, 0, 3;
    %cmp/u;
    %jmp/1 T_1.1, 6;
    %dup/vec4;
    %pushi/vec4 2, 0, 3;
    %cmp/u;
    %jmp/1 T_1.2, 6;
    %dup/vec4;
    %pushi/vec4 3, 0, 3;
    %cmp/u;
    %jmp/1 T_1.3, 6;
    %dup/vec4;
    %pushi/vec4 4, 0, 3;
    %cmp/u;
    %jmp/1 T_1.4, 6;
    %load/vec4 v0x5c0b55e2f550_0;
    %store/vec4 v0x5c0b55e2fd50_0, 0, 32;
    %jmp T_1.6;
T_1.0 ;
    %load/vec4 v0x5c0b55e2f550_0;
    %store/vec4 v0x5c0b55e2fd50_0, 0, 32;
    %jmp T_1.6;
T_1.1 ;
    %load/vec4 v0x5c0b55e2f550_0;
    %store/vec4 v0x5c0b55e2fd50_0, 0, 32;
    %jmp T_1.6;
T_1.2 ;
    %load/vec4 v0x5c0b55e2f550_0;
    %store/vec4 v0x5c0b55e2fd50_0, 0, 32;
    %jmp T_1.6;
T_1.3 ;
    %load/vec4 v0x5c0b55e2f550_0;
    %store/vec4 v0x5c0b55e2fd50_0, 0, 32;
    %jmp T_1.6;
T_1.4 ;
    %load/vec4 v0x5c0b55e2f650_0;
    %store/vec4 v0x5c0b55e2fd50_0, 0, 32;
    %jmp T_1.6;
T_1.6 ;
    %pop/vec4 1;
    %end;
    .scope S_0x5c0b55e2ee70;
t_0 %join;
    %jmp T_1;
    .thread T_1, $push;
    .scope S_0x5c0b55e0ef80;
T_2 ;
    %pushi/vec4 305419896, 0, 32;
    %store/vec4 v0x5c0b55e2ff50_0, 0, 32;
    %pushi/vec4 3735928559, 0, 32;
    %store/vec4 v0x5c0b55e30030_0, 0, 32;
    %pushi/vec4 10, 0, 5;
    %store/vec4 v0x5c0b55e30100_0, 0, 5;
    %pushi/vec4 1, 0, 1;
    %store/vec4 v0x5c0b55e30370_0, 0, 1;
    %pushi/vec4 0, 0, 3;
    %store/vec4 v0x5c0b55e30200_0, 0, 3;
    %pushi/vec4 1, 0, 1;
    %store/vec4 v0x5c0b55e302d0_0, 0, 1;
    %delay 1000, 0;
    %alloc S_0x5c0b55dd1cf0;
    %pushi/vec4 305419896, 0, 32;
    %store/vec4 v0x5c0b55dd1e80_0, 0, 32;
    %pushi/vec4 10, 0, 5;
    %store/vec4 v0x5c0b55e2ec00_0, 0, 5;
    %pushi/vec4 1, 0, 1;
    %store/vec4 v0x5c0b55e2ece0_0, 0, 1;
    %pushi/str "ALU WRITEBACK";
    %store/str v0x5c0b55e2edb0_0;
    %fork TD_tb_stage_wb.check_result, S_0x5c0b55dd1cf0;
    %join;
    %free S_0x5c0b55dd1cf0;
    %pushi/vec4 4, 0, 3;
    %store/vec4 v0x5c0b55e30200_0, 0, 3;
    %delay 1000, 0;
    %alloc S_0x5c0b55dd1cf0;
    %pushi/vec4 3735928559, 0, 32;
    %store/vec4 v0x5c0b55dd1e80_0, 0, 32;
    %pushi/vec4 10, 0, 5;
    %store/vec4 v0x5c0b55e2ec00_0, 0, 5;
    %pushi/vec4 1, 0, 1;
    %store/vec4 v0x5c0b55e2ece0_0, 0, 1;
    %pushi/str "LOAD WRITEBACK";
    %store/str v0x5c0b55e2edb0_0;
    %fork TD_tb_stage_wb.check_result, S_0x5c0b55dd1cf0;
    %join;
    %free S_0x5c0b55dd1cf0;
    %pushi/vec4 0, 0, 1;
    %store/vec4 v0x5c0b55e302d0_0, 0, 1;
    %delay 1000, 0;
    %alloc S_0x5c0b55dd1cf0;
    %pushi/vec4 3735928559, 0, 32;
    %store/vec4 v0x5c0b55dd1e80_0, 0, 32;
    %pushi/vec4 10, 0, 5;
    %store/vec4 v0x5c0b55e2ec00_0, 0, 5;
    %pushi/vec4 0, 0, 1;
    %store/vec4 v0x5c0b55e2ece0_0, 0, 1;
    %pushi/str "INVALID PIPELINE";
    %store/str v0x5c0b55e2edb0_0;
    %fork TD_tb_stage_wb.check_result, S_0x5c0b55dd1cf0;
    %join;
    %free S_0x5c0b55dd1cf0;
    %pushi/vec4 1, 0, 1;
    %store/vec4 v0x5c0b55e302d0_0, 0, 1;
    %pushi/vec4 0, 0, 1;
    %store/vec4 v0x5c0b55e30370_0, 0, 1;
    %delay 1000, 0;
    %alloc S_0x5c0b55dd1cf0;
    %pushi/vec4 3735928559, 0, 32;
    %store/vec4 v0x5c0b55dd1e80_0, 0, 32;
    %pushi/vec4 10, 0, 5;
    %store/vec4 v0x5c0b55e2ec00_0, 0, 5;
    %pushi/vec4 0, 0, 1;
    %store/vec4 v0x5c0b55e2ece0_0, 0, 1;
    %pushi/str "WRITE DISABLED";
    %store/str v0x5c0b55e2edb0_0;
    %fork TD_tb_stage_wb.check_result, S_0x5c0b55dd1cf0;
    %join;
    %free S_0x5c0b55dd1cf0;
    %vpi_call/w 3 118 "$display", "\000" {0 0 0};
    %vpi_call/w 3 119 "$display", "ALL STAGE_WB TESTS PASSED" {0 0 0};
    %vpi_call/w 3 120 "$display", "\000" {0 0 0};
    %vpi_call/w 3 122 "$finish" {0 0 0};
    %end;
    .thread T_2;
# The file index is used to find the file name in the following table.
:file_names 5;
    "N/A";
    "<interactive>";
    "-";
    "tb_stage_wb.sv";
    "../../sources/stage_wb.sv";
