#! /usr/bin/vvp
:ivl_version "11.0 (stable)";
:ivl_delay_selection "TYPICAL";
:vpi_time_precision - 12;
:vpi_module "/usr/lib/x86_64-linux-gnu/ivl/system.vpi";
:vpi_module "/usr/lib/x86_64-linux-gnu/ivl/vhdl_sys.vpi";
:vpi_module "/usr/lib/x86_64-linux-gnu/ivl/vhdl_textio.vpi";
:vpi_module "/usr/lib/x86_64-linux-gnu/ivl/v2005_math.vpi";
:vpi_module "/usr/lib/x86_64-linux-gnu/ivl/va_math.vpi";
:vpi_module "/usr/lib/x86_64-linux-gnu/ivl/v2009.vpi";
S_0x5a94e943c310 .scope package, "$unit" "$unit" 2 1;
 .timescale 0 0;
S_0x5a94e93f4cf0 .scope module, "tb_dmem" "tb_dmem" 3 3;
 .timescale -9 -12;
P_0x5a94e93f4e80 .param/l "ADDR_WIDTH" 0 3 6, +C4<00000000000000000000000000100000>;
P_0x5a94e93f4ec0 .param/l "DATA_WIDTH" 0 3 5, +C4<00000000000000000000000000100000>;
P_0x5a94e93f4f00 .param/l "MEM_BYTE" 1 3 9, C4<001000>;
P_0x5a94e93f4f40 .param/l "MEM_DEPTH" 0 3 7, +C4<00000000000000000001000000000000>;
P_0x5a94e93f4f80 .param/l "MEM_HALF" 1 3 10, C4<010000>;
P_0x5a94e93f4fc0 .param/l "MEM_WORD" 1 3 11, C4<100000>;
v0x5a94e9473bd0_0 .var "addr", 31 0;
v0x5a94e9473cb0_0 .var "clk", 0 0;
v0x5a94e9473d50_0 .net "mem_ready", 0 0, L_0x5a94e9424650;  1 drivers
v0x5a94e9473df0_0 .var "mem_valid", 0 0;
v0x5a94e9473e90_0 .var "mem_width", 5 0;
v0x5a94e9473f80_0 .net "read_data", 31 0, v0x5a94e9472b60_0;  1 drivers
v0x5a94e9474020_0 .net "read_valid", 0 0, v0x5a94e9472c40_0;  1 drivers
v0x5a94e94740f0_0 .var "rst", 0 0;
v0x5a94e94741c0_0 .var "write_data", 31 0;
v0x5a94e9474290_0 .var "write_enable", 0 0;
E_0x5a94e942fbf0 .event edge, v0x5a94e9472d00_0;
S_0x5a94e9453ae0 .scope module, "dut" "dmem" 3 36, 4 1 0, S_0x5a94e93f4cf0;
 .timescale 0 0;
    .port_info 0 /INPUT 1 "clk";
    .port_info 1 /INPUT 1 "rst";
    .port_info 2 /INPUT 1 "mem_valid";
    .port_info 3 /OUTPUT 1 "mem_ready";
    .port_info 4 /INPUT 1 "write_enable";
    .port_info 5 /INPUT 6 "mem_width";
    .port_info 6 /INPUT 32 "addr";
    .port_info 7 /INPUT 32 "write_data";
    .port_info 8 /OUTPUT 32 "read_data";
    .port_info 9 /OUTPUT 1 "read_valid";
P_0x5a94e9453c70 .param/l "ADDR_WIDTH" 0 4 3, +C4<00000000000000000000000000100000>;
P_0x5a94e9453cb0 .param/l "DATA_WIDTH" 0 4 2, +C4<00000000000000000000000000100000>;
P_0x5a94e9453cf0 .param/l "MEM_BYTE" 1 4 24, C4<001000>;
P_0x5a94e9453d30 .param/l "MEM_DEPTH" 0 4 4, +C4<00000000000000000001000000000000>;
P_0x5a94e9453d70 .param/l "MEM_HALF" 1 4 25, C4<010000>;
P_0x5a94e9453db0 .param/l "MEM_WORD" 1 4 26, C4<100000>;
L_0x5a94e9423ed0 .functor AND 1, L_0x5a94e9474430, v0x5a94e9423bc0_0, C4<1>, C4<1>;
L_0x5a94e9424650 .functor AND 1, L_0x5a94e9423ed0, v0x5a94e9420410_0, C4<1>, C4<1>;
v0x5a94e9424030_0 .net *"_ivl_3", 0 0, L_0x5a94e9474430;  1 drivers
v0x5a94e9424770_0 .net *"_ivl_5", 0 0, L_0x5a94e9423ed0;  1 drivers
v0x5a94e9423360_0 .net "addr", 31 0, v0x5a94e9473bd0_0;  1 drivers
v0x5a94e9423bc0_0 .var "addr_aligned", 0 0;
v0x5a94e9420410_0 .var "addr_valid", 0 0;
v0x5a94e9420ac0_0 .net "byte_addr", 11 0, L_0x5a94e9474360;  1 drivers
v0x5a94e9420e00_0 .net "clk", 0 0, v0x5a94e9473cb0_0;  1 drivers
v0x5a94e9472760_0 .var/i "i", 31 0;
v0x5a94e9472840 .array "mem", 4095 0, 7 0;
v0x5a94e9472900_0 .net "mem_ready", 0 0, L_0x5a94e9424650;  alias, 1 drivers
v0x5a94e94729c0_0 .net "mem_valid", 0 0, v0x5a94e9473df0_0;  1 drivers
v0x5a94e9472a80_0 .net "mem_width", 5 0, v0x5a94e9473e90_0;  1 drivers
v0x5a94e9472b60_0 .var "read_data", 31 0;
v0x5a94e9472c40_0 .var "read_valid", 0 0;
v0x5a94e9472d00_0 .net "rst", 0 0, v0x5a94e94740f0_0;  1 drivers
v0x5a94e9472dc0_0 .net "write_data", 31 0, v0x5a94e94741c0_0;  1 drivers
v0x5a94e9472ea0_0 .net "write_enable", 0 0, v0x5a94e9474290_0;  1 drivers
E_0x5a94e942feb0 .event posedge, v0x5a94e9420e00_0;
E_0x5a94e942e000 .event edge, v0x5a94e9472a80_0, v0x5a94e9420ac0_0, v0x5a94e9420ac0_0, v0x5a94e9420ac0_0;
L_0x5a94e9474360 .part v0x5a94e9473bd0_0, 0, 12;
L_0x5a94e9474430 .reduce/nor v0x5a94e94740f0_0;
S_0x5a94e9453f00 .scope begin, "mem_ff" "mem_ff" 4 74, 4 74 0, S_0x5a94e9453ae0;
 .timescale 0 0;
S_0x5a94e9473100 .scope task, "read_word" "read_word" 3 123, 3 123 0, S_0x5a94e93f4cf0;
 .timescale -9 -12;
v0x5a94e94732b0_0 .var "expected", 31 0;
v0x5a94e9473390_0 .var "rd_addr", 31 0;
TD_tb_dmem.read_word ;
    %wait E_0x5a94e942feb0;
    %pushi/vec4 1, 0, 1;
    %assign/vec4 v0x5a94e9473df0_0, 0;
    %pushi/vec4 0, 0, 1;
    %assign/vec4 v0x5a94e9474290_0, 0;
    %pushi/vec4 32, 0, 6;
    %assign/vec4 v0x5a94e9473e90_0, 0;
    %load/vec4 v0x5a94e9473390_0;
    %assign/vec4 v0x5a94e9473bd0_0, 0;
    %wait E_0x5a94e942feb0;
    %pushi/vec4 0, 0, 1;
    %assign/vec4 v0x5a94e9473df0_0, 0;
    %wait E_0x5a94e942feb0;
    %load/vec4 v0x5a94e9474020_0;
    %nor/r;
    %flag_set/vec4 8;
    %jmp/0xz  T_0.0, 8;
    %vpi_call/w 3 142 "$display", "[FAIL] read_valid not asserted" {0 0 0};
    %vpi_call/w 3 143 "$finish" {0 0 0};
T_0.0 ;
    %load/vec4 v0x5a94e9473f80_0;
    %load/vec4 v0x5a94e94732b0_0;
    %cmp/ne;
    %jmp/0xz  T_0.2, 6;
    %vpi_call/w 3 148 "$display", "[FAIL] WORD READ" {0 0 0};
    %vpi_call/w 3 150 "$display", "ADDR     = 0x%08h", v0x5a94e9473390_0 {0 0 0};
    %vpi_call/w 3 151 "$display", "EXPECTED = 0x%08h", v0x5a94e94732b0_0 {0 0 0};
    %vpi_call/w 3 152 "$display", "ACTUAL   = 0x%08h", v0x5a94e9473f80_0 {0 0 0};
    %vpi_call/w 3 154 "$finish" {0 0 0};
    %jmp T_0.3;
T_0.2 ;
    %vpi_call/w 3 157 "$display", "[PASS] WORD READ : 0x%08h", v0x5a94e9473f80_0 {0 0 0};
T_0.3 ;
    %end;
S_0x5a94e9473470 .scope task, "write_byte" "write_byte" 3 79, 3 79 0, S_0x5a94e93f4cf0;
 .timescale -9 -12;
v0x5a94e9473650_0 .var "wr_addr", 31 0;
v0x5a94e9473730_0 .var "wr_data", 7 0;
TD_tb_dmem.write_byte ;
    %wait E_0x5a94e942feb0;
    %pushi/vec4 1, 0, 1;
    %assign/vec4 v0x5a94e9473df0_0, 0;
    %pushi/vec4 1, 0, 1;
    %assign/vec4 v0x5a94e9474290_0, 0;
    %pushi/vec4 8, 0, 6;
    %assign/vec4 v0x5a94e9473e90_0, 0;
    %load/vec4 v0x5a94e9473650_0;
    %assign/vec4 v0x5a94e9473bd0_0, 0;
    %pushi/vec4 0, 0, 24;
    %load/vec4 v0x5a94e9473730_0;
    %concat/vec4; draw_concat_vec4
    %assign/vec4 v0x5a94e94741c0_0, 0;
    %wait E_0x5a94e942feb0;
    %pushi/vec4 0, 0, 1;
    %assign/vec4 v0x5a94e9473df0_0, 0;
    %pushi/vec4 0, 0, 1;
    %assign/vec4 v0x5a94e9474290_0, 0;
    %end;
S_0x5a94e9473810 .scope task, "write_word" "write_word" 3 101, 3 101 0, S_0x5a94e93f4cf0;
 .timescale -9 -12;
v0x5a94e94739f0_0 .var "wr_addr", 31 0;
v0x5a94e9473af0_0 .var "wr_data", 31 0;
TD_tb_dmem.write_word ;
    %wait E_0x5a94e942feb0;
    %pushi/vec4 1, 0, 1;
    %assign/vec4 v0x5a94e9473df0_0, 0;
    %pushi/vec4 1, 0, 1;
    %assign/vec4 v0x5a94e9474290_0, 0;
    %pushi/vec4 32, 0, 6;
    %assign/vec4 v0x5a94e9473e90_0, 0;
    %load/vec4 v0x5a94e94739f0_0;
    %assign/vec4 v0x5a94e9473bd0_0, 0;
    %load/vec4 v0x5a94e9473af0_0;
    %assign/vec4 v0x5a94e94741c0_0, 0;
    %wait E_0x5a94e942feb0;
    %pushi/vec4 0, 0, 1;
    %assign/vec4 v0x5a94e9473df0_0, 0;
    %pushi/vec4 0, 0, 1;
    %assign/vec4 v0x5a94e9474290_0, 0;
    %end;
    .scope S_0x5a94e9453ae0;
T_3 ;
Ewait_0 .event/or E_0x5a94e942e000, E_0x0;
    %wait Ewait_0;
    %load/vec4 v0x5a94e9472a80_0;
    %dup/vec4;
    %pushi/vec4 8, 0, 6;
    %cmp/u;
    %jmp/1 T_3.0, 6;
    %dup/vec4;
    %pushi/vec4 16, 0, 6;
    %cmp/u;
    %jmp/1 T_3.1, 6;
    %dup/vec4;
    %pushi/vec4 32, 0, 6;
    %cmp/u;
    %jmp/1 T_3.2, 6;
    %pushi/vec4 0, 0, 1;
    %store/vec4 v0x5a94e9423bc0_0, 0, 1;
    %jmp T_3.4;
T_3.0 ;
    %pushi/vec4 1, 0, 1;
    %store/vec4 v0x5a94e9423bc0_0, 0, 1;
    %jmp T_3.4;
T_3.1 ;
    %load/vec4 v0x5a94e9420ac0_0;
    %parti/s 1, 0, 2;
    %pushi/vec4 0, 0, 1;
    %cmp/e;
    %flag_get/vec4 4;
    %store/vec4 v0x5a94e9423bc0_0, 0, 1;
    %jmp T_3.4;
T_3.2 ;
    %load/vec4 v0x5a94e9420ac0_0;
    %parti/s 2, 0, 2;
    %pushi/vec4 0, 0, 2;
    %cmp/e;
    %flag_get/vec4 4;
    %store/vec4 v0x5a94e9423bc0_0, 0, 1;
    %jmp T_3.4;
T_3.4 ;
    %pop/vec4 1;
    %load/vec4 v0x5a94e9472a80_0;
    %dup/vec4;
    %pushi/vec4 8, 0, 6;
    %cmp/u;
    %jmp/1 T_3.5, 6;
    %dup/vec4;
    %pushi/vec4 16, 0, 6;
    %cmp/u;
    %jmp/1 T_3.6, 6;
    %dup/vec4;
    %pushi/vec4 32, 0, 6;
    %cmp/u;
    %jmp/1 T_3.7, 6;
    %pushi/vec4 0, 0, 1;
    %store/vec4 v0x5a94e9420410_0, 0, 1;
    %jmp T_3.9;
T_3.5 ;
    %load/vec4 v0x5a94e9420ac0_0;
    %pad/u 32;
    %cmpi/u 4096, 0, 32;
    %flag_get/vec4 5;
    %store/vec4 v0x5a94e9420410_0, 0, 1;
    %jmp T_3.9;
T_3.6 ;
    %load/vec4 v0x5a94e9420ac0_0;
    %pad/u 32;
    %addi 1, 0, 32;
    %cmpi/u 4096, 0, 32;
    %flag_get/vec4 5;
    %store/vec4 v0x5a94e9420410_0, 0, 1;
    %jmp T_3.9;
T_3.7 ;
    %load/vec4 v0x5a94e9420ac0_0;
    %pad/u 32;
    %addi 3, 0, 32;
    %cmpi/u 4096, 0, 32;
    %flag_get/vec4 5;
    %store/vec4 v0x5a94e9420410_0, 0, 1;
    %jmp T_3.9;
T_3.9 ;
    %pop/vec4 1;
    %jmp T_3;
    .thread T_3, $push;
    .scope S_0x5a94e9453ae0;
T_4 ;
    %wait E_0x5a94e942feb0;
    %fork t_1, S_0x5a94e9453f00;
    %jmp t_0;
    .scope S_0x5a94e9453f00;
t_1 ;
    %load/vec4 v0x5a94e9472d00_0;
    %flag_set/vec4 8;
    %jmp/0xz  T_4.0, 8;
    %pushi/vec4 0, 0, 32;
    %store/vec4 v0x5a94e9472760_0, 0, 32;
T_4.2 ;
    %load/vec4 v0x5a94e9472760_0;
    %cmpi/s 4096, 0, 32;
    %jmp/0xz T_4.3, 5;
    %pushi/vec4 0, 0, 8;
    %ix/getv/s 3, v0x5a94e9472760_0;
    %ix/load 4, 0, 0; Constant delay
    %assign/vec4/a/d v0x5a94e9472840, 0, 4;
    %load/vec4 v0x5a94e9472760_0;
    %addi 1, 0, 32;
    %store/vec4 v0x5a94e9472760_0, 0, 32;
    %jmp T_4.2;
T_4.3 ;
    %pushi/vec4 0, 0, 1;
    %assign/vec4 v0x5a94e9472c40_0, 0;
    %pushi/vec4 0, 0, 32;
    %assign/vec4 v0x5a94e9472b60_0, 0;
    %jmp T_4.1;
T_4.0 ;
    %load/vec4 v0x5a94e94729c0_0;
    %load/vec4 v0x5a94e9472900_0;
    %and;
    %flag_set/vec4 8;
    %jmp/0xz  T_4.4, 8;
    %load/vec4 v0x5a94e9472ea0_0;
    %flag_set/vec4 8;
    %jmp/0xz  T_4.6, 8;
    %load/vec4 v0x5a94e9472a80_0;
    %dup/vec4;
    %pushi/vec4 8, 0, 6;
    %cmp/u;
    %jmp/1 T_4.8, 6;
    %dup/vec4;
    %pushi/vec4 16, 0, 6;
    %cmp/u;
    %jmp/1 T_4.9, 6;
    %dup/vec4;
    %pushi/vec4 32, 0, 6;
    %cmp/u;
    %jmp/1 T_4.10, 6;
    %jmp T_4.11;
T_4.8 ;
    %load/vec4 v0x5a94e9472dc0_0;
    %parti/s 8, 0, 2;
    %load/vec4 v0x5a94e9420ac0_0;
    %pad/u 14;
    %ix/vec4 3;
    %ix/load 4, 0, 0; Constant delay
    %assign/vec4/a/d v0x5a94e9472840, 0, 4;
    %jmp T_4.11;
T_4.9 ;
    %load/vec4 v0x5a94e9472dc0_0;
    %parti/s 8, 0, 2;
    %load/vec4 v0x5a94e9420ac0_0;
    %pad/u 14;
    %ix/vec4 3;
    %ix/load 4, 0, 0; Constant delay
    %assign/vec4/a/d v0x5a94e9472840, 0, 4;
    %load/vec4 v0x5a94e9472dc0_0;
    %parti/s 8, 8, 5;
    %load/vec4 v0x5a94e9420ac0_0;
    %pad/u 33;
    %addi 1, 0, 33;
    %ix/vec4 3;
    %ix/load 4, 0, 0; Constant delay
    %assign/vec4/a/d v0x5a94e9472840, 0, 4;
    %jmp T_4.11;
T_4.10 ;
    %load/vec4 v0x5a94e9472dc0_0;
    %parti/s 8, 0, 2;
    %load/vec4 v0x5a94e9420ac0_0;
    %pad/u 14;
    %ix/vec4 3;
    %ix/load 4, 0, 0; Constant delay
    %assign/vec4/a/d v0x5a94e9472840, 0, 4;
    %load/vec4 v0x5a94e9472dc0_0;
    %parti/s 8, 8, 5;
    %load/vec4 v0x5a94e9420ac0_0;
    %pad/u 33;
    %addi 1, 0, 33;
    %ix/vec4 3;
    %ix/load 4, 0, 0; Constant delay
    %assign/vec4/a/d v0x5a94e9472840, 0, 4;
    %load/vec4 v0x5a94e9472dc0_0;
    %parti/s 8, 16, 6;
    %load/vec4 v0x5a94e9420ac0_0;
    %pad/u 33;
    %addi 2, 0, 33;
    %ix/vec4 3;
    %ix/load 4, 0, 0; Constant delay
    %assign/vec4/a/d v0x5a94e9472840, 0, 4;
    %load/vec4 v0x5a94e9472dc0_0;
    %parti/s 8, 24, 6;
    %load/vec4 v0x5a94e9420ac0_0;
    %pad/u 33;
    %addi 3, 0, 33;
    %ix/vec4 3;
    %ix/load 4, 0, 0; Constant delay
    %assign/vec4/a/d v0x5a94e9472840, 0, 4;
    %jmp T_4.11;
T_4.11 ;
    %pop/vec4 1;
    %pushi/vec4 0, 0, 1;
    %assign/vec4 v0x5a94e9472c40_0, 0;
    %jmp T_4.7;
T_4.6 ;
    %load/vec4 v0x5a94e9472a80_0;
    %dup/vec4;
    %pushi/vec4 8, 0, 6;
    %cmp/u;
    %jmp/1 T_4.12, 6;
    %dup/vec4;
    %pushi/vec4 16, 0, 6;
    %cmp/u;
    %jmp/1 T_4.13, 6;
    %dup/vec4;
    %pushi/vec4 32, 0, 6;
    %cmp/u;
    %jmp/1 T_4.14, 6;
    %pushi/vec4 0, 0, 32;
    %assign/vec4 v0x5a94e9472b60_0, 0;
    %jmp T_4.16;
T_4.12 ;
    %pushi/vec4 0, 0, 24;
    %load/vec4 v0x5a94e9420ac0_0;
    %pad/u 14;
    %ix/vec4 4;
    %load/vec4a v0x5a94e9472840, 4;
    %concat/vec4; draw_concat_vec4
    %assign/vec4 v0x5a94e9472b60_0, 0;
    %jmp T_4.16;
T_4.13 ;
    %pushi/vec4 0, 0, 16;
    %load/vec4 v0x5a94e9420ac0_0;
    %pad/u 33;
    %addi 1, 0, 33;
    %ix/vec4 4;
    %load/vec4a v0x5a94e9472840, 4;
    %concat/vec4; draw_concat_vec4
    %load/vec4 v0x5a94e9420ac0_0;
    %pad/u 14;
    %ix/vec4 4;
    %load/vec4a v0x5a94e9472840, 4;
    %concat/vec4; draw_concat_vec4
    %assign/vec4 v0x5a94e9472b60_0, 0;
    %jmp T_4.16;
T_4.14 ;
    %load/vec4 v0x5a94e9420ac0_0;
    %pad/u 33;
    %addi 3, 0, 33;
    %ix/vec4 4;
    %load/vec4a v0x5a94e9472840, 4;
    %load/vec4 v0x5a94e9420ac0_0;
    %pad/u 33;
    %addi 2, 0, 33;
    %ix/vec4 4;
    %load/vec4a v0x5a94e9472840, 4;
    %concat/vec4; draw_concat_vec4
    %load/vec4 v0x5a94e9420ac0_0;
    %pad/u 33;
    %addi 1, 0, 33;
    %ix/vec4 4;
    %load/vec4a v0x5a94e9472840, 4;
    %concat/vec4; draw_concat_vec4
    %load/vec4 v0x5a94e9420ac0_0;
    %pad/u 14;
    %ix/vec4 4;
    %load/vec4a v0x5a94e9472840, 4;
    %concat/vec4; draw_concat_vec4
    %assign/vec4 v0x5a94e9472b60_0, 0;
    %jmp T_4.16;
T_4.16 ;
    %pop/vec4 1;
    %pushi/vec4 1, 0, 1;
    %assign/vec4 v0x5a94e9472c40_0, 0;
T_4.7 ;
    %jmp T_4.5;
T_4.4 ;
    %pushi/vec4 0, 0, 1;
    %assign/vec4 v0x5a94e9472c40_0, 0;
T_4.5 ;
T_4.1 ;
    %end;
    .scope S_0x5a94e9453ae0;
t_0 %join;
    %jmp T_4;
    .thread T_4;
    .scope S_0x5a94e93f4cf0;
T_5 ;
    %pushi/vec4 0, 0, 1;
    %store/vec4 v0x5a94e9473cb0_0, 0, 1;
T_5.0 ;
    %delay 5000, 0;
    %load/vec4 v0x5a94e9473cb0_0;
    %inv;
    %store/vec4 v0x5a94e9473cb0_0, 0, 1;
    %jmp T_5.0;
    %end;
    .thread T_5;
    .scope S_0x5a94e93f4cf0;
T_6 ;
    %pushi/vec4 1, 0, 1;
    %store/vec4 v0x5a94e94740f0_0, 0, 1;
    %pushi/vec4 0, 0, 1;
    %store/vec4 v0x5a94e9473df0_0, 0, 1;
    %pushi/vec4 0, 0, 1;
    %store/vec4 v0x5a94e9474290_0, 0, 1;
    %pushi/vec4 0, 0, 6;
    %store/vec4 v0x5a94e9473e90_0, 0, 6;
    %pushi/vec4 0, 0, 32;
    %store/vec4 v0x5a94e9473bd0_0, 0, 32;
    %pushi/vec4 0, 0, 32;
    %store/vec4 v0x5a94e94741c0_0, 0, 32;
    %delay 20000, 0;
    %pushi/vec4 0, 0, 1;
    %store/vec4 v0x5a94e94740f0_0, 0, 1;
    %end;
    .thread T_6;
    .scope S_0x5a94e93f4cf0;
T_7 ;
T_7.0 ;
    %load/vec4 v0x5a94e94740f0_0;
    %nor/r;
    %cmpi/ne 1, 0, 1;
    %jmp/0xz T_7.1, 6;
    %wait E_0x5a94e942fbf0;
    %jmp T_7.0;
T_7.1 ;
    %pushi/vec4 4, 0, 32;
    %store/vec4 v0x5a94e94739f0_0, 0, 32;
    %pushi/vec4 3735928559, 0, 32;
    %store/vec4 v0x5a94e9473af0_0, 0, 32;
    %fork TD_tb_dmem.write_word, S_0x5a94e9473810;
    %join;
    %pushi/vec4 4, 0, 32;
    %store/vec4 v0x5a94e9473390_0, 0, 32;
    %pushi/vec4 3735928559, 0, 32;
    %store/vec4 v0x5a94e94732b0_0, 0, 32;
    %fork TD_tb_dmem.read_word, S_0x5a94e9473100;
    %join;
    %pushi/vec4 16, 0, 32;
    %store/vec4 v0x5a94e9473650_0, 0, 32;
    %pushi/vec4 170, 0, 8;
    %store/vec4 v0x5a94e9473730_0, 0, 8;
    %fork TD_tb_dmem.write_byte, S_0x5a94e9473470;
    %join;
    %wait E_0x5a94e942feb0;
    %pushi/vec4 1, 0, 1;
    %assign/vec4 v0x5a94e9473df0_0, 0;
    %pushi/vec4 0, 0, 1;
    %assign/vec4 v0x5a94e9474290_0, 0;
    %pushi/vec4 8, 0, 6;
    %assign/vec4 v0x5a94e9473e90_0, 0;
    %pushi/vec4 16, 0, 32;
    %assign/vec4 v0x5a94e9473bd0_0, 0;
    %wait E_0x5a94e942feb0;
    %pushi/vec4 0, 0, 1;
    %assign/vec4 v0x5a94e9473df0_0, 0;
    %wait E_0x5a94e942feb0;
    %load/vec4 v0x5a94e9473f80_0;
    %cmpi/ne 170, 0, 32;
    %jmp/0xz  T_7.2, 6;
    %vpi_call/w 3 188 "$display", "[FAIL] BYTE READ" {0 0 0};
    %vpi_call/w 3 189 "$display", "EXPECTED = 0x000000AA" {0 0 0};
    %vpi_call/w 3 190 "$display", "ACTUAL   = 0x%08h", v0x5a94e9473f80_0 {0 0 0};
    %vpi_call/w 3 192 "$finish" {0 0 0};
    %jmp T_7.3;
T_7.2 ;
    %vpi_call/w 3 195 "$display", "[PASS] BYTE READ" {0 0 0};
T_7.3 ;
    %wait E_0x5a94e942feb0;
    %pushi/vec4 1, 0, 1;
    %assign/vec4 v0x5a94e9473df0_0, 0;
    %pushi/vec4 0, 0, 1;
    %assign/vec4 v0x5a94e9474290_0, 0;
    %pushi/vec4 32, 0, 6;
    %assign/vec4 v0x5a94e9473e90_0, 0;
    %pushi/vec4 2, 0, 32;
    %assign/vec4 v0x5a94e9473bd0_0, 0;
    %wait E_0x5a94e942feb0;
    %load/vec4 v0x5a94e9473d50_0;
    %cmpi/ne 0, 0, 1;
    %jmp/0xz  T_7.4, 6;
    %vpi_call/w 3 212 "$display", "[FAIL] ALIGNMENT CHECK" {0 0 0};
    %vpi_call/w 3 213 "$finish" {0 0 0};
    %jmp T_7.5;
T_7.4 ;
    %vpi_call/w 3 216 "$display", "[PASS] ALIGNMENT CHECK" {0 0 0};
T_7.5 ;
    %pushi/vec4 0, 0, 1;
    %assign/vec4 v0x5a94e9473df0_0, 0;
    %wait E_0x5a94e942feb0;
    %pushi/vec4 1, 0, 1;
    %assign/vec4 v0x5a94e9473df0_0, 0;
    %pushi/vec4 0, 0, 1;
    %assign/vec4 v0x5a94e9474290_0, 0;
    %pushi/vec4 32, 0, 6;
    %assign/vec4 v0x5a94e9473e90_0, 0;
    %pushi/vec4 65535, 0, 32;
    %assign/vec4 v0x5a94e9473bd0_0, 0;
    %wait E_0x5a94e942feb0;
    %load/vec4 v0x5a94e9473d50_0;
    %cmpi/ne 0, 0, 1;
    %jmp/0xz  T_7.6, 6;
    %vpi_call/w 3 234 "$display", "[FAIL] RANGE CHECK" {0 0 0};
    %vpi_call/w 3 235 "$finish" {0 0 0};
    %jmp T_7.7;
T_7.6 ;
    %vpi_call/w 3 238 "$display", "[PASS] RANGE CHECK" {0 0 0};
T_7.7 ;
    %pushi/vec4 0, 0, 1;
    %assign/vec4 v0x5a94e9473df0_0, 0;
    %vpi_call/w 3 245 "$display", "\000" {0 0 0};
    %vpi_call/w 3 246 "$display", "DMEM TEST PASSED" {0 0 0};
    %vpi_call/w 3 247 "$display", "\000" {0 0 0};
    %vpi_call/w 3 249 "$finish" {0 0 0};
    %end;
    .thread T_7;
# The file index is used to find the file name in the following table.
:file_names 5;
    "N/A";
    "<interactive>";
    "-";
    "tb_dmem.sv";
    "../../sources/dmem.sv";
