#! /usr/bin/vvp
:ivl_version "11.0 (stable)";
:ivl_delay_selection "TYPICAL";
:vpi_time_precision - 12;
:vpi_module "/usr/lib/x86_64-linux-gnu/ivl/system.vpi";
:vpi_module "/usr/lib/x86_64-linux-gnu/ivl/vhdl_sys.vpi";
:vpi_module "/usr/lib/x86_64-linux-gnu/ivl/vhdl_textio.vpi";
:vpi_module "/usr/lib/x86_64-linux-gnu/ivl/v2005_math.vpi";
:vpi_module "/usr/lib/x86_64-linux-gnu/ivl/va_math.vpi";
:vpi_module "/usr/lib/x86_64-linux-gnu/ivl/v2009.vpi";
S_0x5e0f335c7dd0 .scope package, "$unit" "$unit" 2 1;
 .timescale 0 0;
S_0x5e0f335d2510 .scope module, "tb_regfile" "tb_regfile" 3 3;
 .timescale -9 -12;
P_0x5e0f335c3950 .param/l "ADDR_WIDTH" 0 3 6, +C4<00000000000000000000000000000101>;
P_0x5e0f335c3990 .param/l "DATA_WIDTH" 0 3 5, +C4<00000000000000000000000000100000>;
v0x5e0f335fd4d0_0 .var "clk", 0 0;
v0x5e0f335fd590_0 .var "rd_addr", 4 0;
v0x5e0f335fd660_0 .var "rd_data", 31 0;
v0x5e0f335fd760_0 .var "rs1_addr", 4 0;
v0x5e0f335fd830_0 .net "rs1_data", 31 0, L_0x5e0f3360e150;  1 drivers
v0x5e0f335fd8d0_0 .var "rs2_addr", 4 0;
v0x5e0f335fd9a0_0 .net "rs2_data", 31 0, L_0x5e0f3360e870;  1 drivers
v0x5e0f335fda70_0 .var "rst", 0 0;
v0x5e0f335fdb40_0 .var "write_enable", 0 0;
S_0x5e0f33593cf0 .scope autotask, "check_read" "check_read" 3 44, 3 44 0, S_0x5e0f335d2510;
 .timescale -9 -12;
v0x5e0f335c56c0_0 .var "expected_rs1", 31 0;
v0x5e0f335c60c0_0 .var "expected_rs2", 31 0;
v0x5e0f335c6660_0 .var/str "test_name";
TD_tb_regfile.check_read ;
    %delay 1000, 0;
    %load/vec4 v0x5e0f335fd830_0;
    %load/vec4 v0x5e0f335c56c0_0;
    %cmp/ne;
    %flag_mov 8, 6;
    %load/vec4 v0x5e0f335fd9a0_0;
    %load/vec4 v0x5e0f335c60c0_0;
    %cmp/ne;
    %flag_or 6, 8;
    %jmp/0xz  T_0.0, 6;
    %vpi_call/w 3 55 "$display", "[FAIL] %s", v0x5e0f335c6660_0 {0 0 0};
    %vpi_call/w 3 57 "$display", "Expected rs1 = %h", v0x5e0f335c56c0_0 {0 0 0};
    %vpi_call/w 3 58 "$display", "Actual   rs1 = %h", v0x5e0f335fd830_0 {0 0 0};
    %vpi_call/w 3 60 "$display", "Expected rs2 = %h", v0x5e0f335c60c0_0 {0 0 0};
    %vpi_call/w 3 61 "$display", "Actual   rs2 = %h", v0x5e0f335fd9a0_0 {0 0 0};
    %vpi_call/w 3 63 "$finish" {0 0 0};
    %jmp T_0.1;
T_0.0 ;
    %vpi_call/w 3 65 "$display", "[PASS] %s", v0x5e0f335c6660_0 {0 0 0};
T_0.1 ;
    %end;
S_0x5e0f335fb850 .scope module, "dut" "regfile" 3 22, 4 1 0, S_0x5e0f335d2510;
 .timescale 0 0;
    .port_info 0 /INPUT 1 "clk";
    .port_info 1 /INPUT 1 "rst";
    .port_info 2 /INPUT 5 "rs1_addr";
    .port_info 3 /INPUT 5 "rs2_addr";
    .port_info 4 /INPUT 1 "write_enable";
    .port_info 5 /INPUT 5 "rd_addr";
    .port_info 6 /INPUT 32 "rd_data";
    .port_info 7 /OUTPUT 32 "rs1_data";
    .port_info 8 /OUTPUT 32 "rs2_data";
P_0x5e0f335d26f0 .param/l "ADDR_WIDTH" 0 4 3, +C4<00000000000000000000000000000101>;
P_0x5e0f335d2730 .param/l "DATA_WIDTH" 0 4 2, +C4<00000000000000000000000000100000>;
v0x5e0f335c7170_0 .net *"_ivl_0", 31 0, L_0x5e0f335fdc10;  1 drivers
v0x5e0f335c7710_0 .net *"_ivl_10", 31 0, L_0x5e0f3360dee0;  1 drivers
v0x5e0f335c8430_0 .net *"_ivl_12", 6 0, L_0x5e0f3360dfe0;  1 drivers
L_0x76b5f69360f0 .functor BUFT 1, C4<00>, C4<0>, C4<0>, C4<0>;
v0x5e0f335c89d0_0 .net *"_ivl_15", 1 0, L_0x76b5f69360f0;  1 drivers
v0x5e0f335fc000_0 .net *"_ivl_18", 31 0, L_0x5e0f3360e330;  1 drivers
L_0x76b5f6936138 .functor BUFT 1, C4<000000000000000000000000000>, C4<0>, C4<0>, C4<0>;
v0x5e0f335fc130_0 .net *"_ivl_21", 26 0, L_0x76b5f6936138;  1 drivers
L_0x76b5f6936180 .functor BUFT 1, C4<00000000000000000000000000000000>, C4<0>, C4<0>, C4<0>;
v0x5e0f335fc210_0 .net/2u *"_ivl_22", 31 0, L_0x76b5f6936180;  1 drivers
v0x5e0f335fc2f0_0 .net *"_ivl_24", 0 0, L_0x5e0f3360e500;  1 drivers
L_0x76b5f69361c8 .functor BUFT 1, C4<00000000000000000000000000000000>, C4<0>, C4<0>, C4<0>;
v0x5e0f335fc3b0_0 .net/2u *"_ivl_26", 31 0, L_0x76b5f69361c8;  1 drivers
v0x5e0f335fc490_0 .net *"_ivl_28", 31 0, L_0x5e0f3360e640;  1 drivers
L_0x76b5f6936018 .functor BUFT 1, C4<000000000000000000000000000>, C4<0>, C4<0>, C4<0>;
v0x5e0f335fc570_0 .net *"_ivl_3", 26 0, L_0x76b5f6936018;  1 drivers
v0x5e0f335fc650_0 .net *"_ivl_30", 6 0, L_0x5e0f3360e730;  1 drivers
L_0x76b5f6936210 .functor BUFT 1, C4<00>, C4<0>, C4<0>, C4<0>;
v0x5e0f335fc730_0 .net *"_ivl_33", 1 0, L_0x76b5f6936210;  1 drivers
L_0x76b5f6936060 .functor BUFT 1, C4<00000000000000000000000000000000>, C4<0>, C4<0>, C4<0>;
v0x5e0f335fc810_0 .net/2u *"_ivl_4", 31 0, L_0x76b5f6936060;  1 drivers
v0x5e0f335fc8f0_0 .net *"_ivl_6", 0 0, L_0x5e0f3360dd70;  1 drivers
L_0x76b5f69360a8 .functor BUFT 1, C4<00000000000000000000000000000000>, C4<0>, C4<0>, C4<0>;
v0x5e0f335fc9b0_0 .net/2u *"_ivl_8", 31 0, L_0x76b5f69360a8;  1 drivers
v0x5e0f335fca90_0 .net "clk", 0 0, v0x5e0f335fd4d0_0;  1 drivers
v0x5e0f335fcb50_0 .var/i "i", 31 0;
v0x5e0f335fcc30_0 .net "rd_addr", 4 0, v0x5e0f335fd590_0;  1 drivers
v0x5e0f335fcd10_0 .net "rd_data", 31 0, v0x5e0f335fd660_0;  1 drivers
v0x5e0f335fcdf0 .array "regs", 31 0, 31 0;
v0x5e0f335fceb0_0 .net "rs1_addr", 4 0, v0x5e0f335fd760_0;  1 drivers
v0x5e0f335fcf90_0 .net "rs1_data", 31 0, L_0x5e0f3360e150;  alias, 1 drivers
v0x5e0f335fd070_0 .net "rs2_addr", 4 0, v0x5e0f335fd8d0_0;  1 drivers
v0x5e0f335fd150_0 .net "rs2_data", 31 0, L_0x5e0f3360e870;  alias, 1 drivers
v0x5e0f335fd230_0 .net "rst", 0 0, v0x5e0f335fda70_0;  1 drivers
v0x5e0f335fd2f0_0 .net "write_enable", 0 0, v0x5e0f335fdb40_0;  1 drivers
E_0x5e0f335ceac0 .event posedge, v0x5e0f335fca90_0;
L_0x5e0f335fdc10 .concat [ 5 27 0 0], v0x5e0f335fd760_0, L_0x76b5f6936018;
L_0x5e0f3360dd70 .cmp/eq 32, L_0x5e0f335fdc10, L_0x76b5f6936060;
L_0x5e0f3360dee0 .array/port v0x5e0f335fcdf0, L_0x5e0f3360dfe0;
L_0x5e0f3360dfe0 .concat [ 5 2 0 0], v0x5e0f335fd760_0, L_0x76b5f69360f0;
L_0x5e0f3360e150 .functor MUXZ 32, L_0x5e0f3360dee0, L_0x76b5f69360a8, L_0x5e0f3360dd70, C4<>;
L_0x5e0f3360e330 .concat [ 5 27 0 0], v0x5e0f335fd8d0_0, L_0x76b5f6936138;
L_0x5e0f3360e500 .cmp/eq 32, L_0x5e0f3360e330, L_0x76b5f6936180;
L_0x5e0f3360e640 .array/port v0x5e0f335fcdf0, L_0x5e0f3360e730;
L_0x5e0f3360e730 .concat [ 5 2 0 0], v0x5e0f335fd8d0_0, L_0x76b5f6936210;
L_0x5e0f3360e870 .functor MUXZ 32, L_0x5e0f3360e640, L_0x76b5f69361c8, L_0x5e0f3360e500, C4<>;
S_0x5e0f335fbcd0 .scope begin, "write_comb" "write_comb" 4 24, 4 24 0, S_0x5e0f335fb850;
 .timescale 0 0;
    .scope S_0x5e0f335fb850;
T_1 ;
    %wait E_0x5e0f335ceac0;
    %fork t_1, S_0x5e0f335fbcd0;
    %jmp t_0;
    .scope S_0x5e0f335fbcd0;
t_1 ;
    %load/vec4 v0x5e0f335fd230_0;
    %flag_set/vec4 8;
    %jmp/0xz  T_1.0, 8;
    %pushi/vec4 0, 0, 32;
    %store/vec4 v0x5e0f335fcb50_0, 0, 32;
T_1.2 ;
    %load/vec4 v0x5e0f335fcb50_0;
    %cmpi/s 32, 0, 32;
    %jmp/0xz T_1.3, 5;
    %pushi/vec4 0, 0, 32;
    %ix/getv/s 3, v0x5e0f335fcb50_0;
    %ix/load 4, 0, 0; Constant delay
    %assign/vec4/a/d v0x5e0f335fcdf0, 0, 4;
    %load/vec4 v0x5e0f335fcb50_0;
    %addi 1, 0, 32;
    %store/vec4 v0x5e0f335fcb50_0, 0, 32;
    %jmp T_1.2;
T_1.3 ;
    %jmp T_1.1;
T_1.0 ;
    %load/vec4 v0x5e0f335fd2f0_0;
    %load/vec4 v0x5e0f335fcc30_0;
    %pad/u 32;
    %pushi/vec4 0, 0, 32;
    %cmp/ne;
    %flag_get/vec4 4;
    %and;
    %flag_set/vec4 8;
    %jmp/0xz  T_1.4, 8;
    %load/vec4 v0x5e0f335fcd10_0;
    %load/vec4 v0x5e0f335fcc30_0;
    %pad/u 7;
    %ix/vec4 3;
    %ix/load 4, 0, 0; Constant delay
    %assign/vec4/a/d v0x5e0f335fcdf0, 0, 4;
T_1.4 ;
T_1.1 ;
    %end;
    .scope S_0x5e0f335fb850;
t_0 %join;
    %jmp T_1;
    .thread T_1;
    .scope S_0x5e0f335d2510;
T_2 ;
    %pushi/vec4 0, 0, 1;
    %store/vec4 v0x5e0f335fd4d0_0, 0, 1;
T_2.0 ;
    %delay 5000, 0;
    %load/vec4 v0x5e0f335fd4d0_0;
    %inv;
    %store/vec4 v0x5e0f335fd4d0_0, 0, 1;
    %jmp T_2.0;
    %end;
    .thread T_2;
    .scope S_0x5e0f335d2510;
T_3 ;
    %pushi/vec4 1, 0, 1;
    %store/vec4 v0x5e0f335fda70_0, 0, 1;
    %pushi/vec4 0, 0, 5;
    %store/vec4 v0x5e0f335fd760_0, 0, 5;
    %pushi/vec4 0, 0, 5;
    %store/vec4 v0x5e0f335fd8d0_0, 0, 5;
    %pushi/vec4 0, 0, 1;
    %store/vec4 v0x5e0f335fdb40_0, 0, 1;
    %pushi/vec4 0, 0, 5;
    %store/vec4 v0x5e0f335fd590_0, 0, 5;
    %pushi/vec4 0, 0, 32;
    %store/vec4 v0x5e0f335fd660_0, 0, 32;
    %pushi/vec4 2, 0, 32;
T_3.0 %dup/vec4;
    %pushi/vec4 0, 0, 32;
    %cmp/s;
    %jmp/1xz T_3.1, 5;
    %jmp/1 T_3.1, 4;
    %pushi/vec4 1, 0, 32;
    %sub;
    %wait E_0x5e0f335ceac0;
    %jmp T_3.0;
T_3.1 ;
    %pop/vec4 1;
    %pushi/vec4 0, 0, 1;
    %store/vec4 v0x5e0f335fda70_0, 0, 1;
    %pushi/vec4 0, 0, 5;
    %store/vec4 v0x5e0f335fd760_0, 0, 5;
    %pushi/vec4 0, 0, 5;
    %store/vec4 v0x5e0f335fd8d0_0, 0, 5;
    %alloc S_0x5e0f33593cf0;
    %pushi/vec4 0, 0, 32;
    %store/vec4 v0x5e0f335c56c0_0, 0, 32;
    %pushi/vec4 0, 0, 32;
    %store/vec4 v0x5e0f335c60c0_0, 0, 32;
    %pushi/str "X0 RESET VALUE";
    %store/str v0x5e0f335c6660_0;
    %fork TD_tb_regfile.check_read, S_0x5e0f33593cf0;
    %join;
    %free S_0x5e0f33593cf0;
    %wait E_0x5e0f335ceac0;
    %pushi/vec4 1, 0, 1;
    %store/vec4 v0x5e0f335fdb40_0, 0, 1;
    %pushi/vec4 1, 0, 5;
    %store/vec4 v0x5e0f335fd590_0, 0, 5;
    %pushi/vec4 305419896, 0, 32;
    %store/vec4 v0x5e0f335fd660_0, 0, 32;
    %wait E_0x5e0f335ceac0;
    %pushi/vec4 0, 0, 1;
    %store/vec4 v0x5e0f335fdb40_0, 0, 1;
    %pushi/vec4 1, 0, 5;
    %store/vec4 v0x5e0f335fd760_0, 0, 5;
    %pushi/vec4 0, 0, 5;
    %store/vec4 v0x5e0f335fd8d0_0, 0, 5;
    %alloc S_0x5e0f33593cf0;
    %pushi/vec4 305419896, 0, 32;
    %store/vec4 v0x5e0f335c56c0_0, 0, 32;
    %pushi/vec4 0, 0, 32;
    %store/vec4 v0x5e0f335c60c0_0, 0, 32;
    %pushi/str "WRITE X1";
    %store/str v0x5e0f335c6660_0;
    %fork TD_tb_regfile.check_read, S_0x5e0f33593cf0;
    %join;
    %free S_0x5e0f33593cf0;
    %wait E_0x5e0f335ceac0;
    %pushi/vec4 1, 0, 1;
    %store/vec4 v0x5e0f335fdb40_0, 0, 1;
    %pushi/vec4 5, 0, 5;
    %store/vec4 v0x5e0f335fd590_0, 0, 5;
    %pushi/vec4 3735928559, 0, 32;
    %store/vec4 v0x5e0f335fd660_0, 0, 32;
    %wait E_0x5e0f335ceac0;
    %pushi/vec4 0, 0, 1;
    %store/vec4 v0x5e0f335fdb40_0, 0, 1;
    %pushi/vec4 5, 0, 5;
    %store/vec4 v0x5e0f335fd760_0, 0, 5;
    %pushi/vec4 1, 0, 5;
    %store/vec4 v0x5e0f335fd8d0_0, 0, 5;
    %alloc S_0x5e0f33593cf0;
    %pushi/vec4 3735928559, 0, 32;
    %store/vec4 v0x5e0f335c56c0_0, 0, 32;
    %pushi/vec4 305419896, 0, 32;
    %store/vec4 v0x5e0f335c60c0_0, 0, 32;
    %pushi/str "WRITE X5";
    %store/str v0x5e0f335c6660_0;
    %fork TD_tb_regfile.check_read, S_0x5e0f33593cf0;
    %join;
    %free S_0x5e0f33593cf0;
    %wait E_0x5e0f335ceac0;
    %pushi/vec4 1, 0, 1;
    %store/vec4 v0x5e0f335fdb40_0, 0, 1;
    %pushi/vec4 0, 0, 5;
    %store/vec4 v0x5e0f335fd590_0, 0, 5;
    %pushi/vec4 4294967295, 0, 32;
    %store/vec4 v0x5e0f335fd660_0, 0, 32;
    %wait E_0x5e0f335ceac0;
    %pushi/vec4 0, 0, 1;
    %store/vec4 v0x5e0f335fdb40_0, 0, 1;
    %pushi/vec4 0, 0, 5;
    %store/vec4 v0x5e0f335fd760_0, 0, 5;
    %pushi/vec4 5, 0, 5;
    %store/vec4 v0x5e0f335fd8d0_0, 0, 5;
    %alloc S_0x5e0f33593cf0;
    %pushi/vec4 0, 0, 32;
    %store/vec4 v0x5e0f335c56c0_0, 0, 32;
    %pushi/vec4 3735928559, 0, 32;
    %store/vec4 v0x5e0f335c60c0_0, 0, 32;
    %pushi/str "X0 IMMUTABLE";
    %store/str v0x5e0f335c6660_0;
    %fork TD_tb_regfile.check_read, S_0x5e0f33593cf0;
    %join;
    %free S_0x5e0f33593cf0;
    %wait E_0x5e0f335ceac0;
    %pushi/vec4 0, 0, 1;
    %store/vec4 v0x5e0f335fdb40_0, 0, 1;
    %pushi/vec4 10, 0, 5;
    %store/vec4 v0x5e0f335fd590_0, 0, 5;
    %pushi/vec4 2863311530, 0, 32;
    %store/vec4 v0x5e0f335fd660_0, 0, 32;
    %wait E_0x5e0f335ceac0;
    %pushi/vec4 10, 0, 5;
    %store/vec4 v0x5e0f335fd760_0, 0, 5;
    %pushi/vec4 5, 0, 5;
    %store/vec4 v0x5e0f335fd8d0_0, 0, 5;
    %alloc S_0x5e0f33593cf0;
    %pushi/vec4 0, 0, 32;
    %store/vec4 v0x5e0f335c56c0_0, 0, 32;
    %pushi/vec4 3735928559, 0, 32;
    %store/vec4 v0x5e0f335c60c0_0, 0, 32;
    %pushi/str "WRITE DISABLED";
    %store/str v0x5e0f335c6660_0;
    %fork TD_tb_regfile.check_read, S_0x5e0f33593cf0;
    %join;
    %free S_0x5e0f33593cf0;
    %vpi_call/w 3 150 "$display", "\000" {0 0 0};
    %vpi_call/w 3 151 "$display", "ALL REGFILE TESTS PASSED" {0 0 0};
    %vpi_call/w 3 152 "$display", "\000" {0 0 0};
    %vpi_call/w 3 154 "$finish" {0 0 0};
    %end;
    .thread T_3;
# The file index is used to find the file name in the following table.
:file_names 5;
    "N/A";
    "<interactive>";
    "-";
    "tb_regfile.sv";
    "../../sources/regfile.sv";
