Vivado Simulator 2020.2
Copyright 1986-1999, 2001-2020 Xilinx, Inc. All Rights Reserved.
Running: /tools/Xilinx/Vivado/2020.2/bin/unwrapped/lnx64.o/xelab -wto 2501223c275240309bfd42124ce2d876 --incr --debug typical --relax --mt 8 -L xil_defaultlib -L secureip --snapshot tb_cpu_behav xil_defaultlib.tb_cpu -log elaborate.log 
Using 8 slave threads.
Starting static elaboration
Completed static elaboration
Starting simulation data flow analysis
Completed simulation data flow analysis
Time Resolution for simulation is 1ps
Compiling package std.standard
Compiling package std.textio
Compiling package ieee.std_logic_1164
Compiling package ieee.numeric_std
Compiling package ieee.std_logic_textio
Compiling package xil_defaultlib.cpu_pkg
Compiling package std.env
Compiling package xil_defaultlib.memory_pkg
Compiling architecture rtl of entity xil_defaultlib.decode [decode_default]
Compiling architecture rtl of entity xil_defaultlib.control_unit [control_unit_default]
Compiling architecture rtl of entity xil_defaultlib.regfile [regfile_default]
Compiling architecture rtl of entity xil_defaultlib.alu [alu_default]
Compiling architecture rtl of entity xil_defaultlib.cpu [cpu_default]
Compiling architecture rtl of entity xil_defaultlib.inst_memory [inst_memory_default]
Compiling architecture behavioral of entity xil_defaultlib.data_ram [data_ram_default]
Compiling architecture behavioral of entity xil_defaultlib.data_rom [data_rom_default]
Compiling architecture behavioral of entity xil_defaultlib.data_memory [data_memory_default]
Compiling architecture sim of entity xil_defaultlib.tb_cpu
Built simulation snapshot tb_cpu_behav
