#! /usr/bin/vvp
:ivl_version "11.0 (stable)";
:ivl_delay_selection "TYPICAL";
:vpi_time_precision - 12;
:vpi_module "/usr/lib/x86_64-linux-gnu/ivl/system.vpi";
:vpi_module "/usr/lib/x86_64-linux-gnu/ivl/vhdl_sys.vpi";
:vpi_module "/usr/lib/x86_64-linux-gnu/ivl/vhdl_textio.vpi";
:vpi_module "/usr/lib/x86_64-linux-gnu/ivl/v2005_math.vpi";
:vpi_module "/usr/lib/x86_64-linux-gnu/ivl/va_math.vpi";
:vpi_module "/usr/lib/x86_64-linux-gnu/ivl/v2009.vpi";
S_0x59509d212cf0 .scope package, "$unit" "$unit" 2 1;
 .timescale 0 0;
S_0x59509d212e80 .scope module, "tb_alu" "tb_alu" 3 3;
 .timescale -9 -12;
v0x59509d238120_0 .var "alu_op", 3 0;
v0x59509d238200_0 .var "op1", 31 0;
v0x59509d2382d0_0 .var "op2", 31 0;
v0x59509d2383d0_0 .net "result", 31 0, v0x59509d237db0_0;  1 drivers
v0x59509d2384a0_0 .net "zero", 0 0, L_0x59509d2486f0;  1 drivers
S_0x59509d1d4cf0 .scope autotask, "check_result" "check_result" 3 23, 3 23 0, S_0x59509d212e80;
 .timescale -9 -12;
v0x59509d1d4ed0_0 .var "expected", 31 0;
v0x59509d237420_0 .var/str "test_name";
TD_tb_alu.check_result ;
    %delay 1000, 0;
    %load/vec4 v0x59509d2383d0_0;
    %load/vec4 v0x59509d1d4ed0_0;
    %cmp/ne;
    %jmp/0xz  T_0.0, 6;
    %vpi_call/w 3 30 "$display", "[FAIL] %s", v0x59509d237420_0 {0 0 0};
    %vpi_call/w 3 32 "$display", "Expected : %h", v0x59509d1d4ed0_0 {0 0 0};
    %vpi_call/w 3 33 "$display", "Actual   : %h", v0x59509d2383d0_0 {0 0 0};
    %vpi_call/w 3 35 "$finish" {0 0 0};
    %jmp T_0.1;
T_0.0 ;
    %vpi_call/w 3 37 "$display", "[PASS] %s -> %h", v0x59509d237420_0, v0x59509d2383d0_0 {0 0 0};
T_0.1 ;
    %end;
S_0x59509d2374e0 .scope module, "dut" "alu" 3 13, 4 1 0, S_0x59509d212e80;
 .timescale 0 0;
    .port_info 0 /INPUT 32 "op1";
    .port_info 1 /INPUT 32 "op2";
    .port_info 2 /INPUT 4 "alu_op";
    .port_info 3 /OUTPUT 32 "result";
    .port_info 4 /OUTPUT 1 "zero";
P_0x59509d2376e0 .param/l "DATA_WIDTH" 0 4 2, +C4<00000000000000000000000000100000>;
L_0x70ca40a5e018 .functor BUFT 1, C4<00000000000000000000000000000000>, C4<0>, C4<0>, C4<0>;
v0x59509d237a30_0 .net/2u *"_ivl_2", 31 0, L_0x70ca40a5e018;  1 drivers
v0x59509d237b30_0 .net "alu_op", 3 0, v0x59509d238120_0;  1 drivers
v0x59509d237c10_0 .net "op1", 31 0, v0x59509d238200_0;  1 drivers
v0x59509d237cd0_0 .net "op2", 31 0, v0x59509d2382d0_0;  1 drivers
v0x59509d237db0_0 .var "result", 31 0;
v0x59509d237ee0_0 .net "shamt", 4 0, L_0x59509d238590;  1 drivers
v0x59509d237fc0_0 .net "zero", 0 0, L_0x59509d2486f0;  alias, 1 drivers
E_0x59509d1d55d0 .event edge, v0x59509d237b30_0, v0x59509d237c10_0, v0x59509d237cd0_0, v0x59509d237ee0_0;
L_0x59509d238590 .part v0x59509d2382d0_0, 0, 5;
L_0x59509d2486f0 .cmp/eq 32, v0x59509d237db0_0, L_0x70ca40a5e018;
S_0x59509d237830 .scope begin, "alu_comb" "alu_comb" 4 17, 4 17 0, S_0x59509d2374e0;
 .timescale 0 0;
    .scope S_0x59509d2374e0;
T_1 ;
Ewait_0 .event/or E_0x59509d1d55d0, E_0x0;
    %wait Ewait_0;
    %fork t_1, S_0x59509d237830;
    %jmp t_0;
    .scope S_0x59509d237830;
t_1 ;
    %load/vec4 v0x59509d237b30_0;
    %dup/vec4;
    %pushi/vec4 0, 0, 4;
    %cmp/u;
    %jmp/1 T_1.0, 6;
    %dup/vec4;
    %pushi/vec4 1, 0, 4;
    %cmp/u;
    %jmp/1 T_1.1, 6;
    %dup/vec4;
    %pushi/vec4 2, 0, 4;
    %cmp/u;
    %jmp/1 T_1.2, 6;
    %dup/vec4;
    %pushi/vec4 3, 0, 4;
    %cmp/u;
    %jmp/1 T_1.3, 6;
    %dup/vec4;
    %pushi/vec4 4, 0, 4;
    %cmp/u;
    %jmp/1 T_1.4, 6;
    %dup/vec4;
    %pushi/vec4 5, 0, 4;
    %cmp/u;
    %jmp/1 T_1.5, 6;
    %dup/vec4;
    %pushi/vec4 6, 0, 4;
    %cmp/u;
    %jmp/1 T_1.6, 6;
    %dup/vec4;
    %pushi/vec4 7, 0, 4;
    %cmp/u;
    %jmp/1 T_1.7, 6;
    %dup/vec4;
    %pushi/vec4 8, 0, 4;
    %cmp/u;
    %jmp/1 T_1.8, 6;
    %dup/vec4;
    %pushi/vec4 9, 0, 4;
    %cmp/u;
    %jmp/1 T_1.9, 6;
    %dup/vec4;
    %pushi/vec4 10, 0, 4;
    %cmp/u;
    %jmp/1 T_1.10, 6;
    %pushi/vec4 0, 0, 32;
    %store/vec4 v0x59509d237db0_0, 0, 32;
    %jmp T_1.12;
T_1.0 ;
    %load/vec4 v0x59509d237c10_0;
    %load/vec4 v0x59509d237cd0_0;
    %add;
    %store/vec4 v0x59509d237db0_0, 0, 32;
    %jmp T_1.12;
T_1.1 ;
    %load/vec4 v0x59509d237cd0_0;
    %store/vec4 v0x59509d237db0_0, 0, 32;
    %jmp T_1.12;
T_1.2 ;
    %load/vec4 v0x59509d237c10_0;
    %load/vec4 v0x59509d237cd0_0;
    %sub;
    %store/vec4 v0x59509d237db0_0, 0, 32;
    %jmp T_1.12;
T_1.3 ;
    %load/vec4 v0x59509d237c10_0;
    %load/vec4 v0x59509d237cd0_0;
    %and;
    %store/vec4 v0x59509d237db0_0, 0, 32;
    %jmp T_1.12;
T_1.4 ;
    %load/vec4 v0x59509d237c10_0;
    %load/vec4 v0x59509d237cd0_0;
    %or;
    %store/vec4 v0x59509d237db0_0, 0, 32;
    %jmp T_1.12;
T_1.5 ;
    %load/vec4 v0x59509d237c10_0;
    %load/vec4 v0x59509d237cd0_0;
    %xor;
    %store/vec4 v0x59509d237db0_0, 0, 32;
    %jmp T_1.12;
T_1.6 ;
    %load/vec4 v0x59509d237c10_0;
    %ix/getv 4, v0x59509d237ee0_0;
    %shiftl 4;
    %store/vec4 v0x59509d237db0_0, 0, 32;
    %jmp T_1.12;
T_1.7 ;
    %load/vec4 v0x59509d237c10_0;
    %ix/getv 4, v0x59509d237ee0_0;
    %shiftr 4;
    %store/vec4 v0x59509d237db0_0, 0, 32;
    %jmp T_1.12;
T_1.8 ;
    %load/vec4 v0x59509d237c10_0;
    %ix/getv 4, v0x59509d237ee0_0;
    %shiftr/s 4;
    %store/vec4 v0x59509d237db0_0, 0, 32;
    %jmp T_1.12;
T_1.9 ;
    %load/vec4 v0x59509d237c10_0;
    %load/vec4 v0x59509d237cd0_0;
    %cmp/s;
    %flag_mov 8, 5;
    %jmp/0 T_1.13, 8;
    %pushi/vec4 1, 0, 32;
    %jmp/1 T_1.14, 8;
T_1.13 ; End of true expr.
    %pushi/vec4 0, 0, 32;
    %jmp/0 T_1.14, 8;
 ; End of false expr.
    %blend;
T_1.14;
    %store/vec4 v0x59509d237db0_0, 0, 32;
    %jmp T_1.12;
T_1.10 ;
    %load/vec4 v0x59509d237c10_0;
    %load/vec4 v0x59509d237cd0_0;
    %cmp/u;
    %flag_mov 8, 5;
    %jmp/0 T_1.15, 8;
    %pushi/vec4 1, 0, 32;
    %jmp/1 T_1.16, 8;
T_1.15 ; End of true expr.
    %pushi/vec4 0, 0, 32;
    %jmp/0 T_1.16, 8;
 ; End of false expr.
    %blend;
T_1.16;
    %store/vec4 v0x59509d237db0_0, 0, 32;
    %jmp T_1.12;
T_1.12 ;
    %pop/vec4 1;
    %end;
    .scope S_0x59509d2374e0;
t_0 %join;
    %jmp T_1;
    .thread T_1, $push;
    .scope S_0x59509d212e80;
T_2 ;
    %pushi/vec4 10, 0, 32;
    %store/vec4 v0x59509d238200_0, 0, 32;
    %pushi/vec4 20, 0, 32;
    %store/vec4 v0x59509d2382d0_0, 0, 32;
    %pushi/vec4 0, 0, 4;
    %store/vec4 v0x59509d238120_0, 0, 4;
    %alloc S_0x59509d1d4cf0;
    %pushi/vec4 30, 0, 32;
    %store/vec4 v0x59509d1d4ed0_0, 0, 32;
    %pushi/str "ADD";
    %store/str v0x59509d237420_0;
    %fork TD_tb_alu.check_result, S_0x59509d1d4cf0;
    %join;
    %free S_0x59509d1d4cf0;
    %pushi/vec4 100, 0, 32;
    %store/vec4 v0x59509d238200_0, 0, 32;
    %pushi/vec4 55, 0, 32;
    %store/vec4 v0x59509d2382d0_0, 0, 32;
    %pushi/vec4 1, 0, 4;
    %store/vec4 v0x59509d238120_0, 0, 4;
    %alloc S_0x59509d1d4cf0;
    %pushi/vec4 55, 0, 32;
    %store/vec4 v0x59509d1d4ed0_0, 0, 32;
    %pushi/str "PASS";
    %store/str v0x59509d237420_0;
    %fork TD_tb_alu.check_result, S_0x59509d1d4cf0;
    %join;
    %free S_0x59509d1d4cf0;
    %pushi/vec4 50, 0, 32;
    %store/vec4 v0x59509d238200_0, 0, 32;
    %pushi/vec4 15, 0, 32;
    %store/vec4 v0x59509d2382d0_0, 0, 32;
    %pushi/vec4 2, 0, 4;
    %store/vec4 v0x59509d238120_0, 0, 4;
    %alloc S_0x59509d1d4cf0;
    %pushi/vec4 35, 0, 32;
    %store/vec4 v0x59509d1d4ed0_0, 0, 32;
    %pushi/str "SUB";
    %store/str v0x59509d237420_0;
    %fork TD_tb_alu.check_result, S_0x59509d1d4cf0;
    %join;
    %free S_0x59509d1d4cf0;
    %pushi/vec4 4278255360, 0, 32;
    %store/vec4 v0x59509d238200_0, 0, 32;
    %pushi/vec4 252645135, 0, 32;
    %store/vec4 v0x59509d2382d0_0, 0, 32;
    %pushi/vec4 3, 0, 4;
    %store/vec4 v0x59509d238120_0, 0, 4;
    %alloc S_0x59509d1d4cf0;
    %pushi/vec4 251662080, 0, 32;
    %store/vec4 v0x59509d1d4ed0_0, 0, 32;
    %pushi/str "AND";
    %store/str v0x59509d237420_0;
    %fork TD_tb_alu.check_result, S_0x59509d1d4cf0;
    %join;
    %free S_0x59509d1d4cf0;
    %pushi/vec4 4026531840, 0, 32;
    %store/vec4 v0x59509d238200_0, 0, 32;
    %pushi/vec4 4369, 0, 32;
    %store/vec4 v0x59509d2382d0_0, 0, 32;
    %pushi/vec4 4, 0, 4;
    %store/vec4 v0x59509d238120_0, 0, 4;
    %alloc S_0x59509d1d4cf0;
    %pushi/vec4 4026536209, 0, 32;
    %store/vec4 v0x59509d1d4ed0_0, 0, 32;
    %pushi/str "OR";
    %store/str v0x59509d237420_0;
    %fork TD_tb_alu.check_result, S_0x59509d1d4cf0;
    %join;
    %free S_0x59509d1d4cf0;
    %pushi/vec4 2863311530, 0, 32;
    %store/vec4 v0x59509d238200_0, 0, 32;
    %pushi/vec4 4294901760, 0, 32;
    %store/vec4 v0x59509d2382d0_0, 0, 32;
    %pushi/vec4 5, 0, 4;
    %store/vec4 v0x59509d238120_0, 0, 4;
    %alloc S_0x59509d1d4cf0;
    %pushi/vec4 1431677610, 0, 32;
    %store/vec4 v0x59509d1d4ed0_0, 0, 32;
    %pushi/str "XOR";
    %store/str v0x59509d237420_0;
    %fork TD_tb_alu.check_result, S_0x59509d1d4cf0;
    %join;
    %free S_0x59509d1d4cf0;
    %pushi/vec4 1, 0, 32;
    %store/vec4 v0x59509d238200_0, 0, 32;
    %pushi/vec4 4, 0, 32;
    %store/vec4 v0x59509d2382d0_0, 0, 32;
    %pushi/vec4 6, 0, 4;
    %store/vec4 v0x59509d238120_0, 0, 4;
    %alloc S_0x59509d1d4cf0;
    %pushi/vec4 16, 0, 32;
    %store/vec4 v0x59509d1d4ed0_0, 0, 32;
    %pushi/str "SLL";
    %store/str v0x59509d237420_0;
    %fork TD_tb_alu.check_result, S_0x59509d1d4cf0;
    %join;
    %free S_0x59509d1d4cf0;
    %pushi/vec4 16, 0, 32;
    %store/vec4 v0x59509d238200_0, 0, 32;
    %pushi/vec4 1, 0, 32;
    %store/vec4 v0x59509d2382d0_0, 0, 32;
    %pushi/vec4 7, 0, 4;
    %store/vec4 v0x59509d238120_0, 0, 4;
    %alloc S_0x59509d1d4cf0;
    %pushi/vec4 8, 0, 32;
    %store/vec4 v0x59509d1d4ed0_0, 0, 32;
    %pushi/str "SRL";
    %store/str v0x59509d237420_0;
    %fork TD_tb_alu.check_result, S_0x59509d1d4cf0;
    %join;
    %free S_0x59509d1d4cf0;
    %pushi/vec4 4294967280, 0, 32;
    %store/vec4 v0x59509d238200_0, 0, 32;
    %pushi/vec4 2, 0, 32;
    %store/vec4 v0x59509d2382d0_0, 0, 32;
    %pushi/vec4 8, 0, 4;
    %store/vec4 v0x59509d238120_0, 0, 4;
    %alloc S_0x59509d1d4cf0;
    %pushi/vec4 4294967292, 0, 32;
    %store/vec4 v0x59509d1d4ed0_0, 0, 32;
    %pushi/str "SRA";
    %store/str v0x59509d237420_0;
    %fork TD_tb_alu.check_result, S_0x59509d1d4cf0;
    %join;
    %free S_0x59509d1d4cf0;
    %pushi/vec4 4294967291, 0, 32;
    %store/vec4 v0x59509d238200_0, 0, 32;
    %pushi/vec4 3, 0, 32;
    %store/vec4 v0x59509d2382d0_0, 0, 32;
    %pushi/vec4 9, 0, 4;
    %store/vec4 v0x59509d238120_0, 0, 4;
    %alloc S_0x59509d1d4cf0;
    %pushi/vec4 1, 0, 32;
    %store/vec4 v0x59509d1d4ed0_0, 0, 32;
    %pushi/str "SLT";
    %store/str v0x59509d237420_0;
    %fork TD_tb_alu.check_result, S_0x59509d1d4cf0;
    %join;
    %free S_0x59509d1d4cf0;
    %pushi/vec4 3, 0, 32;
    %store/vec4 v0x59509d238200_0, 0, 32;
    %pushi/vec4 5, 0, 32;
    %store/vec4 v0x59509d2382d0_0, 0, 32;
    %pushi/vec4 10, 0, 4;
    %store/vec4 v0x59509d238120_0, 0, 4;
    %alloc S_0x59509d1d4cf0;
    %pushi/vec4 1, 0, 32;
    %store/vec4 v0x59509d1d4ed0_0, 0, 32;
    %pushi/str "SLTU";
    %store/str v0x59509d237420_0;
    %fork TD_tb_alu.check_result, S_0x59509d1d4cf0;
    %join;
    %free S_0x59509d1d4cf0;
    %pushi/vec4 10, 0, 32;
    %store/vec4 v0x59509d238200_0, 0, 32;
    %pushi/vec4 10, 0, 32;
    %store/vec4 v0x59509d2382d0_0, 0, 32;
    %pushi/vec4 2, 0, 4;
    %store/vec4 v0x59509d238120_0, 0, 4;
    %delay 1000, 0;
    %load/vec4 v0x59509d2384a0_0;
    %cmpi/e 1, 0, 1;
    %jmp/0xz  T_2.0, 4;
    %vpi_call/w 3 117 "$display", "[PASS] ZERO FLAG" {0 0 0};
    %jmp T_2.1;
T_2.0 ;
    %vpi_call/w 3 119 "$display", "[FAIL] ZERO FLAG %d", v0x59509d2384a0_0 {0 0 0};
    %vpi_call/w 3 120 "$finish" {0 0 0};
T_2.1 ;
    %vpi_call/w 3 123 "$display", "\000" {0 0 0};
    %vpi_call/w 3 124 "$display", "ALL TESTS PASSED" {0 0 0};
    %vpi_call/w 3 125 "$display", "\000" {0 0 0};
    %vpi_call/w 3 127 "$finish" {0 0 0};
    %end;
    .thread T_2;
# The file index is used to find the file name in the following table.
:file_names 5;
    "N/A";
    "<interactive>";
    "-";
    "tb_alu.sv";
    "../../sources/alu.sv";
