#! /usr/bin/vvp
:ivl_version "11.0 (stable)";
:ivl_delay_selection "TYPICAL";
:vpi_time_precision - 12;
:vpi_module "/usr/lib/x86_64-linux-gnu/ivl/system.vpi";
:vpi_module "/usr/lib/x86_64-linux-gnu/ivl/vhdl_sys.vpi";
:vpi_module "/usr/lib/x86_64-linux-gnu/ivl/vhdl_textio.vpi";
:vpi_module "/usr/lib/x86_64-linux-gnu/ivl/v2005_math.vpi";
:vpi_module "/usr/lib/x86_64-linux-gnu/ivl/va_math.vpi";
:vpi_module "/usr/lib/x86_64-linux-gnu/ivl/v2009.vpi";
S_0x610400f49e90 .scope package, "$unit" "$unit" 2 1;
 .timescale 0 0;
S_0x610400f4a020 .scope module, "tb_control_unit" "tb_control_unit" 3 3;
 .timescale -9 -12;
v0x610400f85e70_0 .net "alu_op", 3 0, v0x610400f85150_0;  1 drivers
v0x610400f85f50_0 .net "alu_use_imm", 0 0, v0x610400f85250_0;  1 drivers
v0x610400f86020_0 .var "funct3", 2 0;
v0x610400f86120_0 .var "funct7", 6 0;
v0x610400f861f0_0 .net "imm_type", 2 0, v0x610400f854b0_0;  1 drivers
v0x610400f86290_0 .net "is_branch", 0 0, v0x610400f855e0_0;  1 drivers
v0x610400f86360_0 .net "jump", 0 0, v0x610400f856a0_0;  1 drivers
v0x610400f86430_0 .net "mem_access", 0 0, v0x610400f85760_0;  1 drivers
v0x610400f86500_0 .net "mem_width", 5 0, v0x610400f85820_0;  1 drivers
v0x610400f86660_0 .var "opcode", 6 0;
v0x610400f86730_0 .net "rd_data_src", 2 0, v0x610400f85a70_0;  1 drivers
v0x610400f86800_0 .net "write_mem", 0 0, v0x610400f85b50_0;  1 drivers
v0x610400f868d0_0 .net "write_rd", 0 0, v0x610400f85c10_0;  1 drivers
S_0x610400f02cf0 .scope autotask, "check_control" "check_control" 3 58, 3 58 0, S_0x610400f4a020;
 .timescale -9 -12;
v0x610400f047b0_0 .var "expected_alu_op", 3 0;
v0x610400f04ba0_0 .var "expected_alu_use_imm", 0 0;
v0x610400f844f0_0 .var "expected_imm_type", 2 0;
v0x610400f845b0_0 .var "expected_is_branch", 0 0;
v0x610400f84670_0 .var "expected_jump", 0 0;
v0x610400f84780_0 .var "expected_mem_access", 0 0;
v0x610400f84840_0 .var "expected_mem_width", 5 0;
v0x610400f84920_0 .var "expected_rd_data_src", 2 0;
v0x610400f84a00_0 .var "expected_write_mem", 0 0;
v0x610400f84ac0_0 .var "expected_write_rd", 0 0;
v0x610400f84b80_0 .var/str "test_name";
TD_tb_control_unit.check_control ;
    %delay 1000, 0;
    %load/vec4 v0x610400f85e70_0;
    %load/vec4 v0x610400f047b0_0;
    %cmp/ne;
    %flag_mov 8, 6;
    %load/vec4 v0x610400f85f50_0;
    %load/vec4 v0x610400f04ba0_0;
    %cmp/ne;
    %flag_or 6, 8;
    %flag_mov 8, 6;
    %load/vec4 v0x610400f868d0_0;
    %load/vec4 v0x610400f84ac0_0;
    %cmp/ne;
    %flag_or 6, 8;
    %flag_mov 8, 6;
    %load/vec4 v0x610400f86800_0;
    %load/vec4 v0x610400f84a00_0;
    %cmp/ne;
    %flag_or 6, 8;
    %flag_mov 8, 6;
    %load/vec4 v0x610400f86430_0;
    %load/vec4 v0x610400f84780_0;
    %cmp/ne;
    %flag_or 6, 8;
    %flag_mov 8, 6;
    %load/vec4 v0x610400f86500_0;
    %load/vec4 v0x610400f84840_0;
    %cmp/ne;
    %flag_or 6, 8;
    %flag_mov 8, 6;
    %load/vec4 v0x610400f86360_0;
    %load/vec4 v0x610400f84670_0;
    %cmp/ne;
    %flag_or 6, 8;
    %flag_mov 8, 6;
    %load/vec4 v0x610400f86290_0;
    %load/vec4 v0x610400f845b0_0;
    %cmp/ne;
    %flag_or 6, 8;
    %flag_mov 8, 6;
    %load/vec4 v0x610400f86730_0;
    %load/vec4 v0x610400f84920_0;
    %cmp/ne;
    %flag_or 6, 8;
    %flag_mov 8, 6;
    %load/vec4 v0x610400f861f0_0;
    %load/vec4 v0x610400f844f0_0;
    %cmp/ne;
    %flag_or 6, 8;
    %jmp/0xz  T_0.0, 6;
    %vpi_call/w 3 99 "$display", "[FAIL] %s", v0x610400f84b80_0 {0 0 0};
    %vpi_call/w 3 101 "$display", "--------------------------------" {0 0 0};
    %vpi_call/w 3 103 "$display", "Expected:" {0 0 0};
    %vpi_call/w 3 104 "$display", "alu_op       = %0d", v0x610400f047b0_0 {0 0 0};
    %vpi_call/w 3 105 "$display", "alu_use_imm  = %0d", v0x610400f04ba0_0 {0 0 0};
    %vpi_call/w 3 107 "$display", "write_rd     = %0d", v0x610400f84ac0_0 {0 0 0};
    %vpi_call/w 3 109 "$display", "write_mem    = %0d", v0x610400f84a00_0 {0 0 0};
    %vpi_call/w 3 110 "$display", "mem_access   = %0d", v0x610400f84780_0 {0 0 0};
    %vpi_call/w 3 111 "$display", "mem_width    = %0d", v0x610400f84840_0 {0 0 0};
    %vpi_call/w 3 113 "$display", "jump         = %0d", v0x610400f84670_0 {0 0 0};
    %vpi_call/w 3 114 "$display", "is_branch    = %0d", v0x610400f845b0_0 {0 0 0};
    %vpi_call/w 3 116 "$display", "rd_data_src  = %0d", v0x610400f84920_0 {0 0 0};
    %vpi_call/w 3 117 "$display", "imm_type     = %0d", v0x610400f844f0_0 {0 0 0};
    %vpi_call/w 3 119 "$display", "--------------------------------" {0 0 0};
    %vpi_call/w 3 121 "$display", "Actual:" {0 0 0};
    %vpi_call/w 3 122 "$display", "alu_op       = %0d", v0x610400f85e70_0 {0 0 0};
    %vpi_call/w 3 123 "$display", "alu_use_imm  = %0d", v0x610400f85f50_0 {0 0 0};
    %vpi_call/w 3 125 "$display", "write_rd     = %0d", v0x610400f868d0_0 {0 0 0};
    %vpi_call/w 3 127 "$display", "write_mem    = %0d", v0x610400f86800_0 {0 0 0};
    %vpi_call/w 3 128 "$display", "mem_access   = %0d", v0x610400f86430_0 {0 0 0};
    %vpi_call/w 3 129 "$display", "mem_width    = %0d", v0x610400f86500_0 {0 0 0};
    %vpi_call/w 3 131 "$display", "jump         = %0d", v0x610400f86360_0 {0 0 0};
    %vpi_call/w 3 132 "$display", "is_branch    = %0d", v0x610400f86290_0 {0 0 0};
    %vpi_call/w 3 134 "$display", "rd_data_src  = %0d", v0x610400f86730_0 {0 0 0};
    %vpi_call/w 3 135 "$display", "imm_type     = %0d", v0x610400f861f0_0 {0 0 0};
    %vpi_call/w 3 137 "$finish" {0 0 0};
    %jmp T_0.1;
T_0.0 ;
    %vpi_call/w 3 143 "$display", "[PASS] %s", v0x610400f84b80_0 {0 0 0};
T_0.1 ;
    %end;
S_0x610400f84c40 .scope module, "dut" "control_unit" 3 32, 4 1 0, S_0x610400f4a020;
 .timescale 0 0;
    .port_info 0 /INPUT 7 "opcode";
    .port_info 1 /INPUT 3 "funct3";
    .port_info 2 /INPUT 7 "funct7";
    .port_info 3 /OUTPUT 4 "alu_op";
    .port_info 4 /OUTPUT 1 "alu_use_imm";
    .port_info 5 /OUTPUT 1 "write_rd";
    .port_info 6 /OUTPUT 1 "write_mem";
    .port_info 7 /OUTPUT 1 "mem_access";
    .port_info 8 /OUTPUT 6 "mem_width";
    .port_info 9 /OUTPUT 1 "jump";
    .port_info 10 /OUTPUT 1 "is_branch";
    .port_info 11 /OUTPUT 3 "rd_data_src";
    .port_info 12 /OUTPUT 3 "imm_type";
v0x610400f85150_0 .var "alu_op", 3 0;
v0x610400f85250_0 .var "alu_use_imm", 0 0;
v0x610400f85310_0 .net "funct3", 2 0, v0x610400f86020_0;  1 drivers
v0x610400f853d0_0 .net "funct7", 6 0, v0x610400f86120_0;  1 drivers
v0x610400f854b0_0 .var "imm_type", 2 0;
v0x610400f855e0_0 .var "is_branch", 0 0;
v0x610400f856a0_0 .var "jump", 0 0;
v0x610400f85760_0 .var "mem_access", 0 0;
v0x610400f85820_0 .var "mem_width", 5 0;
v0x610400f85990_0 .net "opcode", 6 0, v0x610400f86660_0;  1 drivers
v0x610400f85a70_0 .var "rd_data_src", 2 0;
v0x610400f85b50_0 .var "write_mem", 0 0;
v0x610400f85c10_0 .var "write_rd", 0 0;
E_0x610400f3d640 .event edge, v0x610400f85990_0, v0x610400f85310_0, v0x610400f853d0_0;
S_0x610400f84f50 .scope begin, "control_comb" "control_comb" 4 29, 4 29 0, S_0x610400f84c40;
 .timescale 0 0;
    .scope S_0x610400f84c40;
T_1 ;
Ewait_0 .event/or E_0x610400f3d640, E_0x0;
    %wait Ewait_0;
    %fork t_1, S_0x610400f84f50;
    %jmp t_0;
    .scope S_0x610400f84f50;
t_1 ;
    %pushi/vec4 0, 0, 4;
    %store/vec4 v0x610400f85150_0, 0, 4;
    %pushi/vec4 0, 0, 1;
    %store/vec4 v0x610400f85250_0, 0, 1;
    %pushi/vec4 1, 0, 1;
    %store/vec4 v0x610400f85c10_0, 0, 1;
    %pushi/vec4 0, 0, 1;
    %store/vec4 v0x610400f85b50_0, 0, 1;
    %pushi/vec4 0, 0, 1;
    %store/vec4 v0x610400f85760_0, 0, 1;
    %pushi/vec4 32, 0, 6;
    %store/vec4 v0x610400f85820_0, 0, 6;
    %pushi/vec4 0, 0, 1;
    %store/vec4 v0x610400f856a0_0, 0, 1;
    %pushi/vec4 0, 0, 1;
    %store/vec4 v0x610400f855e0_0, 0, 1;
    %pushi/vec4 0, 0, 3;
    %store/vec4 v0x610400f85a70_0, 0, 3;
    %pushi/vec4 7, 0, 3;
    %store/vec4 v0x610400f854b0_0, 0, 3;
    %load/vec4 v0x610400f85990_0;
    %cmpi/e 3, 0, 7;
    %flag_mov 8, 4;
    %load/vec4 v0x610400f85990_0;
    %cmpi/e 35, 0, 7;
    %flag_or 4, 8;
    %jmp/0xz  T_1.0, 4;
    %load/vec4 v0x610400f85310_0;
    %dup/vec4;
    %pushi/vec4 0, 0, 3;
    %cmp/u;
    %jmp/1 T_1.2, 6;
    %dup/vec4;
    %pushi/vec4 1, 0, 3;
    %cmp/u;
    %jmp/1 T_1.3, 6;
    %dup/vec4;
    %pushi/vec4 2, 0, 3;
    %cmp/u;
    %jmp/1 T_1.4, 6;
    %dup/vec4;
    %pushi/vec4 4, 0, 3;
    %cmp/u;
    %jmp/1 T_1.5, 6;
    %dup/vec4;
    %pushi/vec4 5, 0, 3;
    %cmp/u;
    %jmp/1 T_1.6, 6;
    %pushi/vec4 32, 0, 6;
    %store/vec4 v0x610400f85820_0, 0, 6;
    %jmp T_1.8;
T_1.2 ;
    %pushi/vec4 8, 0, 6;
    %store/vec4 v0x610400f85820_0, 0, 6;
    %jmp T_1.8;
T_1.3 ;
    %pushi/vec4 16, 0, 6;
    %store/vec4 v0x610400f85820_0, 0, 6;
    %jmp T_1.8;
T_1.4 ;
    %pushi/vec4 32, 0, 6;
    %store/vec4 v0x610400f85820_0, 0, 6;
    %jmp T_1.8;
T_1.5 ;
    %pushi/vec4 8, 0, 6;
    %store/vec4 v0x610400f85820_0, 0, 6;
    %jmp T_1.8;
T_1.6 ;
    %pushi/vec4 16, 0, 6;
    %store/vec4 v0x610400f85820_0, 0, 6;
    %jmp T_1.8;
T_1.8 ;
    %pop/vec4 1;
T_1.0 ;
    %load/vec4 v0x610400f85990_0;
    %cmpi/e 111, 0, 7;
    %flag_mov 8, 4;
    %load/vec4 v0x610400f85990_0;
    %cmpi/e 103, 0, 7;
    %flag_or 4, 8;
    %jmp/0xz  T_1.9, 4;
    %pushi/vec4 1, 0, 1;
    %store/vec4 v0x610400f856a0_0, 0, 1;
T_1.9 ;
    %load/vec4 v0x610400f85990_0;
    %cmpi/e 99, 0, 7;
    %jmp/0xz  T_1.11, 4;
    %pushi/vec4 1, 0, 1;
    %store/vec4 v0x610400f855e0_0, 0, 1;
T_1.11 ;
    %load/vec4 v0x610400f85990_0;
    %pushi/vec4 51, 0, 7;
    %cmp/e;
    %flag_get/vec4 4;
    %load/vec4 v0x610400f85310_0;
    %pushi/vec4 0, 0, 3;
    %cmp/e;
    %flag_get/vec4 4;
    %and;
    %load/vec4 v0x610400f853d0_0;
    %pushi/vec4 32, 0, 7;
    %cmp/e;
    %flag_get/vec4 4;
    %and;
    %flag_set/vec4 8;
    %jmp/0xz  T_1.13, 8;
    %pushi/vec4 2, 0, 4;
    %store/vec4 v0x610400f85150_0, 0, 4;
    %jmp T_1.14;
T_1.13 ;
    %load/vec4 v0x610400f85990_0;
    %pushi/vec4 19, 0, 7;
    %cmp/e;
    %flag_get/vec4 4;
    %load/vec4 v0x610400f85310_0;
    %pushi/vec4 2, 0, 3;
    %cmp/e;
    %flag_get/vec4 4;
    %and;
    %flag_set/vec4 8;
    %load/vec4 v0x610400f85990_0;
    %pushi/vec4 51, 0, 7;
    %cmp/e;
    %flag_get/vec4 4;
    %load/vec4 v0x610400f85310_0;
    %pushi/vec4 2, 0, 3;
    %cmp/e;
    %flag_get/vec4 4;
    %and;
    %flag_set/vec4 9;
    %flag_or 9, 8;
    %jmp/0xz  T_1.15, 9;
    %pushi/vec4 9, 0, 4;
    %store/vec4 v0x610400f85150_0, 0, 4;
    %jmp T_1.16;
T_1.15 ;
    %load/vec4 v0x610400f85990_0;
    %pushi/vec4 19, 0, 7;
    %cmp/e;
    %flag_get/vec4 4;
    %load/vec4 v0x610400f85310_0;
    %pushi/vec4 3, 0, 3;
    %cmp/e;
    %flag_get/vec4 4;
    %and;
    %flag_set/vec4 8;
    %load/vec4 v0x610400f85990_0;
    %pushi/vec4 51, 0, 7;
    %cmp/e;
    %flag_get/vec4 4;
    %load/vec4 v0x610400f85310_0;
    %pushi/vec4 3, 0, 3;
    %cmp/e;
    %flag_get/vec4 4;
    %and;
    %flag_set/vec4 9;
    %flag_or 9, 8;
    %jmp/0xz  T_1.17, 9;
    %pushi/vec4 10, 0, 4;
    %store/vec4 v0x610400f85150_0, 0, 4;
    %jmp T_1.18;
T_1.17 ;
    %load/vec4 v0x610400f85990_0;
    %pushi/vec4 19, 0, 7;
    %cmp/e;
    %flag_get/vec4 4;
    %load/vec4 v0x610400f85310_0;
    %pushi/vec4 7, 0, 3;
    %cmp/e;
    %flag_get/vec4 4;
    %and;
    %flag_set/vec4 8;
    %load/vec4 v0x610400f85990_0;
    %pushi/vec4 51, 0, 7;
    %cmp/e;
    %flag_get/vec4 4;
    %load/vec4 v0x610400f85310_0;
    %pushi/vec4 7, 0, 3;
    %cmp/e;
    %flag_get/vec4 4;
    %and;
    %flag_set/vec4 9;
    %flag_or 9, 8;
    %jmp/0xz  T_1.19, 9;
    %pushi/vec4 3, 0, 4;
    %store/vec4 v0x610400f85150_0, 0, 4;
    %jmp T_1.20;
T_1.19 ;
    %load/vec4 v0x610400f85990_0;
    %pushi/vec4 19, 0, 7;
    %cmp/e;
    %flag_get/vec4 4;
    %load/vec4 v0x610400f85310_0;
    %pushi/vec4 6, 0, 3;
    %cmp/e;
    %flag_get/vec4 4;
    %and;
    %flag_set/vec4 8;
    %load/vec4 v0x610400f85990_0;
    %pushi/vec4 51, 0, 7;
    %cmp/e;
    %flag_get/vec4 4;
    %load/vec4 v0x610400f85310_0;
    %pushi/vec4 6, 0, 3;
    %cmp/e;
    %flag_get/vec4 4;
    %and;
    %flag_set/vec4 9;
    %flag_or 9, 8;
    %jmp/0xz  T_1.21, 9;
    %pushi/vec4 4, 0, 4;
    %store/vec4 v0x610400f85150_0, 0, 4;
    %jmp T_1.22;
T_1.21 ;
    %load/vec4 v0x610400f85990_0;
    %pushi/vec4 19, 0, 7;
    %cmp/e;
    %flag_get/vec4 4;
    %load/vec4 v0x610400f85310_0;
    %pushi/vec4 4, 0, 3;
    %cmp/e;
    %flag_get/vec4 4;
    %and;
    %flag_set/vec4 8;
    %load/vec4 v0x610400f85990_0;
    %pushi/vec4 51, 0, 7;
    %cmp/e;
    %flag_get/vec4 4;
    %load/vec4 v0x610400f85310_0;
    %pushi/vec4 4, 0, 3;
    %cmp/e;
    %flag_get/vec4 4;
    %and;
    %flag_set/vec4 9;
    %flag_or 9, 8;
    %jmp/0xz  T_1.23, 9;
    %pushi/vec4 5, 0, 4;
    %store/vec4 v0x610400f85150_0, 0, 4;
    %jmp T_1.24;
T_1.23 ;
    %load/vec4 v0x610400f85990_0;
    %pushi/vec4 19, 0, 7;
    %cmp/e;
    %flag_get/vec4 4;
    %load/vec4 v0x610400f85310_0;
    %pushi/vec4 1, 0, 3;
    %cmp/e;
    %flag_get/vec4 4;
    %and;
    %flag_set/vec4 8;
    %load/vec4 v0x610400f85990_0;
    %pushi/vec4 51, 0, 7;
    %cmp/e;
    %flag_get/vec4 4;
    %load/vec4 v0x610400f85310_0;
    %pushi/vec4 1, 0, 3;
    %cmp/e;
    %flag_get/vec4 4;
    %and;
    %flag_set/vec4 9;
    %flag_or 9, 8;
    %jmp/0xz  T_1.25, 9;
    %pushi/vec4 6, 0, 4;
    %store/vec4 v0x610400f85150_0, 0, 4;
    %jmp T_1.26;
T_1.25 ;
    %load/vec4 v0x610400f85990_0;
    %pushi/vec4 19, 0, 7;
    %cmp/e;
    %flag_get/vec4 4;
    %load/vec4 v0x610400f85310_0;
    %pushi/vec4 5, 0, 3;
    %cmp/e;
    %flag_get/vec4 4;
    %and;
    %flag_set/vec4 8;
    %load/vec4 v0x610400f85990_0;
    %pushi/vec4 51, 0, 7;
    %cmp/e;
    %flag_get/vec4 4;
    %load/vec4 v0x610400f85310_0;
    %pushi/vec4 5, 0, 3;
    %cmp/e;
    %flag_get/vec4 4;
    %and;
    %flag_set/vec4 9;
    %flag_or 9, 8;
    %jmp/0xz  T_1.27, 9;
    %load/vec4 v0x610400f853d0_0;
    %cmpi/e 32, 0, 7;
    %flag_mov 8, 4;
    %jmp/0 T_1.29, 8;
    %pushi/vec4 8, 0, 4;
    %jmp/1 T_1.30, 8;
T_1.29 ; End of true expr.
    %pushi/vec4 7, 0, 4;
    %jmp/0 T_1.30, 8;
 ; End of false expr.
    %blend;
T_1.30;
    %store/vec4 v0x610400f85150_0, 0, 4;
T_1.27 ;
T_1.26 ;
T_1.24 ;
T_1.22 ;
T_1.20 ;
T_1.18 ;
T_1.16 ;
T_1.14 ;
    %load/vec4 v0x610400f85990_0;
    %pushi/vec4 19, 0, 7;
    %cmp/e;
    %flag_get/vec4 4;
    %load/vec4 v0x610400f85990_0;
    %pushi/vec4 3, 0, 7;
    %cmp/e;
    %flag_get/vec4 4;
    %or;
    %load/vec4 v0x610400f85990_0;
    %pushi/vec4 35, 0, 7;
    %cmp/e;
    %flag_get/vec4 4;
    %or;
    %load/vec4 v0x610400f85990_0;
    %pushi/vec4 103, 0, 7;
    %cmp/e;
    %flag_get/vec4 4;
    %or;
    %store/vec4 v0x610400f85250_0, 0, 1;
    %load/vec4 v0x610400f85990_0;
    %cmpi/e 99, 0, 7;
    %flag_mov 8, 4;
    %load/vec4 v0x610400f85990_0;
    %cmpi/e 35, 0, 7;
    %flag_or 4, 8;
    %jmp/0xz  T_1.31, 4;
    %pushi/vec4 0, 0, 1;
    %store/vec4 v0x610400f85c10_0, 0, 1;
T_1.31 ;
    %load/vec4 v0x610400f85990_0;
    %pushi/vec4 35, 0, 7;
    %cmp/e;
    %flag_get/vec4 4;
    %store/vec4 v0x610400f85b50_0, 0, 1;
    %load/vec4 v0x610400f85990_0;
    %pushi/vec4 3, 0, 7;
    %cmp/e;
    %flag_get/vec4 4;
    %load/vec4 v0x610400f85990_0;
    %pushi/vec4 35, 0, 7;
    %cmp/e;
    %flag_get/vec4 4;
    %or;
    %store/vec4 v0x610400f85760_0, 0, 1;
    %load/vec4 v0x610400f85990_0;
    %cmpi/e 23, 0, 7;
    %jmp/0xz  T_1.33, 4;
    %pushi/vec4 1, 0, 3;
    %store/vec4 v0x610400f85a70_0, 0, 3;
    %jmp T_1.34;
T_1.33 ;
    %load/vec4 v0x610400f85990_0;
    %cmpi/e 111, 0, 7;
    %flag_mov 8, 4;
    %load/vec4 v0x610400f85990_0;
    %cmpi/e 103, 0, 7;
    %flag_or 4, 8;
    %jmp/0xz  T_1.35, 4;
    %pushi/vec4 2, 0, 3;
    %store/vec4 v0x610400f85a70_0, 0, 3;
    %jmp T_1.36;
T_1.35 ;
    %load/vec4 v0x610400f85990_0;
    %cmpi/e 55, 0, 7;
    %jmp/0xz  T_1.37, 4;
    %pushi/vec4 3, 0, 3;
    %store/vec4 v0x610400f85a70_0, 0, 3;
    %jmp T_1.38;
T_1.37 ;
    %load/vec4 v0x610400f85990_0;
    %cmpi/e 3, 0, 7;
    %jmp/0xz  T_1.39, 4;
    %pushi/vec4 4, 0, 3;
    %store/vec4 v0x610400f85a70_0, 0, 3;
T_1.39 ;
T_1.38 ;
T_1.36 ;
T_1.34 ;
    %load/vec4 v0x610400f85990_0;
    %cmpi/e 55, 0, 7;
    %flag_mov 8, 4;
    %load/vec4 v0x610400f85990_0;
    %cmpi/e 23, 0, 7;
    %flag_or 4, 8;
    %jmp/0xz  T_1.41, 4;
    %pushi/vec4 3, 0, 3;
    %store/vec4 v0x610400f854b0_0, 0, 3;
    %jmp T_1.42;
T_1.41 ;
    %load/vec4 v0x610400f85990_0;
    %cmpi/e 111, 0, 7;
    %jmp/0xz  T_1.43, 4;
    %pushi/vec4 4, 0, 3;
    %store/vec4 v0x610400f854b0_0, 0, 3;
    %jmp T_1.44;
T_1.43 ;
    %load/vec4 v0x610400f85990_0;
    %cmpi/e 99, 0, 7;
    %jmp/0xz  T_1.45, 4;
    %pushi/vec4 2, 0, 3;
    %store/vec4 v0x610400f854b0_0, 0, 3;
    %jmp T_1.46;
T_1.45 ;
    %load/vec4 v0x610400f85990_0;
    %cmpi/e 35, 0, 7;
    %jmp/0xz  T_1.47, 4;
    %pushi/vec4 1, 0, 3;
    %store/vec4 v0x610400f854b0_0, 0, 3;
    %jmp T_1.48;
T_1.47 ;
    %load/vec4 v0x610400f85990_0;
    %cmpi/e 19, 0, 7;
    %flag_mov 8, 4;
    %load/vec4 v0x610400f85990_0;
    %cmpi/e 3, 0, 7;
    %flag_or 4, 8;
    %flag_mov 8, 4;
    %load/vec4 v0x610400f85990_0;
    %cmpi/e 103, 0, 7;
    %flag_or 4, 8;
    %jmp/0xz  T_1.49, 4;
    %pushi/vec4 0, 0, 3;
    %store/vec4 v0x610400f854b0_0, 0, 3;
T_1.49 ;
T_1.48 ;
T_1.46 ;
T_1.44 ;
T_1.42 ;
    %end;
    .scope S_0x610400f84c40;
t_0 %join;
    %jmp T_1;
    .thread T_1, $push;
    .scope S_0x610400f4a020;
T_2 ;
    %pushi/vec4 51, 0, 7;
    %store/vec4 v0x610400f86660_0, 0, 7;
    %pushi/vec4 0, 0, 3;
    %store/vec4 v0x610400f86020_0, 0, 3;
    %pushi/vec4 0, 0, 7;
    %store/vec4 v0x610400f86120_0, 0, 7;
    %alloc S_0x610400f02cf0;
    %pushi/vec4 0, 0, 4;
    %store/vec4 v0x610400f047b0_0, 0, 4;
    %pushi/vec4 0, 0, 1;
    %store/vec4 v0x610400f04ba0_0, 0, 1;
    %pushi/vec4 1, 0, 1;
    %store/vec4 v0x610400f84ac0_0, 0, 1;
    %pushi/vec4 0, 0, 1;
    %store/vec4 v0x610400f84a00_0, 0, 1;
    %pushi/vec4 0, 0, 1;
    %store/vec4 v0x610400f84780_0, 0, 1;
    %pushi/vec4 32, 0, 6;
    %store/vec4 v0x610400f84840_0, 0, 6;
    %pushi/vec4 0, 0, 1;
    %store/vec4 v0x610400f84670_0, 0, 1;
    %pushi/vec4 0, 0, 1;
    %store/vec4 v0x610400f845b0_0, 0, 1;
    %pushi/vec4 0, 0, 3;
    %store/vec4 v0x610400f84920_0, 0, 3;
    %pushi/vec4 7, 0, 3;
    %store/vec4 v0x610400f844f0_0, 0, 3;
    %pushi/str "ADD";
    %store/str v0x610400f84b80_0;
    %fork TD_tb_control_unit.check_control, S_0x610400f02cf0;
    %join;
    %free S_0x610400f02cf0;
    %pushi/vec4 51, 0, 7;
    %store/vec4 v0x610400f86660_0, 0, 7;
    %pushi/vec4 0, 0, 3;
    %store/vec4 v0x610400f86020_0, 0, 3;
    %pushi/vec4 32, 0, 7;
    %store/vec4 v0x610400f86120_0, 0, 7;
    %alloc S_0x610400f02cf0;
    %pushi/vec4 2, 0, 4;
    %store/vec4 v0x610400f047b0_0, 0, 4;
    %pushi/vec4 0, 0, 1;
    %store/vec4 v0x610400f04ba0_0, 0, 1;
    %pushi/vec4 1, 0, 1;
    %store/vec4 v0x610400f84ac0_0, 0, 1;
    %pushi/vec4 0, 0, 1;
    %store/vec4 v0x610400f84a00_0, 0, 1;
    %pushi/vec4 0, 0, 1;
    %store/vec4 v0x610400f84780_0, 0, 1;
    %pushi/vec4 32, 0, 6;
    %store/vec4 v0x610400f84840_0, 0, 6;
    %pushi/vec4 0, 0, 1;
    %store/vec4 v0x610400f84670_0, 0, 1;
    %pushi/vec4 0, 0, 1;
    %store/vec4 v0x610400f845b0_0, 0, 1;
    %pushi/vec4 0, 0, 3;
    %store/vec4 v0x610400f84920_0, 0, 3;
    %pushi/vec4 7, 0, 3;
    %store/vec4 v0x610400f844f0_0, 0, 3;
    %pushi/str "SUB";
    %store/str v0x610400f84b80_0;
    %fork TD_tb_control_unit.check_control, S_0x610400f02cf0;
    %join;
    %free S_0x610400f02cf0;
    %pushi/vec4 3, 0, 7;
    %store/vec4 v0x610400f86660_0, 0, 7;
    %pushi/vec4 2, 0, 3;
    %store/vec4 v0x610400f86020_0, 0, 3;
    %pushi/vec4 0, 0, 7;
    %store/vec4 v0x610400f86120_0, 0, 7;
    %alloc S_0x610400f02cf0;
    %pushi/vec4 0, 0, 4;
    %store/vec4 v0x610400f047b0_0, 0, 4;
    %pushi/vec4 1, 0, 1;
    %store/vec4 v0x610400f04ba0_0, 0, 1;
    %pushi/vec4 1, 0, 1;
    %store/vec4 v0x610400f84ac0_0, 0, 1;
    %pushi/vec4 0, 0, 1;
    %store/vec4 v0x610400f84a00_0, 0, 1;
    %pushi/vec4 1, 0, 1;
    %store/vec4 v0x610400f84780_0, 0, 1;
    %pushi/vec4 32, 0, 6;
    %store/vec4 v0x610400f84840_0, 0, 6;
    %pushi/vec4 0, 0, 1;
    %store/vec4 v0x610400f84670_0, 0, 1;
    %pushi/vec4 0, 0, 1;
    %store/vec4 v0x610400f845b0_0, 0, 1;
    %pushi/vec4 4, 0, 3;
    %store/vec4 v0x610400f84920_0, 0, 3;
    %pushi/vec4 0, 0, 3;
    %store/vec4 v0x610400f844f0_0, 0, 3;
    %pushi/str "LW";
    %store/str v0x610400f84b80_0;
    %fork TD_tb_control_unit.check_control, S_0x610400f02cf0;
    %join;
    %free S_0x610400f02cf0;
    %pushi/vec4 35, 0, 7;
    %store/vec4 v0x610400f86660_0, 0, 7;
    %pushi/vec4 2, 0, 3;
    %store/vec4 v0x610400f86020_0, 0, 3;
    %pushi/vec4 0, 0, 7;
    %store/vec4 v0x610400f86120_0, 0, 7;
    %alloc S_0x610400f02cf0;
    %pushi/vec4 0, 0, 4;
    %store/vec4 v0x610400f047b0_0, 0, 4;
    %pushi/vec4 1, 0, 1;
    %store/vec4 v0x610400f04ba0_0, 0, 1;
    %pushi/vec4 0, 0, 1;
    %store/vec4 v0x610400f84ac0_0, 0, 1;
    %pushi/vec4 1, 0, 1;
    %store/vec4 v0x610400f84a00_0, 0, 1;
    %pushi/vec4 1, 0, 1;
    %store/vec4 v0x610400f84780_0, 0, 1;
    %pushi/vec4 32, 0, 6;
    %store/vec4 v0x610400f84840_0, 0, 6;
    %pushi/vec4 0, 0, 1;
    %store/vec4 v0x610400f84670_0, 0, 1;
    %pushi/vec4 0, 0, 1;
    %store/vec4 v0x610400f845b0_0, 0, 1;
    %pushi/vec4 0, 0, 3;
    %store/vec4 v0x610400f84920_0, 0, 3;
    %pushi/vec4 1, 0, 3;
    %store/vec4 v0x610400f844f0_0, 0, 3;
    %pushi/str "SW";
    %store/str v0x610400f84b80_0;
    %fork TD_tb_control_unit.check_control, S_0x610400f02cf0;
    %join;
    %free S_0x610400f02cf0;
    %pushi/vec4 99, 0, 7;
    %store/vec4 v0x610400f86660_0, 0, 7;
    %pushi/vec4 0, 0, 3;
    %store/vec4 v0x610400f86020_0, 0, 3;
    %pushi/vec4 0, 0, 7;
    %store/vec4 v0x610400f86120_0, 0, 7;
    %alloc S_0x610400f02cf0;
    %pushi/vec4 0, 0, 4;
    %store/vec4 v0x610400f047b0_0, 0, 4;
    %pushi/vec4 0, 0, 1;
    %store/vec4 v0x610400f04ba0_0, 0, 1;
    %pushi/vec4 0, 0, 1;
    %store/vec4 v0x610400f84ac0_0, 0, 1;
    %pushi/vec4 0, 0, 1;
    %store/vec4 v0x610400f84a00_0, 0, 1;
    %pushi/vec4 0, 0, 1;
    %store/vec4 v0x610400f84780_0, 0, 1;
    %pushi/vec4 32, 0, 6;
    %store/vec4 v0x610400f84840_0, 0, 6;
    %pushi/vec4 0, 0, 1;
    %store/vec4 v0x610400f84670_0, 0, 1;
    %pushi/vec4 1, 0, 1;
    %store/vec4 v0x610400f845b0_0, 0, 1;
    %pushi/vec4 0, 0, 3;
    %store/vec4 v0x610400f84920_0, 0, 3;
    %pushi/vec4 2, 0, 3;
    %store/vec4 v0x610400f844f0_0, 0, 3;
    %pushi/str "BEQ";
    %store/str v0x610400f84b80_0;
    %fork TD_tb_control_unit.check_control, S_0x610400f02cf0;
    %join;
    %free S_0x610400f02cf0;
    %pushi/vec4 111, 0, 7;
    %store/vec4 v0x610400f86660_0, 0, 7;
    %pushi/vec4 0, 0, 3;
    %store/vec4 v0x610400f86020_0, 0, 3;
    %pushi/vec4 0, 0, 7;
    %store/vec4 v0x610400f86120_0, 0, 7;
    %alloc S_0x610400f02cf0;
    %pushi/vec4 0, 0, 4;
    %store/vec4 v0x610400f047b0_0, 0, 4;
    %pushi/vec4 0, 0, 1;
    %store/vec4 v0x610400f04ba0_0, 0, 1;
    %pushi/vec4 1, 0, 1;
    %store/vec4 v0x610400f84ac0_0, 0, 1;
    %pushi/vec4 0, 0, 1;
    %store/vec4 v0x610400f84a00_0, 0, 1;
    %pushi/vec4 0, 0, 1;
    %store/vec4 v0x610400f84780_0, 0, 1;
    %pushi/vec4 32, 0, 6;
    %store/vec4 v0x610400f84840_0, 0, 6;
    %pushi/vec4 1, 0, 1;
    %store/vec4 v0x610400f84670_0, 0, 1;
    %pushi/vec4 0, 0, 1;
    %store/vec4 v0x610400f845b0_0, 0, 1;
    %pushi/vec4 2, 0, 3;
    %store/vec4 v0x610400f84920_0, 0, 3;
    %pushi/vec4 4, 0, 3;
    %store/vec4 v0x610400f844f0_0, 0, 3;
    %pushi/str "JAL";
    %store/str v0x610400f84b80_0;
    %fork TD_tb_control_unit.check_control, S_0x610400f02cf0;
    %join;
    %free S_0x610400f02cf0;
    %pushi/vec4 55, 0, 7;
    %store/vec4 v0x610400f86660_0, 0, 7;
    %pushi/vec4 0, 0, 3;
    %store/vec4 v0x610400f86020_0, 0, 3;
    %pushi/vec4 0, 0, 7;
    %store/vec4 v0x610400f86120_0, 0, 7;
    %alloc S_0x610400f02cf0;
    %pushi/vec4 0, 0, 4;
    %store/vec4 v0x610400f047b0_0, 0, 4;
    %pushi/vec4 0, 0, 1;
    %store/vec4 v0x610400f04ba0_0, 0, 1;
    %pushi/vec4 1, 0, 1;
    %store/vec4 v0x610400f84ac0_0, 0, 1;
    %pushi/vec4 0, 0, 1;
    %store/vec4 v0x610400f84a00_0, 0, 1;
    %pushi/vec4 0, 0, 1;
    %store/vec4 v0x610400f84780_0, 0, 1;
    %pushi/vec4 32, 0, 6;
    %store/vec4 v0x610400f84840_0, 0, 6;
    %pushi/vec4 0, 0, 1;
    %store/vec4 v0x610400f84670_0, 0, 1;
    %pushi/vec4 0, 0, 1;
    %store/vec4 v0x610400f845b0_0, 0, 1;
    %pushi/vec4 3, 0, 3;
    %store/vec4 v0x610400f84920_0, 0, 3;
    %pushi/vec4 3, 0, 3;
    %store/vec4 v0x610400f844f0_0, 0, 3;
    %pushi/str "LUI";
    %store/str v0x610400f84b80_0;
    %fork TD_tb_control_unit.check_control, S_0x610400f02cf0;
    %join;
    %free S_0x610400f02cf0;
    %pushi/vec4 23, 0, 7;
    %store/vec4 v0x610400f86660_0, 0, 7;
    %pushi/vec4 0, 0, 3;
    %store/vec4 v0x610400f86020_0, 0, 3;
    %pushi/vec4 0, 0, 7;
    %store/vec4 v0x610400f86120_0, 0, 7;
    %alloc S_0x610400f02cf0;
    %pushi/vec4 0, 0, 4;
    %store/vec4 v0x610400f047b0_0, 0, 4;
    %pushi/vec4 0, 0, 1;
    %store/vec4 v0x610400f04ba0_0, 0, 1;
    %pushi/vec4 1, 0, 1;
    %store/vec4 v0x610400f84ac0_0, 0, 1;
    %pushi/vec4 0, 0, 1;
    %store/vec4 v0x610400f84a00_0, 0, 1;
    %pushi/vec4 0, 0, 1;
    %store/vec4 v0x610400f84780_0, 0, 1;
    %pushi/vec4 32, 0, 6;
    %store/vec4 v0x610400f84840_0, 0, 6;
    %pushi/vec4 0, 0, 1;
    %store/vec4 v0x610400f84670_0, 0, 1;
    %pushi/vec4 0, 0, 1;
    %store/vec4 v0x610400f845b0_0, 0, 1;
    %pushi/vec4 1, 0, 3;
    %store/vec4 v0x610400f84920_0, 0, 3;
    %pushi/vec4 3, 0, 3;
    %store/vec4 v0x610400f844f0_0, 0, 3;
    %pushi/str "AUIPC";
    %store/str v0x610400f84b80_0;
    %fork TD_tb_control_unit.check_control, S_0x610400f02cf0;
    %join;
    %free S_0x610400f02cf0;
    %pushi/vec4 19, 0, 7;
    %store/vec4 v0x610400f86660_0, 0, 7;
    %pushi/vec4 7, 0, 3;
    %store/vec4 v0x610400f86020_0, 0, 3;
    %pushi/vec4 0, 0, 7;
    %store/vec4 v0x610400f86120_0, 0, 7;
    %alloc S_0x610400f02cf0;
    %pushi/vec4 3, 0, 4;
    %store/vec4 v0x610400f047b0_0, 0, 4;
    %pushi/vec4 1, 0, 1;
    %store/vec4 v0x610400f04ba0_0, 0, 1;
    %pushi/vec4 1, 0, 1;
    %store/vec4 v0x610400f84ac0_0, 0, 1;
    %pushi/vec4 0, 0, 1;
    %store/vec4 v0x610400f84a00_0, 0, 1;
    %pushi/vec4 0, 0, 1;
    %store/vec4 v0x610400f84780_0, 0, 1;
    %pushi/vec4 32, 0, 6;
    %store/vec4 v0x610400f84840_0, 0, 6;
    %pushi/vec4 0, 0, 1;
    %store/vec4 v0x610400f84670_0, 0, 1;
    %pushi/vec4 0, 0, 1;
    %store/vec4 v0x610400f845b0_0, 0, 1;
    %pushi/vec4 0, 0, 3;
    %store/vec4 v0x610400f84920_0, 0, 3;
    %pushi/vec4 0, 0, 3;
    %store/vec4 v0x610400f844f0_0, 0, 3;
    %pushi/str "ANDI";
    %store/str v0x610400f84b80_0;
    %fork TD_tb_control_unit.check_control, S_0x610400f02cf0;
    %join;
    %free S_0x610400f02cf0;
    %vpi_call/w 3 404 "$display", "\000" {0 0 0};
    %vpi_call/w 3 405 "$display", "ALL CONTROL UNIT TESTS PASSED" {0 0 0};
    %vpi_call/w 3 406 "$display", "\000" {0 0 0};
    %vpi_call/w 3 408 "$finish" {0 0 0};
    %end;
    .thread T_2;
# The file index is used to find the file name in the following table.
:file_names 5;
    "N/A";
    "<interactive>";
    "-";
    "tb_control_unit.sv";
    "../../sources/control_unit.sv";
