#! /usr/bin/vvp
:ivl_version "11.0 (stable)";
:ivl_delay_selection "TYPICAL";
:vpi_time_precision - 12;
:vpi_module "/usr/lib/x86_64-linux-gnu/ivl/system.vpi";
:vpi_module "/usr/lib/x86_64-linux-gnu/ivl/vhdl_sys.vpi";
:vpi_module "/usr/lib/x86_64-linux-gnu/ivl/vhdl_textio.vpi";
:vpi_module "/usr/lib/x86_64-linux-gnu/ivl/v2005_math.vpi";
:vpi_module "/usr/lib/x86_64-linux-gnu/ivl/va_math.vpi";
:vpi_module "/usr/lib/x86_64-linux-gnu/ivl/v2009.vpi";
S_0x6210d3960390 .scope package, "$unit" "$unit" 2 1;
 .timescale 0 0;
S_0x6210d3960520 .scope module, "tb_stage_mem" "tb_stage_mem" 3 3;
 .timescale -9 -12;
P_0x6210d3944c10 .param/l "ADDR_WIDTH" 0 3 6, +C4<00000000000000000000000000000101>;
P_0x6210d3944c50 .param/l "DATA_WIDTH" 0 3 5, +C4<00000000000000000000000000100000>;
v0x6210d398d6f0_0 .net "dmem_addr", 31 0, L_0x6210d398eaf0;  1 drivers
v0x6210d398d7d0_0 .net "dmem_mem_access", 0 0, L_0x6210d398e810;  1 drivers
v0x6210d398d8a0_0 .net "dmem_mem_width", 5 0, L_0x6210d398e9e0;  1 drivers
v0x6210d398d9a0_0 .var "dmem_read_data", 31 0;
v0x6210d398da70_0 .net "dmem_write_data", 31 0, L_0x6210d398ec00;  1 drivers
v0x6210d398db10_0 .net "dmem_write_enable", 0 0, L_0x6210d398e8d0;  1 drivers
v0x6210d398dbe0_0 .var "ex_mem_B", 31 0;
v0x6210d398dcb0_0 .var "ex_mem_alu_result", 31 0;
v0x6210d398dd80_0 .var "ex_mem_mem_access", 0 0;
v0x6210d398de50_0 .var "ex_mem_mem_width", 5 0;
v0x6210d398df20_0 .var "ex_mem_rd", 4 0;
v0x6210d398dff0_0 .var "ex_mem_rd_data_src", 2 0;
v0x6210d398e0c0_0 .var "ex_mem_valid", 0 0;
v0x6210d398e190_0 .var "ex_mem_write_mem", 0 0;
v0x6210d398e260_0 .var "ex_mem_write_rd", 0 0;
v0x6210d398e330_0 .net "mem_wb_alu_result", 31 0, v0x6210d398cf50_0;  1 drivers
v0x6210d398e400_0 .net "mem_wb_mem_data", 31 0, v0x6210d398d030_0;  1 drivers
v0x6210d398e4d0_0 .net "mem_wb_rd", 4 0, v0x6210d398d110_0;  1 drivers
v0x6210d398e5a0_0 .net "mem_wb_rd_data_src", 2 0, v0x6210d398d1f0_0;  1 drivers
v0x6210d398e670_0 .net "mem_wb_valid", 0 0, v0x6210d398d2d0_0;  1 drivers
v0x6210d398e740_0 .net "mem_wb_write_rd", 0 0, v0x6210d398d390_0;  1 drivers
S_0x6210d391ecf0 .scope autotask, "check_outputs" "check_outputs" 3 102, 3 102 0, S_0x6210d3960520;
 .timescale -9 -12;
v0x6210d391eed0_0 .var "expected_alu", 31 0;
v0x6210d398b6c0_0 .var "expected_mem", 31 0;
v0x6210d398b7a0_0 .var "expected_rd", 4 0;
v0x6210d398b860_0 .var "expected_valid", 0 0;
v0x6210d398b920_0 .var "expected_write_rd", 0 0;
v0x6210d398ba30_0 .var/str "test_name";
TD_tb_stage_mem.check_outputs ;
    %delay 1000, 0;
    %load/vec4 v0x6210d398e330_0;
    %load/vec4 v0x6210d391eed0_0;
    %cmp/ne;
    %flag_mov 8, 6;
    %load/vec4 v0x6210d398e400_0;
    %load/vec4 v0x6210d398b6c0_0;
    %cmp/ne;
    %flag_or 6, 8;
    %flag_mov 8, 6;
    %load/vec4 v0x6210d398e4d0_0;
    %load/vec4 v0x6210d398b7a0_0;
    %cmp/ne;
    %flag_or 6, 8;
    %flag_mov 8, 6;
    %load/vec4 v0x6210d398e740_0;
    %load/vec4 v0x6210d398b920_0;
    %cmp/ne;
    %flag_or 6, 8;
    %flag_mov 8, 6;
    %load/vec4 v0x6210d398e670_0;
    %load/vec4 v0x6210d398b860_0;
    %cmp/ne;
    %flag_or 6, 8;
    %jmp/0xz  T_0.0, 6;
    %vpi_call/w 3 126 "$display", "[FAIL] %s", v0x6210d398ba30_0 {0 0 0};
    %vpi_call/w 3 128 "$display", "Expected ALU   : %h", v0x6210d391eed0_0 {0 0 0};
    %vpi_call/w 3 129 "$display", "Actual   ALU   : %h", v0x6210d398e330_0 {0 0 0};
    %vpi_call/w 3 131 "$display", "Expected MEM   : %h", v0x6210d398b6c0_0 {0 0 0};
    %vpi_call/w 3 132 "$display", "Actual   MEM   : %h", v0x6210d398e400_0 {0 0 0};
    %vpi_call/w 3 134 "$display", "Expected RD    : %0d", v0x6210d398b7a0_0 {0 0 0};
    %vpi_call/w 3 135 "$display", "Actual   RD    : %0d", v0x6210d398e4d0_0 {0 0 0};
    %vpi_call/w 3 137 "$finish" {0 0 0};
    %jmp T_0.1;
T_0.0 ;
    %vpi_call/w 3 141 "$display", "[PASS] %s", v0x6210d398ba30_0 {0 0 0};
T_0.1 ;
    %end;
S_0x6210d398baf0 .scope module, "dut" "stage_mem" 3 60, 4 1 0, S_0x6210d3960520;
 .timescale 0 0;
    .port_info 0 /INPUT 32 "ex_mem_alu_result";
    .port_info 1 /INPUT 32 "ex_mem_B";
    .port_info 2 /INPUT 5 "ex_mem_rd";
    .port_info 3 /INPUT 1 "ex_mem_write_rd";
    .port_info 4 /INPUT 1 "ex_mem_write_mem";
    .port_info 5 /INPUT 1 "ex_mem_mem_access";
    .port_info 6 /INPUT 6 "ex_mem_mem_width";
    .port_info 7 /INPUT 3 "ex_mem_rd_data_src";
    .port_info 8 /INPUT 1 "ex_mem_valid";
    .port_info 9 /OUTPUT 1 "dmem_mem_access";
    .port_info 10 /OUTPUT 1 "dmem_write_enable";
    .port_info 11 /OUTPUT 6 "dmem_mem_width";
    .port_info 12 /OUTPUT 32 "dmem_addr";
    .port_info 13 /OUTPUT 32 "dmem_write_data";
    .port_info 14 /INPUT 32 "dmem_read_data";
    .port_info 15 /OUTPUT 32 "mem_wb_alu_result";
    .port_info 16 /OUTPUT 32 "mem_wb_mem_data";
    .port_info 17 /OUTPUT 5 "mem_wb_rd";
    .port_info 18 /OUTPUT 1 "mem_wb_write_rd";
    .port_info 19 /OUTPUT 3 "mem_wb_rd_data_src";
    .port_info 20 /OUTPUT 1 "mem_wb_valid";
P_0x6210d3960700 .param/l "ADDR_WIDTH" 0 4 3, +C4<00000000000000000000000000000101>;
P_0x6210d3960740 .param/l "DATA_WIDTH" 0 4 2, +C4<00000000000000000000000000100000>;
L_0x6210d398e810 .functor BUFZ 1, v0x6210d398dd80_0, C4<0>, C4<0>, C4<0>;
L_0x6210d398e8d0 .functor BUFZ 1, v0x6210d398e190_0, C4<0>, C4<0>, C4<0>;
L_0x6210d398e9e0 .functor BUFZ 6, v0x6210d398de50_0, C4<000000>, C4<000000>, C4<000000>;
L_0x6210d398eaf0 .functor BUFZ 32, v0x6210d398dcb0_0, C4<00000000000000000000000000000000>, C4<00000000000000000000000000000000>, C4<00000000000000000000000000000000>;
L_0x6210d398ec00 .functor BUFZ 32, v0x6210d398dbe0_0, C4<00000000000000000000000000000000>, C4<00000000000000000000000000000000>, C4<00000000000000000000000000000000>;
v0x6210d398c270_0 .net "dmem_addr", 31 0, L_0x6210d398eaf0;  alias, 1 drivers
v0x6210d398c370_0 .net "dmem_mem_access", 0 0, L_0x6210d398e810;  alias, 1 drivers
v0x6210d398c430_0 .net "dmem_mem_width", 5 0, L_0x6210d398e9e0;  alias, 1 drivers
v0x6210d398c520_0 .net "dmem_read_data", 31 0, v0x6210d398d9a0_0;  1 drivers
v0x6210d398c600_0 .net "dmem_write_data", 31 0, L_0x6210d398ec00;  alias, 1 drivers
v0x6210d398c730_0 .net "dmem_write_enable", 0 0, L_0x6210d398e8d0;  alias, 1 drivers
v0x6210d398c7f0_0 .net "ex_mem_B", 31 0, v0x6210d398dbe0_0;  1 drivers
v0x6210d398c8d0_0 .net "ex_mem_alu_result", 31 0, v0x6210d398dcb0_0;  1 drivers
v0x6210d398c9b0_0 .net "ex_mem_mem_access", 0 0, v0x6210d398dd80_0;  1 drivers
v0x6210d398ca70_0 .net "ex_mem_mem_width", 5 0, v0x6210d398de50_0;  1 drivers
v0x6210d398cb50_0 .net "ex_mem_rd", 4 0, v0x6210d398df20_0;  1 drivers
v0x6210d398cc30_0 .net "ex_mem_rd_data_src", 2 0, v0x6210d398dff0_0;  1 drivers
v0x6210d398cd10_0 .net "ex_mem_valid", 0 0, v0x6210d398e0c0_0;  1 drivers
v0x6210d398cdd0_0 .net "ex_mem_write_mem", 0 0, v0x6210d398e190_0;  1 drivers
v0x6210d398ce90_0 .net "ex_mem_write_rd", 0 0, v0x6210d398e260_0;  1 drivers
v0x6210d398cf50_0 .var "mem_wb_alu_result", 31 0;
v0x6210d398d030_0 .var "mem_wb_mem_data", 31 0;
v0x6210d398d110_0 .var "mem_wb_rd", 4 0;
v0x6210d398d1f0_0 .var "mem_wb_rd_data_src", 2 0;
v0x6210d398d2d0_0 .var "mem_wb_valid", 0 0;
v0x6210d398d390_0 .var "mem_wb_write_rd", 0 0;
E_0x6210d395bfe0/0 .event edge, v0x6210d398cd10_0, v0x6210d398c8d0_0, v0x6210d398c9b0_0, v0x6210d398cdd0_0;
E_0x6210d395bfe0/1 .event edge, v0x6210d398c520_0, v0x6210d398cb50_0, v0x6210d398ce90_0, v0x6210d398cc30_0;
E_0x6210d395bfe0 .event/or E_0x6210d395bfe0/0, E_0x6210d395bfe0/1;
S_0x6210d398c070 .scope begin, "mem_wb_comb" "mem_wb_comb" 4 55, 4 55 0, S_0x6210d398baf0;
 .timescale 0 0;
    .scope S_0x6210d398baf0;
T_1 ;
Ewait_0 .event/or E_0x6210d395bfe0, E_0x0;
    %wait Ewait_0;
    %fork t_1, S_0x6210d398c070;
    %jmp t_0;
    .scope S_0x6210d398c070;
t_1 ;
    %pushi/vec4 0, 0, 32;
    %store/vec4 v0x6210d398cf50_0, 0, 32;
    %pushi/vec4 0, 0, 32;
    %store/vec4 v0x6210d398d030_0, 0, 32;
    %pushi/vec4 0, 0, 5;
    %store/vec4 v0x6210d398d110_0, 0, 5;
    %pushi/vec4 0, 0, 1;
    %store/vec4 v0x6210d398d390_0, 0, 1;
    %pushi/vec4 0, 0, 3;
    %store/vec4 v0x6210d398d1f0_0, 0, 3;
    %pushi/vec4 0, 0, 1;
    %store/vec4 v0x6210d398d2d0_0, 0, 1;
    %load/vec4 v0x6210d398cd10_0;
    %nor/r;
    %flag_set/vec4 8;
    %jmp/0xz  T_1.0, 8;
    %pushi/vec4 0, 0, 1;
    %store/vec4 v0x6210d398d2d0_0, 0, 1;
    %jmp T_1.1;
T_1.0 ;
    %load/vec4 v0x6210d398c8d0_0;
    %store/vec4 v0x6210d398cf50_0, 0, 32;
    %load/vec4 v0x6210d398c9b0_0;
    %load/vec4 v0x6210d398cdd0_0;
    %nor/r;
    %and;
    %flag_set/vec4 8;
    %jmp/0xz  T_1.2, 8;
    %load/vec4 v0x6210d398c520_0;
    %store/vec4 v0x6210d398d030_0, 0, 32;
T_1.2 ;
    %load/vec4 v0x6210d398cb50_0;
    %store/vec4 v0x6210d398d110_0, 0, 5;
    %load/vec4 v0x6210d398ce90_0;
    %store/vec4 v0x6210d398d390_0, 0, 1;
    %load/vec4 v0x6210d398cc30_0;
    %store/vec4 v0x6210d398d1f0_0, 0, 3;
    %pushi/vec4 1, 0, 1;
    %store/vec4 v0x6210d398d2d0_0, 0, 1;
T_1.1 ;
    %end;
    .scope S_0x6210d398baf0;
t_0 %join;
    %jmp T_1;
    .thread T_1, $push;
    .scope S_0x6210d3960520;
T_2 ;
    %pushi/vec4 0, 0, 32;
    %store/vec4 v0x6210d398dcb0_0, 0, 32;
    %pushi/vec4 0, 0, 32;
    %store/vec4 v0x6210d398dbe0_0, 0, 32;
    %pushi/vec4 0, 0, 5;
    %store/vec4 v0x6210d398df20_0, 0, 5;
    %pushi/vec4 0, 0, 1;
    %store/vec4 v0x6210d398e260_0, 0, 1;
    %pushi/vec4 0, 0, 1;
    %store/vec4 v0x6210d398e190_0, 0, 1;
    %pushi/vec4 0, 0, 1;
    %store/vec4 v0x6210d398dd80_0, 0, 1;
    %pushi/vec4 32, 0, 6;
    %store/vec4 v0x6210d398de50_0, 0, 6;
    %pushi/vec4 0, 0, 3;
    %store/vec4 v0x6210d398dff0_0, 0, 3;
    %pushi/vec4 0, 0, 1;
    %store/vec4 v0x6210d398e0c0_0, 0, 1;
    %pushi/vec4 0, 0, 32;
    %store/vec4 v0x6210d398d9a0_0, 0, 32;
    %delay 1000, 0;
    %alloc S_0x6210d391ecf0;
    %pushi/vec4 0, 0, 32;
    %store/vec4 v0x6210d391eed0_0, 0, 32;
    %pushi/vec4 0, 0, 32;
    %store/vec4 v0x6210d398b6c0_0, 0, 32;
    %pushi/vec4 0, 0, 5;
    %store/vec4 v0x6210d398b7a0_0, 0, 5;
    %pushi/vec4 0, 0, 1;
    %store/vec4 v0x6210d398b920_0, 0, 1;
    %pushi/vec4 0, 0, 1;
    %store/vec4 v0x6210d398b860_0, 0, 1;
    %pushi/str "INVALID BUBBLE";
    %store/str v0x6210d398ba30_0;
    %fork TD_tb_stage_mem.check_outputs, S_0x6210d391ecf0;
    %join;
    %free S_0x6210d391ecf0;
    %pushi/vec4 1, 0, 1;
    %store/vec4 v0x6210d398e0c0_0, 0, 1;
    %pushi/vec4 305419896, 0, 32;
    %store/vec4 v0x6210d398dcb0_0, 0, 32;
    %pushi/vec4 3, 0, 5;
    %store/vec4 v0x6210d398df20_0, 0, 5;
    %pushi/vec4 1, 0, 1;
    %store/vec4 v0x6210d398e260_0, 0, 1;
    %pushi/vec4 0, 0, 1;
    %store/vec4 v0x6210d398dd80_0, 0, 1;
    %delay 1000, 0;
    %alloc S_0x6210d391ecf0;
    %pushi/vec4 305419896, 0, 32;
    %store/vec4 v0x6210d391eed0_0, 0, 32;
    %pushi/vec4 0, 0, 32;
    %store/vec4 v0x6210d398b6c0_0, 0, 32;
    %pushi/vec4 3, 0, 5;
    %store/vec4 v0x6210d398b7a0_0, 0, 5;
    %pushi/vec4 1, 0, 1;
    %store/vec4 v0x6210d398b920_0, 0, 1;
    %pushi/vec4 1, 0, 1;
    %store/vec4 v0x6210d398b860_0, 0, 1;
    %pushi/str "ALU ONLY";
    %store/str v0x6210d398ba30_0;
    %fork TD_tb_stage_mem.check_outputs, S_0x6210d391ecf0;
    %join;
    %free S_0x6210d391ecf0;
    %pushi/vec4 1, 0, 1;
    %store/vec4 v0x6210d398dd80_0, 0, 1;
    %pushi/vec4 0, 0, 1;
    %store/vec4 v0x6210d398e190_0, 0, 1;
    %pushi/vec4 3735928559, 0, 32;
    %store/vec4 v0x6210d398d9a0_0, 0, 32;
    %pushi/vec4 8, 0, 5;
    %store/vec4 v0x6210d398df20_0, 0, 5;
    %delay 1000, 0;
    %alloc S_0x6210d391ecf0;
    %pushi/vec4 305419896, 0, 32;
    %store/vec4 v0x6210d391eed0_0, 0, 32;
    %pushi/vec4 3735928559, 0, 32;
    %store/vec4 v0x6210d398b6c0_0, 0, 32;
    %pushi/vec4 8, 0, 5;
    %store/vec4 v0x6210d398b7a0_0, 0, 5;
    %pushi/vec4 1, 0, 1;
    %store/vec4 v0x6210d398b920_0, 0, 1;
    %pushi/vec4 1, 0, 1;
    %store/vec4 v0x6210d398b860_0, 0, 1;
    %pushi/str "LOAD";
    %store/str v0x6210d398ba30_0;
    %fork TD_tb_stage_mem.check_outputs, S_0x6210d391ecf0;
    %join;
    %free S_0x6210d391ecf0;
    %pushi/vec4 0, 0, 1;
    %store/vec4 v0x6210d398e260_0, 0, 1;
    %pushi/vec4 1, 0, 1;
    %store/vec4 v0x6210d398e190_0, 0, 1;
    %pushi/vec4 3405691582, 0, 32;
    %store/vec4 v0x6210d398dbe0_0, 0, 32;
    %delay 1000, 0;
    %load/vec4 v0x6210d398d7d0_0;
    %cmpi/ne 1, 0, 1;
    %flag_mov 8, 6;
    %load/vec4 v0x6210d398db10_0;
    %cmpi/ne 1, 0, 1;
    %flag_or 6, 8;
    %flag_mov 8, 6;
    %load/vec4 v0x6210d398d6f0_0;
    %cmpi/ne 305419896, 0, 32;
    %flag_or 6, 8;
    %flag_mov 8, 6;
    %load/vec4 v0x6210d398da70_0;
    %cmpi/ne 3405691582, 0, 32;
    %flag_or 6, 8;
    %jmp/0xz  T_2.0, 6;
    %vpi_call/w 3 263 "$display", "[FAIL] STORE INTERFACE" {0 0 0};
    %vpi_call/w 3 265 "$finish" {0 0 0};
    %jmp T_2.1;
T_2.0 ;
    %vpi_call/w 3 269 "$display", "[PASS] STORE INTERFACE" {0 0 0};
T_2.1 ;
    %vpi_call/w 3 277 "$display", "\000" {0 0 0};
    %vpi_call/w 3 278 "$display", "ALL STAGE_MEM TESTS PASSED" {0 0 0};
    %vpi_call/w 3 279 "$display", "\000" {0 0 0};
    %vpi_call/w 3 281 "$finish" {0 0 0};
    %end;
    .thread T_2;
# The file index is used to find the file name in the following table.
:file_names 5;
    "N/A";
    "<interactive>";
    "-";
    "tb_stage_mem.sv";
    "../../sources/stage_mem.sv";
