#! /usr/bin/vvp
:ivl_version "11.0 (stable)";
:ivl_delay_selection "TYPICAL";
:vpi_time_precision - 12;
:vpi_module "/usr/lib/x86_64-linux-gnu/ivl/system.vpi";
:vpi_module "/usr/lib/x86_64-linux-gnu/ivl/vhdl_sys.vpi";
:vpi_module "/usr/lib/x86_64-linux-gnu/ivl/vhdl_textio.vpi";
:vpi_module "/usr/lib/x86_64-linux-gnu/ivl/v2005_math.vpi";
:vpi_module "/usr/lib/x86_64-linux-gnu/ivl/va_math.vpi";
:vpi_module "/usr/lib/x86_64-linux-gnu/ivl/v2009.vpi";
S_0x6219b41b12e0 .scope package, "$unit" "$unit" 2 1;
 .timescale 0 0;
S_0x6219b41b1470 .scope module, "tb_stage_mem" "tb_stage_mem" 3 3;
 .timescale -9 -12;
P_0x6219b4162620 .param/l "ADDR_WIDTH" 0 3 6, +C4<00000000000000000000000000000101>;
P_0x6219b4162660 .param/l "DATA_WIDTH" 0 3 5, +C4<00000000000000000000000000100000>;
P_0x6219b41626a0 .param/l "MEM_DEPTH" 0 3 7, +C4<00000000000000000001000000000000>;
v0x6219b4201790_0 .var "clk", 0 0;
v0x6219b4201850_0 .net "dmem_addr", 31 0, L_0x6219b41d6ab0;  1 drivers
v0x6219b4201960_0 .net "dmem_mem_ready", 0 0, L_0x6219b4203150;  1 drivers
v0x6219b4201a50_0 .net "dmem_mem_valid", 0 0, L_0x6219b41df490;  1 drivers
v0x6219b4201b40_0 .net "dmem_mem_width", 5 0, L_0x6219b41d6890;  1 drivers
v0x6219b4201c80_0 .net "dmem_read_data", 31 0, v0x6219b41ff100_0;  1 drivers
v0x6219b4201d90_0 .net "dmem_read_valid", 0 0, v0x6219b41ff1e0_0;  1 drivers
v0x6219b4201e80_0 .net "dmem_write_data", 31 0, L_0x6219b41983f0;  1 drivers
v0x6219b4201f90_0 .net "dmem_write_enable", 0 0, L_0x6219b41d5aa0;  1 drivers
v0x6219b4202030_0 .var "ex_mem_B", 31 0;
v0x6219b42020f0_0 .var "ex_mem_alu_result", 31 0;
v0x6219b4202190_0 .var "ex_mem_mem_access", 0 0;
v0x6219b4202230_0 .var "ex_mem_mem_width", 5 0;
v0x6219b42022d0_0 .var "ex_mem_rd", 4 0;
v0x6219b4202370_0 .var "ex_mem_rd_data_src", 2 0;
v0x6219b4202410_0 .var "ex_mem_valid", 0 0;
v0x6219b42024b0_0 .var "ex_mem_write_mem", 0 0;
v0x6219b4202660_0 .var "ex_mem_write_rd", 0 0;
v0x6219b4202700_0 .net "mem_wb_alu_result", 31 0, v0x6219b4200de0_0;  1 drivers
v0x6219b42027d0_0 .net "mem_wb_mem_data", 31 0, v0x6219b4200ec0_0;  1 drivers
v0x6219b42028a0_0 .net "mem_wb_rd", 4 0, v0x6219b4200fa0_0;  1 drivers
v0x6219b4202970_0 .net "mem_wb_rd_data_src", 2 0, v0x6219b4201080_0;  1 drivers
v0x6219b4202a40_0 .net "mem_wb_valid", 0 0, v0x6219b4201160_0;  1 drivers
v0x6219b4202b10_0 .net "mem_wb_write_rd", 0 0, v0x6219b4201220_0;  1 drivers
v0x6219b4202be0_0 .var "rst", 0 0;
v0x6219b4202cd0_0 .net "stall_mem", 0 0, v0x6219b42013b0_0;  1 drivers
S_0x6219b4160cf0 .scope task, "apply_and_advance" "apply_and_advance" 3 107, 3 107 0, S_0x6219b41b1470;
 .timescale -9 -12;
E_0x6219b41c1e90 .event posedge, v0x6219b41fec40_0;
TD_tb_stage_mem.apply_and_advance ;
    %wait E_0x6219b41c1e90;
    %delay 1000, 0;
    %end;
S_0x6219b4160ed0 .scope autotask, "check_outputs" "check_outputs" 3 113, 3 113 0, S_0x6219b41b1470;
 .timescale -9 -12;
v0x6219b41bfb10_0 .var "exp_alu", 31 0;
v0x6219b41d5c40_0 .var "exp_mem", 31 0;
v0x6219b41d69f0_0 .var "exp_rd", 4 0;
v0x6219b41d6bd0_0 .var "exp_valid", 0 0;
v0x6219b4198550_0 .var "exp_write_rd", 0 0;
v0x6219b41d51d0_0 .var/str "test_name";
TD_tb_stage_mem.check_outputs ;
    %delay 1000, 0;
    %load/vec4 v0x6219b4202700_0;
    %load/vec4 v0x6219b41bfb10_0;
    %cmp/ne;
    %flag_mov 8, 6;
    %load/vec4 v0x6219b42027d0_0;
    %load/vec4 v0x6219b41d5c40_0;
    %cmp/ne;
    %flag_or 6, 8;
    %flag_mov 8, 6;
    %load/vec4 v0x6219b42028a0_0;
    %load/vec4 v0x6219b41d69f0_0;
    %cmp/ne;
    %flag_or 6, 8;
    %flag_mov 8, 6;
    %load/vec4 v0x6219b4202b10_0;
    %load/vec4 v0x6219b4198550_0;
    %cmp/ne;
    %flag_or 6, 8;
    %flag_mov 8, 6;
    %load/vec4 v0x6219b4202a40_0;
    %load/vec4 v0x6219b41d6bd0_0;
    %cmp/ne;
    %flag_or 6, 8;
    %jmp/0xz  T_1.0, 6;
    %vpi_call/w 3 129 "$display", "[FAIL] %s", v0x6219b41d51d0_0 {0 0 0};
    %vpi_call/w 3 130 "$display", "Expected ALU   : %h, Actual: %h", v0x6219b41bfb10_0, v0x6219b4202700_0 {0 0 0};
    %vpi_call/w 3 131 "$display", "Expected MEM   : %h, Actual: %h", v0x6219b41d5c40_0, v0x6219b42027d0_0 {0 0 0};
    %vpi_call/w 3 132 "$display", "Expected RD    : %0d, Actual: %0d", v0x6219b41d69f0_0, v0x6219b42028a0_0 {0 0 0};
    %vpi_call/w 3 133 "$display", "Expected WR_RD : %b, Actual: %b", v0x6219b4198550_0, v0x6219b4202b10_0 {0 0 0};
    %vpi_call/w 3 134 "$display", "Expected VALID : %b, Actual: %b", v0x6219b41d6bd0_0, v0x6219b4202a40_0 {0 0 0};
    %vpi_call/w 3 135 "$finish" {0 0 0};
    %jmp T_1.1;
T_1.0 ;
    %vpi_call/w 3 137 "$display", "[PASS] %s", v0x6219b41d51d0_0 {0 0 0};
T_1.1 ;
    %end;
S_0x6219b41fddc0 .scope module, "dmem_inst" "dmem" 3 80, 4 1 0, S_0x6219b41b1470;
 .timescale -9 -12;
    .port_info 0 /INPUT 1 "clk";
    .port_info 1 /INPUT 1 "rst";
    .port_info 2 /INPUT 1 "mem_valid";
    .port_info 3 /OUTPUT 1 "mem_ready";
    .port_info 4 /INPUT 1 "write_enable";
    .port_info 5 /INPUT 6 "mem_width";
    .port_info 6 /INPUT 32 "addr";
    .port_info 7 /INPUT 32 "write_data";
    .port_info 8 /OUTPUT 32 "read_data";
    .port_info 9 /OUTPUT 1 "read_valid";
P_0x6219b41fdfa0 .param/l "ADDR_WIDTH" 0 4 3, +C4<00000000000000000000000000100000>;
P_0x6219b41fdfe0 .param/l "DATA_WIDTH" 0 4 2, +C4<00000000000000000000000000100000>;
P_0x6219b41fe020 .param/l "MEM_BYTE" 1 4 24, C4<001000>;
P_0x6219b41fe060 .param/l "MEM_DEPTH" 0 4 4, +C4<00000000000000000001000000000000>;
P_0x6219b41fe0a0 .param/l "MEM_HALF" 1 4 25, C4<010000>;
P_0x6219b41fe0e0 .param/l "MEM_WORD" 1 4 26, C4<100000>;
L_0x6219b41df500 .functor AND 1, L_0x6219b42030b0, v0x6219b41fe990_0, C4<1>, C4<1>;
L_0x6219b4203150 .functor AND 1, L_0x6219b41df500, v0x6219b41fea50_0, C4<1>, C4<1>;
v0x6219b41fe700_0 .net *"_ivl_3", 0 0, L_0x6219b42030b0;  1 drivers
v0x6219b41fe7e0_0 .net *"_ivl_5", 0 0, L_0x6219b41df500;  1 drivers
v0x6219b41fe8a0_0 .net "addr", 31 0, L_0x6219b41d6ab0;  alias, 1 drivers
v0x6219b41fe990_0 .var "addr_aligned", 0 0;
v0x6219b41fea50_0 .var "addr_valid", 0 0;
v0x6219b41feb60_0 .net "byte_addr", 11 0, L_0x6219b4203010;  1 drivers
v0x6219b41fec40_0 .net "clk", 0 0, v0x6219b4201790_0;  1 drivers
v0x6219b41fed00_0 .var/i "i", 31 0;
v0x6219b41fede0 .array "mem", 4095 0, 7 0;
v0x6219b41feea0_0 .net "mem_ready", 0 0, L_0x6219b4203150;  alias, 1 drivers
v0x6219b41fef60_0 .net "mem_valid", 0 0, L_0x6219b41df490;  alias, 1 drivers
v0x6219b41ff020_0 .net "mem_width", 5 0, L_0x6219b41d6890;  alias, 1 drivers
v0x6219b41ff100_0 .var "read_data", 31 0;
v0x6219b41ff1e0_0 .var "read_valid", 0 0;
v0x6219b41ff2a0_0 .net "rst", 0 0, v0x6219b4202be0_0;  1 drivers
v0x6219b41ff360_0 .net "write_data", 31 0, L_0x6219b41983f0;  alias, 1 drivers
v0x6219b41ff440_0 .net "write_enable", 0 0, L_0x6219b41d5aa0;  alias, 1 drivers
E_0x6219b41c21e0 .event edge, v0x6219b41ff020_0, v0x6219b41feb60_0, v0x6219b41feb60_0, v0x6219b41feb60_0;
L_0x6219b4203010 .part L_0x6219b41d6ab0, 0, 12;
L_0x6219b42030b0 .reduce/nor v0x6219b4202be0_0;
S_0x6219b41fe500 .scope begin, "mem_ff" "mem_ff" 4 74, 4 74 0, S_0x6219b41fddc0;
 .timescale -9 -12;
S_0x6219b41ff6a0 .scope module, "dut" "stage_mem" 3 46, 5 4 0, S_0x6219b41b1470;
 .timescale -9 -12;
    .port_info 0 /INPUT 1 "clk";
    .port_info 1 /INPUT 1 "rst";
    .port_info 2 /INPUT 32 "ex_mem_alu_result";
    .port_info 3 /INPUT 32 "ex_mem_B";
    .port_info 4 /INPUT 5 "ex_mem_rd";
    .port_info 5 /INPUT 1 "ex_mem_write_rd";
    .port_info 6 /INPUT 1 "ex_mem_write_mem";
    .port_info 7 /INPUT 1 "ex_mem_mem_access";
    .port_info 8 /INPUT 6 "ex_mem_mem_width";
    .port_info 9 /INPUT 3 "ex_mem_rd_data_src";
    .port_info 10 /INPUT 1 "ex_mem_valid";
    .port_info 11 /INPUT 1 "dmem_mem_ready";
    .port_info 12 /OUTPUT 1 "dmem_mem_valid";
    .port_info 13 /OUTPUT 1 "dmem_write_enable";
    .port_info 14 /OUTPUT 6 "dmem_mem_width";
    .port_info 15 /OUTPUT 32 "dmem_addr";
    .port_info 16 /OUTPUT 32 "dmem_write_data";
    .port_info 17 /INPUT 32 "dmem_read_data";
    .port_info 18 /INPUT 1 "dmem_read_valid";
    .port_info 19 /OUTPUT 1 "stall_mem";
    .port_info 20 /OUTPUT 32 "mem_wb_alu_result";
    .port_info 21 /OUTPUT 32 "mem_wb_mem_data";
    .port_info 22 /OUTPUT 5 "mem_wb_rd";
    .port_info 23 /OUTPUT 1 "mem_wb_write_rd";
    .port_info 24 /OUTPUT 3 "mem_wb_rd_data_src";
    .port_info 25 /OUTPUT 1 "mem_wb_valid";
P_0x6219b41d5530 .param/l "ADDR_WIDTH" 0 5 6, +C4<00000000000000000000000000000101>;
P_0x6219b41d5570 .param/l "DATA_WIDTH" 0 5 5, +C4<00000000000000000000000000100000>;
L_0x6219b41d5aa0 .functor BUFZ 1, v0x6219b42024b0_0, C4<0>, C4<0>, C4<0>;
L_0x6219b41d6890 .functor BUFZ 6, v0x6219b4202230_0, C4<000000>, C4<000000>, C4<000000>;
L_0x6219b41d6ab0 .functor BUFZ 32, v0x6219b42020f0_0, C4<00000000000000000000000000000000>, C4<00000000000000000000000000000000>, C4<00000000000000000000000000000000>;
L_0x6219b41983f0 .functor BUFZ 32, v0x6219b4202030_0, C4<00000000000000000000000000000000>, C4<00000000000000000000000000000000>, C4<00000000000000000000000000000000>;
L_0x6219b41d3c20 .functor AND 1, v0x6219b4202410_0, v0x6219b4202190_0, C4<1>, C4<1>;
L_0x6219b41df490 .functor AND 1, L_0x6219b41d3c20, L_0x6219b4203150, C4<1>, C4<1>;
v0x6219b41ffc10_0 .net *"_ivl_9", 0 0, L_0x6219b41d3c20;  1 drivers
v0x6219b41ffcf0_0 .net "clk", 0 0, v0x6219b4201790_0;  alias, 1 drivers
v0x6219b41ffde0_0 .net "dmem_addr", 31 0, L_0x6219b41d6ab0;  alias, 1 drivers
v0x6219b41ffee0_0 .net "dmem_mem_ready", 0 0, L_0x6219b4203150;  alias, 1 drivers
v0x6219b41fffb0_0 .net "dmem_mem_valid", 0 0, L_0x6219b41df490;  alias, 1 drivers
v0x6219b42000a0_0 .net "dmem_mem_width", 5 0, L_0x6219b41d6890;  alias, 1 drivers
v0x6219b4200170_0 .net "dmem_read_data", 31 0, v0x6219b41ff100_0;  alias, 1 drivers
v0x6219b4200240_0 .net "dmem_read_valid", 0 0, v0x6219b41ff1e0_0;  alias, 1 drivers
v0x6219b4200310_0 .net "dmem_write_data", 31 0, L_0x6219b41983f0;  alias, 1 drivers
v0x6219b42003e0_0 .net "dmem_write_enable", 0 0, L_0x6219b41d5aa0;  alias, 1 drivers
v0x6219b42004b0_0 .net "ex_mem_B", 31 0, v0x6219b4202030_0;  1 drivers
v0x6219b4200550_0 .net "ex_mem_alu_result", 31 0, v0x6219b42020f0_0;  1 drivers
v0x6219b42005f0_0 .net "ex_mem_mem_access", 0 0, v0x6219b4202190_0;  1 drivers
v0x6219b4200690_0 .net "ex_mem_mem_width", 5 0, v0x6219b4202230_0;  1 drivers
v0x6219b4200730_0 .net "ex_mem_rd", 4 0, v0x6219b42022d0_0;  1 drivers
v0x6219b4200810_0 .net "ex_mem_rd_data_src", 2 0, v0x6219b4202370_0;  1 drivers
v0x6219b42008f0_0 .net "ex_mem_valid", 0 0, v0x6219b4202410_0;  1 drivers
v0x6219b4200ac0_0 .net "ex_mem_write_mem", 0 0, v0x6219b42024b0_0;  1 drivers
v0x6219b4200b80_0 .net "ex_mem_write_rd", 0 0, v0x6219b4202660_0;  1 drivers
v0x6219b4200c40_0 .var "load_data_reg", 31 0;
v0x6219b4200d20_0 .var "load_valid_reg", 0 0;
v0x6219b4200de0_0 .var "mem_wb_alu_result", 31 0;
v0x6219b4200ec0_0 .var "mem_wb_mem_data", 31 0;
v0x6219b4200fa0_0 .var "mem_wb_rd", 4 0;
v0x6219b4201080_0 .var "mem_wb_rd_data_src", 2 0;
v0x6219b4201160_0 .var "mem_wb_valid", 0 0;
v0x6219b4201220_0 .var "mem_wb_write_rd", 0 0;
v0x6219b42012e0_0 .net "rst", 0 0, v0x6219b4202be0_0;  alias, 1 drivers
v0x6219b42013b0_0 .var "stall_mem", 0 0;
    .scope S_0x6219b41ff6a0;
T_2 ;
    %wait E_0x6219b41c1e90;
    %load/vec4 v0x6219b42012e0_0;
    %flag_set/vec4 8;
    %jmp/0xz  T_2.0, 8;
    %pushi/vec4 0, 0, 32;
    %assign/vec4 v0x6219b4200de0_0, 0;
    %pushi/vec4 0, 0, 32;
    %assign/vec4 v0x6219b4200ec0_0, 0;
    %pushi/vec4 0, 0, 5;
    %assign/vec4 v0x6219b4200fa0_0, 0;
    %pushi/vec4 0, 0, 1;
    %assign/vec4 v0x6219b4201220_0, 0;
    %pushi/vec4 0, 0, 3;
    %assign/vec4 v0x6219b4201080_0, 0;
    %pushi/vec4 0, 0, 1;
    %assign/vec4 v0x6219b4201160_0, 0;
    %pushi/vec4 0, 0, 32;
    %assign/vec4 v0x6219b4200c40_0, 0;
    %pushi/vec4 0, 0, 1;
    %assign/vec4 v0x6219b4200d20_0, 0;
    %pushi/vec4 0, 0, 1;
    %assign/vec4 v0x6219b42013b0_0, 0;
    %jmp T_2.1;
T_2.0 ;
    %pushi/vec4 0, 0, 1;
    %assign/vec4 v0x6219b4201160_0, 0;
    %pushi/vec4 0, 0, 1;
    %assign/vec4 v0x6219b42013b0_0, 0;
    %load/vec4 v0x6219b42008f0_0;
    %flag_set/vec4 8;
    %jmp/0xz  T_2.2, 8;
    %load/vec4 v0x6219b4200550_0;
    %assign/vec4 v0x6219b4200de0_0, 0;
    %load/vec4 v0x6219b4200730_0;
    %assign/vec4 v0x6219b4200fa0_0, 0;
    %load/vec4 v0x6219b4200b80_0;
    %assign/vec4 v0x6219b4201220_0, 0;
    %load/vec4 v0x6219b4200810_0;
    %assign/vec4 v0x6219b4201080_0, 0;
    %load/vec4 v0x6219b42005f0_0;
    %flag_set/vec4 8;
    %jmp/0xz  T_2.4, 8;
    %load/vec4 v0x6219b41ffee0_0;
    %nor/r;
    %flag_set/vec4 8;
    %jmp/0xz  T_2.6, 8;
    %pushi/vec4 1, 0, 1;
    %assign/vec4 v0x6219b42013b0_0, 0;
    %jmp T_2.7;
T_2.6 ;
    %load/vec4 v0x6219b4200ac0_0;
    %flag_set/vec4 8;
    %jmp/0xz  T_2.8, 8;
    %pushi/vec4 1, 0, 1;
    %assign/vec4 v0x6219b4201160_0, 0;
    %jmp T_2.9;
T_2.8 ;
    %load/vec4 v0x6219b4200240_0;
    %flag_set/vec4 8;
    %jmp/0xz  T_2.10, 8;
    %load/vec4 v0x6219b4200170_0;
    %assign/vec4 v0x6219b4200ec0_0, 0;
    %pushi/vec4 1, 0, 1;
    %assign/vec4 v0x6219b4201160_0, 0;
    %pushi/vec4 0, 0, 1;
    %assign/vec4 v0x6219b4200d20_0, 0;
    %jmp T_2.11;
T_2.10 ;
    %load/vec4 v0x6219b4200170_0;
    %assign/vec4 v0x6219b4200c40_0, 0;
    %pushi/vec4 1, 0, 1;
    %assign/vec4 v0x6219b4200d20_0, 0;
    %pushi/vec4 1, 0, 1;
    %assign/vec4 v0x6219b42013b0_0, 0;
T_2.11 ;
T_2.9 ;
T_2.7 ;
    %jmp T_2.5;
T_2.4 ;
    %pushi/vec4 1, 0, 1;
    %assign/vec4 v0x6219b4201160_0, 0;
T_2.5 ;
    %jmp T_2.3;
T_2.2 ;
    %load/vec4 v0x6219b4200d20_0;
    %flag_set/vec4 8;
    %jmp/0xz  T_2.12, 8;
    %load/vec4 v0x6219b4200c40_0;
    %assign/vec4 v0x6219b4200ec0_0, 0;
    %pushi/vec4 1, 0, 1;
    %assign/vec4 v0x6219b4201160_0, 0;
    %pushi/vec4 0, 0, 1;
    %assign/vec4 v0x6219b4200d20_0, 0;
T_2.12 ;
T_2.3 ;
T_2.1 ;
    %jmp T_2;
    .thread T_2;
    .scope S_0x6219b41fddc0;
T_3 ;
Ewait_0 .event/or E_0x6219b41c21e0, E_0x0;
    %wait Ewait_0;
    %load/vec4 v0x6219b41ff020_0;
    %dup/vec4;
    %pushi/vec4 8, 0, 6;
    %cmp/u;
    %jmp/1 T_3.0, 6;
    %dup/vec4;
    %pushi/vec4 16, 0, 6;
    %cmp/u;
    %jmp/1 T_3.1, 6;
    %dup/vec4;
    %pushi/vec4 32, 0, 6;
    %cmp/u;
    %jmp/1 T_3.2, 6;
    %pushi/vec4 0, 0, 1;
    %store/vec4 v0x6219b41fe990_0, 0, 1;
    %jmp T_3.4;
T_3.0 ;
    %pushi/vec4 1, 0, 1;
    %store/vec4 v0x6219b41fe990_0, 0, 1;
    %jmp T_3.4;
T_3.1 ;
    %load/vec4 v0x6219b41feb60_0;
    %parti/s 1, 0, 2;
    %pushi/vec4 0, 0, 1;
    %cmp/e;
    %flag_get/vec4 4;
    %store/vec4 v0x6219b41fe990_0, 0, 1;
    %jmp T_3.4;
T_3.2 ;
    %load/vec4 v0x6219b41feb60_0;
    %parti/s 2, 0, 2;
    %pushi/vec4 0, 0, 2;
    %cmp/e;
    %flag_get/vec4 4;
    %store/vec4 v0x6219b41fe990_0, 0, 1;
    %jmp T_3.4;
T_3.4 ;
    %pop/vec4 1;
    %load/vec4 v0x6219b41ff020_0;
    %dup/vec4;
    %pushi/vec4 8, 0, 6;
    %cmp/u;
    %jmp/1 T_3.5, 6;
    %dup/vec4;
    %pushi/vec4 16, 0, 6;
    %cmp/u;
    %jmp/1 T_3.6, 6;
    %dup/vec4;
    %pushi/vec4 32, 0, 6;
    %cmp/u;
    %jmp/1 T_3.7, 6;
    %pushi/vec4 0, 0, 1;
    %store/vec4 v0x6219b41fea50_0, 0, 1;
    %jmp T_3.9;
T_3.5 ;
    %load/vec4 v0x6219b41feb60_0;
    %pad/u 32;
    %cmpi/u 4096, 0, 32;
    %flag_get/vec4 5;
    %store/vec4 v0x6219b41fea50_0, 0, 1;
    %jmp T_3.9;
T_3.6 ;
    %load/vec4 v0x6219b41feb60_0;
    %pad/u 32;
    %addi 1, 0, 32;
    %cmpi/u 4096, 0, 32;
    %flag_get/vec4 5;
    %store/vec4 v0x6219b41fea50_0, 0, 1;
    %jmp T_3.9;
T_3.7 ;
    %load/vec4 v0x6219b41feb60_0;
    %pad/u 32;
    %addi 3, 0, 32;
    %cmpi/u 4096, 0, 32;
    %flag_get/vec4 5;
    %store/vec4 v0x6219b41fea50_0, 0, 1;
    %jmp T_3.9;
T_3.9 ;
    %pop/vec4 1;
    %jmp T_3;
    .thread T_3, $push;
    .scope S_0x6219b41fddc0;
T_4 ;
    %wait E_0x6219b41c1e90;
    %fork t_1, S_0x6219b41fe500;
    %jmp t_0;
    .scope S_0x6219b41fe500;
t_1 ;
    %load/vec4 v0x6219b41ff2a0_0;
    %flag_set/vec4 8;
    %jmp/0xz  T_4.0, 8;
    %pushi/vec4 0, 0, 32;
    %store/vec4 v0x6219b41fed00_0, 0, 32;
T_4.2 ;
    %load/vec4 v0x6219b41fed00_0;
    %cmpi/s 4096, 0, 32;
    %jmp/0xz T_4.3, 5;
    %pushi/vec4 0, 0, 8;
    %ix/getv/s 3, v0x6219b41fed00_0;
    %ix/load 4, 0, 0; Constant delay
    %assign/vec4/a/d v0x6219b41fede0, 0, 4;
    %load/vec4 v0x6219b41fed00_0;
    %addi 1, 0, 32;
    %store/vec4 v0x6219b41fed00_0, 0, 32;
    %jmp T_4.2;
T_4.3 ;
    %pushi/vec4 0, 0, 1;
    %assign/vec4 v0x6219b41ff1e0_0, 0;
    %pushi/vec4 0, 0, 32;
    %assign/vec4 v0x6219b41ff100_0, 0;
    %jmp T_4.1;
T_4.0 ;
    %load/vec4 v0x6219b41fef60_0;
    %load/vec4 v0x6219b41feea0_0;
    %and;
    %flag_set/vec4 8;
    %jmp/0xz  T_4.4, 8;
    %load/vec4 v0x6219b41ff440_0;
    %flag_set/vec4 8;
    %jmp/0xz  T_4.6, 8;
    %load/vec4 v0x6219b41ff020_0;
    %dup/vec4;
    %pushi/vec4 8, 0, 6;
    %cmp/u;
    %jmp/1 T_4.8, 6;
    %dup/vec4;
    %pushi/vec4 16, 0, 6;
    %cmp/u;
    %jmp/1 T_4.9, 6;
    %dup/vec4;
    %pushi/vec4 32, 0, 6;
    %cmp/u;
    %jmp/1 T_4.10, 6;
    %jmp T_4.11;
T_4.8 ;
    %load/vec4 v0x6219b41ff360_0;
    %parti/s 8, 0, 2;
    %load/vec4 v0x6219b41feb60_0;
    %pad/u 14;
    %ix/vec4 3;
    %ix/load 4, 0, 0; Constant delay
    %assign/vec4/a/d v0x6219b41fede0, 0, 4;
    %jmp T_4.11;
T_4.9 ;
    %load/vec4 v0x6219b41ff360_0;
    %parti/s 8, 0, 2;
    %load/vec4 v0x6219b41feb60_0;
    %pad/u 14;
    %ix/vec4 3;
    %ix/load 4, 0, 0; Constant delay
    %assign/vec4/a/d v0x6219b41fede0, 0, 4;
    %load/vec4 v0x6219b41ff360_0;
    %parti/s 8, 8, 5;
    %load/vec4 v0x6219b41feb60_0;
    %pad/u 33;
    %addi 1, 0, 33;
    %ix/vec4 3;
    %ix/load 4, 0, 0; Constant delay
    %assign/vec4/a/d v0x6219b41fede0, 0, 4;
    %jmp T_4.11;
T_4.10 ;
    %load/vec4 v0x6219b41ff360_0;
    %parti/s 8, 0, 2;
    %load/vec4 v0x6219b41feb60_0;
    %pad/u 14;
    %ix/vec4 3;
    %ix/load 4, 0, 0; Constant delay
    %assign/vec4/a/d v0x6219b41fede0, 0, 4;
    %load/vec4 v0x6219b41ff360_0;
    %parti/s 8, 8, 5;
    %load/vec4 v0x6219b41feb60_0;
    %pad/u 33;
    %addi 1, 0, 33;
    %ix/vec4 3;
    %ix/load 4, 0, 0; Constant delay
    %assign/vec4/a/d v0x6219b41fede0, 0, 4;
    %load/vec4 v0x6219b41ff360_0;
    %parti/s 8, 16, 6;
    %load/vec4 v0x6219b41feb60_0;
    %pad/u 33;
    %addi 2, 0, 33;
    %ix/vec4 3;
    %ix/load 4, 0, 0; Constant delay
    %assign/vec4/a/d v0x6219b41fede0, 0, 4;
    %load/vec4 v0x6219b41ff360_0;
    %parti/s 8, 24, 6;
    %load/vec4 v0x6219b41feb60_0;
    %pad/u 33;
    %addi 3, 0, 33;
    %ix/vec4 3;
    %ix/load 4, 0, 0; Constant delay
    %assign/vec4/a/d v0x6219b41fede0, 0, 4;
    %jmp T_4.11;
T_4.11 ;
    %pop/vec4 1;
    %pushi/vec4 0, 0, 1;
    %assign/vec4 v0x6219b41ff1e0_0, 0;
    %jmp T_4.7;
T_4.6 ;
    %load/vec4 v0x6219b41ff020_0;
    %dup/vec4;
    %pushi/vec4 8, 0, 6;
    %cmp/u;
    %jmp/1 T_4.12, 6;
    %dup/vec4;
    %pushi/vec4 16, 0, 6;
    %cmp/u;
    %jmp/1 T_4.13, 6;
    %dup/vec4;
    %pushi/vec4 32, 0, 6;
    %cmp/u;
    %jmp/1 T_4.14, 6;
    %pushi/vec4 0, 0, 32;
    %assign/vec4 v0x6219b41ff100_0, 0;
    %jmp T_4.16;
T_4.12 ;
    %pushi/vec4 0, 0, 24;
    %load/vec4 v0x6219b41feb60_0;
    %pad/u 14;
    %ix/vec4 4;
    %load/vec4a v0x6219b41fede0, 4;
    %concat/vec4; draw_concat_vec4
    %assign/vec4 v0x6219b41ff100_0, 0;
    %jmp T_4.16;
T_4.13 ;
    %pushi/vec4 0, 0, 16;
    %load/vec4 v0x6219b41feb60_0;
    %pad/u 33;
    %addi 1, 0, 33;
    %ix/vec4 4;
    %load/vec4a v0x6219b41fede0, 4;
    %concat/vec4; draw_concat_vec4
    %load/vec4 v0x6219b41feb60_0;
    %pad/u 14;
    %ix/vec4 4;
    %load/vec4a v0x6219b41fede0, 4;
    %concat/vec4; draw_concat_vec4
    %assign/vec4 v0x6219b41ff100_0, 0;
    %jmp T_4.16;
T_4.14 ;
    %load/vec4 v0x6219b41feb60_0;
    %pad/u 33;
    %addi 3, 0, 33;
    %ix/vec4 4;
    %load/vec4a v0x6219b41fede0, 4;
    %load/vec4 v0x6219b41feb60_0;
    %pad/u 33;
    %addi 2, 0, 33;
    %ix/vec4 4;
    %load/vec4a v0x6219b41fede0, 4;
    %concat/vec4; draw_concat_vec4
    %load/vec4 v0x6219b41feb60_0;
    %pad/u 33;
    %addi 1, 0, 33;
    %ix/vec4 4;
    %load/vec4a v0x6219b41fede0, 4;
    %concat/vec4; draw_concat_vec4
    %load/vec4 v0x6219b41feb60_0;
    %pad/u 14;
    %ix/vec4 4;
    %load/vec4a v0x6219b41fede0, 4;
    %concat/vec4; draw_concat_vec4
    %assign/vec4 v0x6219b41ff100_0, 0;
    %jmp T_4.16;
T_4.16 ;
    %pop/vec4 1;
    %pushi/vec4 1, 0, 1;
    %assign/vec4 v0x6219b41ff1e0_0, 0;
T_4.7 ;
    %jmp T_4.5;
T_4.4 ;
    %pushi/vec4 0, 0, 1;
    %assign/vec4 v0x6219b41ff1e0_0, 0;
T_4.5 ;
T_4.1 ;
    %end;
    .scope S_0x6219b41fddc0;
t_0 %join;
    %jmp T_4;
    .thread T_4;
    .scope S_0x6219b41b1470;
T_5 ;
    %pushi/vec4 0, 0, 1;
    %store/vec4 v0x6219b4201790_0, 0, 1;
T_5.0 ;
    %delay 5000, 0;
    %load/vec4 v0x6219b4201790_0;
    %inv;
    %store/vec4 v0x6219b4201790_0, 0, 1;
    %jmp T_5.0;
    %end;
    .thread T_5;
    .scope S_0x6219b41b1470;
T_6 ;
    %pushi/vec4 1, 0, 1;
    %store/vec4 v0x6219b4202be0_0, 0, 1;
    %pushi/vec4 2, 0, 32;
T_6.0 %dup/vec4;
    %pushi/vec4 0, 0, 32;
    %cmp/s;
    %jmp/1xz T_6.1, 5;
    %jmp/1 T_6.1, 4;
    %pushi/vec4 1, 0, 32;
    %sub;
    %wait E_0x6219b41c1e90;
    %jmp T_6.0;
T_6.1 ;
    %pop/vec4 1;
    %pushi/vec4 0, 0, 1;
    %store/vec4 v0x6219b4202be0_0, 0, 1;
    %end;
    .thread T_6;
    .scope S_0x6219b41b1470;
T_7 ;
    %pushi/vec4 0, 0, 32;
    %store/vec4 v0x6219b42020f0_0, 0, 32;
    %pushi/vec4 0, 0, 32;
    %store/vec4 v0x6219b4202030_0, 0, 32;
    %pushi/vec4 0, 0, 5;
    %store/vec4 v0x6219b42022d0_0, 0, 5;
    %pushi/vec4 0, 0, 1;
    %store/vec4 v0x6219b4202660_0, 0, 1;
    %pushi/vec4 0, 0, 1;
    %store/vec4 v0x6219b42024b0_0, 0, 1;
    %pushi/vec4 0, 0, 1;
    %store/vec4 v0x6219b4202190_0, 0, 1;
    %pushi/vec4 32, 0, 6;
    %store/vec4 v0x6219b4202230_0, 0, 6;
    %pushi/vec4 0, 0, 3;
    %store/vec4 v0x6219b4202370_0, 0, 3;
    %pushi/vec4 0, 0, 1;
    %store/vec4 v0x6219b4202410_0, 0, 1;
    %wait E_0x6219b41c1e90;
    %wait E_0x6219b41c1e90;
    %delay 1000, 0;
    %alloc S_0x6219b4160ed0;
    %pushi/vec4 0, 0, 32;
    %store/vec4 v0x6219b41bfb10_0, 0, 32;
    %pushi/vec4 0, 0, 32;
    %store/vec4 v0x6219b41d5c40_0, 0, 32;
    %pushi/vec4 0, 0, 5;
    %store/vec4 v0x6219b41d69f0_0, 0, 5;
    %pushi/vec4 0, 0, 1;
    %store/vec4 v0x6219b4198550_0, 0, 1;
    %pushi/vec4 0, 0, 1;
    %store/vec4 v0x6219b41d6bd0_0, 0, 1;
    %pushi/str "INVALID BUBBLE";
    %store/str v0x6219b41d51d0_0;
    %fork TD_tb_stage_mem.check_outputs, S_0x6219b4160ed0;
    %join;
    %free S_0x6219b4160ed0;
    %pushi/vec4 1, 0, 1;
    %store/vec4 v0x6219b4202410_0, 0, 1;
    %pushi/vec4 305419896, 0, 32;
    %store/vec4 v0x6219b42020f0_0, 0, 32;
    %pushi/vec4 3, 0, 5;
    %store/vec4 v0x6219b42022d0_0, 0, 5;
    %pushi/vec4 1, 0, 1;
    %store/vec4 v0x6219b4202660_0, 0, 1;
    %pushi/vec4 0, 0, 1;
    %store/vec4 v0x6219b4202190_0, 0, 1;
    %fork TD_tb_stage_mem.apply_and_advance, S_0x6219b4160cf0;
    %join;
    %alloc S_0x6219b4160ed0;
    %pushi/vec4 305419896, 0, 32;
    %store/vec4 v0x6219b41bfb10_0, 0, 32;
    %pushi/vec4 0, 0, 32;
    %store/vec4 v0x6219b41d5c40_0, 0, 32;
    %pushi/vec4 3, 0, 5;
    %store/vec4 v0x6219b41d69f0_0, 0, 5;
    %pushi/vec4 1, 0, 1;
    %store/vec4 v0x6219b4198550_0, 0, 1;
    %pushi/vec4 1, 0, 1;
    %store/vec4 v0x6219b41d6bd0_0, 0, 1;
    %pushi/str "ALU ONLY";
    %store/str v0x6219b41d51d0_0;
    %fork TD_tb_stage_mem.check_outputs, S_0x6219b4160ed0;
    %join;
    %free S_0x6219b4160ed0;
    %pushi/vec4 1, 0, 1;
    %store/vec4 v0x6219b4202190_0, 0, 1;
    %pushi/vec4 0, 0, 1;
    %store/vec4 v0x6219b42024b0_0, 0, 1;
    %pushi/vec4 8, 0, 5;
    %store/vec4 v0x6219b42022d0_0, 0, 5;
    %pushi/vec4 32, 0, 6;
    %store/vec4 v0x6219b4202230_0, 0, 6;
    %pushi/vec4 4096, 0, 32;
    %store/vec4 v0x6219b42020f0_0, 0, 32;
    %fork TD_tb_stage_mem.apply_and_advance, S_0x6219b4160cf0;
    %join;
    %fork TD_tb_stage_mem.apply_and_advance, S_0x6219b4160cf0;
    %join;
    %alloc S_0x6219b4160ed0;
    %pushi/vec4 4096, 0, 32;
    %store/vec4 v0x6219b41bfb10_0, 0, 32;
    %pushi/vec4 0, 0, 32;
    %store/vec4 v0x6219b41d5c40_0, 0, 32;
    %pushi/vec4 8, 0, 5;
    %store/vec4 v0x6219b41d69f0_0, 0, 5;
    %pushi/vec4 1, 0, 1;
    %store/vec4 v0x6219b4198550_0, 0, 1;
    %pushi/vec4 1, 0, 1;
    %store/vec4 v0x6219b41d6bd0_0, 0, 1;
    %pushi/str "LOAD (no preload)";
    %store/str v0x6219b41d51d0_0;
    %fork TD_tb_stage_mem.check_outputs, S_0x6219b4160ed0;
    %join;
    %free S_0x6219b4160ed0;
    %pushi/vec4 0, 0, 1;
    %store/vec4 v0x6219b4202660_0, 0, 1;
    %pushi/vec4 1, 0, 1;
    %store/vec4 v0x6219b42024b0_0, 0, 1;
    %pushi/vec4 3405691582, 0, 32;
    %store/vec4 v0x6219b4202030_0, 0, 32;
    %pushi/vec4 1, 0, 1;
    %store/vec4 v0x6219b4202190_0, 0, 1;
    %pushi/vec4 4096, 0, 32;
    %store/vec4 v0x6219b42020f0_0, 0, 32;
    %fork TD_tb_stage_mem.apply_and_advance, S_0x6219b4160cf0;
    %join;
    %load/vec4 v0x6219b4201a50_0;
    %cmpi/ne 1, 0, 1;
    %flag_mov 8, 6;
    %load/vec4 v0x6219b4201f90_0;
    %cmpi/ne 1, 0, 1;
    %flag_or 6, 8;
    %flag_mov 8, 6;
    %load/vec4 v0x6219b4201850_0;
    %cmpi/ne 4096, 0, 32;
    %flag_or 6, 8;
    %flag_mov 8, 6;
    %load/vec4 v0x6219b4201e80_0;
    %cmpi/ne 3405691582, 0, 32;
    %flag_or 6, 8;
    %jmp/0xz  T_7.0, 6;
    %vpi_call/w 3 205 "$display", "[FAIL] STORE INTERFACE" {0 0 0};
    %vpi_call/w 3 206 "$finish" {0 0 0};
    %jmp T_7.1;
T_7.0 ;
    %vpi_call/w 3 208 "$display", "[PASS] STORE INTERFACE" {0 0 0};
T_7.1 ;
    %fork TD_tb_stage_mem.apply_and_advance, S_0x6219b4160cf0;
    %join;
    %pushi/vec4 0, 0, 1;
    %store/vec4 v0x6219b42024b0_0, 0, 1;
    %pushi/vec4 1, 0, 1;
    %store/vec4 v0x6219b4202660_0, 0, 1;
    %pushi/vec4 8, 0, 5;
    %store/vec4 v0x6219b42022d0_0, 0, 5;
    %fork TD_tb_stage_mem.apply_and_advance, S_0x6219b4160cf0;
    %join;
    %fork TD_tb_stage_mem.apply_and_advance, S_0x6219b4160cf0;
    %join;
    %alloc S_0x6219b4160ed0;
    %pushi/vec4 4096, 0, 32;
    %store/vec4 v0x6219b41bfb10_0, 0, 32;
    %pushi/vec4 3405691582, 0, 32;
    %store/vec4 v0x6219b41d5c40_0, 0, 32;
    %pushi/vec4 8, 0, 5;
    %store/vec4 v0x6219b41d69f0_0, 0, 5;
    %pushi/vec4 1, 0, 1;
    %store/vec4 v0x6219b4198550_0, 0, 1;
    %pushi/vec4 1, 0, 1;
    %store/vec4 v0x6219b41d6bd0_0, 0, 1;
    %pushi/str "LOAD AFTER STORE";
    %store/str v0x6219b41d51d0_0;
    %fork TD_tb_stage_mem.check_outputs, S_0x6219b4160ed0;
    %join;
    %free S_0x6219b4160ed0;
    %pushi/vec4 4097, 0, 32;
    %store/vec4 v0x6219b42020f0_0, 0, 32;
    %pushi/vec4 32, 0, 6;
    %store/vec4 v0x6219b4202230_0, 0, 6;
    %pushi/vec4 0, 0, 1;
    %store/vec4 v0x6219b42024b0_0, 0, 1;
    %fork TD_tb_stage_mem.apply_and_advance, S_0x6219b4160cf0;
    %join;
    %load/vec4 v0x6219b4201a50_0;
    %cmpi/ne 0, 0, 1;
    %flag_mov 8, 6;
    %load/vec4 v0x6219b4202cd0_0;
    %cmpi/ne 1, 0, 1;
    %flag_or 6, 8;
    %jmp/0xz  T_7.2, 6;
    %vpi_call/w 3 230 "$display", "[FAIL] MISALIGNED: mem_valid=%b, stall=%b", v0x6219b4201a50_0, v0x6219b4202cd0_0 {0 0 0};
    %vpi_call/w 3 231 "$finish" {0 0 0};
    %jmp T_7.3;
T_7.2 ;
    %vpi_call/w 3 233 "$display", "[PASS] MISALIGNED (stall asserted)" {0 0 0};
T_7.3 ;
    %pushi/vec4 4294967295, 0, 32;
    %store/vec4 v0x6219b42020f0_0, 0, 32;
    %fork TD_tb_stage_mem.apply_and_advance, S_0x6219b4160cf0;
    %join;
    %load/vec4 v0x6219b4201a50_0;
    %cmpi/ne 0, 0, 1;
    %flag_mov 8, 6;
    %load/vec4 v0x6219b4202cd0_0;
    %cmpi/ne 1, 0, 1;
    %flag_or 6, 8;
    %jmp/0xz  T_7.4, 6;
    %vpi_call/w 3 242 "$display", "[FAIL] OUT OF BOUNDS: mem_valid=%b, stall=%b", v0x6219b4201a50_0, v0x6219b4202cd0_0 {0 0 0};
    %vpi_call/w 3 243 "$finish" {0 0 0};
    %jmp T_7.5;
T_7.4 ;
    %vpi_call/w 3 245 "$display", "[PASS] OUT OF BOUNDS (stall asserted)" {0 0 0};
T_7.5 ;
    %pushi/vec4 4096, 0, 32;
    %store/vec4 v0x6219b42020f0_0, 0, 32;
    %pushi/vec4 32, 0, 6;
    %store/vec4 v0x6219b4202230_0, 0, 6;
    %pushi/vec4 0, 0, 1;
    %store/vec4 v0x6219b42024b0_0, 0, 1;
    %pushi/vec4 1, 0, 1;
    %store/vec4 v0x6219b4202660_0, 0, 1;
    %pushi/vec4 9, 0, 5;
    %store/vec4 v0x6219b42022d0_0, 0, 5;
    %fork TD_tb_stage_mem.apply_and_advance, S_0x6219b4160cf0;
    %join;
    %fork TD_tb_stage_mem.apply_and_advance, S_0x6219b4160cf0;
    %join;
    %alloc S_0x6219b4160ed0;
    %pushi/vec4 4096, 0, 32;
    %store/vec4 v0x6219b41bfb10_0, 0, 32;
    %pushi/vec4 3405691582, 0, 32;
    %store/vec4 v0x6219b41d5c40_0, 0, 32;
    %pushi/vec4 9, 0, 5;
    %store/vec4 v0x6219b41d69f0_0, 0, 5;
    %pushi/vec4 1, 0, 1;
    %store/vec4 v0x6219b4198550_0, 0, 1;
    %pushi/vec4 1, 0, 1;
    %store/vec4 v0x6219b41d6bd0_0, 0, 1;
    %pushi/str "LOAD A";
    %store/str v0x6219b41d51d0_0;
    %fork TD_tb_stage_mem.check_outputs, S_0x6219b4160ed0;
    %join;
    %free S_0x6219b4160ed0;
    %pushi/vec4 4100, 0, 32;
    %store/vec4 v0x6219b42020f0_0, 0, 32;
    %pushi/vec4 10, 0, 5;
    %store/vec4 v0x6219b42022d0_0, 0, 5;
    %fork TD_tb_stage_mem.apply_and_advance, S_0x6219b4160cf0;
    %join;
    %fork TD_tb_stage_mem.apply_and_advance, S_0x6219b4160cf0;
    %join;
    %load/vec4 v0x6219b4202a40_0;
    %cmpi/ne 1, 0, 1;
    %flag_mov 8, 6;
    %load/vec4 v0x6219b42028a0_0;
    %cmpi/ne 10, 0, 5;
    %flag_or 6, 8;
    %jmp/0xz  T_7.6, 6;
    %vpi_call/w 3 266 "$display", "[FAIL] BACK-TO-BACK LOADS: valid=%b, rd=%d", v0x6219b4202a40_0, v0x6219b42028a0_0 {0 0 0};
    %vpi_call/w 3 267 "$finish" {0 0 0};
    %jmp T_7.7;
T_7.6 ;
    %vpi_call/w 3 269 "$display", "[PASS] BACK-TO-BACK LOADS (pipeline continues)" {0 0 0};
T_7.7 ;
    %vpi_call/w 3 275 "$display", "\000" {0 0 0};
    %vpi_call/w 3 276 "$display", "ALL STAGE_MEM TESTS PASSED" {0 0 0};
    %vpi_call/w 3 277 "$display", "\000" {0 0 0};
    %vpi_call/w 3 278 "$finish" {0 0 0};
    %end;
    .thread T_7;
# The file index is used to find the file name in the following table.
:file_names 6;
    "N/A";
    "<interactive>";
    "-";
    "tb_stage_mem.sv";
    "../../sources/dmem.sv";
    "../../sources/stage_mem.sv";
