#! /usr/bin/vvp
:ivl_version "11.0 (stable)";
:ivl_delay_selection "TYPICAL";
:vpi_time_precision - 12;
:vpi_module "/usr/lib/x86_64-linux-gnu/ivl/system.vpi";
:vpi_module "/usr/lib/x86_64-linux-gnu/ivl/vhdl_sys.vpi";
:vpi_module "/usr/lib/x86_64-linux-gnu/ivl/vhdl_textio.vpi";
:vpi_module "/usr/lib/x86_64-linux-gnu/ivl/v2005_math.vpi";
:vpi_module "/usr/lib/x86_64-linux-gnu/ivl/va_math.vpi";
:vpi_module "/usr/lib/x86_64-linux-gnu/ivl/v2009.vpi";
S_0x55d71a2f5cd0 .scope package, "$unit" "$unit" 2 1;
 .timescale 0 0;
S_0x55d71a2ebc40 .scope module, "tb_stage_id" "tb_stage_id" 3 3;
 .timescale -9 -12;
P_0x55d71a2ed540 .param/l "ADDR_WIDTH" 0 3 5, +C4<00000000000000000000000000000101>;
P_0x55d71a2ed580 .param/l "DATA_WIDTH" 0 3 4, +C4<00000000000000000000000000100000>;
v0x55d71a318f10_0 .var "clk", 0 0;
v0x55d71a319020_0 .var "flush", 0 0;
v0x55d71a3190e0_0 .net "id_ex_A", 31 0, v0x55d71a3171b0_0;  1 drivers
v0x55d71a3191e0_0 .net "id_ex_B", 31 0, v0x55d71a3172e0_0;  1 drivers
v0x55d71a3192b0_0 .net "id_ex_alu_op", 3 0, v0x55d71a312850_0;  1 drivers
v0x55d71a3193f0_0 .net "id_ex_alu_use_imm", 0 0, v0x55d71a312950_0;  1 drivers
v0x55d71a3194e0_0 .net "id_ex_imm", 31 0, v0x55d71a317520_0;  1 drivers
v0x55d71a319580_0 .net "id_ex_imm_type", 2 0, v0x55d71a312bb0_0;  1 drivers
v0x55d71a319620_0 .net "id_ex_is_branch", 0 0, v0x55d71a312ce0_0;  1 drivers
v0x55d71a3196c0_0 .net "id_ex_jump", 0 0, v0x55d71a312da0_0;  1 drivers
v0x55d71a3197b0_0 .net "id_ex_mem_access", 0 0, v0x55d71a312e60_0;  1 drivers
v0x55d71a3198a0_0 .net "id_ex_mem_width", 5 0, v0x55d71a312f20_0;  1 drivers
v0x55d71a319990_0 .net "id_ex_pc", 31 0, v0x55d71a317960_0;  1 drivers
v0x55d71a319a50_0 .net "id_ex_rd", 4 0, v0x55d71a317a00_0;  1 drivers
v0x55d71a319af0_0 .net "id_ex_rd_data_src", 2 0, v0x55d71a3130e0_0;  1 drivers
v0x55d71a319be0_0 .net "id_ex_rs1", 4 0, v0x55d71a317bb0_0;  1 drivers
v0x55d71a319ca0_0 .net "id_ex_rs2", 4 0, v0x55d71a317c70_0;  1 drivers
v0x55d71a319d40_0 .net "id_ex_valid", 0 0, v0x55d71a317d50_0;  1 drivers
v0x55d71a319de0_0 .net "id_ex_write_mem", 0 0, v0x55d71a3131c0_0;  1 drivers
v0x55d71a319ed0_0 .net "id_ex_write_rd", 0 0, v0x55d71a313280_0;  1 drivers
v0x55d71a319fc0_0 .var "if_id_instr", 31 0;
v0x55d71a31a060_0 .var "if_id_pc", 31 0;
v0x55d71a31a100_0 .var "if_id_valid", 0 0;
v0x55d71a31a1a0_0 .var "rst", 0 0;
v0x55d71a31a290_0 .var "stall", 0 0;
v0x55d71a31a330_0 .var "wb_rd_addr", 4 0;
v0x55d71a31a420_0 .var "wb_rd_data", 31 0;
v0x55d71a31a510_0 .var "wb_write_enable", 0 0;
S_0x55d71a261cf0 .scope autotask, "check_id" "check_id" 3 112, 3 112 0, S_0x55d71a2ebc40;
 .timescale -9 -12;
v0x55d71a2f1600_0 .var "expected_A", 31 0;
v0x55d71a2f1aa0_0 .var "expected_B", 31 0;
v0x55d71a2f21b0_0 .var "expected_imm", 31 0;
v0x55d71a2f3510_0 .var "expected_pc", 31 0;
v0x55d71a2f49b0_0 .var "expected_rd", 4 0;
v0x55d71a2f5ae0_0 .var "expected_rs1", 4 0;
v0x55d71a2eeaa0_0 .var "expected_rs2", 4 0;
v0x55d71a311b50_0 .var "expected_valid", 0 0;
v0x55d71a311c10_0 .var/str "test_name";
TD_tb_stage_id.check_id ;
    %delay 1000, 0;
    %load/vec4 v0x55d71a319990_0;
    %load/vec4 v0x55d71a2f3510_0;
    %cmp/ne;
    %flag_mov 8, 6;
    %load/vec4 v0x55d71a3190e0_0;
    %load/vec4 v0x55d71a2f1600_0;
    %cmp/ne;
    %flag_or 6, 8;
    %flag_mov 8, 6;
    %load/vec4 v0x55d71a3191e0_0;
    %load/vec4 v0x55d71a2f1aa0_0;
    %cmp/ne;
    %flag_or 6, 8;
    %flag_mov 8, 6;
    %load/vec4 v0x55d71a3194e0_0;
    %load/vec4 v0x55d71a2f21b0_0;
    %cmp/ne;
    %flag_or 6, 8;
    %flag_mov 8, 6;
    %load/vec4 v0x55d71a319be0_0;
    %load/vec4 v0x55d71a2f5ae0_0;
    %cmp/ne;
    %flag_or 6, 8;
    %flag_mov 8, 6;
    %load/vec4 v0x55d71a319ca0_0;
    %load/vec4 v0x55d71a2eeaa0_0;
    %cmp/ne;
    %flag_or 6, 8;
    %flag_mov 8, 6;
    %load/vec4 v0x55d71a319a50_0;
    %load/vec4 v0x55d71a2f49b0_0;
    %cmp/ne;
    %flag_or 6, 8;
    %flag_mov 8, 6;
    %load/vec4 v0x55d71a319d40_0;
    %load/vec4 v0x55d71a311b50_0;
    %cmp/ne;
    %flag_or 6, 8;
    %jmp/0xz  T_0.0, 6;
    %vpi_call/w 3 135 "$display", "[FAIL] %s", v0x55d71a311c10_0 {0 0 0};
    %vpi_call/w 3 137 "$display", "Expected PC    : %h", v0x55d71a2f3510_0 {0 0 0};
    %vpi_call/w 3 138 "$display", "Actual   PC    : %h", v0x55d71a319990_0 {0 0 0};
    %vpi_call/w 3 140 "$display", "Expected A     : %h", v0x55d71a2f1600_0 {0 0 0};
    %vpi_call/w 3 141 "$display", "Actual   A     : %h", v0x55d71a3190e0_0 {0 0 0};
    %vpi_call/w 3 143 "$display", "Expected B     : %h", v0x55d71a2f1aa0_0 {0 0 0};
    %vpi_call/w 3 144 "$display", "Actual   B     : %h", v0x55d71a3191e0_0 {0 0 0};
    %vpi_call/w 3 146 "$display", "Expected IMM   : %h", v0x55d71a2f21b0_0 {0 0 0};
    %vpi_call/w 3 147 "$display", "Actual   IMM   : %h", v0x55d71a3194e0_0 {0 0 0};
    %vpi_call/w 3 149 "$finish" {0 0 0};
    %jmp T_0.1;
T_0.0 ;
    %vpi_call/w 3 151 "$display", "[PASS] %s", v0x55d71a311c10_0 {0 0 0};
T_0.1 ;
    %end;
S_0x55d71a311cd0 .scope module, "dut_stage_id" "stage_id" 3 58, 4 1 0, S_0x55d71a2ebc40;
 .timescale 0 0;
    .port_info 0 /INPUT 1 "clk";
    .port_info 1 /INPUT 1 "rst";
    .port_info 2 /INPUT 32 "if_id_pc";
    .port_info 3 /INPUT 32 "if_id_instr";
    .port_info 4 /INPUT 1 "if_id_valid";
    .port_info 5 /INPUT 1 "stall";
    .port_info 6 /INPUT 1 "flush";
    .port_info 7 /INPUT 1 "wb_write_enable";
    .port_info 8 /INPUT 5 "wb_rd_addr";
    .port_info 9 /INPUT 32 "wb_rd_data";
    .port_info 10 /OUTPUT 32 "id_ex_pc";
    .port_info 11 /OUTPUT 32 "id_ex_A";
    .port_info 12 /OUTPUT 32 "id_ex_B";
    .port_info 13 /OUTPUT 32 "id_ex_imm";
    .port_info 14 /OUTPUT 5 "id_ex_rs1";
    .port_info 15 /OUTPUT 5 "id_ex_rs2";
    .port_info 16 /OUTPUT 5 "id_ex_rd";
    .port_info 17 /OUTPUT 4 "id_ex_alu_op";
    .port_info 18 /OUTPUT 1 "id_ex_alu_use_imm";
    .port_info 19 /OUTPUT 1 "id_ex_write_rd";
    .port_info 20 /OUTPUT 1 "id_ex_write_mem";
    .port_info 21 /OUTPUT 1 "id_ex_mem_access";
    .port_info 22 /OUTPUT 6 "id_ex_mem_width";
    .port_info 23 /OUTPUT 1 "id_ex_jump";
    .port_info 24 /OUTPUT 1 "id_ex_is_branch";
    .port_info 25 /OUTPUT 3 "id_ex_rd_data_src";
    .port_info 26 /OUTPUT 3 "id_ex_imm_type";
    .port_info 27 /OUTPUT 1 "id_ex_valid";
P_0x55d71a311e80 .param/l "ADDR_WIDTH" 0 4 3, +C4<00000000000000000000000000000101>;
P_0x55d71a311ec0 .param/l "DATA_WIDTH" 0 4 2, +C4<00000000000000000000000000100000>;
v0x55d71a316e40_0 .net "clk", 0 0, v0x55d71a318f10_0;  1 drivers
v0x55d71a316f30_0 .net "flush", 0 0, v0x55d71a319020_0;  1 drivers
v0x55d71a316fd0_0 .net "funct3", 2 0, L_0x55d71a31a740;  1 drivers
v0x55d71a3170a0_0 .net "funct7", 6 0, L_0x55d71a31aa60;  1 drivers
v0x55d71a3171b0_0 .var "id_ex_A", 31 0;
v0x55d71a3172e0_0 .var "id_ex_B", 31 0;
v0x55d71a3173c0_0 .net "id_ex_alu_op", 3 0, v0x55d71a312850_0;  alias, 1 drivers
v0x55d71a317480_0 .net "id_ex_alu_use_imm", 0 0, v0x55d71a312950_0;  alias, 1 drivers
v0x55d71a317520_0 .var "id_ex_imm", 31 0;
v0x55d71a3175c0_0 .net "id_ex_imm_type", 2 0, v0x55d71a312bb0_0;  alias, 1 drivers
v0x55d71a317680_0 .net "id_ex_is_branch", 0 0, v0x55d71a312ce0_0;  alias, 1 drivers
v0x55d71a317720_0 .net "id_ex_jump", 0 0, v0x55d71a312da0_0;  alias, 1 drivers
v0x55d71a3177c0_0 .net "id_ex_mem_access", 0 0, v0x55d71a312e60_0;  alias, 1 drivers
v0x55d71a317890_0 .net "id_ex_mem_width", 5 0, v0x55d71a312f20_0;  alias, 1 drivers
v0x55d71a317960_0 .var "id_ex_pc", 31 0;
v0x55d71a317a00_0 .var "id_ex_rd", 4 0;
v0x55d71a317ac0_0 .net "id_ex_rd_data_src", 2 0, v0x55d71a3130e0_0;  alias, 1 drivers
v0x55d71a317bb0_0 .var "id_ex_rs1", 4 0;
v0x55d71a317c70_0 .var "id_ex_rs2", 4 0;
v0x55d71a317d50_0 .var "id_ex_valid", 0 0;
v0x55d71a317e10_0 .net "id_ex_write_mem", 0 0, v0x55d71a3131c0_0;  alias, 1 drivers
v0x55d71a317ee0_0 .net "id_ex_write_rd", 0 0, v0x55d71a313280_0;  alias, 1 drivers
v0x55d71a317fb0_0 .net "if_id_instr", 31 0, v0x55d71a319fc0_0;  1 drivers
v0x55d71a3180a0_0 .net "if_id_pc", 31 0, v0x55d71a31a060_0;  1 drivers
v0x55d71a318160_0 .net "if_id_valid", 0 0, v0x55d71a31a100_0;  1 drivers
v0x55d71a318220_0 .net "imm_out", 31 0, v0x55d71a3149c0_0;  1 drivers
v0x55d71a3182e0_0 .net "opcode", 6 0, L_0x55d71a31a600;  1 drivers
v0x55d71a3183d0_0 .net "rd", 4 0, L_0x55d71a31a6a0;  1 drivers
v0x55d71a318490_0 .net "rs1", 4 0, L_0x55d71a31a7e0;  1 drivers
v0x55d71a318580_0 .net "rs1_data", 31 0, L_0x55d71a32af40;  1 drivers
v0x55d71a318640_0 .net "rs2", 4 0, L_0x55d71a31a8b0;  1 drivers
v0x55d71a318730_0 .net "rs2_data", 31 0, L_0x55d71a32b650;  1 drivers
v0x55d71a3187f0_0 .net "rst", 0 0, v0x55d71a31a1a0_0;  1 drivers
v0x55d71a3188c0_0 .net "stall", 0 0, v0x55d71a31a290_0;  1 drivers
v0x55d71a318960_0 .net "wb_rd_addr", 4 0, v0x55d71a31a330_0;  1 drivers
v0x55d71a318a30_0 .net "wb_rd_data", 31 0, v0x55d71a31a420_0;  1 drivers
v0x55d71a318b00_0 .net "wb_write_enable", 0 0, v0x55d71a31a510_0;  1 drivers
S_0x55d71a3122f0 .scope module, "control_unit_01" "control_unit" 4 90, 5 1 0, S_0x55d71a311cd0;
 .timescale 0 0;
    .port_info 0 /INPUT 7 "opcode";
    .port_info 1 /INPUT 3 "funct3";
    .port_info 2 /INPUT 7 "funct7";
    .port_info 3 /OUTPUT 4 "alu_op";
    .port_info 4 /OUTPUT 1 "alu_use_imm";
    .port_info 5 /OUTPUT 1 "write_rd";
    .port_info 6 /OUTPUT 1 "write_mem";
    .port_info 7 /OUTPUT 1 "mem_access";
    .port_info 8 /OUTPUT 6 "mem_width";
    .port_info 9 /OUTPUT 1 "jump";
    .port_info 10 /OUTPUT 1 "is_branch";
    .port_info 11 /OUTPUT 3 "rd_data_src";
    .port_info 12 /OUTPUT 3 "imm_type";
v0x55d71a312850_0 .var "alu_op", 3 0;
v0x55d71a312950_0 .var "alu_use_imm", 0 0;
v0x55d71a312a10_0 .net "funct3", 2 0, L_0x55d71a31a740;  alias, 1 drivers
v0x55d71a312ad0_0 .net "funct7", 6 0, L_0x55d71a31aa60;  alias, 1 drivers
v0x55d71a312bb0_0 .var "imm_type", 2 0;
v0x55d71a312ce0_0 .var "is_branch", 0 0;
v0x55d71a312da0_0 .var "jump", 0 0;
v0x55d71a312e60_0 .var "mem_access", 0 0;
v0x55d71a312f20_0 .var "mem_width", 5 0;
v0x55d71a313000_0 .net "opcode", 6 0, L_0x55d71a31a600;  alias, 1 drivers
v0x55d71a3130e0_0 .var "rd_data_src", 2 0;
v0x55d71a3131c0_0 .var "write_mem", 0 0;
v0x55d71a313280_0 .var "write_rd", 0 0;
E_0x55d71a29fda0 .event edge, v0x55d71a313000_0, v0x55d71a312a10_0, v0x55d71a312ad0_0;
S_0x55d71a312650 .scope begin, "control_comb" "control_comb" 5 29, 5 29 0, S_0x55d71a3122f0;
 .timescale 0 0;
S_0x55d71a3134e0 .scope module, "decoder_01" "decoder" 4 75, 6 1 0, S_0x55d71a311cd0;
 .timescale 0 0;
    .port_info 0 /INPUT 32 "instr";
    .port_info 1 /OUTPUT 7 "opcode";
    .port_info 2 /OUTPUT 5 "rd";
    .port_info 3 /OUTPUT 3 "funct3";
    .port_info 4 /OUTPUT 5 "rs1";
    .port_info 5 /OUTPUT 5 "rs2";
    .port_info 6 /OUTPUT 7 "funct7";
v0x55d71a313740_0 .net "funct3", 2 0, L_0x55d71a31a740;  alias, 1 drivers
v0x55d71a313800_0 .net "funct7", 6 0, L_0x55d71a31aa60;  alias, 1 drivers
v0x55d71a3138d0_0 .net "instr", 31 0, v0x55d71a319fc0_0;  alias, 1 drivers
v0x55d71a3139a0_0 .net "opcode", 6 0, L_0x55d71a31a600;  alias, 1 drivers
v0x55d71a313a90_0 .net "rd", 4 0, L_0x55d71a31a6a0;  alias, 1 drivers
v0x55d71a313ba0_0 .net "rs1", 4 0, L_0x55d71a31a7e0;  alias, 1 drivers
v0x55d71a313c80_0 .net "rs2", 4 0, L_0x55d71a31a8b0;  alias, 1 drivers
L_0x55d71a31a600 .part v0x55d71a319fc0_0, 0, 7;
L_0x55d71a31a6a0 .part v0x55d71a319fc0_0, 7, 5;
L_0x55d71a31a740 .part v0x55d71a319fc0_0, 12, 3;
L_0x55d71a31a7e0 .part v0x55d71a319fc0_0, 15, 5;
L_0x55d71a31a8b0 .part v0x55d71a319fc0_0, 20, 5;
L_0x55d71a31aa60 .part v0x55d71a319fc0_0, 25, 7;
S_0x55d71a313e40 .scope begin, "id_ex_ff" "id_ex_ff" 4 138, 4 138 0, S_0x55d71a311cd0;
 .timescale 0 0;
S_0x55d71a314020 .scope module, "imm_gen_01" "immediate_generator" 4 113, 7 1 0, S_0x55d71a311cd0;
 .timescale 0 0;
    .port_info 0 /INPUT 32 "instr";
    .port_info 1 /INPUT 3 "imm_type";
    .port_info 2 /OUTPUT 32 "imm_out";
v0x55d71a314710_0 .var "imm_b", 31 0;
v0x55d71a3147f0_0 .var "imm_i", 31 0;
v0x55d71a3148d0_0 .var "imm_j", 31 0;
v0x55d71a3149c0_0 .var "imm_out", 31 0;
v0x55d71a314aa0_0 .var "imm_s", 31 0;
v0x55d71a314bd0_0 .net "imm_type", 2 0, v0x55d71a312bb0_0;  alias, 1 drivers
v0x55d71a314c90_0 .var "imm_u", 31 0;
v0x55d71a314d50_0 .net "instr", 31 0, v0x55d71a319fc0_0;  alias, 1 drivers
E_0x55d71a29e120/0 .event edge, v0x55d71a312bb0_0, v0x55d71a3147f0_0, v0x55d71a314aa0_0, v0x55d71a314710_0;
E_0x55d71a29e120/1 .event edge, v0x55d71a314c90_0, v0x55d71a3148d0_0;
E_0x55d71a29e120 .event/or E_0x55d71a29e120/0, E_0x55d71a29e120/1;
E_0x55d71a29f670/0 .event edge, v0x55d71a3138d0_0, v0x55d71a3138d0_0, v0x55d71a3138d0_0, v0x55d71a3138d0_0;
E_0x55d71a29f670/1 .event edge, v0x55d71a3138d0_0, v0x55d71a3138d0_0, v0x55d71a3138d0_0, v0x55d71a3138d0_0;
E_0x55d71a29f670/2 .event edge, v0x55d71a3138d0_0, v0x55d71a3138d0_0, v0x55d71a3138d0_0;
E_0x55d71a29f670 .event/or E_0x55d71a29f670/0, E_0x55d71a29f670/1, E_0x55d71a29f670/2;
S_0x55d71a314310 .scope begin, "imm_extract" "imm_extract" 7 15, 7 15 0, S_0x55d71a314020;
 .timescale 0 0;
S_0x55d71a314510 .scope begin, "imm_select" "imm_select" 7 34, 7 34 0, S_0x55d71a314020;
 .timescale 0 0;
S_0x55d71a314ea0 .scope module, "regfile_01" "regfile" 4 121, 8 1 0, S_0x55d71a311cd0;
 .timescale 0 0;
    .port_info 0 /INPUT 1 "clk";
    .port_info 1 /INPUT 1 "rst";
    .port_info 2 /INPUT 5 "rs1_addr";
    .port_info 3 /INPUT 5 "rs2_addr";
    .port_info 4 /INPUT 1 "write_enable";
    .port_info 5 /INPUT 5 "rd_addr";
    .port_info 6 /INPUT 32 "rd_data";
    .port_info 7 /OUTPUT 32 "rs1_data";
    .port_info 8 /OUTPUT 32 "rs2_data";
P_0x55d71a3150d0 .param/l "ADDR_WIDTH" 0 8 3, +C4<00000000000000000000000000000101>;
P_0x55d71a315110 .param/l "DATA_WIDTH" 0 8 2, +C4<00000000000000000000000000100000>;
v0x55d71a315610_0 .net *"_ivl_0", 31 0, L_0x55d71a31ab40;  1 drivers
v0x55d71a315710_0 .net *"_ivl_10", 31 0, L_0x55d71a32ad30;  1 drivers
v0x55d71a3157f0_0 .net *"_ivl_12", 6 0, L_0x55d71a32add0;  1 drivers
L_0x72b0cb7560f0 .functor BUFT 1, C4<00>, C4<0>, C4<0>, C4<0>;
v0x55d71a3158e0_0 .net *"_ivl_15", 1 0, L_0x72b0cb7560f0;  1 drivers
v0x55d71a3159c0_0 .net *"_ivl_18", 31 0, L_0x55d71a32b120;  1 drivers
L_0x72b0cb756138 .functor BUFT 1, C4<000000000000000000000000000>, C4<0>, C4<0>, C4<0>;
v0x55d71a315af0_0 .net *"_ivl_21", 26 0, L_0x72b0cb756138;  1 drivers
L_0x72b0cb756180 .functor BUFT 1, C4<00000000000000000000000000000000>, C4<0>, C4<0>, C4<0>;
v0x55d71a315bd0_0 .net/2u *"_ivl_22", 31 0, L_0x72b0cb756180;  1 drivers
v0x55d71a315cb0_0 .net *"_ivl_24", 0 0, L_0x55d71a32b2e0;  1 drivers
L_0x72b0cb7561c8 .functor BUFT 1, C4<00000000000000000000000000000000>, C4<0>, C4<0>, C4<0>;
v0x55d71a315d70_0 .net/2u *"_ivl_26", 31 0, L_0x72b0cb7561c8;  1 drivers
v0x55d71a315e50_0 .net *"_ivl_28", 31 0, L_0x55d71a32b420;  1 drivers
L_0x72b0cb756018 .functor BUFT 1, C4<000000000000000000000000000>, C4<0>, C4<0>, C4<0>;
v0x55d71a315f30_0 .net *"_ivl_3", 26 0, L_0x72b0cb756018;  1 drivers
v0x55d71a316010_0 .net *"_ivl_30", 6 0, L_0x55d71a32b510;  1 drivers
L_0x72b0cb756210 .functor BUFT 1, C4<00>, C4<0>, C4<0>, C4<0>;
v0x55d71a3160f0_0 .net *"_ivl_33", 1 0, L_0x72b0cb756210;  1 drivers
L_0x72b0cb756060 .functor BUFT 1, C4<00000000000000000000000000000000>, C4<0>, C4<0>, C4<0>;
v0x55d71a3161d0_0 .net/2u *"_ivl_4", 31 0, L_0x72b0cb756060;  1 drivers
v0x55d71a3162b0_0 .net *"_ivl_6", 0 0, L_0x55d71a32abf0;  1 drivers
L_0x72b0cb7560a8 .functor BUFT 1, C4<00000000000000000000000000000000>, C4<0>, C4<0>, C4<0>;
v0x55d71a316370_0 .net/2u *"_ivl_8", 31 0, L_0x72b0cb7560a8;  1 drivers
v0x55d71a316450_0 .net "clk", 0 0, v0x55d71a318f10_0;  alias, 1 drivers
v0x55d71a316510_0 .var/i "i", 31 0;
v0x55d71a3165f0_0 .net "rd_addr", 4 0, v0x55d71a31a330_0;  alias, 1 drivers
v0x55d71a3166d0_0 .net "rd_data", 31 0, v0x55d71a31a420_0;  alias, 1 drivers
v0x55d71a3167b0 .array "regs", 31 0, 31 0;
v0x55d71a316870_0 .net "rs1_addr", 4 0, L_0x55d71a31a7e0;  alias, 1 drivers
v0x55d71a316930_0 .net "rs1_data", 31 0, L_0x55d71a32af40;  alias, 1 drivers
v0x55d71a3169f0_0 .net "rs2_addr", 4 0, L_0x55d71a31a8b0;  alias, 1 drivers
v0x55d71a316ae0_0 .net "rs2_data", 31 0, L_0x55d71a32b650;  alias, 1 drivers
v0x55d71a316ba0_0 .net "rst", 0 0, v0x55d71a31a1a0_0;  alias, 1 drivers
v0x55d71a316c60_0 .net "write_enable", 0 0, v0x55d71a31a510_0;  alias, 1 drivers
E_0x55d71a29f3b0 .event posedge, v0x55d71a316450_0;
L_0x55d71a31ab40 .concat [ 5 27 0 0], L_0x55d71a31a7e0, L_0x72b0cb756018;
L_0x55d71a32abf0 .cmp/eq 32, L_0x55d71a31ab40, L_0x72b0cb756060;
L_0x55d71a32ad30 .array/port v0x55d71a3167b0, L_0x55d71a32add0;
L_0x55d71a32add0 .concat [ 5 2 0 0], L_0x55d71a31a7e0, L_0x72b0cb7560f0;
L_0x55d71a32af40 .functor MUXZ 32, L_0x55d71a32ad30, L_0x72b0cb7560a8, L_0x55d71a32abf0, C4<>;
L_0x55d71a32b120 .concat [ 5 27 0 0], L_0x55d71a31a8b0, L_0x72b0cb756138;
L_0x55d71a32b2e0 .cmp/eq 32, L_0x55d71a32b120, L_0x72b0cb756180;
L_0x55d71a32b420 .array/port v0x55d71a3167b0, L_0x55d71a32b510;
L_0x55d71a32b510 .concat [ 5 2 0 0], L_0x55d71a31a8b0, L_0x72b0cb756210;
L_0x55d71a32b650 .functor MUXZ 32, L_0x55d71a32b420, L_0x72b0cb7561c8, L_0x55d71a32b2e0, C4<>;
S_0x55d71a315410 .scope begin, "write_comb" "write_comb" 8 24, 8 24 0, S_0x55d71a314ea0;
 .timescale 0 0;
    .scope S_0x55d71a3122f0;
T_1 ;
Ewait_0 .event/or E_0x55d71a29fda0, E_0x0;
    %wait Ewait_0;
    %fork t_1, S_0x55d71a312650;
    %jmp t_0;
    .scope S_0x55d71a312650;
t_1 ;
    %pushi/vec4 0, 0, 4;
    %store/vec4 v0x55d71a312850_0, 0, 4;
    %pushi/vec4 0, 0, 1;
    %store/vec4 v0x55d71a312950_0, 0, 1;
    %pushi/vec4 1, 0, 1;
    %store/vec4 v0x55d71a313280_0, 0, 1;
    %pushi/vec4 0, 0, 1;
    %store/vec4 v0x55d71a3131c0_0, 0, 1;
    %pushi/vec4 0, 0, 1;
    %store/vec4 v0x55d71a312e60_0, 0, 1;
    %pushi/vec4 32, 0, 6;
    %store/vec4 v0x55d71a312f20_0, 0, 6;
    %pushi/vec4 0, 0, 1;
    %store/vec4 v0x55d71a312da0_0, 0, 1;
    %pushi/vec4 0, 0, 1;
    %store/vec4 v0x55d71a312ce0_0, 0, 1;
    %pushi/vec4 0, 0, 3;
    %store/vec4 v0x55d71a3130e0_0, 0, 3;
    %pushi/vec4 7, 0, 3;
    %store/vec4 v0x55d71a312bb0_0, 0, 3;
    %load/vec4 v0x55d71a313000_0;
    %cmpi/e 3, 0, 7;
    %flag_mov 8, 4;
    %load/vec4 v0x55d71a313000_0;
    %cmpi/e 35, 0, 7;
    %flag_or 4, 8;
    %jmp/0xz  T_1.0, 4;
    %load/vec4 v0x55d71a312a10_0;
    %dup/vec4;
    %pushi/vec4 0, 0, 3;
    %cmp/u;
    %jmp/1 T_1.2, 6;
    %dup/vec4;
    %pushi/vec4 1, 0, 3;
    %cmp/u;
    %jmp/1 T_1.3, 6;
    %dup/vec4;
    %pushi/vec4 2, 0, 3;
    %cmp/u;
    %jmp/1 T_1.4, 6;
    %dup/vec4;
    %pushi/vec4 4, 0, 3;
    %cmp/u;
    %jmp/1 T_1.5, 6;
    %dup/vec4;
    %pushi/vec4 5, 0, 3;
    %cmp/u;
    %jmp/1 T_1.6, 6;
    %pushi/vec4 32, 0, 6;
    %store/vec4 v0x55d71a312f20_0, 0, 6;
    %jmp T_1.8;
T_1.2 ;
    %pushi/vec4 8, 0, 6;
    %store/vec4 v0x55d71a312f20_0, 0, 6;
    %jmp T_1.8;
T_1.3 ;
    %pushi/vec4 16, 0, 6;
    %store/vec4 v0x55d71a312f20_0, 0, 6;
    %jmp T_1.8;
T_1.4 ;
    %pushi/vec4 32, 0, 6;
    %store/vec4 v0x55d71a312f20_0, 0, 6;
    %jmp T_1.8;
T_1.5 ;
    %pushi/vec4 8, 0, 6;
    %store/vec4 v0x55d71a312f20_0, 0, 6;
    %jmp T_1.8;
T_1.6 ;
    %pushi/vec4 16, 0, 6;
    %store/vec4 v0x55d71a312f20_0, 0, 6;
    %jmp T_1.8;
T_1.8 ;
    %pop/vec4 1;
T_1.0 ;
    %load/vec4 v0x55d71a313000_0;
    %cmpi/e 111, 0, 7;
    %flag_mov 8, 4;
    %load/vec4 v0x55d71a313000_0;
    %cmpi/e 103, 0, 7;
    %flag_or 4, 8;
    %jmp/0xz  T_1.9, 4;
    %pushi/vec4 1, 0, 1;
    %store/vec4 v0x55d71a312da0_0, 0, 1;
T_1.9 ;
    %load/vec4 v0x55d71a313000_0;
    %cmpi/e 99, 0, 7;
    %jmp/0xz  T_1.11, 4;
    %pushi/vec4 1, 0, 1;
    %store/vec4 v0x55d71a312ce0_0, 0, 1;
T_1.11 ;
    %load/vec4 v0x55d71a313000_0;
    %pushi/vec4 51, 0, 7;
    %cmp/e;
    %flag_get/vec4 4;
    %load/vec4 v0x55d71a312a10_0;
    %pushi/vec4 0, 0, 3;
    %cmp/e;
    %flag_get/vec4 4;
    %and;
    %load/vec4 v0x55d71a312ad0_0;
    %pushi/vec4 32, 0, 7;
    %cmp/e;
    %flag_get/vec4 4;
    %and;
    %flag_set/vec4 8;
    %jmp/0xz  T_1.13, 8;
    %pushi/vec4 2, 0, 4;
    %store/vec4 v0x55d71a312850_0, 0, 4;
    %jmp T_1.14;
T_1.13 ;
    %load/vec4 v0x55d71a313000_0;
    %pushi/vec4 19, 0, 7;
    %cmp/e;
    %flag_get/vec4 4;
    %load/vec4 v0x55d71a312a10_0;
    %pushi/vec4 2, 0, 3;
    %cmp/e;
    %flag_get/vec4 4;
    %and;
    %flag_set/vec4 8;
    %load/vec4 v0x55d71a313000_0;
    %pushi/vec4 51, 0, 7;
    %cmp/e;
    %flag_get/vec4 4;
    %load/vec4 v0x55d71a312a10_0;
    %pushi/vec4 2, 0, 3;
    %cmp/e;
    %flag_get/vec4 4;
    %and;
    %flag_set/vec4 9;
    %flag_or 9, 8;
    %jmp/0xz  T_1.15, 9;
    %pushi/vec4 9, 0, 4;
    %store/vec4 v0x55d71a312850_0, 0, 4;
    %jmp T_1.16;
T_1.15 ;
    %load/vec4 v0x55d71a313000_0;
    %pushi/vec4 19, 0, 7;
    %cmp/e;
    %flag_get/vec4 4;
    %load/vec4 v0x55d71a312a10_0;
    %pushi/vec4 3, 0, 3;
    %cmp/e;
    %flag_get/vec4 4;
    %and;
    %flag_set/vec4 8;
    %load/vec4 v0x55d71a313000_0;
    %pushi/vec4 51, 0, 7;
    %cmp/e;
    %flag_get/vec4 4;
    %load/vec4 v0x55d71a312a10_0;
    %pushi/vec4 3, 0, 3;
    %cmp/e;
    %flag_get/vec4 4;
    %and;
    %flag_set/vec4 9;
    %flag_or 9, 8;
    %jmp/0xz  T_1.17, 9;
    %pushi/vec4 10, 0, 4;
    %store/vec4 v0x55d71a312850_0, 0, 4;
    %jmp T_1.18;
T_1.17 ;
    %load/vec4 v0x55d71a313000_0;
    %pushi/vec4 19, 0, 7;
    %cmp/e;
    %flag_get/vec4 4;
    %load/vec4 v0x55d71a312a10_0;
    %pushi/vec4 7, 0, 3;
    %cmp/e;
    %flag_get/vec4 4;
    %and;
    %flag_set/vec4 8;
    %load/vec4 v0x55d71a313000_0;
    %pushi/vec4 51, 0, 7;
    %cmp/e;
    %flag_get/vec4 4;
    %load/vec4 v0x55d71a312a10_0;
    %pushi/vec4 7, 0, 3;
    %cmp/e;
    %flag_get/vec4 4;
    %and;
    %flag_set/vec4 9;
    %flag_or 9, 8;
    %jmp/0xz  T_1.19, 9;
    %pushi/vec4 3, 0, 4;
    %store/vec4 v0x55d71a312850_0, 0, 4;
    %jmp T_1.20;
T_1.19 ;
    %load/vec4 v0x55d71a313000_0;
    %pushi/vec4 19, 0, 7;
    %cmp/e;
    %flag_get/vec4 4;
    %load/vec4 v0x55d71a312a10_0;
    %pushi/vec4 6, 0, 3;
    %cmp/e;
    %flag_get/vec4 4;
    %and;
    %flag_set/vec4 8;
    %load/vec4 v0x55d71a313000_0;
    %pushi/vec4 51, 0, 7;
    %cmp/e;
    %flag_get/vec4 4;
    %load/vec4 v0x55d71a312a10_0;
    %pushi/vec4 6, 0, 3;
    %cmp/e;
    %flag_get/vec4 4;
    %and;
    %flag_set/vec4 9;
    %flag_or 9, 8;
    %jmp/0xz  T_1.21, 9;
    %pushi/vec4 4, 0, 4;
    %store/vec4 v0x55d71a312850_0, 0, 4;
    %jmp T_1.22;
T_1.21 ;
    %load/vec4 v0x55d71a313000_0;
    %pushi/vec4 19, 0, 7;
    %cmp/e;
    %flag_get/vec4 4;
    %load/vec4 v0x55d71a312a10_0;
    %pushi/vec4 4, 0, 3;
    %cmp/e;
    %flag_get/vec4 4;
    %and;
    %flag_set/vec4 8;
    %load/vec4 v0x55d71a313000_0;
    %pushi/vec4 51, 0, 7;
    %cmp/e;
    %flag_get/vec4 4;
    %load/vec4 v0x55d71a312a10_0;
    %pushi/vec4 4, 0, 3;
    %cmp/e;
    %flag_get/vec4 4;
    %and;
    %flag_set/vec4 9;
    %flag_or 9, 8;
    %jmp/0xz  T_1.23, 9;
    %pushi/vec4 5, 0, 4;
    %store/vec4 v0x55d71a312850_0, 0, 4;
    %jmp T_1.24;
T_1.23 ;
    %load/vec4 v0x55d71a313000_0;
    %pushi/vec4 19, 0, 7;
    %cmp/e;
    %flag_get/vec4 4;
    %load/vec4 v0x55d71a312a10_0;
    %pushi/vec4 1, 0, 3;
    %cmp/e;
    %flag_get/vec4 4;
    %and;
    %flag_set/vec4 8;
    %load/vec4 v0x55d71a313000_0;
    %pushi/vec4 51, 0, 7;
    %cmp/e;
    %flag_get/vec4 4;
    %load/vec4 v0x55d71a312a10_0;
    %pushi/vec4 1, 0, 3;
    %cmp/e;
    %flag_get/vec4 4;
    %and;
    %flag_set/vec4 9;
    %flag_or 9, 8;
    %jmp/0xz  T_1.25, 9;
    %pushi/vec4 6, 0, 4;
    %store/vec4 v0x55d71a312850_0, 0, 4;
    %jmp T_1.26;
T_1.25 ;
    %load/vec4 v0x55d71a313000_0;
    %pushi/vec4 19, 0, 7;
    %cmp/e;
    %flag_get/vec4 4;
    %load/vec4 v0x55d71a312a10_0;
    %pushi/vec4 5, 0, 3;
    %cmp/e;
    %flag_get/vec4 4;
    %and;
    %flag_set/vec4 8;
    %load/vec4 v0x55d71a313000_0;
    %pushi/vec4 51, 0, 7;
    %cmp/e;
    %flag_get/vec4 4;
    %load/vec4 v0x55d71a312a10_0;
    %pushi/vec4 5, 0, 3;
    %cmp/e;
    %flag_get/vec4 4;
    %and;
    %flag_set/vec4 9;
    %flag_or 9, 8;
    %jmp/0xz  T_1.27, 9;
    %load/vec4 v0x55d71a312ad0_0;
    %cmpi/e 32, 0, 7;
    %flag_mov 8, 4;
    %jmp/0 T_1.29, 8;
    %pushi/vec4 8, 0, 4;
    %jmp/1 T_1.30, 8;
T_1.29 ; End of true expr.
    %pushi/vec4 7, 0, 4;
    %jmp/0 T_1.30, 8;
 ; End of false expr.
    %blend;
T_1.30;
    %store/vec4 v0x55d71a312850_0, 0, 4;
T_1.27 ;
T_1.26 ;
T_1.24 ;
T_1.22 ;
T_1.20 ;
T_1.18 ;
T_1.16 ;
T_1.14 ;
    %load/vec4 v0x55d71a313000_0;
    %pushi/vec4 19, 0, 7;
    %cmp/e;
    %flag_get/vec4 4;
    %load/vec4 v0x55d71a313000_0;
    %pushi/vec4 3, 0, 7;
    %cmp/e;
    %flag_get/vec4 4;
    %or;
    %load/vec4 v0x55d71a313000_0;
    %pushi/vec4 35, 0, 7;
    %cmp/e;
    %flag_get/vec4 4;
    %or;
    %load/vec4 v0x55d71a313000_0;
    %pushi/vec4 103, 0, 7;
    %cmp/e;
    %flag_get/vec4 4;
    %or;
    %store/vec4 v0x55d71a312950_0, 0, 1;
    %load/vec4 v0x55d71a313000_0;
    %cmpi/e 99, 0, 7;
    %flag_mov 8, 4;
    %load/vec4 v0x55d71a313000_0;
    %cmpi/e 35, 0, 7;
    %flag_or 4, 8;
    %jmp/0xz  T_1.31, 4;
    %pushi/vec4 0, 0, 1;
    %store/vec4 v0x55d71a313280_0, 0, 1;
T_1.31 ;
    %load/vec4 v0x55d71a313000_0;
    %pushi/vec4 35, 0, 7;
    %cmp/e;
    %flag_get/vec4 4;
    %store/vec4 v0x55d71a3131c0_0, 0, 1;
    %load/vec4 v0x55d71a313000_0;
    %pushi/vec4 3, 0, 7;
    %cmp/e;
    %flag_get/vec4 4;
    %load/vec4 v0x55d71a313000_0;
    %pushi/vec4 35, 0, 7;
    %cmp/e;
    %flag_get/vec4 4;
    %or;
    %store/vec4 v0x55d71a312e60_0, 0, 1;
    %load/vec4 v0x55d71a313000_0;
    %cmpi/e 23, 0, 7;
    %jmp/0xz  T_1.33, 4;
    %pushi/vec4 1, 0, 3;
    %store/vec4 v0x55d71a3130e0_0, 0, 3;
    %jmp T_1.34;
T_1.33 ;
    %load/vec4 v0x55d71a313000_0;
    %cmpi/e 111, 0, 7;
    %flag_mov 8, 4;
    %load/vec4 v0x55d71a313000_0;
    %cmpi/e 103, 0, 7;
    %flag_or 4, 8;
    %jmp/0xz  T_1.35, 4;
    %pushi/vec4 2, 0, 3;
    %store/vec4 v0x55d71a3130e0_0, 0, 3;
    %jmp T_1.36;
T_1.35 ;
    %load/vec4 v0x55d71a313000_0;
    %cmpi/e 55, 0, 7;
    %jmp/0xz  T_1.37, 4;
    %pushi/vec4 3, 0, 3;
    %store/vec4 v0x55d71a3130e0_0, 0, 3;
    %jmp T_1.38;
T_1.37 ;
    %load/vec4 v0x55d71a313000_0;
    %cmpi/e 3, 0, 7;
    %jmp/0xz  T_1.39, 4;
    %pushi/vec4 4, 0, 3;
    %store/vec4 v0x55d71a3130e0_0, 0, 3;
T_1.39 ;
T_1.38 ;
T_1.36 ;
T_1.34 ;
    %load/vec4 v0x55d71a313000_0;
    %cmpi/e 55, 0, 7;
    %flag_mov 8, 4;
    %load/vec4 v0x55d71a313000_0;
    %cmpi/e 23, 0, 7;
    %flag_or 4, 8;
    %jmp/0xz  T_1.41, 4;
    %pushi/vec4 3, 0, 3;
    %store/vec4 v0x55d71a312bb0_0, 0, 3;
    %jmp T_1.42;
T_1.41 ;
    %load/vec4 v0x55d71a313000_0;
    %cmpi/e 111, 0, 7;
    %jmp/0xz  T_1.43, 4;
    %pushi/vec4 4, 0, 3;
    %store/vec4 v0x55d71a312bb0_0, 0, 3;
    %jmp T_1.44;
T_1.43 ;
    %load/vec4 v0x55d71a313000_0;
    %cmpi/e 99, 0, 7;
    %jmp/0xz  T_1.45, 4;
    %pushi/vec4 2, 0, 3;
    %store/vec4 v0x55d71a312bb0_0, 0, 3;
    %jmp T_1.46;
T_1.45 ;
    %load/vec4 v0x55d71a313000_0;
    %cmpi/e 35, 0, 7;
    %jmp/0xz  T_1.47, 4;
    %pushi/vec4 1, 0, 3;
    %store/vec4 v0x55d71a312bb0_0, 0, 3;
    %jmp T_1.48;
T_1.47 ;
    %load/vec4 v0x55d71a313000_0;
    %cmpi/e 19, 0, 7;
    %flag_mov 8, 4;
    %load/vec4 v0x55d71a313000_0;
    %cmpi/e 3, 0, 7;
    %flag_or 4, 8;
    %flag_mov 8, 4;
    %load/vec4 v0x55d71a313000_0;
    %cmpi/e 103, 0, 7;
    %flag_or 4, 8;
    %jmp/0xz  T_1.49, 4;
    %pushi/vec4 0, 0, 3;
    %store/vec4 v0x55d71a312bb0_0, 0, 3;
T_1.49 ;
T_1.48 ;
T_1.46 ;
T_1.44 ;
T_1.42 ;
    %end;
    .scope S_0x55d71a3122f0;
t_0 %join;
    %jmp T_1;
    .thread T_1, $push;
    .scope S_0x55d71a314020;
T_2 ;
Ewait_1 .event/or E_0x55d71a29f670, E_0x0;
    %wait Ewait_1;
    %fork t_3, S_0x55d71a314310;
    %jmp t_2;
    .scope S_0x55d71a314310;
t_3 ;
    %load/vec4 v0x55d71a314d50_0;
    %parti/s 1, 31, 6;
    %replicate 20;
    %load/vec4 v0x55d71a314d50_0;
    %parti/s 12, 20, 6;
    %concat/vec4; draw_concat_vec4
    %store/vec4 v0x55d71a3147f0_0, 0, 32;
    %load/vec4 v0x55d71a314d50_0;
    %parti/s 1, 31, 6;
    %replicate 20;
    %load/vec4 v0x55d71a314d50_0;
    %parti/s 7, 25, 6;
    %concat/vec4; draw_concat_vec4
    %load/vec4 v0x55d71a314d50_0;
    %parti/s 5, 7, 4;
    %concat/vec4; draw_concat_vec4
    %store/vec4 v0x55d71a314aa0_0, 0, 32;
    %load/vec4 v0x55d71a314d50_0;
    %parti/s 1, 31, 6;
    %replicate 19;
    %load/vec4 v0x55d71a314d50_0;
    %parti/s 1, 31, 6;
    %concat/vec4; draw_concat_vec4
    %load/vec4 v0x55d71a314d50_0;
    %parti/s 1, 7, 4;
    %concat/vec4; draw_concat_vec4
    %load/vec4 v0x55d71a314d50_0;
    %parti/s 6, 25, 6;
    %concat/vec4; draw_concat_vec4
    %load/vec4 v0x55d71a314d50_0;
    %parti/s 4, 8, 5;
    %concat/vec4; draw_concat_vec4
    %concati/vec4 0, 0, 1;
    %store/vec4 v0x55d71a314710_0, 0, 32;
    %load/vec4 v0x55d71a314d50_0;
    %parti/s 20, 12, 5;
    %concati/vec4 0, 0, 12;
    %store/vec4 v0x55d71a314c90_0, 0, 32;
    %load/vec4 v0x55d71a314d50_0;
    %parti/s 1, 31, 6;
    %replicate 11;
    %load/vec4 v0x55d71a314d50_0;
    %parti/s 1, 31, 6;
    %concat/vec4; draw_concat_vec4
    %load/vec4 v0x55d71a314d50_0;
    %parti/s 8, 12, 5;
    %concat/vec4; draw_concat_vec4
    %load/vec4 v0x55d71a314d50_0;
    %parti/s 1, 20, 6;
    %concat/vec4; draw_concat_vec4
    %load/vec4 v0x55d71a314d50_0;
    %parti/s 10, 21, 6;
    %concat/vec4; draw_concat_vec4
    %concati/vec4 0, 0, 1;
    %store/vec4 v0x55d71a3148d0_0, 0, 32;
    %end;
    .scope S_0x55d71a314020;
t_2 %join;
    %jmp T_2;
    .thread T_2, $push;
    .scope S_0x55d71a314020;
T_3 ;
Ewait_2 .event/or E_0x55d71a29e120, E_0x0;
    %wait Ewait_2;
    %fork t_5, S_0x55d71a314510;
    %jmp t_4;
    .scope S_0x55d71a314510;
t_5 ;
    %load/vec4 v0x55d71a314bd0_0;
    %dup/vec4;
    %pushi/vec4 0, 0, 3;
    %cmp/u;
    %jmp/1 T_3.0, 6;
    %dup/vec4;
    %pushi/vec4 1, 0, 3;
    %cmp/u;
    %jmp/1 T_3.1, 6;
    %dup/vec4;
    %pushi/vec4 2, 0, 3;
    %cmp/u;
    %jmp/1 T_3.2, 6;
    %dup/vec4;
    %pushi/vec4 3, 0, 3;
    %cmp/u;
    %jmp/1 T_3.3, 6;
    %dup/vec4;
    %pushi/vec4 4, 0, 3;
    %cmp/u;
    %jmp/1 T_3.4, 6;
    %pushi/vec4 0, 0, 32;
    %store/vec4 v0x55d71a3149c0_0, 0, 32;
    %jmp T_3.6;
T_3.0 ;
    %load/vec4 v0x55d71a3147f0_0;
    %store/vec4 v0x55d71a3149c0_0, 0, 32;
    %jmp T_3.6;
T_3.1 ;
    %load/vec4 v0x55d71a314aa0_0;
    %store/vec4 v0x55d71a3149c0_0, 0, 32;
    %jmp T_3.6;
T_3.2 ;
    %load/vec4 v0x55d71a314710_0;
    %store/vec4 v0x55d71a3149c0_0, 0, 32;
    %jmp T_3.6;
T_3.3 ;
    %load/vec4 v0x55d71a314c90_0;
    %store/vec4 v0x55d71a3149c0_0, 0, 32;
    %jmp T_3.6;
T_3.4 ;
    %load/vec4 v0x55d71a3148d0_0;
    %store/vec4 v0x55d71a3149c0_0, 0, 32;
    %jmp T_3.6;
T_3.6 ;
    %pop/vec4 1;
    %end;
    .scope S_0x55d71a314020;
t_4 %join;
    %jmp T_3;
    .thread T_3, $push;
    .scope S_0x55d71a314ea0;
T_4 ;
    %wait E_0x55d71a29f3b0;
    %fork t_7, S_0x55d71a315410;
    %jmp t_6;
    .scope S_0x55d71a315410;
t_7 ;
    %load/vec4 v0x55d71a316ba0_0;
    %flag_set/vec4 8;
    %jmp/0xz  T_4.0, 8;
    %pushi/vec4 0, 0, 32;
    %store/vec4 v0x55d71a316510_0, 0, 32;
T_4.2 ;
    %load/vec4 v0x55d71a316510_0;
    %cmpi/s 32, 0, 32;
    %jmp/0xz T_4.3, 5;
    %pushi/vec4 0, 0, 32;
    %ix/getv/s 3, v0x55d71a316510_0;
    %ix/load 4, 0, 0; Constant delay
    %assign/vec4/a/d v0x55d71a3167b0, 0, 4;
    %load/vec4 v0x55d71a316510_0;
    %addi 1, 0, 32;
    %store/vec4 v0x55d71a316510_0, 0, 32;
    %jmp T_4.2;
T_4.3 ;
    %jmp T_4.1;
T_4.0 ;
    %load/vec4 v0x55d71a316c60_0;
    %load/vec4 v0x55d71a3165f0_0;
    %pad/u 32;
    %pushi/vec4 0, 0, 32;
    %cmp/ne;
    %flag_get/vec4 4;
    %and;
    %flag_set/vec4 8;
    %jmp/0xz  T_4.4, 8;
    %load/vec4 v0x55d71a3166d0_0;
    %load/vec4 v0x55d71a3165f0_0;
    %pad/u 7;
    %ix/vec4 3;
    %ix/load 4, 0, 0; Constant delay
    %assign/vec4/a/d v0x55d71a3167b0, 0, 4;
T_4.4 ;
T_4.1 ;
    %end;
    .scope S_0x55d71a314ea0;
t_6 %join;
    %jmp T_4;
    .thread T_4;
    .scope S_0x55d71a311cd0;
T_5 ;
    %wait E_0x55d71a29f3b0;
    %fork t_9, S_0x55d71a313e40;
    %jmp t_8;
    .scope S_0x55d71a313e40;
t_9 ;
    %load/vec4 v0x55d71a3187f0_0;
    %flag_set/vec4 8;
    %load/vec4 v0x55d71a316f30_0;
    %flag_set/vec4 9;
    %flag_or 9, 8;
    %jmp/0xz  T_5.0, 9;
    %pushi/vec4 0, 0, 32;
    %assign/vec4 v0x55d71a317960_0, 0;
    %pushi/vec4 0, 0, 32;
    %assign/vec4 v0x55d71a3171b0_0, 0;
    %pushi/vec4 0, 0, 32;
    %assign/vec4 v0x55d71a3172e0_0, 0;
    %pushi/vec4 0, 0, 32;
    %assign/vec4 v0x55d71a317520_0, 0;
    %pushi/vec4 0, 0, 5;
    %assign/vec4 v0x55d71a317bb0_0, 0;
    %pushi/vec4 0, 0, 5;
    %assign/vec4 v0x55d71a317c70_0, 0;
    %pushi/vec4 0, 0, 5;
    %assign/vec4 v0x55d71a317a00_0, 0;
    %pushi/vec4 0, 0, 1;
    %assign/vec4 v0x55d71a317d50_0, 0;
    %jmp T_5.1;
T_5.0 ;
    %load/vec4 v0x55d71a3188c0_0;
    %nor/r;
    %load/vec4 v0x55d71a318160_0;
    %and;
    %flag_set/vec4 8;
    %jmp/0xz  T_5.2, 8;
    %load/vec4 v0x55d71a3180a0_0;
    %assign/vec4 v0x55d71a317960_0, 0;
    %load/vec4 v0x55d71a318580_0;
    %assign/vec4 v0x55d71a3171b0_0, 0;
    %load/vec4 v0x55d71a318730_0;
    %assign/vec4 v0x55d71a3172e0_0, 0;
    %load/vec4 v0x55d71a318220_0;
    %assign/vec4 v0x55d71a317520_0, 0;
    %load/vec4 v0x55d71a318490_0;
    %assign/vec4 v0x55d71a317bb0_0, 0;
    %load/vec4 v0x55d71a318640_0;
    %assign/vec4 v0x55d71a317c70_0, 0;
    %load/vec4 v0x55d71a3183d0_0;
    %assign/vec4 v0x55d71a317a00_0, 0;
    %pushi/vec4 1, 0, 1;
    %assign/vec4 v0x55d71a317d50_0, 0;
T_5.2 ;
T_5.1 ;
    %end;
    .scope S_0x55d71a311cd0;
t_8 %join;
    %jmp T_5;
    .thread T_5;
    .scope S_0x55d71a2ebc40;
T_6 ;
    %pushi/vec4 0, 0, 1;
    %store/vec4 v0x55d71a318f10_0, 0, 1;
T_6.0 ;
    %delay 5000, 0;
    %load/vec4 v0x55d71a318f10_0;
    %inv;
    %store/vec4 v0x55d71a318f10_0, 0, 1;
    %jmp T_6.0;
    %end;
    .thread T_6;
    .scope S_0x55d71a2ebc40;
T_7 ;
    %pushi/vec4 1, 0, 1;
    %store/vec4 v0x55d71a31a1a0_0, 0, 1;
    %pushi/vec4 0, 0, 1;
    %store/vec4 v0x55d71a31a290_0, 0, 1;
    %pushi/vec4 0, 0, 1;
    %store/vec4 v0x55d71a319020_0, 0, 1;
    %pushi/vec4 0, 0, 1;
    %store/vec4 v0x55d71a31a100_0, 0, 1;
    %pushi/vec4 0, 0, 1;
    %store/vec4 v0x55d71a31a510_0, 0, 1;
    %pushi/vec4 0, 0, 5;
    %store/vec4 v0x55d71a31a330_0, 0, 5;
    %pushi/vec4 0, 0, 32;
    %store/vec4 v0x55d71a31a420_0, 0, 32;
    %pushi/vec4 0, 0, 32;
    %store/vec4 v0x55d71a31a060_0, 0, 32;
    %pushi/vec4 0, 0, 32;
    %store/vec4 v0x55d71a319fc0_0, 0, 32;
    %pushi/vec4 2, 0, 32;
T_7.0 %dup/vec4;
    %pushi/vec4 0, 0, 32;
    %cmp/s;
    %jmp/1xz T_7.1, 5;
    %jmp/1 T_7.1, 4;
    %pushi/vec4 1, 0, 32;
    %sub;
    %wait E_0x55d71a29f3b0;
    %jmp T_7.0;
T_7.1 ;
    %pop/vec4 1;
    %pushi/vec4 0, 0, 1;
    %store/vec4 v0x55d71a31a1a0_0, 0, 1;
    %wait E_0x55d71a29f3b0;
    %pushi/vec4 1, 0, 1;
    %store/vec4 v0x55d71a31a510_0, 0, 1;
    %pushi/vec4 1, 0, 5;
    %store/vec4 v0x55d71a31a330_0, 0, 5;
    %pushi/vec4 10, 0, 32;
    %store/vec4 v0x55d71a31a420_0, 0, 32;
    %wait E_0x55d71a29f3b0;
    %pushi/vec4 2, 0, 5;
    %store/vec4 v0x55d71a31a330_0, 0, 5;
    %pushi/vec4 20, 0, 32;
    %store/vec4 v0x55d71a31a420_0, 0, 32;
    %wait E_0x55d71a29f3b0;
    %pushi/vec4 0, 0, 1;
    %store/vec4 v0x55d71a31a510_0, 0, 1;
    %pushi/vec4 32, 0, 32;
    %store/vec4 v0x55d71a31a060_0, 0, 32;
    %pushi/vec4 2130355, 0, 32;
    %store/vec4 v0x55d71a319fc0_0, 0, 32;
    %pushi/vec4 1, 0, 1;
    %store/vec4 v0x55d71a31a100_0, 0, 1;
    %wait E_0x55d71a29f3b0;
    %alloc S_0x55d71a261cf0;
    %pushi/vec4 32, 0, 32;
    %store/vec4 v0x55d71a2f3510_0, 0, 32;
    %pushi/vec4 10, 0, 32;
    %store/vec4 v0x55d71a2f1600_0, 0, 32;
    %pushi/vec4 20, 0, 32;
    %store/vec4 v0x55d71a2f1aa0_0, 0, 32;
    %pushi/vec4 0, 0, 32;
    %store/vec4 v0x55d71a2f21b0_0, 0, 32;
    %pushi/vec4 1, 0, 5;
    %store/vec4 v0x55d71a2f5ae0_0, 0, 5;
    %pushi/vec4 2, 0, 5;
    %store/vec4 v0x55d71a2eeaa0_0, 0, 5;
    %pushi/vec4 3, 0, 5;
    %store/vec4 v0x55d71a2f49b0_0, 0, 5;
    %pushi/vec4 1, 0, 1;
    %store/vec4 v0x55d71a311b50_0, 0, 1;
    %pushi/str "ADD DECODE";
    %store/str v0x55d71a311c10_0;
    %fork TD_tb_stage_id.check_id, S_0x55d71a261cf0;
    %join;
    %free S_0x55d71a261cf0;
    %pushi/vec4 36, 0, 32;
    %store/vec4 v0x55d71a31a060_0, 0, 32;
    %pushi/vec4 104890899, 0, 32;
    %store/vec4 v0x55d71a319fc0_0, 0, 32;
    %wait E_0x55d71a29f3b0;
    %alloc S_0x55d71a261cf0;
    %pushi/vec4 36, 0, 32;
    %store/vec4 v0x55d71a2f3510_0, 0, 32;
    %pushi/vec4 10, 0, 32;
    %store/vec4 v0x55d71a2f1600_0, 0, 32;
    %pushi/vec4 0, 0, 32;
    %store/vec4 v0x55d71a2f1aa0_0, 0, 32;
    %pushi/vec4 100, 0, 32;
    %store/vec4 v0x55d71a2f21b0_0, 0, 32;
    %pushi/vec4 1, 0, 5;
    %store/vec4 v0x55d71a2f5ae0_0, 0, 5;
    %pushi/vec4 4, 0, 5;
    %store/vec4 v0x55d71a2eeaa0_0, 0, 5;
    %pushi/vec4 4, 0, 5;
    %store/vec4 v0x55d71a2f49b0_0, 0, 5;
    %pushi/vec4 1, 0, 1;
    %store/vec4 v0x55d71a311b50_0, 0, 1;
    %pushi/str "ADDI DECODE";
    %store/str v0x55d71a311c10_0;
    %fork TD_tb_stage_id.check_id, S_0x55d71a261cf0;
    %join;
    %free S_0x55d71a261cf0;
    %pushi/vec4 1, 0, 1;
    %store/vec4 v0x55d71a31a290_0, 0, 1;
    %pushi/vec4 4096, 0, 32;
    %store/vec4 v0x55d71a31a060_0, 0, 32;
    %pushi/vec4 4294967295, 0, 32;
    %store/vec4 v0x55d71a319fc0_0, 0, 32;
    %wait E_0x55d71a29f3b0;
    %alloc S_0x55d71a261cf0;
    %pushi/vec4 36, 0, 32;
    %store/vec4 v0x55d71a2f3510_0, 0, 32;
    %pushi/vec4 10, 0, 32;
    %store/vec4 v0x55d71a2f1600_0, 0, 32;
    %pushi/vec4 0, 0, 32;
    %store/vec4 v0x55d71a2f1aa0_0, 0, 32;
    %pushi/vec4 100, 0, 32;
    %store/vec4 v0x55d71a2f21b0_0, 0, 32;
    %pushi/vec4 1, 0, 5;
    %store/vec4 v0x55d71a2f5ae0_0, 0, 5;
    %pushi/vec4 4, 0, 5;
    %store/vec4 v0x55d71a2eeaa0_0, 0, 5;
    %pushi/vec4 4, 0, 5;
    %store/vec4 v0x55d71a2f49b0_0, 0, 5;
    %pushi/vec4 1, 0, 1;
    %store/vec4 v0x55d71a311b50_0, 0, 1;
    %pushi/str "STALL HOLD";
    %store/str v0x55d71a311c10_0;
    %fork TD_tb_stage_id.check_id, S_0x55d71a261cf0;
    %join;
    %free S_0x55d71a261cf0;
    %pushi/vec4 0, 0, 1;
    %store/vec4 v0x55d71a31a290_0, 0, 1;
    %pushi/vec4 1, 0, 1;
    %store/vec4 v0x55d71a319020_0, 0, 1;
    %wait E_0x55d71a29f3b0;
    %delay 1000, 0;
    %load/vec4 v0x55d71a319d40_0;
    %nor/r;
    %flag_set/vec4 8;
    %jmp/0xz  T_7.2, 8;
    %vpi_call/w 3 298 "$display", "[PASS] FLUSH" {0 0 0};
    %jmp T_7.3;
T_7.2 ;
    %vpi_call/w 3 300 "$display", "[FAIL] FLUSH" {0 0 0};
    %vpi_call/w 3 301 "$finish" {0 0 0};
T_7.3 ;
    %pushi/vec4 0, 0, 1;
    %store/vec4 v0x55d71a319020_0, 0, 1;
    %vpi_call/w 3 310 "$display", "\000" {0 0 0};
    %vpi_call/w 3 311 "$display", "ALL STAGE_ID TESTS PASSED" {0 0 0};
    %vpi_call/w 3 312 "$display", "\000" {0 0 0};
    %vpi_call/w 3 314 "$finish" {0 0 0};
    %end;
    .thread T_7;
# The file index is used to find the file name in the following table.
:file_names 9;
    "N/A";
    "<interactive>";
    "-";
    "tb_stage_id.sv";
    "../../sources/stage_id.sv";
    "../../sources/control_unit.sv";
    "../../sources/decoder.sv";
    "../../sources/immediate_generator.sv";
    "../../sources/regfile.sv";
